Error with Permissions-Policy header: Unrecognized feature: 'speaker'.
:8000/#/tactics:1 The Content Security Policy directive 'upgrade-insecure-requests' is ignored when delivered in a report-only policy.
:8000/#/tactics:903 [Report Only] Refused to load the font 'https://r2cdn.perplexity.ai/fonts/FKGroteskNeue.woff2' because it violates the following Content Security Policy directive: "font-src 'self' data: https://fonts.gstatic.com https://cdn.jsdelivr.net".

(index):903  POST http://localhost:8000/api/security/csp-report 404 (Not Found)
logging.ts:297 [SECURITY INFO] 2025-10-06T21:39:53.151Z - DATA_ACCESS: Security module initialized [Risk: 15]
logging.ts:300   Metadata: {jwtExpiration: '15m', sessionTimeout: 30, environment: 'development'}
@vercel_analytics_react.js?v=09c1b3e1:121 [Report Only] Refused to load the script 'https://va.vercel-scripts.com/v1/script.debug.js' because it violates the following Content Security Policy directive: "script-src 'self' 'unsafe-inline' 'unsafe-eval' localhost:* 127.0.0.1:* ws://localhost:* wss://localhost:* https://apis.google.com https://www.google.com https://cdn.jsdelivr.net https://unpkg.com". Note that 'script-src-elem' was not explicitly set, so 'script-src' is used as a fallback.

@vercel_speed-insights_react.js?v=db8ee061:118 [Report Only] Refused to load the script 'https://va.vercel-scripts.com/v1/speed-insights/script.debug.js' because it violates the following Content Security Policy directive: "script-src 'self' 'unsafe-inline' 'unsafe-eval' localhost:* 127.0.0.1:* ws://localhost:* wss://localhost:* https://apis.google.com https://www.google.com https://cdn.jsdelivr.net https://unpkg.com". Note that 'script-src-elem' was not explicitly set, so 'script-src' is used as a fallback.

logging.ts:297 [SECURITY INFO] 2025-10-06T21:39:53.395Z - DATA_ACCESS: Security monitoring system initialized [Risk: 15]
logging.ts:300   Metadata: {features: Array(4)}
logging.ts:297 [SECURITY INFO] 2025-10-06T21:39:53.395Z - DATA_ACCESS: CSP monitoring initialized [Risk: 15]
logging.ts:300   Metadata: {environment: 'development', cspEnabled: true, directiveCount: 16}
logging.ts:297 [SECURITY INFO] 2025-10-06T21:39:53.395Z - DATA_ACCESS: Security systems initialized [Risk: 15]
logging.ts:300   Metadata: {features: Array(4), environment: 'development'}
logging.ts:297 [SECURITY INFO] 2025-10-06T21:39:53.396Z - DATA_ACCESS: Security systems cleanup initiated [Risk: 15]
The Content Security Policy directive 'upgrade-insecure-requests' is ignored when delivered in a report-only policy.
logging.ts:297 [SECURITY INFO] 2025-10-06T21:39:53.399Z - DATA_ACCESS: Security monitoring system initialized [Risk: 15]
logging.ts:300   Metadata: {features: Array(4)}
logging.ts:297 [SECURITY INFO] 2025-10-06T21:39:53.399Z - DATA_ACCESS: CSP monitoring initialized [Risk: 15]
logging.ts:300   Metadata: {environment: 'development', cspEnabled: true, directiveCount: 16}
logging.ts:297 [SECURITY INFO] 2025-10-06T21:39:53.400Z - DATA_ACCESS: Security systems initialized [Risk: 15]
logging.ts:300   Metadata: {features: Array(4), environment: 'development'}
logging.ts:297 [SECURITY ERROR] 2025-10-06T21:39:53.439Z - XSS_ATTEMPT: CSP violation detected [Risk: 85]
logging.ts:300   Metadata: {blockedUri: 'https://va.vercel-scripts.com/v1/script.debug.js', documentUri: 'http://localhost:8000/', violatedDirective: 'script-src-elem', sourceFile: 'http://localhost:8000/node_modules/.vite/deps/@vercel_analytics_react.js', lineNumber: 121, …}
logging.ts:297 [SECURITY ERROR] 2025-10-06T21:39:53.440Z - XSS_ATTEMPT: CSP violation detected [Risk: 85]
logging.ts:300   Metadata: {blockedUri: 'https://va.vercel-scripts.com/v1/script.debug.js', documentUri: 'http://localhost:8000/', violatedDirective: 'script-src-elem', sourceFile: 'http://localhost:8000/node_modules/.vite/deps/@vercel_analytics_react.js', lineNumber: 121, …}
logging.ts:297 [SECURITY ERROR] 2025-10-06T21:39:53.440Z - XSS_ATTEMPT: CSP violation detected [Risk: 85]
logging.ts:300   Metadata: {blockedUri: 'https://va.vercel-scripts.com/v1/speed-insights/script.debug.js', documentUri: 'http://localhost:8000/', violatedDirective: 'script-src-elem', sourceFile: 'http://localhost:8000/node_modules/.vite/deps/@vercel_speed-insights_react.js', lineNumber: 118, …}
logging.ts:297 [SECURITY ERROR] 2025-10-06T21:39:53.440Z - XSS_ATTEMPT: CSP violation detected [Risk: 85]
logging.ts:300   Metadata: {blockedUri: 'https://va.vercel-scripts.com/v1/speed-insights/script.debug.js', documentUri: 'http://localhost:8000/', violatedDirective: 'script-src-elem', sourceFile: 'http://localhost:8000/node_modules/.vite/deps/@vercel_speed-insights_react.js', lineNumber: 118, …}
@vercel_analytics_react.js?v=09c1b3e1:121  POST http://localhost:8000/api/security/csp-report 404 (Not Found)
inject @ @vercel_analytics_react.js?v=09c1b3e1:121
(anonymous) @ @vercel_analytics_react.js?v=09c1b3e1:174
commitHookEffectListMount @ chunk-GCPV6VEH.js?v=cea9cd79:16957
commitPassiveMountOnFiber @ chunk-GCPV6VEH.js?v=cea9cd79:18200
commitPassiveMountEffects_complete @ chunk-GCPV6VEH.js?v=cea9cd79:18173
commitPassiveMountEffects_begin @ chunk-GCPV6VEH.js?v=cea9cd79:18163
commitPassiveMountEffects @ chunk-GCPV6VEH.js?v=cea9cd79:18153
flushPassiveEffectsImpl @ chunk-GCPV6VEH.js?v=cea9cd79:19537
flushPassiveEffects @ chunk-GCPV6VEH.js?v=cea9cd79:19494
(anonymous) @ chunk-GCPV6VEH.js?v=cea9cd79:19375
workLoop @ chunk-GCPV6VEH.js?v=cea9cd79:195
flushWork @ chunk-GCPV6VEH.js?v=cea9cd79:174
performWorkUntilDeadline @ chunk-GCPV6VEH.js?v=cea9cd79:382
@vercel_speed-insights_react.js?v=db8ee061:118  POST http://localhost:8000/api/security/csp-report 404 (Not Found)
injectSpeedInsights @ @vercel_speed-insights_react.js?v=db8ee061:118
(anonymous) @ @vercel_speed-insights_react.js?v=db8ee061:141
commitHookEffectListMount @ chunk-GCPV6VEH.js?v=cea9cd79:16957
commitPassiveMountOnFiber @ chunk-GCPV6VEH.js?v=cea9cd79:18200
commitPassiveMountEffects_complete @ chunk-GCPV6VEH.js?v=cea9cd79:18173
commitPassiveMountEffects_begin @ chunk-GCPV6VEH.js?v=cea9cd79:18163
commitPassiveMountEffects @ chunk-GCPV6VEH.js?v=cea9cd79:18153
flushPassiveEffectsImpl @ chunk-GCPV6VEH.js?v=cea9cd79:19537
flushPassiveEffects @ chunk-GCPV6VEH.js?v=cea9cd79:19494
(anonymous) @ chunk-GCPV6VEH.js?v=cea9cd79:19375
workLoop @ chunk-GCPV6VEH.js?v=cea9cd79:195
flushWork @ chunk-GCPV6VEH.js?v=cea9cd79:174
performWorkUntilDeadline @ chunk-GCPV6VEH.js?v=cea9cd79:382
script.debug.js:1 [Vercel Web Analytics] Debug mode is enabled by default in development. No requests will be sent to the server.
script.debug.js:1 [Vercel Web Analytics] [pageview] http://localhost:8000/#/tactics {o: 'http://localhost:8000/#/tactics', sv: '0.1.3', sdkn: '@vercel/analytics/react', sdkv: '1.5.0', ts: 1759786793463, …}
script.debug.js:1 [Vercel Speed Insights] Debug mode is enabled by default in development. No requests will be sent to the server.
sw.js:9 Uncaught NetworkError: Failed to execute 'importScripts' on 'WorkerGlobalScope': The script at 'https://unpkg.com/idb@7/build/umd.js' failed to load.
    at sw.js:9:6
(anonymous) @ sw.js:9
The script resource is behind a redirect, which is disallowed.
pwaUtils.ts:81 Service Worker registration failed: TypeError: Failed to register a ServiceWorker for scope ('http://localhost:8000/') with script ('http://localhost:8000/sw.js'): ServiceWorker script evaluation failed
overrideMethod @ hook.js:608
(anonymous) @ pwaUtils.ts:81
await in (anonymous)
(anonymous) @ pwaUtils.ts:162
commitHookEffectListMount @ chunk-GCPV6VEH.js?v=cea9cd79:16957
commitPassiveMountOnFiber @ chunk-GCPV6VEH.js?v=cea9cd79:18200
commitPassiveMountEffects_complete @ chunk-GCPV6VEH.js?v=cea9cd79:18173
commitPassiveMountEffects_begin @ chunk-GCPV6VEH.js?v=cea9cd79:18163
commitPassiveMountEffects @ chunk-GCPV6VEH.js?v=cea9cd79:18153
flushPassiveEffectsImpl @ chunk-GCPV6VEH.js?v=cea9cd79:19537
flushPassiveEffects @ chunk-GCPV6VEH.js?v=cea9cd79:19494
(anonymous) @ chunk-GCPV6VEH.js?v=cea9cd79:19375
workLoop @ chunk-GCPV6VEH.js?v=cea9cd79:195
flushWork @ chunk-GCPV6VEH.js?v=cea9cd79:174
performWorkUntilDeadline @ chunk-GCPV6VEH.js?v=cea9cd79:382
pwaUtils.ts:81 Service Worker registration failed: TypeError: Failed to register a ServiceWorker for scope ('http://localhost:8000/') with script ('http://localhost:8000/sw.js'): ServiceWorker script evaluation failed
overrideMethod @ hook.js:608
(anonymous) @ pwaUtils.ts:81
await in (anonymous)
(anonymous) @ pwaUtils.ts:162
commitHookEffectListMount @ chunk-GCPV6VEH.js?v=cea9cd79:16957
commitPassiveMountOnFiber @ chunk-GCPV6VEH.js?v=cea9cd79:18200
commitPassiveMountEffects_complete @ chunk-GCPV6VEH.js?v=cea9cd79:18173
commitPassiveMountEffects_begin @ chunk-GCPV6VEH.js?v=cea9cd79:18163
commitPassiveMountEffects @ chunk-GCPV6VEH.js?v=cea9cd79:18153
flushPassiveEffectsImpl @ chunk-GCPV6VEH.js?v=cea9cd79:19537
flushPassiveEffects @ chunk-GCPV6VEH.js?v=cea9cd79:19494
(anonymous) @ chunk-GCPV6VEH.js?v=cea9cd79:19375
workLoop @ chunk-GCPV6VEH.js?v=cea9cd79:195
flushWork @ chunk-GCPV6VEH.js?v=cea9cd79:174
performWorkUntilDeadline @ chunk-GCPV6VEH.js?v=cea9cd79:382
pwaUtils.ts:81 Service Worker registration failed: TypeError: Failed to register a ServiceWorker for scope ('http://localhost:8000/') with script ('http://localhost:8000/sw.js'): ServiceWorker script evaluation failed
overrideMethod @ hook.js:608
(anonymous) @ pwaUtils.ts:81
await in (anonymous)
(anonymous) @ pwaUtils.ts:162
commitHookEffectListMount @ chunk-GCPV6VEH.js?v=cea9cd79:16957
commitPassiveMountOnFiber @ chunk-GCPV6VEH.js?v=cea9cd79:18200
commitPassiveMountEffects_complete @ chunk-GCPV6VEH.js?v=cea9cd79:18173
commitPassiveMountEffects_begin @ chunk-GCPV6VEH.js?v=cea9cd79:18163
commitPassiveMountEffects @ chunk-GCPV6VEH.js?v=cea9cd79:18153
flushPassiveEffectsImpl @ chunk-GCPV6VEH.js?v=cea9cd79:19537
flushPassiveEffects @ chunk-GCPV6VEH.js?v=cea9cd79:19494
(anonymous) @ chunk-GCPV6VEH.js?v=cea9cd79:19375
workLoop @ chunk-GCPV6VEH.js?v=cea9cd79:195
flushWork @ chunk-GCPV6VEH.js?v=cea9cd79:174
performWorkUntilDeadline @ chunk-GCPV6VEH.js?v=cea9cd79:382
pwaUtils.ts:81 Service Worker registration failed: TypeError: Failed to register a ServiceWorker for scope ('http://localhost:8000/') with script ('http://localhost:8000/sw.js'): ServiceWorker script evaluation failed
overrideMethod @ hook.js:608
(anonymous) @ pwaUtils.ts:81
await in (anonymous)
(anonymous) @ pwaUtils.ts:162
commitHookEffectListMount @ chunk-GCPV6VEH.js?v=cea9cd79:16957
invokePassiveEffectMountInDEV @ chunk-GCPV6VEH.js?v=cea9cd79:18368
invokeEffectsInDev @ chunk-GCPV6VEH.js?v=cea9cd79:19748
commitDoubleInvokeEffectsInDEV @ chunk-GCPV6VEH.js?v=cea9cd79:19733
flushPassiveEffectsImpl @ chunk-GCPV6VEH.js?v=cea9cd79:19550
flushPassiveEffects @ chunk-GCPV6VEH.js?v=cea9cd79:19494
(anonymous) @ chunk-GCPV6VEH.js?v=cea9cd79:19375
workLoop @ chunk-GCPV6VEH.js?v=cea9cd79:195
flushWork @ chunk-GCPV6VEH.js?v=cea9cd79:174
performWorkUntilDeadline @ chunk-GCPV6VEH.js?v=cea9cd79:382
pwaUtils.ts:81 Service Worker registration failed: TypeError: Failed to register a ServiceWorker for scope ('http://localhost:8000/') with script ('http://localhost:8000/sw.js'): ServiceWorker script evaluation failed
overrideMethod @ hook.js:608
(anonymous) @ pwaUtils.ts:81
await in (anonymous)
(anonymous) @ pwaUtils.ts:162
commitHookEffectListMount @ chunk-GCPV6VEH.js?v=cea9cd79:16957
invokePassiveEffectMountInDEV @ chunk-GCPV6VEH.js?v=cea9cd79:18368
invokeEffectsInDev @ chunk-GCPV6VEH.js?v=cea9cd79:19748
commitDoubleInvokeEffectsInDEV @ chunk-GCPV6VEH.js?v=cea9cd79:19733
flushPassiveEffectsImpl @ chunk-GCPV6VEH.js?v=cea9cd79:19550
flushPassiveEffects @ chunk-GCPV6VEH.js?v=cea9cd79:19494
(anonymous) @ chunk-GCPV6VEH.js?v=cea9cd79:19375
workLoop @ chunk-GCPV6VEH.js?v=cea9cd79:195
flushWork @ chunk-GCPV6VEH.js?v=cea9cd79:174
performWorkUntilDeadline @ chunk-GCPV6VEH.js?v=cea9cd79:382
pwaUtils.ts:81 Service Worker registration failed: TypeError: Failed to register a ServiceWorker for scope ('http://localhost:8000/') with script ('http://localhost:8000/sw.js'): ServiceWorker script evaluation failed
overrideMethod @ hook.js:608
(anonymous) @ pwaUtils.ts:81
await in (anonymous)
(anonymous) @ pwaUtils.ts:162
commitHookEffectListMount @ chunk-GCPV6VEH.js?v=cea9cd79:16957
invokePassiveEffectMountInDEV @ chunk-GCPV6VEH.js?v=cea9cd79:18368
invokeEffectsInDev @ chunk-GCPV6VEH.js?v=cea9cd79:19748
commitDoubleInvokeEffectsInDEV @ chunk-GCPV6VEH.js?v=cea9cd79:19733
flushPassiveEffectsImpl @ chunk-GCPV6VEH.js?v=cea9cd79:19550
flushPassiveEffects @ chunk-GCPV6VEH.js?v=cea9cd79:19494
(anonymous) @ chunk-GCPV6VEH.js?v=cea9cd79:19375
workLoop @ chunk-GCPV6VEH.js?v=cea9cd79:195
flushWork @ chunk-GCPV6VEH.js?v=cea9cd79:174
performWorkUntilDeadline @ chunk-GCPV6VEH.js?v=cea9cd79:382
logging.ts:297 [SECURITY INFO] 2025-10-06T21:39:55.821Z - DATA_ACCESS: Demo users migrated to secure format [Risk: 15]
logging.ts:300   Metadata: {userCount: 9}
logging.ts:297 [SECURITY INFO] 2025-10-06T21:39:55.821Z - DATA_ACCESS: Secure authentication service initialized [Risk: 15]
logging.ts:297 [SECURITY INFO] 2025-10-06T21:40:01.154Z - DATA_ACCESS: Session created [Risk: 15]
logging.ts:300   Metadata: {userId: 'coach1', sessionId: 'f9ef04d0df40bb3f638ab08e7f0f3925', deviceInfo: 'Win32', ipAddress: '127.0.0.1'}
logging.ts:297 [SECURITY INFO] 2025-10-06T21:40:01.160Z - DATA_ACCESS: Enhanced token pair generated [Risk: 15]
logging.ts:300   Metadata: {userId: 'coach1', sessionId: 'f9ef04d0df40bb3f638ab08e7f0f3925', jti: '696072c7b79bb495371df1bae1825669', refreshJti: 'c4d718ef7a74b8eaad2e829df8b3e5d4', expiresIn: 900, …}
logging.ts:297 [SECURITY INFO] 2025-10-06T21:40:01.160Z - DATA_ACCESS: Login attempt recorded [Risk: 15]
logging.ts:300   Metadata: {email: 'coach@astralfc.com', ipAddress: '127.0.0.1', success: true, failureReason: undefined}
logging.ts:297 [SECURITY INFO] 2025-10-06T21:40:01.160Z - LOGIN_SUCCESS: User login successful (User: coach1) [Risk: 10]
logging.ts:300   Metadata: {reason: undefined}
script.debug.js:1 [Vercel Speed Insights] [vitals] {speed: '4g', metrics: Array(4), scriptVersion: '0.1.3', sdkName: '@vercel/speed-insights/react', sdkVersion: '1.2.0'}
offlineStorageManager.ts:58 ✅ IndexedDB initialized successfully
hook.js:608 Warning: Encountered two children with the same key, ``. Keys should be unique so that components maintain their identity across updates. Non-unique keys may cause children to be duplicated and/or omitted — the behavior is unsupported and could change in a future version. Error Component Stack
    at AnimatePresence (framer-motion.js?v=e8613d71:4044:26)
    at div (<anonymous>)
    at UnifiedTacticsBoard (UnifiedTacticsBoard.tsx:137:3)
    at TacticsErrorBoundary (TacticsErrorBoundary.tsx:28:5)
    at Suspense (<anonymous>)
    at div (<anonymous>)
    at div (<anonymous>)
    at ResponsiveContainer (AdaptiveLayout.tsx:20:3)
    at ResponsivePage (ResponsivePage.tsx:22:3)
    at TacticsBoardPageComponent (TacticsBoardPage.tsx:17:20)
    at div (<anonymous>)
    at MotionDOMComponent (framer-motion.js?v=e8613d71:4866:40)
    at PresenceChild (framer-motion.js?v=e8613d71:3971:24)
    at AnimatePresence (framer-motion.js?v=e8613d71:4044:26)
    at PageTransition (AnimationSystem.tsx:237:65)
    at RenderedRoute (react-router-dom.js?v=e8613d71:4080:5)
    at Outlet (react-router-dom.js?v=e8613d71:4486:26)
    at div (<anonymous>)
    at main (<anonymous>)
    at div (<anonymous>)
    at Layout (Layout.tsx:66:42)
    at RenderedRoute (react-router-dom.js?v=e8613d71:4080:5)
    at Outlet (react-router-dom.js?v=e8613d71:4486:26)
    at ProtectedRoute (ProtectedRoute.tsx:19:3)
    at RenderedRoute (react-router-dom.js?v=e8613d71:4080:5)
    at Routes (react-router-dom.js?v=e8613d71:4550:5)
    at PresenceChild (framer-motion.js?v=e8613d71:3971:24)
    at AnimatePresence (framer-motion.js?v=e8613d71:4044:26)
    at Suspense (<anonymous>)
    at div (<anonymous>)
    at AppContent (App.tsx:48:25)
    at AccessibilityProvider (AccessibilityComponents.tsx:23:76)
    at div (<anonymous>)
    at MotionDOMComponent (framer-motion.js?v=e8613d71:4866:40)
    at PresenceChild (framer-motion.js?v=e8613d71:3971:24)
    at AnimatePresence (framer-motion.js?v=e8613d71:4044:26)
    at ThemeProvider (ThemeContext.tsx:327:3)
    at App (<anonymous>)
    at ChallengeProvider (ChallengeContext.tsx:434:71)
    at AppProvider (AppProvider.tsx:87:72)
    at Router (react-router-dom.js?v=e8613d71:4493:15)
    at HashRouter (react-router-dom.js?v=e8613d71:5273:5)
    at SecurityProvider (SecurityProvider.tsx:47:36)
    at SecurityErrorBoundary (SecurityErrorBoundary.tsx:52:5)
overrideMethod @ hook.js:608
printWarning @ chunk-GCPV6VEH.js?v=cea9cd79:515
error @ chunk-GCPV6VEH.js?v=cea9cd79:499
warnOnInvalidKey @ chunk-GCPV6VEH.js?v=cea9cd79:10260
reconcileChildrenArray @ chunk-GCPV6VEH.js?v=cea9cd79:10276
reconcileChildFibers2 @ chunk-GCPV6VEH.js?v=cea9cd79:10600
reconcileChildren @ chunk-GCPV6VEH.js?v=cea9cd79:14332
mountIndeterminateComponent @ chunk-GCPV6VEH.js?v=cea9cd79:15028
beginWork @ chunk-GCPV6VEH.js?v=cea9cd79:15956
beginWork$1 @ chunk-GCPV6VEH.js?v=cea9cd79:19800
performUnitOfWork @ chunk-GCPV6VEH.js?v=cea9cd79:19245
workLoopConcurrent @ chunk-GCPV6VEH.js?v=cea9cd79:19236
renderRootConcurrent @ chunk-GCPV6VEH.js?v=cea9cd79:19211
performConcurrentWorkOnRoot @ chunk-GCPV6VEH.js?v=cea9cd79:18722
workLoop @ chunk-GCPV6VEH.js?v=cea9cd79:195
flushWork @ chunk-GCPV6VEH.js?v=cea9cd79:174
performWorkUntilDeadline @ chunk-GCPV6VEH.js?v=cea9cd79:382
hook.js:608 Warning: Encountered two children with the same key, ``. Keys should be unique so that components maintain their identity across updates. Non-unique keys may cause children to be duplicated and/or omitted — the behavior is unsupported and could change in a future version. Error Component Stack
    at AnimatePresence (framer-motion.js?v=e8613d71:4044:26)
    at div (<anonymous>)
    at UnifiedTacticsBoard (UnifiedTacticsBoard.tsx:137:3)
    at TacticsErrorBoundary (TacticsErrorBoundary.tsx:28:5)
    at Suspense (<anonymous>)
    at div (<anonymous>)
    at div (<anonymous>)
    at ResponsiveContainer (AdaptiveLayout.tsx:20:3)
    at ResponsivePage (ResponsivePage.tsx:22:3)
    at TacticsBoardPageComponent (TacticsBoardPage.tsx:17:20)
    at div (<anonymous>)
    at MotionDOMComponent (framer-motion.js?v=e8613d71:4866:40)
    at PresenceChild (framer-motion.js?v=e8613d71:3971:24)
    at AnimatePresence (framer-motion.js?v=e8613d71:4044:26)
    at PageTransition (AnimationSystem.tsx:237:65)
    at RenderedRoute (react-router-dom.js?v=e8613d71:4080:5)
    at Outlet (react-router-dom.js?v=e8613d71:4486:26)
    at div (<anonymous>)
    at main (<anonymous>)
    at div (<anonymous>)
    at Layout (Layout.tsx:66:42)
    at RenderedRoute (react-router-dom.js?v=e8613d71:4080:5)
    at Outlet (react-router-dom.js?v=e8613d71:4486:26)
    at ProtectedRoute (ProtectedRoute.tsx:19:3)
    at RenderedRoute (react-router-dom.js?v=e8613d71:4080:5)
    at Routes (react-router-dom.js?v=e8613d71:4550:5)
    at PresenceChild (framer-motion.js?v=e8613d71:3971:24)
    at AnimatePresence (framer-motion.js?v=e8613d71:4044:26)
    at Suspense (<anonymous>)
    at div (<anonymous>)
    at AppContent (App.tsx:48:25)
    at AccessibilityProvider (AccessibilityComponents.tsx:23:76)
    at div (<anonymous>)
    at MotionDOMComponent (framer-motion.js?v=e8613d71:4866:40)
    at PresenceChild (framer-motion.js?v=e8613d71:3971:24)
    at AnimatePresence (framer-motion.js?v=e8613d71:4044:26)
    at ThemeProvider (ThemeContext.tsx:327:3)
    at App (<anonymous>)
    at ChallengeProvider (ChallengeContext.tsx:434:71)
    at AppProvider (AppProvider.tsx:87:72)
    at Router (react-router-dom.js?v=e8613d71:4493:15)
    at HashRouter (react-router-dom.js?v=e8613d71:5273:5)
    at SecurityProvider (SecurityProvider.tsx:47:36)
    at SecurityErrorBoundary (SecurityErrorBoundary.tsx:52:5)
overrideMethod @ hook.js:608
printWarning @ chunk-GCPV6VEH.js?v=cea9cd79:515
error @ chunk-GCPV6VEH.js?v=cea9cd79:499
warnOnInvalidKey @ chunk-GCPV6VEH.js?v=cea9cd79:10260
reconcileChildrenArray @ chunk-GCPV6VEH.js?v=cea9cd79:10276
reconcileChildFibers2 @ chunk-GCPV6VEH.js?v=cea9cd79:10600
reconcileChildren @ chunk-GCPV6VEH.js?v=cea9cd79:14332
mountIndeterminateComponent @ chunk-GCPV6VEH.js?v=cea9cd79:15028
beginWork @ chunk-GCPV6VEH.js?v=cea9cd79:15956
beginWork$1 @ chunk-GCPV6VEH.js?v=cea9cd79:19800
performUnitOfWork @ chunk-GCPV6VEH.js?v=cea9cd79:19245
workLoopConcurrent @ chunk-GCPV6VEH.js?v=cea9cd79:19236
renderRootConcurrent @ chunk-GCPV6VEH.js?v=cea9cd79:19211
performConcurrentWorkOnRoot @ chunk-GCPV6VEH.js?v=cea9cd79:18722
workLoop @ chunk-GCPV6VEH.js?v=cea9cd79:195
flushWork @ chunk-GCPV6VEH.js?v=cea9cd79:174
performWorkUntilDeadline @ chunk-GCPV6VEH.js?v=cea9cd79:382
logging.ts:297 [SECURITY INFO] 2025-10-06T21:40:04.262Z - SYSTEM_ERROR: Unhandled global error [Risk: 30]
logging.ts:300   Metadata: {message: 'animate2.subscribe is not a function', filename: 'http://localhost:8000/node_modules/.vite/deps/chunk-GCPV6VEH.js?v=cea9cd79', lineno: 16712, colno: 15, stack: 'TypeError: animate2.subscribe is not a function\n  ….vite/deps/chunk-GCPV6VEH.js?v=cea9cd79:17989:19)'}
logging.ts:297 [SECURITY INFO] 2025-10-06T21:40:04.263Z - SYSTEM_ERROR: Unhandled global error [Risk: 30]
logging.ts:300   Metadata: {message: 'animate2.subscribe is not a function', filename: 'http://localhost:8000/node_modules/.vite/deps/chunk-GCPV6VEH.js?v=cea9cd79', lineno: 16712, colno: 15, stack: 'TypeError: animate2.subscribe is not a function\n  ….vite/deps/chunk-GCPV6VEH.js?v=cea9cd79:17989:19)'}
chunk-GCPV6VEH.js?v=cea9cd79:16712 Uncaught TypeError: animate2.subscribe is not a function
    at AnimationFeature.updateAnimationControlsSubscription (framer-motion.js?v=e8613d71:6102:39)
    at AnimationFeature.mount (framer-motion.js?v=e8613d71:6109:10)
    at HTMLVisualElement.updateFeatures (framer-motion.js?v=e8613d71:5287:19)
    at framer-motion.js?v=e8613d71:4811:19
    at commitHookEffectListMount (chunk-GCPV6VEH.js?v=cea9cd79:16957:34)
    at safelyCallCommitHookLayoutEffectListMount (chunk-GCPV6VEH.js?v=cea9cd79:16733:13)
    at reappearLayoutEffectsOnFiber (chunk-GCPV6VEH.js?v=cea9cd79:17223:19)
    at reappearLayoutEffects_complete (chunk-GCPV6VEH.js?v=cea9cd79:18133:15)
    at reappearLayoutEffects_begin (chunk-GCPV6VEH.js?v=cea9cd79:18124:15)
    at commitLayoutEffects_begin (chunk-GCPV6VEH.js?v=cea9cd79:17989:19)
updateAnimationControlsSubscription @ framer-motion.js?v=e8613d71:6102
mount @ framer-motion.js?v=e8613d71:6109
updateFeatures @ framer-motion.js?v=e8613d71:5287
(anonymous) @ framer-motion.js?v=e8613d71:4811
commitHookEffectListMount @ chunk-GCPV6VEH.js?v=cea9cd79:16957
safelyCallCommitHookLayoutEffectListMount @ chunk-GCPV6VEH.js?v=cea9cd79:16733
reappearLayoutEffectsOnFiber @ chunk-GCPV6VEH.js?v=cea9cd79:17223
reappearLayoutEffects_complete @ chunk-GCPV6VEH.js?v=cea9cd79:18133
reappearLayoutEffects_begin @ chunk-GCPV6VEH.js?v=cea9cd79:18124
commitLayoutEffects_begin @ chunk-GCPV6VEH.js?v=cea9cd79:17989
commitLayoutEffects_begin @ chunk-GCPV6VEH.js?v=cea9cd79:17994
commitLayoutEffects @ chunk-GCPV6VEH.js?v=cea9cd79:17964
commitRootImpl @ chunk-GCPV6VEH.js?v=cea9cd79:19400
commitRoot @ chunk-GCPV6VEH.js?v=cea9cd79:19324
finishConcurrentRender @ chunk-GCPV6VEH.js?v=cea9cd79:18852
performConcurrentWorkOnRoot @ chunk-GCPV6VEH.js?v=cea9cd79:18762
workLoop @ chunk-GCPV6VEH.js?v=cea9cd79:195
flushWork @ chunk-GCPV6VEH.js?v=cea9cd79:174
performWorkUntilDeadline @ chunk-GCPV6VEH.js?v=cea9cd79:382
logging.ts:297 [SECURITY INFO] 2025-10-06T21:40:04.264Z - SYSTEM_ERROR: Unhandled global error [Risk: 30]
logging.ts:300   Metadata: {message: 'animate2.subscribe is not a function', filename: 'http://localhost:8000/node_modules/.vite/deps/chunk-GCPV6VEH.js?v=cea9cd79', lineno: 16712, colno: 15, stack: 'TypeError: animate2.subscribe is not a function\n  ….vite/deps/chunk-GCPV6VEH.js?v=cea9cd79:17989:19)'}
logging.ts:297 [SECURITY INFO] 2025-10-06T21:40:04.264Z - SYSTEM_ERROR: Unhandled global error [Risk: 30]
logging.ts:300   Metadata: {message: 'animate2.subscribe is not a function', filename: 'http://localhost:8000/node_modules/.vite/deps/chunk-GCPV6VEH.js?v=cea9cd79', lineno: 16712, colno: 15, stack: 'TypeError: animate2.subscribe is not a function\n  ….vite/deps/chunk-GCPV6VEH.js?v=cea9cd79:17989:19)'}
chunk-GCPV6VEH.js?v=cea9cd79:16712 Uncaught TypeError: animate2.subscribe is not a function
    at AnimationFeature.updateAnimationControlsSubscription (framer-motion.js?v=e8613d71:6102:39)
    at AnimationFeature.mount (framer-motion.js?v=e8613d71:6109:10)
    at HTMLVisualElement.updateFeatures (framer-motion.js?v=e8613d71:5287:19)
    at framer-motion.js?v=e8613d71:4811:19
    at commitHookEffectListMount (chunk-GCPV6VEH.js?v=cea9cd79:16957:34)
    at safelyCallCommitHookLayoutEffectListMount (chunk-GCPV6VEH.js?v=cea9cd79:16733:13)
    at reappearLayoutEffectsOnFiber (chunk-GCPV6VEH.js?v=cea9cd79:17223:19)
    at reappearLayoutEffects_complete (chunk-GCPV6VEH.js?v=cea9cd79:18133:15)
    at reappearLayoutEffects_begin (chunk-GCPV6VEH.js?v=cea9cd79:18124:15)
    at commitLayoutEffects_begin (chunk-GCPV6VEH.js?v=cea9cd79:17989:19)
updateAnimationControlsSubscription @ framer-motion.js?v=e8613d71:6102
mount @ framer-motion.js?v=e8613d71:6109
updateFeatures @ framer-motion.js?v=e8613d71:5287
(anonymous) @ framer-motion.js?v=e8613d71:4811
commitHookEffectListMount @ chunk-GCPV6VEH.js?v=cea9cd79:16957
safelyCallCommitHookLayoutEffectListMount @ chunk-GCPV6VEH.js?v=cea9cd79:16733
reappearLayoutEffectsOnFiber @ chunk-GCPV6VEH.js?v=cea9cd79:17223
reappearLayoutEffects_complete @ chunk-GCPV6VEH.js?v=cea9cd79:18133
reappearLayoutEffects_begin @ chunk-GCPV6VEH.js?v=cea9cd79:18124
commitLayoutEffects_begin @ chunk-GCPV6VEH.js?v=cea9cd79:17989
commitLayoutEffects_begin @ chunk-GCPV6VEH.js?v=cea9cd79:17994
commitLayoutEffects @ chunk-GCPV6VEH.js?v=cea9cd79:17964
commitRootImpl @ chunk-GCPV6VEH.js?v=cea9cd79:19400
commitRoot @ chunk-GCPV6VEH.js?v=cea9cd79:19324
finishConcurrentRender @ chunk-GCPV6VEH.js?v=cea9cd79:18852
performConcurrentWorkOnRoot @ chunk-GCPV6VEH.js?v=cea9cd79:18762
workLoop @ chunk-GCPV6VEH.js?v=cea9cd79:195
flushWork @ chunk-GCPV6VEH.js?v=cea9cd79:174
performWorkUntilDeadline @ chunk-GCPV6VEH.js?v=cea9cd79:382
logging.ts:297 [SECURITY INFO] 2025-10-06T21:40:04.264Z - SYSTEM_ERROR: Unhandled global error [Risk: 30]
logging.ts:300   Metadata: {message: 'animate2.subscribe is not a function', filename: 'http://localhost:8000/node_modules/.vite/deps/chunk-GCPV6VEH.js?v=cea9cd79', lineno: 16712, colno: 15, stack: 'TypeError: animate2.subscribe is not a function\n  ….vite/deps/chunk-GCPV6VEH.js?v=cea9cd79:17989:19)'}
logging.ts:297 [SECURITY INFO] 2025-10-06T21:40:04.264Z - SYSTEM_ERROR: Unhandled global error [Risk: 30]
logging.ts:300   Metadata: {message: 'animate2.subscribe is not a function', filename: 'http://localhost:8000/node_modules/.vite/deps/chunk-GCPV6VEH.js?v=cea9cd79', lineno: 16712, colno: 15, stack: 'TypeError: animate2.subscribe is not a function\n  ….vite/deps/chunk-GCPV6VEH.js?v=cea9cd79:17989:19)'}
chunk-GCPV6VEH.js?v=cea9cd79:16712 Uncaught TypeError: animate2.subscribe is not a function
    at AnimationFeature.updateAnimationControlsSubscription (framer-motion.js?v=e8613d71:6102:39)
    at AnimationFeature.mount (framer-motion.js?v=e8613d71:6109:10)
    at HTMLVisualElement.updateFeatures (framer-motion.js?v=e8613d71:5287:19)
    at framer-motion.js?v=e8613d71:4811:19
    at commitHookEffectListMount (chunk-GCPV6VEH.js?v=cea9cd79:16957:34)
    at safelyCallCommitHookLayoutEffectListMount (chunk-GCPV6VEH.js?v=cea9cd79:16733:13)
    at reappearLayoutEffectsOnFiber (chunk-GCPV6VEH.js?v=cea9cd79:17223:19)
    at reappearLayoutEffects_complete (chunk-GCPV6VEH.js?v=cea9cd79:18133:15)
    at reappearLayoutEffects_begin (chunk-GCPV6VEH.js?v=cea9cd79:18124:15)
    at commitLayoutEffects_begin (chunk-GCPV6VEH.js?v=cea9cd79:17989:19)
updateAnimationControlsSubscription @ framer-motion.js?v=e8613d71:6102
mount @ framer-motion.js?v=e8613d71:6109
updateFeatures @ framer-motion.js?v=e8613d71:5287
(anonymous) @ framer-motion.js?v=e8613d71:4811
commitHookEffectListMount @ chunk-GCPV6VEH.js?v=cea9cd79:16957
safelyCallCommitHookLayoutEffectListMount @ chunk-GCPV6VEH.js?v=cea9cd79:16733
reappearLayoutEffectsOnFiber @ chunk-GCPV6VEH.js?v=cea9cd79:17223
reappearLayoutEffects_complete @ chunk-GCPV6VEH.js?v=cea9cd79:18133
reappearLayoutEffects_begin @ chunk-GCPV6VEH.js?v=cea9cd79:18124
commitLayoutEffects_begin @ chunk-GCPV6VEH.js?v=cea9cd79:17989
commitLayoutEffects_begin @ chunk-GCPV6VEH.js?v=cea9cd79:17994
commitLayoutEffects @ chunk-GCPV6VEH.js?v=cea9cd79:17964
commitRootImpl @ chunk-GCPV6VEH.js?v=cea9cd79:19400
commitRoot @ chunk-GCPV6VEH.js?v=cea9cd79:19324
finishConcurrentRender @ chunk-GCPV6VEH.js?v=cea9cd79:18852
performConcurrentWorkOnRoot @ chunk-GCPV6VEH.js?v=cea9cd79:18762
workLoop @ chunk-GCPV6VEH.js?v=cea9cd79:195
flushWork @ chunk-GCPV6VEH.js?v=cea9cd79:174
performWorkUntilDeadline @ chunk-GCPV6VEH.js?v=cea9cd79:382
logging.ts:297 [SECURITY INFO] 2025-10-06T21:40:04.264Z - SYSTEM_ERROR: Unhandled global error [Risk: 30]
logging.ts:300   Metadata: {message: 'animate2.subscribe is not a function', filename: 'http://localhost:8000/node_modules/.vite/deps/chunk-GCPV6VEH.js?v=cea9cd79', lineno: 16712, colno: 15, stack: 'TypeError: animate2.subscribe is not a function\n  ….vite/deps/chunk-GCPV6VEH.js?v=cea9cd79:17989:19)'}
logging.ts:297 [SECURITY INFO] 2025-10-06T21:40:04.265Z - SYSTEM_ERROR: Unhandled global error [Risk: 30]
logging.ts:300   Metadata: {message: 'animate2.subscribe is not a function', filename: 'http://localhost:8000/node_modules/.vite/deps/chunk-GCPV6VEH.js?v=cea9cd79', lineno: 16712, colno: 15, stack: 'TypeError: animate2.subscribe is not a function\n  ….vite/deps/chunk-GCPV6VEH.js?v=cea9cd79:17989:19)'}
chunk-GCPV6VEH.js?v=cea9cd79:16712 Uncaught TypeError: animate2.subscribe is not a function
    at AnimationFeature.updateAnimationControlsSubscription (framer-motion.js?v=e8613d71:6102:39)
    at AnimationFeature.mount (framer-motion.js?v=e8613d71:6109:10)
    at HTMLVisualElement.updateFeatures (framer-motion.js?v=e8613d71:5287:19)
    at framer-motion.js?v=e8613d71:4811:19
    at commitHookEffectListMount (chunk-GCPV6VEH.js?v=cea9cd79:16957:34)
    at safelyCallCommitHookLayoutEffectListMount (chunk-GCPV6VEH.js?v=cea9cd79:16733:13)
    at reappearLayoutEffectsOnFiber (chunk-GCPV6VEH.js?v=cea9cd79:17223:19)
    at reappearLayoutEffects_complete (chunk-GCPV6VEH.js?v=cea9cd79:18133:15)
    at reappearLayoutEffects_begin (chunk-GCPV6VEH.js?v=cea9cd79:18124:15)
    at commitLayoutEffects_begin (chunk-GCPV6VEH.js?v=cea9cd79:17989:19)
updateAnimationControlsSubscription @ framer-motion.js?v=e8613d71:6102
mount @ framer-motion.js?v=e8613d71:6109
updateFeatures @ framer-motion.js?v=e8613d71:5287
(anonymous) @ framer-motion.js?v=e8613d71:4811
commitHookEffectListMount @ chunk-GCPV6VEH.js?v=cea9cd79:16957
safelyCallCommitHookLayoutEffectListMount @ chunk-GCPV6VEH.js?v=cea9cd79:16733
reappearLayoutEffectsOnFiber @ chunk-GCPV6VEH.js?v=cea9cd79:17223
reappearLayoutEffects_complete @ chunk-GCPV6VEH.js?v=cea9cd79:18133
reappearLayoutEffects_begin @ chunk-GCPV6VEH.js?v=cea9cd79:18124
commitLayoutEffects_begin @ chunk-GCPV6VEH.js?v=cea9cd79:17989
commitLayoutEffects_begin @ chunk-GCPV6VEH.js?v=cea9cd79:17994
commitLayoutEffects @ chunk-GCPV6VEH.js?v=cea9cd79:17964
commitRootImpl @ chunk-GCPV6VEH.js?v=cea9cd79:19400
commitRoot @ chunk-GCPV6VEH.js?v=cea9cd79:19324
finishConcurrentRender @ chunk-GCPV6VEH.js?v=cea9cd79:18852
performConcurrentWorkOnRoot @ chunk-GCPV6VEH.js?v=cea9cd79:18762
workLoop @ chunk-GCPV6VEH.js?v=cea9cd79:195
flushWork @ chunk-GCPV6VEH.js?v=cea9cd79:174
performWorkUntilDeadline @ chunk-GCPV6VEH.js?v=cea9cd79:382
logging.ts:297 [SECURITY INFO] 2025-10-06T21:40:04.265Z - SYSTEM_ERROR: Unhandled global error [Risk: 30]
logging.ts:300   Metadata: {message: 'animate2.subscribe is not a function', filename: 'http://localhost:8000/node_modules/.vite/deps/chunk-GCPV6VEH.js?v=cea9cd79', lineno: 16712, colno: 15, stack: 'TypeError: animate2.subscribe is not a function\n  ….vite/deps/chunk-GCPV6VEH.js?v=cea9cd79:17989:19)'}
logging.ts:297 [SECURITY INFO] 2025-10-06T21:40:04.265Z - SYSTEM_ERROR: Unhandled global error [Risk: 30]
logging.ts:300   Metadata: {message: 'animate2.subscribe is not a function', filename: 'http://localhost:8000/node_modules/.vite/deps/chunk-GCPV6VEH.js?v=cea9cd79', lineno: 16712, colno: 15, stack: 'TypeError: animate2.subscribe is not a function\n  ….vite/deps/chunk-GCPV6VEH.js?v=cea9cd79:17989:19)'}
chunk-GCPV6VEH.js?v=cea9cd79:16712 Uncaught TypeError: animate2.subscribe is not a function
    at AnimationFeature.updateAnimationControlsSubscription (framer-motion.js?v=e8613d71:6102:39)
    at AnimationFeature.mount (framer-motion.js?v=e8613d71:6109:10)
    at HTMLVisualElement.updateFeatures (framer-motion.js?v=e8613d71:5287:19)
    at framer-motion.js?v=e8613d71:4811:19
    at commitHookEffectListMount (chunk-GCPV6VEH.js?v=cea9cd79:16957:34)
    at safelyCallCommitHookLayoutEffectListMount (chunk-GCPV6VEH.js?v=cea9cd79:16733:13)
    at reappearLayoutEffectsOnFiber (chunk-GCPV6VEH.js?v=cea9cd79:17223:19)
    at reappearLayoutEffects_complete (chunk-GCPV6VEH.js?v=cea9cd79:18133:15)
    at reappearLayoutEffects_begin (chunk-GCPV6VEH.js?v=cea9cd79:18124:15)
    at commitLayoutEffects_begin (chunk-GCPV6VEH.js?v=cea9cd79:17989:19)
updateAnimationControlsSubscription @ framer-motion.js?v=e8613d71:6102
mount @ framer-motion.js?v=e8613d71:6109
updateFeatures @ framer-motion.js?v=e8613d71:5287
(anonymous) @ framer-motion.js?v=e8613d71:4811
commitHookEffectListMount @ chunk-GCPV6VEH.js?v=cea9cd79:16957
safelyCallCommitHookLayoutEffectListMount @ chunk-GCPV6VEH.js?v=cea9cd79:16733
reappearLayoutEffectsOnFiber @ chunk-GCPV6VEH.js?v=cea9cd79:17223
reappearLayoutEffects_complete @ chunk-GCPV6VEH.js?v=cea9cd79:18133
reappearLayoutEffects_begin @ chunk-GCPV6VEH.js?v=cea9cd79:18124
commitLayoutEffects_begin @ chunk-GCPV6VEH.js?v=cea9cd79:17989
commitLayoutEffects_begin @ chunk-GCPV6VEH.js?v=cea9cd79:17994
commitLayoutEffects @ chunk-GCPV6VEH.js?v=cea9cd79:17964
commitRootImpl @ chunk-GCPV6VEH.js?v=cea9cd79:19400
commitRoot @ chunk-GCPV6VEH.js?v=cea9cd79:19324
finishConcurrentRender @ chunk-GCPV6VEH.js?v=cea9cd79:18852
performConcurrentWorkOnRoot @ chunk-GCPV6VEH.js?v=cea9cd79:18762
workLoop @ chunk-GCPV6VEH.js?v=cea9cd79:195
flushWork @ chunk-GCPV6VEH.js?v=cea9cd79:174
performWorkUntilDeadline @ chunk-GCPV6VEH.js?v=cea9cd79:382
logging.ts:297 [SECURITY INFO] 2025-10-06T21:40:04.265Z - SYSTEM_ERROR: Unhandled global error [Risk: 30]
logging.ts:300   Metadata: {message: 'animate2.subscribe is not a function', filename: 'http://localhost:8000/node_modules/.vite/deps/chunk-GCPV6VEH.js?v=cea9cd79', lineno: 16712, colno: 15, stack: 'TypeError: animate2.subscribe is not a function\n  ….vite/deps/chunk-GCPV6VEH.js?v=cea9cd79:17989:19)'}
logging.ts:297 [SECURITY INFO] 2025-10-06T21:40:04.265Z - SYSTEM_ERROR: Unhandled global error [Risk: 30]
logging.ts:300   Metadata: {message: 'animate2.subscribe is not a function', filename: 'http://localhost:8000/node_modules/.vite/deps/chunk-GCPV6VEH.js?v=cea9cd79', lineno: 16712, colno: 15, stack: 'TypeError: animate2.subscribe is not a function\n  ….vite/deps/chunk-GCPV6VEH.js?v=cea9cd79:17989:19)'}
chunk-GCPV6VEH.js?v=cea9cd79:16712 Uncaught TypeError: animate2.subscribe is not a function
    at AnimationFeature.updateAnimationControlsSubscription (framer-motion.js?v=e8613d71:6102:39)
    at AnimationFeature.mount (framer-motion.js?v=e8613d71:6109:10)
    at HTMLVisualElement.updateFeatures (framer-motion.js?v=e8613d71:5287:19)
    at framer-motion.js?v=e8613d71:4811:19
    at commitHookEffectListMount (chunk-GCPV6VEH.js?v=cea9cd79:16957:34)
    at safelyCallCommitHookLayoutEffectListMount (chunk-GCPV6VEH.js?v=cea9cd79:16733:13)
    at reappearLayoutEffectsOnFiber (chunk-GCPV6VEH.js?v=cea9cd79:17223:19)
    at reappearLayoutEffects_complete (chunk-GCPV6VEH.js?v=cea9cd79:18133:15)
    at reappearLayoutEffects_begin (chunk-GCPV6VEH.js?v=cea9cd79:18124:15)
    at commitLayoutEffects_begin (chunk-GCPV6VEH.js?v=cea9cd79:17989:19)
updateAnimationControlsSubscription @ framer-motion.js?v=e8613d71:6102
mount @ framer-motion.js?v=e8613d71:6109
updateFeatures @ framer-motion.js?v=e8613d71:5287
(anonymous) @ framer-motion.js?v=e8613d71:4811
commitHookEffectListMount @ chunk-GCPV6VEH.js?v=cea9cd79:16957
safelyCallCommitHookLayoutEffectListMount @ chunk-GCPV6VEH.js?v=cea9cd79:16733
reappearLayoutEffectsOnFiber @ chunk-GCPV6VEH.js?v=cea9cd79:17223
reappearLayoutEffects_complete @ chunk-GCPV6VEH.js?v=cea9cd79:18133
reappearLayoutEffects_begin @ chunk-GCPV6VEH.js?v=cea9cd79:18124
commitLayoutEffects_begin @ chunk-GCPV6VEH.js?v=cea9cd79:17989
commitLayoutEffects_begin @ chunk-GCPV6VEH.js?v=cea9cd79:17994
commitLayoutEffects @ chunk-GCPV6VEH.js?v=cea9cd79:17964
commitRootImpl @ chunk-GCPV6VEH.js?v=cea9cd79:19400
commitRoot @ chunk-GCPV6VEH.js?v=cea9cd79:19324
finishConcurrentRender @ chunk-GCPV6VEH.js?v=cea9cd79:18852
performConcurrentWorkOnRoot @ chunk-GCPV6VEH.js?v=cea9cd79:18762
workLoop @ chunk-GCPV6VEH.js?v=cea9cd79:195
flushWork @ chunk-GCPV6VEH.js?v=cea9cd79:174
performWorkUntilDeadline @ chunk-GCPV6VEH.js?v=cea9cd79:382
logging.ts:297 [SECURITY INFO] 2025-10-06T21:40:04.266Z - SYSTEM_ERROR: Unhandled global error [Risk: 30]
logging.ts:300   Metadata: {message: 'animate2.subscribe is not a function', filename: 'http://localhost:8000/node_modules/.vite/deps/chunk-GCPV6VEH.js?v=cea9cd79', lineno: 16712, colno: 15, stack: 'TypeError: animate2.subscribe is not a function\n  ….vite/deps/chunk-GCPV6VEH.js?v=cea9cd79:17989:19)'}
logging.ts:297 [SECURITY INFO] 2025-10-06T21:40:04.266Z - SYSTEM_ERROR: Unhandled global error [Risk: 30]
logging.ts:300   Metadata: {message: 'animate2.subscribe is not a function', filename: 'http://localhost:8000/node_modules/.vite/deps/chunk-GCPV6VEH.js?v=cea9cd79', lineno: 16712, colno: 15, stack: 'TypeError: animate2.subscribe is not a function\n  ….vite/deps/chunk-GCPV6VEH.js?v=cea9cd79:17989:19)'}
chunk-GCPV6VEH.js?v=cea9cd79:16712 Uncaught TypeError: animate2.subscribe is not a function
    at AnimationFeature.updateAnimationControlsSubscription (framer-motion.js?v=e8613d71:6102:39)
    at AnimationFeature.mount (framer-motion.js?v=e8613d71:6109:10)
    at HTMLVisualElement.updateFeatures (framer-motion.js?v=e8613d71:5287:19)
    at framer-motion.js?v=e8613d71:4811:19
    at commitHookEffectListMount (chunk-GCPV6VEH.js?v=cea9cd79:16957:34)
    at safelyCallCommitHookLayoutEffectListMount (chunk-GCPV6VEH.js?v=cea9cd79:16733:13)
    at reappearLayoutEffectsOnFiber (chunk-GCPV6VEH.js?v=cea9cd79:17223:19)
    at reappearLayoutEffects_complete (chunk-GCPV6VEH.js?v=cea9cd79:18133:15)
    at reappearLayoutEffects_begin (chunk-GCPV6VEH.js?v=cea9cd79:18124:15)
    at commitLayoutEffects_begin (chunk-GCPV6VEH.js?v=cea9cd79:17989:19)
updateAnimationControlsSubscription @ framer-motion.js?v=e8613d71:6102
mount @ framer-motion.js?v=e8613d71:6109
updateFeatures @ framer-motion.js?v=e8613d71:5287
(anonymous) @ framer-motion.js?v=e8613d71:4811
commitHookEffectListMount @ chunk-GCPV6VEH.js?v=cea9cd79:16957
safelyCallCommitHookLayoutEffectListMount @ chunk-GCPV6VEH.js?v=cea9cd79:16733
reappearLayoutEffectsOnFiber @ chunk-GCPV6VEH.js?v=cea9cd79:17223
reappearLayoutEffects_complete @ chunk-GCPV6VEH.js?v=cea9cd79:18133
reappearLayoutEffects_begin @ chunk-GCPV6VEH.js?v=cea9cd79:18124
commitLayoutEffects_begin @ chunk-GCPV6VEH.js?v=cea9cd79:17989
commitLayoutEffects_begin @ chunk-GCPV6VEH.js?v=cea9cd79:17994
commitLayoutEffects @ chunk-GCPV6VEH.js?v=cea9cd79:17964
commitRootImpl @ chunk-GCPV6VEH.js?v=cea9cd79:19400
commitRoot @ chunk-GCPV6VEH.js?v=cea9cd79:19324
finishConcurrentRender @ chunk-GCPV6VEH.js?v=cea9cd79:18852
performConcurrentWorkOnRoot @ chunk-GCPV6VEH.js?v=cea9cd79:18762
workLoop @ chunk-GCPV6VEH.js?v=cea9cd79:195
flushWork @ chunk-GCPV6VEH.js?v=cea9cd79:174
performWorkUntilDeadline @ chunk-GCPV6VEH.js?v=cea9cd79:382
logging.ts:297 [SECURITY INFO] 2025-10-06T21:40:04.266Z - SYSTEM_ERROR: Unhandled global error [Risk: 30]
logging.ts:300   Metadata: {message: 'animate2.subscribe is not a function', filename: 'http://localhost:8000/node_modules/.vite/deps/chunk-GCPV6VEH.js?v=cea9cd79', lineno: 16712, colno: 15, stack: 'TypeError: animate2.subscribe is not a function\n  ….vite/deps/chunk-GCPV6VEH.js?v=cea9cd79:17989:19)'}
logging.ts:297 [SECURITY INFO] 2025-10-06T21:40:04.266Z - SYSTEM_ERROR: Unhandled global error [Risk: 30]
logging.ts:300   Metadata: {message: 'animate2.subscribe is not a function', filename: 'http://localhost:8000/node_modules/.vite/deps/chunk-GCPV6VEH.js?v=cea9cd79', lineno: 16712, colno: 15, stack: 'TypeError: animate2.subscribe is not a function\n  ….vite/deps/chunk-GCPV6VEH.js?v=cea9cd79:17989:19)'}
chunk-GCPV6VEH.js?v=cea9cd79:16712 Uncaught TypeError: animate2.subscribe is not a function
    at AnimationFeature.updateAnimationControlsSubscription (framer-motion.js?v=e8613d71:6102:39)
    at AnimationFeature.mount (framer-motion.js?v=e8613d71:6109:10)
    at HTMLVisualElement.updateFeatures (framer-motion.js?v=e8613d71:5287:19)
    at framer-motion.js?v=e8613d71:4811:19
    at commitHookEffectListMount (chunk-GCPV6VEH.js?v=cea9cd79:16957:34)
    at safelyCallCommitHookLayoutEffectListMount (chunk-GCPV6VEH.js?v=cea9cd79:16733:13)
    at reappearLayoutEffectsOnFiber (chunk-GCPV6VEH.js?v=cea9cd79:17223:19)
    at reappearLayoutEffects_complete (chunk-GCPV6VEH.js?v=cea9cd79:18133:15)
    at reappearLayoutEffects_begin (chunk-GCPV6VEH.js?v=cea9cd79:18124:15)
    at commitLayoutEffects_begin (chunk-GCPV6VEH.js?v=cea9cd79:17989:19)
updateAnimationControlsSubscription @ framer-motion.js?v=e8613d71:6102
mount @ framer-motion.js?v=e8613d71:6109
updateFeatures @ framer-motion.js?v=e8613d71:5287
(anonymous) @ framer-motion.js?v=e8613d71:4811
commitHookEffectListMount @ chunk-GCPV6VEH.js?v=cea9cd79:16957
safelyCallCommitHookLayoutEffectListMount @ chunk-GCPV6VEH.js?v=cea9cd79:16733
reappearLayoutEffectsOnFiber @ chunk-GCPV6VEH.js?v=cea9cd79:17223
reappearLayoutEffects_complete @ chunk-GCPV6VEH.js?v=cea9cd79:18133
reappearLayoutEffects_begin @ chunk-GCPV6VEH.js?v=cea9cd79:18124
commitLayoutEffects_begin @ chunk-GCPV6VEH.js?v=cea9cd79:17989
commitLayoutEffects_begin @ chunk-GCPV6VEH.js?v=cea9cd79:17994
commitLayoutEffects @ chunk-GCPV6VEH.js?v=cea9cd79:17964
commitRootImpl @ chunk-GCPV6VEH.js?v=cea9cd79:19400
commitRoot @ chunk-GCPV6VEH.js?v=cea9cd79:19324
finishConcurrentRender @ chunk-GCPV6VEH.js?v=cea9cd79:18852
performConcurrentWorkOnRoot @ chunk-GCPV6VEH.js?v=cea9cd79:18762
workLoop @ chunk-GCPV6VEH.js?v=cea9cd79:195
flushWork @ chunk-GCPV6VEH.js?v=cea9cd79:174
performWorkUntilDeadline @ chunk-GCPV6VEH.js?v=cea9cd79:382
logging.ts:297 [SECURITY INFO] 2025-10-06T21:40:04.266Z - SYSTEM_ERROR: Unhandled global error [Risk: 30]
logging.ts:300   Metadata: {message: 'animate2.subscribe is not a function', filename: 'http://localhost:8000/node_modules/.vite/deps/chunk-GCPV6VEH.js?v=cea9cd79', lineno: 16712, colno: 15, stack: 'TypeError: animate2.subscribe is not a function\n  ….vite/deps/chunk-GCPV6VEH.js?v=cea9cd79:17989:19)'}
logging.ts:297 [SECURITY INFO] 2025-10-06T21:40:04.266Z - SYSTEM_ERROR: Unhandled global error [Risk: 30]
logging.ts:300   Metadata: {message: 'animate2.subscribe is not a function', filename: 'http://localhost:8000/node_modules/.vite/deps/chunk-GCPV6VEH.js?v=cea9cd79', lineno: 16712, colno: 15, stack: 'TypeError: animate2.subscribe is not a function\n  ….vite/deps/chunk-GCPV6VEH.js?v=cea9cd79:17989:19)'}
chunk-GCPV6VEH.js?v=cea9cd79:16712 Uncaught TypeError: animate2.subscribe is not a function
    at AnimationFeature.updateAnimationControlsSubscription (framer-motion.js?v=e8613d71:6102:39)
    at AnimationFeature.mount (framer-motion.js?v=e8613d71:6109:10)
    at HTMLVisualElement.updateFeatures (framer-motion.js?v=e8613d71:5287:19)
    at framer-motion.js?v=e8613d71:4811:19
    at commitHookEffectListMount (chunk-GCPV6VEH.js?v=cea9cd79:16957:34)
    at safelyCallCommitHookLayoutEffectListMount (chunk-GCPV6VEH.js?v=cea9cd79:16733:13)
    at reappearLayoutEffectsOnFiber (chunk-GCPV6VEH.js?v=cea9cd79:17223:19)
    at reappearLayoutEffects_complete (chunk-GCPV6VEH.js?v=cea9cd79:18133:15)
    at reappearLayoutEffects_begin (chunk-GCPV6VEH.js?v=cea9cd79:18124:15)
    at commitLayoutEffects_begin (chunk-GCPV6VEH.js?v=cea9cd79:17989:19)
updateAnimationControlsSubscription @ framer-motion.js?v=e8613d71:6102
mount @ framer-motion.js?v=e8613d71:6109
updateFeatures @ framer-motion.js?v=e8613d71:5287
(anonymous) @ framer-motion.js?v=e8613d71:4811
commitHookEffectListMount @ chunk-GCPV6VEH.js?v=cea9cd79:16957
safelyCallCommitHookLayoutEffectListMount @ chunk-GCPV6VEH.js?v=cea9cd79:16733
reappearLayoutEffectsOnFiber @ chunk-GCPV6VEH.js?v=cea9cd79:17223
reappearLayoutEffects_complete @ chunk-GCPV6VEH.js?v=cea9cd79:18133
reappearLayoutEffects_begin @ chunk-GCPV6VEH.js?v=cea9cd79:18124
commitLayoutEffects_begin @ chunk-GCPV6VEH.js?v=cea9cd79:17989
commitLayoutEffects_begin @ chunk-GCPV6VEH.js?v=cea9cd79:17994
commitLayoutEffects @ chunk-GCPV6VEH.js?v=cea9cd79:17964
commitRootImpl @ chunk-GCPV6VEH.js?v=cea9cd79:19400
commitRoot @ chunk-GCPV6VEH.js?v=cea9cd79:19324
finishConcurrentRender @ chunk-GCPV6VEH.js?v=cea9cd79:18852
performConcurrentWorkOnRoot @ chunk-GCPV6VEH.js?v=cea9cd79:18762
workLoop @ chunk-GCPV6VEH.js?v=cea9cd79:195
flushWork @ chunk-GCPV6VEH.js?v=cea9cd79:174
performWorkUntilDeadline @ chunk-GCPV6VEH.js?v=cea9cd79:382
logging.ts:297 [SECURITY INFO] 2025-10-06T21:40:04.267Z - SYSTEM_ERROR: Unhandled global error [Risk: 30]
logging.ts:300   Metadata: {message: 'animate2.subscribe is not a function', filename: 'http://localhost:8000/node_modules/.vite/deps/chunk-GCPV6VEH.js?v=cea9cd79', lineno: 16712, colno: 15, stack: 'TypeError: animate2.subscribe is not a function\n  ….vite/deps/chunk-GCPV6VEH.js?v=cea9cd79:17989:19)'}
logging.ts:297 [SECURITY INFO] 2025-10-06T21:40:04.267Z - SYSTEM_ERROR: Unhandled global error [Risk: 30]
logging.ts:300   Metadata: {message: 'animate2.subscribe is not a function', filename: 'http://localhost:8000/node_modules/.vite/deps/chunk-GCPV6VEH.js?v=cea9cd79', lineno: 16712, colno: 15, stack: 'TypeError: animate2.subscribe is not a function\n  ….vite/deps/chunk-GCPV6VEH.js?v=cea9cd79:17989:19)'}
chunk-GCPV6VEH.js?v=cea9cd79:16712 Uncaught TypeError: animate2.subscribe is not a function
    at AnimationFeature.updateAnimationControlsSubscription (framer-motion.js?v=e8613d71:6102:39)
    at AnimationFeature.mount (framer-motion.js?v=e8613d71:6109:10)
    at HTMLVisualElement.updateFeatures (framer-motion.js?v=e8613d71:5287:19)
    at framer-motion.js?v=e8613d71:4811:19
    at commitHookEffectListMount (chunk-GCPV6VEH.js?v=cea9cd79:16957:34)
    at safelyCallCommitHookLayoutEffectListMount (chunk-GCPV6VEH.js?v=cea9cd79:16733:13)
    at reappearLayoutEffectsOnFiber (chunk-GCPV6VEH.js?v=cea9cd79:17223:19)
    at reappearLayoutEffects_complete (chunk-GCPV6VEH.js?v=cea9cd79:18133:15)
    at reappearLayoutEffects_begin (chunk-GCPV6VEH.js?v=cea9cd79:18124:15)
    at commitLayoutEffects_begin (chunk-GCPV6VEH.js?v=cea9cd79:17989:19)
updateAnimationControlsSubscription @ framer-motion.js?v=e8613d71:6102
mount @ framer-motion.js?v=e8613d71:6109
updateFeatures @ framer-motion.js?v=e8613d71:5287
(anonymous) @ framer-motion.js?v=e8613d71:4811
commitHookEffectListMount @ chunk-GCPV6VEH.js?v=cea9cd79:16957
safelyCallCommitHookLayoutEffectListMount @ chunk-GCPV6VEH.js?v=cea9cd79:16733
reappearLayoutEffectsOnFiber @ chunk-GCPV6VEH.js?v=cea9cd79:17223
reappearLayoutEffects_complete @ chunk-GCPV6VEH.js?v=cea9cd79:18133
reappearLayoutEffects_begin @ chunk-GCPV6VEH.js?v=cea9cd79:18124
commitLayoutEffects_begin @ chunk-GCPV6VEH.js?v=cea9cd79:17989
commitLayoutEffects_begin @ chunk-GCPV6VEH.js?v=cea9cd79:17994
commitLayoutEffects @ chunk-GCPV6VEH.js?v=cea9cd79:17964
commitRootImpl @ chunk-GCPV6VEH.js?v=cea9cd79:19400
commitRoot @ chunk-GCPV6VEH.js?v=cea9cd79:19324
finishConcurrentRender @ chunk-GCPV6VEH.js?v=cea9cd79:18852
performConcurrentWorkOnRoot @ chunk-GCPV6VEH.js?v=cea9cd79:18762
workLoop @ chunk-GCPV6VEH.js?v=cea9cd79:195
flushWork @ chunk-GCPV6VEH.js?v=cea9cd79:174
performWorkUntilDeadline @ chunk-GCPV6VEH.js?v=cea9cd79:382
logging.ts:297 [SECURITY INFO] 2025-10-06T21:40:04.267Z - SYSTEM_ERROR: Unhandled global error [Risk: 30]
logging.ts:300   Metadata: {message: 'animate2.subscribe is not a function', filename: 'http://localhost:8000/node_modules/.vite/deps/chunk-GCPV6VEH.js?v=cea9cd79', lineno: 16712, colno: 15, stack: 'TypeError: animate2.subscribe is not a function\n  ….vite/deps/chunk-GCPV6VEH.js?v=cea9cd79:17989:19)'}
logging.ts:297 [SECURITY INFO] 2025-10-06T21:40:04.268Z - SYSTEM_ERROR: Unhandled global error [Risk: 30]
logging.ts:300   Metadata: {message: 'animate2.subscribe is not a function', filename: 'http://localhost:8000/node_modules/.vite/deps/chunk-GCPV6VEH.js?v=cea9cd79', lineno: 16712, colno: 15, stack: 'TypeError: animate2.subscribe is not a function\n  ….vite/deps/chunk-GCPV6VEH.js?v=cea9cd79:17989:19)'}
chunk-GCPV6VEH.js?v=cea9cd79:16712 Uncaught TypeError: animate2.subscribe is not a function
    at AnimationFeature.updateAnimationControlsSubscription (framer-motion.js?v=e8613d71:6102:39)
    at AnimationFeature.mount (framer-motion.js?v=e8613d71:6109:10)
    at HTMLVisualElement.updateFeatures (framer-motion.js?v=e8613d71:5287:19)
    at framer-motion.js?v=e8613d71:4811:19
    at commitHookEffectListMount (chunk-GCPV6VEH.js?v=cea9cd79:16957:34)
    at safelyCallCommitHookLayoutEffectListMount (chunk-GCPV6VEH.js?v=cea9cd79:16733:13)
    at reappearLayoutEffectsOnFiber (chunk-GCPV6VEH.js?v=cea9cd79:17223:19)
    at reappearLayoutEffects_complete (chunk-GCPV6VEH.js?v=cea9cd79:18133:15)
    at reappearLayoutEffects_begin (chunk-GCPV6VEH.js?v=cea9cd79:18124:15)
    at commitLayoutEffects_begin (chunk-GCPV6VEH.js?v=cea9cd79:17989:19)
updateAnimationControlsSubscription @ framer-motion.js?v=e8613d71:6102
mount @ framer-motion.js?v=e8613d71:6109
updateFeatures @ framer-motion.js?v=e8613d71:5287
(anonymous) @ framer-motion.js?v=e8613d71:4811
commitHookEffectListMount @ chunk-GCPV6VEH.js?v=cea9cd79:16957
safelyCallCommitHookLayoutEffectListMount @ chunk-GCPV6VEH.js?v=cea9cd79:16733
reappearLayoutEffectsOnFiber @ chunk-GCPV6VEH.js?v=cea9cd79:17223
reappearLayoutEffects_complete @ chunk-GCPV6VEH.js?v=cea9cd79:18133
reappearLayoutEffects_begin @ chunk-GCPV6VEH.js?v=cea9cd79:18124
commitLayoutEffects_begin @ chunk-GCPV6VEH.js?v=cea9cd79:17989
commitLayoutEffects_begin @ chunk-GCPV6VEH.js?v=cea9cd79:17994
commitLayoutEffects @ chunk-GCPV6VEH.js?v=cea9cd79:17964
commitRootImpl @ chunk-GCPV6VEH.js?v=cea9cd79:19400
commitRoot @ chunk-GCPV6VEH.js?v=cea9cd79:19324
finishConcurrentRender @ chunk-GCPV6VEH.js?v=cea9cd79:18852
performConcurrentWorkOnRoot @ chunk-GCPV6VEH.js?v=cea9cd79:18762
workLoop @ chunk-GCPV6VEH.js?v=cea9cd79:195
flushWork @ chunk-GCPV6VEH.js?v=cea9cd79:174
performWorkUntilDeadline @ chunk-GCPV6VEH.js?v=cea9cd79:382
performanceOptimizations.tsx:292 Slow render detected: 17.30ms
overrideMethod @ hook.js:608
(anonymous) @ performanceOptimizations.tsx:292
(anonymous) @ ModernField.tsx:75
safelyCallDestroy @ chunk-GCPV6VEH.js?v=cea9cd79:16790
commitHookEffectListUnmount @ chunk-GCPV6VEH.js?v=cea9cd79:16917
invokeLayoutEffectUnmountInDEV @ chunk-GCPV6VEH.js?v=cea9cd79:18384
invokeEffectsInDev @ chunk-GCPV6VEH.js?v=cea9cd79:19748
commitDoubleInvokeEffectsInDEV @ chunk-GCPV6VEH.js?v=cea9cd79:19727
flushPassiveEffectsImpl @ chunk-GCPV6VEH.js?v=cea9cd79:19550
flushPassiveEffects @ chunk-GCPV6VEH.js?v=cea9cd79:19494
performSyncWorkOnRoot @ chunk-GCPV6VEH.js?v=cea9cd79:18915
flushSyncCallbacks @ chunk-GCPV6VEH.js?v=cea9cd79:9160
commitRootImpl @ chunk-GCPV6VEH.js?v=cea9cd79:19479
commitRoot @ chunk-GCPV6VEH.js?v=cea9cd79:19324
finishConcurrentRender @ chunk-GCPV6VEH.js?v=cea9cd79:18852
performConcurrentWorkOnRoot @ chunk-GCPV6VEH.js?v=cea9cd79:18762
workLoop @ chunk-GCPV6VEH.js?v=cea9cd79:195
flushWork @ chunk-GCPV6VEH.js?v=cea9cd79:174
performWorkUntilDeadline @ chunk-GCPV6VEH.js?v=cea9cd79:382
logging.ts:297 [SECURITY INFO] 2025-10-06T21:40:04.287Z - SYSTEM_ERROR: Unhandled global error [Risk: 30]
logging.ts:300   Metadata: {message: 'animate2.subscribe is not a function', filename: 'http://localhost:8000/node_modules/.vite/deps/chunk-GCPV6VEH.js?v=cea9cd79', lineno: 16712, colno: 15, stack: 'TypeError: animate2.subscribe is not a function\n  ….vite/deps/chunk-GCPV6VEH.js?v=cea9cd79:19494:22)'}
logging.ts:297 [SECURITY INFO] 2025-10-06T21:40:04.287Z - SYSTEM_ERROR: Unhandled global error [Risk: 30]
logging.ts:300   Metadata: {message: 'animate2.subscribe is not a function', filename: 'http://localhost:8000/node_modules/.vite/deps/chunk-GCPV6VEH.js?v=cea9cd79', lineno: 16712, colno: 15, stack: 'TypeError: animate2.subscribe is not a function\n  ….vite/deps/chunk-GCPV6VEH.js?v=cea9cd79:19494:22)'}
chunk-GCPV6VEH.js?v=cea9cd79:16712 Uncaught TypeError: animate2.subscribe is not a function
    at AnimationFeature.updateAnimationControlsSubscription (framer-motion.js?v=e8613d71:6102:39)
    at AnimationFeature.mount (framer-motion.js?v=e8613d71:6109:10)
    at HTMLVisualElement.updateFeatures (framer-motion.js?v=e8613d71:5287:19)
    at framer-motion.js?v=e8613d71:4811:19
    at commitHookEffectListMount (chunk-GCPV6VEH.js?v=cea9cd79:16957:34)
    at invokeLayoutEffectMountInDEV (chunk-GCPV6VEH.js?v=cea9cd79:18343:19)
    at invokeEffectsInDev (chunk-GCPV6VEH.js?v=cea9cd79:19748:19)
    at commitDoubleInvokeEffectsInDEV (chunk-GCPV6VEH.js?v=cea9cd79:19731:13)
    at flushPassiveEffectsImpl (chunk-GCPV6VEH.js?v=cea9cd79:19550:13)
    at flushPassiveEffects (chunk-GCPV6VEH.js?v=cea9cd79:19494:22)
updateAnimationControlsSubscription @ framer-motion.js?v=e8613d71:6102
mount @ framer-motion.js?v=e8613d71:6109
updateFeatures @ framer-motion.js?v=e8613d71:5287
(anonymous) @ framer-motion.js?v=e8613d71:4811
commitHookEffectListMount @ chunk-GCPV6VEH.js?v=cea9cd79:16957
invokeLayoutEffectMountInDEV @ chunk-GCPV6VEH.js?v=cea9cd79:18343
invokeEffectsInDev @ chunk-GCPV6VEH.js?v=cea9cd79:19748
commitDoubleInvokeEffectsInDEV @ chunk-GCPV6VEH.js?v=cea9cd79:19731
flushPassiveEffectsImpl @ chunk-GCPV6VEH.js?v=cea9cd79:19550
flushPassiveEffects @ chunk-GCPV6VEH.js?v=cea9cd79:19494
performSyncWorkOnRoot @ chunk-GCPV6VEH.js?v=cea9cd79:18915
flushSyncCallbacks @ chunk-GCPV6VEH.js?v=cea9cd79:9160
commitRootImpl @ chunk-GCPV6VEH.js?v=cea9cd79:19479
commitRoot @ chunk-GCPV6VEH.js?v=cea9cd79:19324
finishConcurrentRender @ chunk-GCPV6VEH.js?v=cea9cd79:18852
performConcurrentWorkOnRoot @ chunk-GCPV6VEH.js?v=cea9cd79:18762
workLoop @ chunk-GCPV6VEH.js?v=cea9cd79:195
flushWork @ chunk-GCPV6VEH.js?v=cea9cd79:174
performWorkUntilDeadline @ chunk-GCPV6VEH.js?v=cea9cd79:382
logging.ts:297 [SECURITY INFO] 2025-10-06T21:40:04.287Z - SYSTEM_ERROR: Unhandled global error [Risk: 30]
logging.ts:300   Metadata: {message: 'animate2.subscribe is not a function', filename: 'http://localhost:8000/node_modules/.vite/deps/chunk-GCPV6VEH.js?v=cea9cd79', lineno: 16712, colno: 15, stack: 'TypeError: animate2.subscribe is not a function\n  ….vite/deps/chunk-GCPV6VEH.js?v=cea9cd79:19494:22)'}
logging.ts:297 [SECURITY INFO] 2025-10-06T21:40:04.287Z - SYSTEM_ERROR: Unhandled global error [Risk: 30]
logging.ts:300   Metadata: {message: 'animate2.subscribe is not a function', filename: 'http://localhost:8000/node_modules/.vite/deps/chunk-GCPV6VEH.js?v=cea9cd79', lineno: 16712, colno: 15, stack: 'TypeError: animate2.subscribe is not a function\n  ….vite/deps/chunk-GCPV6VEH.js?v=cea9cd79:19494:22)'}
chunk-GCPV6VEH.js?v=cea9cd79:16712 Uncaught TypeError: animate2.subscribe is not a function
    at AnimationFeature.updateAnimationControlsSubscription (framer-motion.js?v=e8613d71:6102:39)
    at AnimationFeature.mount (framer-motion.js?v=e8613d71:6109:10)
    at HTMLVisualElement.updateFeatures (framer-motion.js?v=e8613d71:5287:19)
    at framer-motion.js?v=e8613d71:4811:19
    at commitHookEffectListMount (chunk-GCPV6VEH.js?v=cea9cd79:16957:34)
    at invokeLayoutEffectMountInDEV (chunk-GCPV6VEH.js?v=cea9cd79:18343:19)
    at invokeEffectsInDev (chunk-GCPV6VEH.js?v=cea9cd79:19748:19)
    at commitDoubleInvokeEffectsInDEV (chunk-GCPV6VEH.js?v=cea9cd79:19731:13)
    at flushPassiveEffectsImpl (chunk-GCPV6VEH.js?v=cea9cd79:19550:13)
    at flushPassiveEffects (chunk-GCPV6VEH.js?v=cea9cd79:19494:22)
updateAnimationControlsSubscription @ framer-motion.js?v=e8613d71:6102
mount @ framer-motion.js?v=e8613d71:6109
updateFeatures @ framer-motion.js?v=e8613d71:5287
(anonymous) @ framer-motion.js?v=e8613d71:4811
commitHookEffectListMount @ chunk-GCPV6VEH.js?v=cea9cd79:16957
invokeLayoutEffectMountInDEV @ chunk-GCPV6VEH.js?v=cea9cd79:18343
invokeEffectsInDev @ chunk-GCPV6VEH.js?v=cea9cd79:19748
commitDoubleInvokeEffectsInDEV @ chunk-GCPV6VEH.js?v=cea9cd79:19731
flushPassiveEffectsImpl @ chunk-GCPV6VEH.js?v=cea9cd79:19550
flushPassiveEffects @ chunk-GCPV6VEH.js?v=cea9cd79:19494
performSyncWorkOnRoot @ chunk-GCPV6VEH.js?v=cea9cd79:18915
flushSyncCallbacks @ chunk-GCPV6VEH.js?v=cea9cd79:9160
commitRootImpl @ chunk-GCPV6VEH.js?v=cea9cd79:19479
commitRoot @ chunk-GCPV6VEH.js?v=cea9cd79:19324
finishConcurrentRender @ chunk-GCPV6VEH.js?v=cea9cd79:18852
performConcurrentWorkOnRoot @ chunk-GCPV6VEH.js?v=cea9cd79:18762
workLoop @ chunk-GCPV6VEH.js?v=cea9cd79:195
flushWork @ chunk-GCPV6VEH.js?v=cea9cd79:174
performWorkUntilDeadline @ chunk-GCPV6VEH.js?v=cea9cd79:382
logging.ts:297 [SECURITY INFO] 2025-10-06T21:40:04.287Z - SYSTEM_ERROR: Unhandled global error [Risk: 30]
logging.ts:300   Metadata: {message: 'animate2.subscribe is not a function', filename: 'http://localhost:8000/node_modules/.vite/deps/chunk-GCPV6VEH.js?v=cea9cd79', lineno: 16712, colno: 15, stack: 'TypeError: animate2.subscribe is not a function\n  ….vite/deps/chunk-GCPV6VEH.js?v=cea9cd79:19494:22)'}
logging.ts:297 [SECURITY INFO] 2025-10-06T21:40:04.287Z - SYSTEM_ERROR: Unhandled global error [Risk: 30]
logging.ts:300   Metadata: {message: 'animate2.subscribe is not a function', filename: 'http://localhost:8000/node_modules/.vite/deps/chunk-GCPV6VEH.js?v=cea9cd79', lineno: 16712, colno: 15, stack: 'TypeError: animate2.subscribe is not a function\n  ….vite/deps/chunk-GCPV6VEH.js?v=cea9cd79:19494:22)'}
chunk-GCPV6VEH.js?v=cea9cd79:16712 Uncaught TypeError: animate2.subscribe is not a function
    at AnimationFeature.updateAnimationControlsSubscription (framer-motion.js?v=e8613d71:6102:39)
    at AnimationFeature.mount (framer-motion.js?v=e8613d71:6109:10)
    at HTMLVisualElement.updateFeatures (framer-motion.js?v=e8613d71:5287:19)
    at framer-motion.js?v=e8613d71:4811:19
    at commitHookEffectListMount (chunk-GCPV6VEH.js?v=cea9cd79:16957:34)
    at invokeLayoutEffectMountInDEV (chunk-GCPV6VEH.js?v=cea9cd79:18343:19)
    at invokeEffectsInDev (chunk-GCPV6VEH.js?v=cea9cd79:19748:19)
    at commitDoubleInvokeEffectsInDEV (chunk-GCPV6VEH.js?v=cea9cd79:19731:13)
    at flushPassiveEffectsImpl (chunk-GCPV6VEH.js?v=cea9cd79:19550:13)
    at flushPassiveEffects (chunk-GCPV6VEH.js?v=cea9cd79:19494:22)
updateAnimationControlsSubscription @ framer-motion.js?v=e8613d71:6102
mount @ framer-motion.js?v=e8613d71:6109
updateFeatures @ framer-motion.js?v=e8613d71:5287
(anonymous) @ framer-motion.js?v=e8613d71:4811
commitHookEffectListMount @ chunk-GCPV6VEH.js?v=cea9cd79:16957
invokeLayoutEffectMountInDEV @ chunk-GCPV6VEH.js?v=cea9cd79:18343
invokeEffectsInDev @ chunk-GCPV6VEH.js?v=cea9cd79:19748
commitDoubleInvokeEffectsInDEV @ chunk-GCPV6VEH.js?v=cea9cd79:19731
flushPassiveEffectsImpl @ chunk-GCPV6VEH.js?v=cea9cd79:19550
flushPassiveEffects @ chunk-GCPV6VEH.js?v=cea9cd79:19494
performSyncWorkOnRoot @ chunk-GCPV6VEH.js?v=cea9cd79:18915
flushSyncCallbacks @ chunk-GCPV6VEH.js?v=cea9cd79:9160
commitRootImpl @ chunk-GCPV6VEH.js?v=cea9cd79:19479
commitRoot @ chunk-GCPV6VEH.js?v=cea9cd79:19324
finishConcurrentRender @ chunk-GCPV6VEH.js?v=cea9cd79:18852
performConcurrentWorkOnRoot @ chunk-GCPV6VEH.js?v=cea9cd79:18762
workLoop @ chunk-GCPV6VEH.js?v=cea9cd79:195
flushWork @ chunk-GCPV6VEH.js?v=cea9cd79:174
performWorkUntilDeadline @ chunk-GCPV6VEH.js?v=cea9cd79:382
logging.ts:297 [SECURITY INFO] 2025-10-06T21:40:04.288Z - SYSTEM_ERROR: Unhandled global error [Risk: 30]
logging.ts:300   Metadata: {message: 'animate2.subscribe is not a function', filename: 'http://localhost:8000/node_modules/.vite/deps/chunk-GCPV6VEH.js?v=cea9cd79', lineno: 16712, colno: 15, stack: 'TypeError: animate2.subscribe is not a function\n  ….vite/deps/chunk-GCPV6VEH.js?v=cea9cd79:19494:22)'}
logging.ts:297 [SECURITY INFO] 2025-10-06T21:40:04.288Z - SYSTEM_ERROR: Unhandled global error [Risk: 30]
logging.ts:300   Metadata: {message: 'animate2.subscribe is not a function', filename: 'http://localhost:8000/node_modules/.vite/deps/chunk-GCPV6VEH.js?v=cea9cd79', lineno: 16712, colno: 15, stack: 'TypeError: animate2.subscribe is not a function\n  ….vite/deps/chunk-GCPV6VEH.js?v=cea9cd79:19494:22)'}
chunk-GCPV6VEH.js?v=cea9cd79:16712 Uncaught TypeError: animate2.subscribe is not a function
    at AnimationFeature.updateAnimationControlsSubscription (framer-motion.js?v=e8613d71:6102:39)
    at AnimationFeature.mount (framer-motion.js?v=e8613d71:6109:10)
    at HTMLVisualElement.updateFeatures (framer-motion.js?v=e8613d71:5287:19)
    at framer-motion.js?v=e8613d71:4811:19
    at commitHookEffectListMount (chunk-GCPV6VEH.js?v=cea9cd79:16957:34)
    at invokeLayoutEffectMountInDEV (chunk-GCPV6VEH.js?v=cea9cd79:18343:19)
    at invokeEffectsInDev (chunk-GCPV6VEH.js?v=cea9cd79:19748:19)
    at commitDoubleInvokeEffectsInDEV (chunk-GCPV6VEH.js?v=cea9cd79:19731:13)
    at flushPassiveEffectsImpl (chunk-GCPV6VEH.js?v=cea9cd79:19550:13)
    at flushPassiveEffects (chunk-GCPV6VEH.js?v=cea9cd79:19494:22)
updateAnimationControlsSubscription @ framer-motion.js?v=e8613d71:6102
mount @ framer-motion.js?v=e8613d71:6109
updateFeatures @ framer-motion.js?v=e8613d71:5287
(anonymous) @ framer-motion.js?v=e8613d71:4811
commitHookEffectListMount @ chunk-GCPV6VEH.js?v=cea9cd79:16957
invokeLayoutEffectMountInDEV @ chunk-GCPV6VEH.js?v=cea9cd79:18343
invokeEffectsInDev @ chunk-GCPV6VEH.js?v=cea9cd79:19748
commitDoubleInvokeEffectsInDEV @ chunk-GCPV6VEH.js?v=cea9cd79:19731
flushPassiveEffectsImpl @ chunk-GCPV6VEH.js?v=cea9cd79:19550
flushPassiveEffects @ chunk-GCPV6VEH.js?v=cea9cd79:19494
performSyncWorkOnRoot @ chunk-GCPV6VEH.js?v=cea9cd79:18915
flushSyncCallbacks @ chunk-GCPV6VEH.js?v=cea9cd79:9160
commitRootImpl @ chunk-GCPV6VEH.js?v=cea9cd79:19479
commitRoot @ chunk-GCPV6VEH.js?v=cea9cd79:19324
finishConcurrentRender @ chunk-GCPV6VEH.js?v=cea9cd79:18852
performConcurrentWorkOnRoot @ chunk-GCPV6VEH.js?v=cea9cd79:18762
workLoop @ chunk-GCPV6VEH.js?v=cea9cd79:195
flushWork @ chunk-GCPV6VEH.js?v=cea9cd79:174
performWorkUntilDeadline @ chunk-GCPV6VEH.js?v=cea9cd79:382
logging.ts:297 [SECURITY INFO] 2025-10-06T21:40:04.288Z - SYSTEM_ERROR: Unhandled global error [Risk: 30]
logging.ts:300   Metadata: {message: 'animate2.subscribe is not a function', filename: 'http://localhost:8000/node_modules/.vite/deps/chunk-GCPV6VEH.js?v=cea9cd79', lineno: 16712, colno: 15, stack: 'TypeError: animate2.subscribe is not a function\n  ….vite/deps/chunk-GCPV6VEH.js?v=cea9cd79:19494:22)'}
logging.ts:297 [SECURITY INFO] 2025-10-06T21:40:04.288Z - SYSTEM_ERROR: Unhandled global error [Risk: 30]
logging.ts:300   Metadata: {message: 'animate2.subscribe is not a function', filename: 'http://localhost:8000/node_modules/.vite/deps/chunk-GCPV6VEH.js?v=cea9cd79', lineno: 16712, colno: 15, stack: 'TypeError: animate2.subscribe is not a function\n  ….vite/deps/chunk-GCPV6VEH.js?v=cea9cd79:19494:22)'}
chunk-GCPV6VEH.js?v=cea9cd79:16712 Uncaught TypeError: animate2.subscribe is not a function
    at AnimationFeature.updateAnimationControlsSubscription (framer-motion.js?v=e8613d71:6102:39)
    at AnimationFeature.mount (framer-motion.js?v=e8613d71:6109:10)
    at HTMLVisualElement.updateFeatures (framer-motion.js?v=e8613d71:5287:19)
    at framer-motion.js?v=e8613d71:4811:19
    at commitHookEffectListMount (chunk-GCPV6VEH.js?v=cea9cd79:16957:34)
    at invokeLayoutEffectMountInDEV (chunk-GCPV6VEH.js?v=cea9cd79:18343:19)
    at invokeEffectsInDev (chunk-GCPV6VEH.js?v=cea9cd79:19748:19)
    at commitDoubleInvokeEffectsInDEV (chunk-GCPV6VEH.js?v=cea9cd79:19731:13)
    at flushPassiveEffectsImpl (chunk-GCPV6VEH.js?v=cea9cd79:19550:13)
    at flushPassiveEffects (chunk-GCPV6VEH.js?v=cea9cd79:19494:22)
updateAnimationControlsSubscription @ framer-motion.js?v=e8613d71:6102
mount @ framer-motion.js?v=e8613d71:6109
updateFeatures @ framer-motion.js?v=e8613d71:5287
(anonymous) @ framer-motion.js?v=e8613d71:4811
commitHookEffectListMount @ chunk-GCPV6VEH.js?v=cea9cd79:16957
invokeLayoutEffectMountInDEV @ chunk-GCPV6VEH.js?v=cea9cd79:18343
invokeEffectsInDev @ chunk-GCPV6VEH.js?v=cea9cd79:19748
commitDoubleInvokeEffectsInDEV @ chunk-GCPV6VEH.js?v=cea9cd79:19731
flushPassiveEffectsImpl @ chunk-GCPV6VEH.js?v=cea9cd79:19550
flushPassiveEffects @ chunk-GCPV6VEH.js?v=cea9cd79:19494
performSyncWorkOnRoot @ chunk-GCPV6VEH.js?v=cea9cd79:18915
flushSyncCallbacks @ chunk-GCPV6VEH.js?v=cea9cd79:9160
commitRootImpl @ chunk-GCPV6VEH.js?v=cea9cd79:19479
commitRoot @ chunk-GCPV6VEH.js?v=cea9cd79:19324
finishConcurrentRender @ chunk-GCPV6VEH.js?v=cea9cd79:18852
performConcurrentWorkOnRoot @ chunk-GCPV6VEH.js?v=cea9cd79:18762
workLoop @ chunk-GCPV6VEH.js?v=cea9cd79:195
flushWork @ chunk-GCPV6VEH.js?v=cea9cd79:174
performWorkUntilDeadline @ chunk-GCPV6VEH.js?v=cea9cd79:382
logging.ts:297 [SECURITY INFO] 2025-10-06T21:40:04.288Z - SYSTEM_ERROR: Unhandled global error [Risk: 30]
logging.ts:300   Metadata: {message: 'animate2.subscribe is not a function', filename: 'http://localhost:8000/node_modules/.vite/deps/chunk-GCPV6VEH.js?v=cea9cd79', lineno: 16712, colno: 15, stack: 'TypeError: animate2.subscribe is not a function\n  ….vite/deps/chunk-GCPV6VEH.js?v=cea9cd79:19494:22)'}
logging.ts:297 [SECURITY INFO] 2025-10-06T21:40:04.288Z - SYSTEM_ERROR: Unhandled global error [Risk: 30]
logging.ts:300   Metadata: {message: 'animate2.subscribe is not a function', filename: 'http://localhost:8000/node_modules/.vite/deps/chunk-GCPV6VEH.js?v=cea9cd79', lineno: 16712, colno: 15, stack: 'TypeError: animate2.subscribe is not a function\n  ….vite/deps/chunk-GCPV6VEH.js?v=cea9cd79:19494:22)'}
chunk-GCPV6VEH.js?v=cea9cd79:16712 Uncaught TypeError: animate2.subscribe is not a function
    at AnimationFeature.updateAnimationControlsSubscription (framer-motion.js?v=e8613d71:6102:39)
    at AnimationFeature.mount (framer-motion.js?v=e8613d71:6109:10)
    at HTMLVisualElement.updateFeatures (framer-motion.js?v=e8613d71:5287:19)
    at framer-motion.js?v=e8613d71:4811:19
    at commitHookEffectListMount (chunk-GCPV6VEH.js?v=cea9cd79:16957:34)
    at invokeLayoutEffectMountInDEV (chunk-GCPV6VEH.js?v=cea9cd79:18343:19)
    at invokeEffectsInDev (chunk-GCPV6VEH.js?v=cea9cd79:19748:19)
    at commitDoubleInvokeEffectsInDEV (chunk-GCPV6VEH.js?v=cea9cd79:19731:13)
    at flushPassiveEffectsImpl (chunk-GCPV6VEH.js?v=cea9cd79:19550:13)
    at flushPassiveEffects (chunk-GCPV6VEH.js?v=cea9cd79:19494:22)
updateAnimationControlsSubscription @ framer-motion.js?v=e8613d71:6102
mount @ framer-motion.js?v=e8613d71:6109
updateFeatures @ framer-motion.js?v=e8613d71:5287
(anonymous) @ framer-motion.js?v=e8613d71:4811
commitHookEffectListMount @ chunk-GCPV6VEH.js?v=cea9cd79:16957
invokeLayoutEffectMountInDEV @ chunk-GCPV6VEH.js?v=cea9cd79:18343
invokeEffectsInDev @ chunk-GCPV6VEH.js?v=cea9cd79:19748
commitDoubleInvokeEffectsInDEV @ chunk-GCPV6VEH.js?v=cea9cd79:19731
flushPassiveEffectsImpl @ chunk-GCPV6VEH.js?v=cea9cd79:19550
flushPassiveEffects @ chunk-GCPV6VEH.js?v=cea9cd79:19494
performSyncWorkOnRoot @ chunk-GCPV6VEH.js?v=cea9cd79:18915
flushSyncCallbacks @ chunk-GCPV6VEH.js?v=cea9cd79:9160
commitRootImpl @ chunk-GCPV6VEH.js?v=cea9cd79:19479
commitRoot @ chunk-GCPV6VEH.js?v=cea9cd79:19324
finishConcurrentRender @ chunk-GCPV6VEH.js?v=cea9cd79:18852
performConcurrentWorkOnRoot @ chunk-GCPV6VEH.js?v=cea9cd79:18762
workLoop @ chunk-GCPV6VEH.js?v=cea9cd79:195
flushWork @ chunk-GCPV6VEH.js?v=cea9cd79:174
performWorkUntilDeadline @ chunk-GCPV6VEH.js?v=cea9cd79:382
logging.ts:297 [SECURITY INFO] 2025-10-06T21:40:04.289Z - SYSTEM_ERROR: Unhandled global error [Risk: 30]
logging.ts:300   Metadata: {message: 'animate2.subscribe is not a function', filename: 'http://localhost:8000/node_modules/.vite/deps/chunk-GCPV6VEH.js?v=cea9cd79', lineno: 16712, colno: 15, stack: 'TypeError: animate2.subscribe is not a function\n  ….vite/deps/chunk-GCPV6VEH.js?v=cea9cd79:19494:22)'}
logging.ts:297 [SECURITY INFO] 2025-10-06T21:40:04.289Z - SYSTEM_ERROR: Unhandled global error [Risk: 30]
logging.ts:300   Metadata: {message: 'animate2.subscribe is not a function', filename: 'http://localhost:8000/node_modules/.vite/deps/chunk-GCPV6VEH.js?v=cea9cd79', lineno: 16712, colno: 15, stack: 'TypeError: animate2.subscribe is not a function\n  ….vite/deps/chunk-GCPV6VEH.js?v=cea9cd79:19494:22)'}
chunk-GCPV6VEH.js?v=cea9cd79:16712 Uncaught TypeError: animate2.subscribe is not a function
    at AnimationFeature.updateAnimationControlsSubscription (framer-motion.js?v=e8613d71:6102:39)
    at AnimationFeature.mount (framer-motion.js?v=e8613d71:6109:10)
    at HTMLVisualElement.updateFeatures (framer-motion.js?v=e8613d71:5287:19)
    at framer-motion.js?v=e8613d71:4811:19
    at commitHookEffectListMount (chunk-GCPV6VEH.js?v=cea9cd79:16957:34)
    at invokeLayoutEffectMountInDEV (chunk-GCPV6VEH.js?v=cea9cd79:18343:19)
    at invokeEffectsInDev (chunk-GCPV6VEH.js?v=cea9cd79:19748:19)
    at commitDoubleInvokeEffectsInDEV (chunk-GCPV6VEH.js?v=cea9cd79:19731:13)
    at flushPassiveEffectsImpl (chunk-GCPV6VEH.js?v=cea9cd79:19550:13)
    at flushPassiveEffects (chunk-GCPV6VEH.js?v=cea9cd79:19494:22)
updateAnimationControlsSubscription @ framer-motion.js?v=e8613d71:6102
mount @ framer-motion.js?v=e8613d71:6109
updateFeatures @ framer-motion.js?v=e8613d71:5287
(anonymous) @ framer-motion.js?v=e8613d71:4811
commitHookEffectListMount @ chunk-GCPV6VEH.js?v=cea9cd79:16957
invokeLayoutEffectMountInDEV @ chunk-GCPV6VEH.js?v=cea9cd79:18343
invokeEffectsInDev @ chunk-GCPV6VEH.js?v=cea9cd79:19748
commitDoubleInvokeEffectsInDEV @ chunk-GCPV6VEH.js?v=cea9cd79:19731
flushPassiveEffectsImpl @ chunk-GCPV6VEH.js?v=cea9cd79:19550
flushPassiveEffects @ chunk-GCPV6VEH.js?v=cea9cd79:19494
performSyncWorkOnRoot @ chunk-GCPV6VEH.js?v=cea9cd79:18915
flushSyncCallbacks @ chunk-GCPV6VEH.js?v=cea9cd79:9160
commitRootImpl @ chunk-GCPV6VEH.js?v=cea9cd79:19479
commitRoot @ chunk-GCPV6VEH.js?v=cea9cd79:19324
finishConcurrentRender @ chunk-GCPV6VEH.js?v=cea9cd79:18852
performConcurrentWorkOnRoot @ chunk-GCPV6VEH.js?v=cea9cd79:18762
workLoop @ chunk-GCPV6VEH.js?v=cea9cd79:195
flushWork @ chunk-GCPV6VEH.js?v=cea9cd79:174
performWorkUntilDeadline @ chunk-GCPV6VEH.js?v=cea9cd79:382
logging.ts:297 [SECURITY INFO] 2025-10-06T21:40:04.289Z - SYSTEM_ERROR: Unhandled global error [Risk: 30]
logging.ts:300   Metadata: {message: 'animate2.subscribe is not a function', filename: 'http://localhost:8000/node_modules/.vite/deps/chunk-GCPV6VEH.js?v=cea9cd79', lineno: 16712, colno: 15, stack: 'TypeError: animate2.subscribe is not a function\n  ….vite/deps/chunk-GCPV6VEH.js?v=cea9cd79:19494:22)'}
logging.ts:297 [SECURITY INFO] 2025-10-06T21:40:04.289Z - SYSTEM_ERROR: Unhandled global error [Risk: 30]
logging.ts:300   Metadata: {message: 'animate2.subscribe is not a function', filename: 'http://localhost:8000/node_modules/.vite/deps/chunk-GCPV6VEH.js?v=cea9cd79', lineno: 16712, colno: 15, stack: 'TypeError: animate2.subscribe is not a function\n  ….vite/deps/chunk-GCPV6VEH.js?v=cea9cd79:19494:22)'}
chunk-GCPV6VEH.js?v=cea9cd79:16712 Uncaught TypeError: animate2.subscribe is not a function
    at AnimationFeature.updateAnimationControlsSubscription (framer-motion.js?v=e8613d71:6102:39)
    at AnimationFeature.mount (framer-motion.js?v=e8613d71:6109:10)
    at HTMLVisualElement.updateFeatures (framer-motion.js?v=e8613d71:5287:19)
    at framer-motion.js?v=e8613d71:4811:19
    at commitHookEffectListMount (chunk-GCPV6VEH.js?v=cea9cd79:16957:34)
    at invokeLayoutEffectMountInDEV (chunk-GCPV6VEH.js?v=cea9cd79:18343:19)
    at invokeEffectsInDev (chunk-GCPV6VEH.js?v=cea9cd79:19748:19)
    at commitDoubleInvokeEffectsInDEV (chunk-GCPV6VEH.js?v=cea9cd79:19731:13)
    at flushPassiveEffectsImpl (chunk-GCPV6VEH.js?v=cea9cd79:19550:13)
    at flushPassiveEffects (chunk-GCPV6VEH.js?v=cea9cd79:19494:22)
updateAnimationControlsSubscription @ framer-motion.js?v=e8613d71:6102
mount @ framer-motion.js?v=e8613d71:6109
updateFeatures @ framer-motion.js?v=e8613d71:5287
(anonymous) @ framer-motion.js?v=e8613d71:4811
commitHookEffectListMount @ chunk-GCPV6VEH.js?v=cea9cd79:16957
invokeLayoutEffectMountInDEV @ chunk-GCPV6VEH.js?v=cea9cd79:18343
invokeEffectsInDev @ chunk-GCPV6VEH.js?v=cea9cd79:19748
commitDoubleInvokeEffectsInDEV @ chunk-GCPV6VEH.js?v=cea9cd79:19731
flushPassiveEffectsImpl @ chunk-GCPV6VEH.js?v=cea9cd79:19550
flushPassiveEffects @ chunk-GCPV6VEH.js?v=cea9cd79:19494
performSyncWorkOnRoot @ chunk-GCPV6VEH.js?v=cea9cd79:18915
flushSyncCallbacks @ chunk-GCPV6VEH.js?v=cea9cd79:9160
commitRootImpl @ chunk-GCPV6VEH.js?v=cea9cd79:19479
commitRoot @ chunk-GCPV6VEH.js?v=cea9cd79:19324
finishConcurrentRender @ chunk-GCPV6VEH.js?v=cea9cd79:18852
performConcurrentWorkOnRoot @ chunk-GCPV6VEH.js?v=cea9cd79:18762
workLoop @ chunk-GCPV6VEH.js?v=cea9cd79:195
flushWork @ chunk-GCPV6VEH.js?v=cea9cd79:174
performWorkUntilDeadline @ chunk-GCPV6VEH.js?v=cea9cd79:382
logging.ts:297 [SECURITY INFO] 2025-10-06T21:40:04.289Z - SYSTEM_ERROR: Unhandled global error [Risk: 30]
logging.ts:300   Metadata: {message: 'animate2.subscribe is not a function', filename: 'http://localhost:8000/node_modules/.vite/deps/chunk-GCPV6VEH.js?v=cea9cd79', lineno: 16712, colno: 15, stack: 'TypeError: animate2.subscribe is not a function\n  ….vite/deps/chunk-GCPV6VEH.js?v=cea9cd79:19494:22)'}
logging.ts:297 [SECURITY INFO] 2025-10-06T21:40:04.289Z - SYSTEM_ERROR: Unhandled global error [Risk: 30]
logging.ts:300   Metadata: {message: 'animate2.subscribe is not a function', filename: 'http://localhost:8000/node_modules/.vite/deps/chunk-GCPV6VEH.js?v=cea9cd79', lineno: 16712, colno: 15, stack: 'TypeError: animate2.subscribe is not a function\n  ….vite/deps/chunk-GCPV6VEH.js?v=cea9cd79:19494:22)'}
chunk-GCPV6VEH.js?v=cea9cd79:16712 Uncaught TypeError: animate2.subscribe is not a function
    at AnimationFeature.updateAnimationControlsSubscription (framer-motion.js?v=e8613d71:6102:39)
    at AnimationFeature.mount (framer-motion.js?v=e8613d71:6109:10)
    at HTMLVisualElement.updateFeatures (framer-motion.js?v=e8613d71:5287:19)
    at framer-motion.js?v=e8613d71:4811:19
    at commitHookEffectListMount (chunk-GCPV6VEH.js?v=cea9cd79:16957:34)
    at invokeLayoutEffectMountInDEV (chunk-GCPV6VEH.js?v=cea9cd79:18343:19)
    at invokeEffectsInDev (chunk-GCPV6VEH.js?v=cea9cd79:19748:19)
    at commitDoubleInvokeEffectsInDEV (chunk-GCPV6VEH.js?v=cea9cd79:19731:13)
    at flushPassiveEffectsImpl (chunk-GCPV6VEH.js?v=cea9cd79:19550:13)
    at flushPassiveEffects (chunk-GCPV6VEH.js?v=cea9cd79:19494:22)
updateAnimationControlsSubscription @ framer-motion.js?v=e8613d71:6102
mount @ framer-motion.js?v=e8613d71:6109
updateFeatures @ framer-motion.js?v=e8613d71:5287
(anonymous) @ framer-motion.js?v=e8613d71:4811
commitHookEffectListMount @ chunk-GCPV6VEH.js?v=cea9cd79:16957
invokeLayoutEffectMountInDEV @ chunk-GCPV6VEH.js?v=cea9cd79:18343
invokeEffectsInDev @ chunk-GCPV6VEH.js?v=cea9cd79:19748
commitDoubleInvokeEffectsInDEV @ chunk-GCPV6VEH.js?v=cea9cd79:19731
flushPassiveEffectsImpl @ chunk-GCPV6VEH.js?v=cea9cd79:19550
flushPassiveEffects @ chunk-GCPV6VEH.js?v=cea9cd79:19494
performSyncWorkOnRoot @ chunk-GCPV6VEH.js?v=cea9cd79:18915
flushSyncCallbacks @ chunk-GCPV6VEH.js?v=cea9cd79:9160
commitRootImpl @ chunk-GCPV6VEH.js?v=cea9cd79:19479
commitRoot @ chunk-GCPV6VEH.js?v=cea9cd79:19324
finishConcurrentRender @ chunk-GCPV6VEH.js?v=cea9cd79:18852
performConcurrentWorkOnRoot @ chunk-GCPV6VEH.js?v=cea9cd79:18762
workLoop @ chunk-GCPV6VEH.js?v=cea9cd79:195
flushWork @ chunk-GCPV6VEH.js?v=cea9cd79:174
performWorkUntilDeadline @ chunk-GCPV6VEH.js?v=cea9cd79:382
logging.ts:297 [SECURITY INFO] 2025-10-06T21:40:04.290Z - SYSTEM_ERROR: Unhandled global error [Risk: 30]
logging.ts:300   Metadata: {message: 'animate2.subscribe is not a function', filename: 'http://localhost:8000/node_modules/.vite/deps/chunk-GCPV6VEH.js?v=cea9cd79', lineno: 16712, colno: 15, stack: 'TypeError: animate2.subscribe is not a function\n  ….vite/deps/chunk-GCPV6VEH.js?v=cea9cd79:19494:22)'}
logging.ts:297 [SECURITY INFO] 2025-10-06T21:40:04.290Z - SYSTEM_ERROR: Unhandled global error [Risk: 30]
logging.ts:300   Metadata: {message: 'animate2.subscribe is not a function', filename: 'http://localhost:8000/node_modules/.vite/deps/chunk-GCPV6VEH.js?v=cea9cd79', lineno: 16712, colno: 15, stack: 'TypeError: animate2.subscribe is not a function\n  ….vite/deps/chunk-GCPV6VEH.js?v=cea9cd79:19494:22)'}
chunk-GCPV6VEH.js?v=cea9cd79:16712 Uncaught TypeError: animate2.subscribe is not a function
    at AnimationFeature.updateAnimationControlsSubscription (framer-motion.js?v=e8613d71:6102:39)
    at AnimationFeature.mount (framer-motion.js?v=e8613d71:6109:10)
    at HTMLVisualElement.updateFeatures (framer-motion.js?v=e8613d71:5287:19)
    at framer-motion.js?v=e8613d71:4811:19
    at commitHookEffectListMount (chunk-GCPV6VEH.js?v=cea9cd79:16957:34)
    at invokeLayoutEffectMountInDEV (chunk-GCPV6VEH.js?v=cea9cd79:18343:19)
    at invokeEffectsInDev (chunk-GCPV6VEH.js?v=cea9cd79:19748:19)
    at commitDoubleInvokeEffectsInDEV (chunk-GCPV6VEH.js?v=cea9cd79:19731:13)
    at flushPassiveEffectsImpl (chunk-GCPV6VEH.js?v=cea9cd79:19550:13)
    at flushPassiveEffects (chunk-GCPV6VEH.js?v=cea9cd79:19494:22)
updateAnimationControlsSubscription @ framer-motion.js?v=e8613d71:6102
mount @ framer-motion.js?v=e8613d71:6109
updateFeatures @ framer-motion.js?v=e8613d71:5287
(anonymous) @ framer-motion.js?v=e8613d71:4811
commitHookEffectListMount @ chunk-GCPV6VEH.js?v=cea9cd79:16957
invokeLayoutEffectMountInDEV @ chunk-GCPV6VEH.js?v=cea9cd79:18343
invokeEffectsInDev @ chunk-GCPV6VEH.js?v=cea9cd79:19748
commitDoubleInvokeEffectsInDEV @ chunk-GCPV6VEH.js?v=cea9cd79:19731
flushPassiveEffectsImpl @ chunk-GCPV6VEH.js?v=cea9cd79:19550
flushPassiveEffects @ chunk-GCPV6VEH.js?v=cea9cd79:19494
performSyncWorkOnRoot @ chunk-GCPV6VEH.js?v=cea9cd79:18915
flushSyncCallbacks @ chunk-GCPV6VEH.js?v=cea9cd79:9160
commitRootImpl @ chunk-GCPV6VEH.js?v=cea9cd79:19479
commitRoot @ chunk-GCPV6VEH.js?v=cea9cd79:19324
finishConcurrentRender @ chunk-GCPV6VEH.js?v=cea9cd79:18852
performConcurrentWorkOnRoot @ chunk-GCPV6VEH.js?v=cea9cd79:18762
workLoop @ chunk-GCPV6VEH.js?v=cea9cd79:195
flushWork @ chunk-GCPV6VEH.js?v=cea9cd79:174
performWorkUntilDeadline @ chunk-GCPV6VEH.js?v=cea9cd79:382
logging.ts:297 [SECURITY INFO] 2025-10-06T21:40:04.290Z - SYSTEM_ERROR: Unhandled global error [Risk: 30]
logging.ts:300   Metadata: {message: 'animate2.subscribe is not a function', filename: 'http://localhost:8000/node_modules/.vite/deps/chunk-GCPV6VEH.js?v=cea9cd79', lineno: 16712, colno: 15, stack: 'TypeError: animate2.subscribe is not a function\n  ….vite/deps/chunk-GCPV6VEH.js?v=cea9cd79:19494:22)'}
logging.ts:297 [SECURITY INFO] 2025-10-06T21:40:04.290Z - SYSTEM_ERROR: Unhandled global error [Risk: 30]
logging.ts:300   Metadata: {message: 'animate2.subscribe is not a function', filename: 'http://localhost:8000/node_modules/.vite/deps/chunk-GCPV6VEH.js?v=cea9cd79', lineno: 16712, colno: 15, stack: 'TypeError: animate2.subscribe is not a function\n  ….vite/deps/chunk-GCPV6VEH.js?v=cea9cd79:19494:22)'}
chunk-GCPV6VEH.js?v=cea9cd79:16712 Uncaught TypeError: animate2.subscribe is not a function
    at AnimationFeature.updateAnimationControlsSubscription (framer-motion.js?v=e8613d71:6102:39)
    at AnimationFeature.mount (framer-motion.js?v=e8613d71:6109:10)
    at HTMLVisualElement.updateFeatures (framer-motion.js?v=e8613d71:5287:19)
    at framer-motion.js?v=e8613d71:4811:19
    at commitHookEffectListMount (chunk-GCPV6VEH.js?v=cea9cd79:16957:34)
    at invokeLayoutEffectMountInDEV (chunk-GCPV6VEH.js?v=cea9cd79:18343:19)
    at invokeEffectsInDev (chunk-GCPV6VEH.js?v=cea9cd79:19748:19)
    at commitDoubleInvokeEffectsInDEV (chunk-GCPV6VEH.js?v=cea9cd79:19731:13)
    at flushPassiveEffectsImpl (chunk-GCPV6VEH.js?v=cea9cd79:19550:13)
    at flushPassiveEffects (chunk-GCPV6VEH.js?v=cea9cd79:19494:22)
updateAnimationControlsSubscription @ framer-motion.js?v=e8613d71:6102
mount @ framer-motion.js?v=e8613d71:6109
updateFeatures @ framer-motion.js?v=e8613d71:5287
(anonymous) @ framer-motion.js?v=e8613d71:4811
commitHookEffectListMount @ chunk-GCPV6VEH.js?v=cea9cd79:16957
invokeLayoutEffectMountInDEV @ chunk-GCPV6VEH.js?v=cea9cd79:18343
invokeEffectsInDev @ chunk-GCPV6VEH.js?v=cea9cd79:19748
commitDoubleInvokeEffectsInDEV @ chunk-GCPV6VEH.js?v=cea9cd79:19731
flushPassiveEffectsImpl @ chunk-GCPV6VEH.js?v=cea9cd79:19550
flushPassiveEffects @ chunk-GCPV6VEH.js?v=cea9cd79:19494
performSyncWorkOnRoot @ chunk-GCPV6VEH.js?v=cea9cd79:18915
flushSyncCallbacks @ chunk-GCPV6VEH.js?v=cea9cd79:9160
commitRootImpl @ chunk-GCPV6VEH.js?v=cea9cd79:19479
commitRoot @ chunk-GCPV6VEH.js?v=cea9cd79:19324
finishConcurrentRender @ chunk-GCPV6VEH.js?v=cea9cd79:18852
performConcurrentWorkOnRoot @ chunk-GCPV6VEH.js?v=cea9cd79:18762
workLoop @ chunk-GCPV6VEH.js?v=cea9cd79:195
flushWork @ chunk-GCPV6VEH.js?v=cea9cd79:174
performWorkUntilDeadline @ chunk-GCPV6VEH.js?v=cea9cd79:382
hook.js:608 The above error occurred in the <ForwardRef(motion.div)> component:

    at MotionDOMComponent (http://localhost:8000/node_modules/.vite/deps/framer-motion.js?v=e8613d71:4866:40)
    at http://localhost:8000/src/components/tactics/PlayerToken.tsx:457:7
    at div
    at div
    at MotionDOMComponent (http://localhost:8000/node_modules/.vite/deps/framer-motion.js?v=e8613d71:4866:40)
    at div
    at ModernField (http://localhost:8000/src/components/tactics/ModernField.tsx:32:3)
    at main
    at div
    at div
    at div
    at UnifiedTacticsBoard (http://localhost:8000/src/components/tactics/UnifiedTacticsBoard.tsx:119:3)
    at TacticsErrorBoundary (http://localhost:8000/src/components/boundaries/TacticsErrorBoundary.tsx:8:5)
    at Suspense
    at div
    at div
    at ResponsiveContainer (http://localhost:8000/src/components/Layout/AdaptiveLayout.tsx:20:3)
    at ResponsivePage (http://localhost:8000/src/components/Layout/ResponsivePage.tsx:19:3)
    at TacticsBoardPageComponent (http://localhost:8000/src/pages/TacticsBoardPage.tsx:35:20)
    at div
    at MotionDOMComponent (http://localhost:8000/node_modules/.vite/deps/framer-motion.js?v=e8613d71:4866:40)
    at PresenceChild (http://localhost:8000/node_modules/.vite/deps/framer-motion.js?v=e8613d71:3971:24)
    at AnimatePresence (http://localhost:8000/node_modules/.vite/deps/framer-motion.js?v=e8613d71:4044:26)
    at PageTransition (http://localhost:8000/src/components/ui/AnimationSystem.tsx:225:34)
    at RenderedRoute (http://localhost:8000/node_modules/.vite/deps/react-router-dom.js?v=e8613d71:4080:5)
    at Outlet (http://localhost:8000/node_modules/.vite/deps/react-router-dom.js?v=e8613d71:4486:26)
    at div
    at main
    at div
    at Layout (http://localhost:8000/src/components/Layout.tsx:82:19)
    at RenderedRoute (http://localhost:8000/node_modules/.vite/deps/react-router-dom.js?v=e8613d71:4080:5)
    at Outlet (http://localhost:8000/node_modules/.vite/deps/react-router-dom.js?v=e8613d71:4486:26)
    at ProtectedRoute (http://localhost:8000/src/components/ProtectedRoute.tsx:23:3)
    at RenderedRoute (http://localhost:8000/node_modules/.vite/deps/react-router-dom.js?v=e8613d71:4080:5)
    at Routes (http://localhost:8000/node_modules/.vite/deps/react-router-dom.js?v=e8613d71:4550:5)
    at PresenceChild (http://localhost:8000/node_modules/.vite/deps/framer-motion.js?v=e8613d71:3971:24)
    at AnimatePresence (http://localhost:8000/node_modules/.vite/deps/framer-motion.js?v=e8613d71:4044:26)
    at Suspense
    at div
    at AppContent (http://localhost:8000/App.tsx:95:25)
    at AccessibilityProvider (http://localhost:8000/src/components/ui/AccessibilityComponents.tsx:28:41)
    at div
    at MotionDOMComponent (http://localhost:8000/node_modules/.vite/deps/framer-motion.js?v=e8613d71:4866:40)
    at PresenceChild (http://localhost:8000/node_modules/.vite/deps/framer-motion.js?v=e8613d71:3971:24)
    at AnimatePresence (http://localhost:8000/node_modules/.vite/deps/framer-motion.js?v=e8613d71:4044:26)
    at ThemeProvider (http://localhost:8000/src/context/ThemeContext.tsx:324:3)
    at App
    at ChallengeProvider (http://localhost:8000/src/context/ChallengeContext.tsx:284:37)
    at AppProvider (http://localhost:8000/src/context/AppProvider.tsx:95:31)
    at Router (http://localhost:8000/node_modules/.vite/deps/react-router-dom.js?v=e8613d71:4493:15)
    at HashRouter (http://localhost:8000/node_modules/.vite/deps/react-router-dom.js?v=e8613d71:5273:5)
    at SecurityProvider (http://localhost:8000/src/components/security/SecurityProvider.tsx:29:36)
    at SecurityErrorBoundary (http://localhost:8000/src/components/security/SecurityErrorBoundary.tsx:31:5)

React will try to recreate this component tree from scratch using the error boundary you provided, TacticsErrorBoundary.
overrideMethod @ hook.js:608
logCapturedError @ chunk-GCPV6VEH.js?v=cea9cd79:14074
callback @ chunk-GCPV6VEH.js?v=cea9cd79:14120
callCallback @ chunk-GCPV6VEH.js?v=cea9cd79:11290
commitUpdateQueue @ chunk-GCPV6VEH.js?v=cea9cd79:11307
commitLayoutEffectOnFiber @ chunk-GCPV6VEH.js?v=cea9cd79:17117
commitLayoutMountEffects_complete @ chunk-GCPV6VEH.js?v=cea9cd79:18024
commitLayoutEffects_begin @ chunk-GCPV6VEH.js?v=cea9cd79:18013
commitLayoutEffects_begin @ chunk-GCPV6VEH.js?v=cea9cd79:17994
commitLayoutEffects_begin @ chunk-GCPV6VEH.js?v=cea9cd79:17994
commitLayoutEffects @ chunk-GCPV6VEH.js?v=cea9cd79:17964
commitRootImpl @ chunk-GCPV6VEH.js?v=cea9cd79:19400
commitRoot @ chunk-GCPV6VEH.js?v=cea9cd79:19324
performSyncWorkOnRoot @ chunk-GCPV6VEH.js?v=cea9cd79:18942
flushSyncCallbacks @ chunk-GCPV6VEH.js?v=cea9cd79:9160
commitRootImpl @ chunk-GCPV6VEH.js?v=cea9cd79:19479
commitRoot @ chunk-GCPV6VEH.js?v=cea9cd79:19324
finishConcurrentRender @ chunk-GCPV6VEH.js?v=cea9cd79:18852
performConcurrentWorkOnRoot @ chunk-GCPV6VEH.js?v=cea9cd79:18762
workLoop @ chunk-GCPV6VEH.js?v=cea9cd79:195
flushWork @ chunk-GCPV6VEH.js?v=cea9cd79:174
performWorkUntilDeadline @ chunk-GCPV6VEH.js?v=cea9cd79:382
TacticsErrorBoundary.tsx:51 TacticsErrorBoundary caught an error in UnifiedTacticsBoard: TypeError: animate2.subscribe is not a function
    at AnimationFeature.updateAnimationControlsSubscription (framer-motion.js?v=e8613d71:6102:39)
    at AnimationFeature.mount (framer-motion.js?v=e8613d71:6109:10)
    at HTMLVisualElement.updateFeatures (framer-motion.js?v=e8613d71:5287:19)
    at framer-motion.js?v=e8613d71:4811:19
    at commitHookEffectListMount (chunk-GCPV6VEH.js?v=cea9cd79:16957:34)
    at safelyCallCommitHookLayoutEffectListMount (chunk-GCPV6VEH.js?v=cea9cd79:16733:13)
    at reappearLayoutEffectsOnFiber (chunk-GCPV6VEH.js?v=cea9cd79:17223:19)
    at reappearLayoutEffects_complete (chunk-GCPV6VEH.js?v=cea9cd79:18133:15)
    at reappearLayoutEffects_begin (chunk-GCPV6VEH.js?v=cea9cd79:18124:15)
    at commitLayoutEffects_begin (chunk-GCPV6VEH.js?v=cea9cd79:17989:19) Error Component Stack
    at TacticsErrorBoundary (TacticsErrorBoundary.tsx:28:5)
    at Suspense (<anonymous>)
    at div (<anonymous>)
    at div (<anonymous>)
    at ResponsiveContainer (AdaptiveLayout.tsx:20:3)
    at ResponsivePage (ResponsivePage.tsx:22:3)
    at TacticsBoardPageComponent (TacticsBoardPage.tsx:17:20)
    at div (<anonymous>)
    at MotionDOMComponent (framer-motion.js?v=e8613d71:4866:40)
    at PresenceChild (framer-motion.js?v=e8613d71:3971:24)
    at AnimatePresence (framer-motion.js?v=e8613d71:4044:26)
    at PageTransition (AnimationSystem.tsx:237:65)
    at RenderedRoute (react-router-dom.js?v=e8613d71:4080:5)
    at Outlet (react-router-dom.js?v=e8613d71:4486:26)
    at div (<anonymous>)
    at main (<anonymous>)
    at div (<anonymous>)
    at Layout (Layout.tsx:66:42)
    at RenderedRoute (react-router-dom.js?v=e8613d71:4080:5)
    at Outlet (react-router-dom.js?v=e8613d71:4486:26)
    at ProtectedRoute (ProtectedRoute.tsx:19:3)
    at RenderedRoute (react-router-dom.js?v=e8613d71:4080:5)
    at Routes (react-router-dom.js?v=e8613d71:4550:5)
    at PresenceChild (framer-motion.js?v=e8613d71:3971:24)
    at AnimatePresence (framer-motion.js?v=e8613d71:4044:26)
    at Suspense (<anonymous>)
    at div (<anonymous>)
    at AppContent (App.tsx:48:25)
    at AccessibilityProvider (AccessibilityComponents.tsx:23:76)
    at div (<anonymous>)
    at MotionDOMComponent (framer-motion.js?v=e8613d71:4866:40)
    at PresenceChild (framer-motion.js?v=e8613d71:3971:24)
    at AnimatePresence (framer-motion.js?v=e8613d71:4044:26)
    at ThemeProvider (ThemeContext.tsx:327:3)
    at App (<anonymous>)
    at ChallengeProvider (ChallengeContext.tsx:434:71)
    at AppProvider (AppProvider.tsx:87:72)
    at Router (react-router-dom.js?v=e8613d71:4493:15)
    at HashRouter (react-router-dom.js?v=e8613d71:5273:5)
    at SecurityProvider (SecurityProvider.tsx:47:36)
    at SecurityErrorBoundary (SecurityErrorBoundary.tsx:52:5)
overrideMethod @ hook.js:608
componentDidCatch @ TacticsErrorBoundary.tsx:51
callback @ chunk-GCPV6VEH.js?v=cea9cd79:14126
callCallback @ chunk-GCPV6VEH.js?v=cea9cd79:11290
commitUpdateQueue @ chunk-GCPV6VEH.js?v=cea9cd79:11307
commitLayoutEffectOnFiber @ chunk-GCPV6VEH.js?v=cea9cd79:17117
commitLayoutMountEffects_complete @ chunk-GCPV6VEH.js?v=cea9cd79:18024
commitLayoutEffects_begin @ chunk-GCPV6VEH.js?v=cea9cd79:18013
commitLayoutEffects_begin @ chunk-GCPV6VEH.js?v=cea9cd79:17994
commitLayoutEffects_begin @ chunk-GCPV6VEH.js?v=cea9cd79:17994
commitLayoutEffects @ chunk-GCPV6VEH.js?v=cea9cd79:17964
commitRootImpl @ chunk-GCPV6VEH.js?v=cea9cd79:19400
commitRoot @ chunk-GCPV6VEH.js?v=cea9cd79:19324
performSyncWorkOnRoot @ chunk-GCPV6VEH.js?v=cea9cd79:18942
flushSyncCallbacks @ chunk-GCPV6VEH.js?v=cea9cd79:9160
commitRootImpl @ chunk-GCPV6VEH.js?v=cea9cd79:19479
commitRoot @ chunk-GCPV6VEH.js?v=cea9cd79:19324
finishConcurrentRender @ chunk-GCPV6VEH.js?v=cea9cd79:18852
performConcurrentWorkOnRoot @ chunk-GCPV6VEH.js?v=cea9cd79:18762
workLoop @ chunk-GCPV6VEH.js?v=cea9cd79:195
flushWork @ chunk-GCPV6VEH.js?v=cea9cd79:174
performWorkUntilDeadline @ chunk-GCPV6VEH.js?v=cea9cd79:382
TacticsErrorBoundary.tsx:52 Error Info: {componentStack: '\n    at MotionDOMComponent (http://localhost:8000/…mponents/security/SecurityErrorBoundary.tsx:31:5)'} Error Component Stack
    at TacticsErrorBoundary (TacticsErrorBoundary.tsx:28:5)
    at Suspense (<anonymous>)
    at div (<anonymous>)
    at div (<anonymous>)
    at ResponsiveContainer (AdaptiveLayout.tsx:20:3)
    at ResponsivePage (ResponsivePage.tsx:22:3)
    at TacticsBoardPageComponent (TacticsBoardPage.tsx:17:20)
    at div (<anonymous>)
    at MotionDOMComponent (framer-motion.js?v=e8613d71:4866:40)
    at PresenceChild (framer-motion.js?v=e8613d71:3971:24)
    at AnimatePresence (framer-motion.js?v=e8613d71:4044:26)
    at PageTransition (AnimationSystem.tsx:237:65)
    at RenderedRoute (react-router-dom.js?v=e8613d71:4080:5)
    at Outlet (react-router-dom.js?v=e8613d71:4486:26)
    at div (<anonymous>)
    at main (<anonymous>)
    at div (<anonymous>)
    at Layout (Layout.tsx:66:42)
    at RenderedRoute (react-router-dom.js?v=e8613d71:4080:5)
    at Outlet (react-router-dom.js?v=e8613d71:4486:26)
    at ProtectedRoute (ProtectedRoute.tsx:19:3)
    at RenderedRoute (react-router-dom.js?v=e8613d71:4080:5)
    at Routes (react-router-dom.js?v=e8613d71:4550:5)
    at PresenceChild (framer-motion.js?v=e8613d71:3971:24)
    at AnimatePresence (framer-motion.js?v=e8613d71:4044:26)
    at Suspense (<anonymous>)
    at div (<anonymous>)
    at AppContent (App.tsx:48:25)
    at AccessibilityProvider (AccessibilityComponents.tsx:23:76)
    at div (<anonymous>)
    at MotionDOMComponent (framer-motion.js?v=e8613d71:4866:40)
    at PresenceChild (framer-motion.js?v=e8613d71:3971:24)
    at AnimatePresence (framer-motion.js?v=e8613d71:4044:26)
    at ThemeProvider (ThemeContext.tsx:327:3)
    at App (<anonymous>)
    at ChallengeProvider (ChallengeContext.tsx:434:71)
    at AppProvider (AppProvider.tsx:87:72)
    at Router (react-router-dom.js?v=e8613d71:4493:15)
    at HashRouter (react-router-dom.js?v=e8613d71:5273:5)
    at SecurityProvider (SecurityProvider.tsx:47:36)
    at SecurityErrorBoundary (SecurityErrorBoundary.tsx:52:5)
overrideMethod @ hook.js:608
componentDidCatch @ TacticsErrorBoundary.tsx:52
callback @ chunk-GCPV6VEH.js?v=cea9cd79:14126
callCallback @ chunk-GCPV6VEH.js?v=cea9cd79:11290
commitUpdateQueue @ chunk-GCPV6VEH.js?v=cea9cd79:11307
commitLayoutEffectOnFiber @ chunk-GCPV6VEH.js?v=cea9cd79:17117
commitLayoutMountEffects_complete @ chunk-GCPV6VEH.js?v=cea9cd79:18024
commitLayoutEffects_begin @ chunk-GCPV6VEH.js?v=cea9cd79:18013
commitLayoutEffects_begin @ chunk-GCPV6VEH.js?v=cea9cd79:17994
commitLayoutEffects_begin @ chunk-GCPV6VEH.js?v=cea9cd79:17994
commitLayoutEffects @ chunk-GCPV6VEH.js?v=cea9cd79:17964
commitRootImpl @ chunk-GCPV6VEH.js?v=cea9cd79:19400
commitRoot @ chunk-GCPV6VEH.js?v=cea9cd79:19324
performSyncWorkOnRoot @ chunk-GCPV6VEH.js?v=cea9cd79:18942
flushSyncCallbacks @ chunk-GCPV6VEH.js?v=cea9cd79:9160
commitRootImpl @ chunk-GCPV6VEH.js?v=cea9cd79:19479
commitRoot @ chunk-GCPV6VEH.js?v=cea9cd79:19324
finishConcurrentRender @ chunk-GCPV6VEH.js?v=cea9cd79:18852
performConcurrentWorkOnRoot @ chunk-GCPV6VEH.js?v=cea9cd79:18762
workLoop @ chunk-GCPV6VEH.js?v=cea9cd79:195
flushWork @ chunk-GCPV6VEH.js?v=cea9cd79:174
performWorkUntilDeadline @ chunk-GCPV6VEH.js?v=cea9cd79:382
hook.js:608 The above error occurred in the <ForwardRef(motion.div)> component:

    at MotionDOMComponent (http://localhost:8000/node_modules/.vite/deps/framer-motion.js?v=e8613d71:4866:40)
    at http://localhost:8000/src/components/tactics/PlayerToken.tsx:457:7
    at div
    at div
    at MotionDOMComponent (http://localhost:8000/node_modules/.vite/deps/framer-motion.js?v=e8613d71:4866:40)
    at div
    at ModernField (http://localhost:8000/src/components/tactics/ModernField.tsx:32:3)
    at main
    at div
    at div
    at div
    at UnifiedTacticsBoard (http://localhost:8000/src/components/tactics/UnifiedTacticsBoard.tsx:119:3)
    at TacticsErrorBoundary (http://localhost:8000/src/components/boundaries/TacticsErrorBoundary.tsx:8:5)
    at Suspense
    at div
    at div
    at ResponsiveContainer (http://localhost:8000/src/components/Layout/AdaptiveLayout.tsx:20:3)
    at ResponsivePage (http://localhost:8000/src/components/Layout/ResponsivePage.tsx:19:3)
    at TacticsBoardPageComponent (http://localhost:8000/src/pages/TacticsBoardPage.tsx:35:20)
    at div
    at MotionDOMComponent (http://localhost:8000/node_modules/.vite/deps/framer-motion.js?v=e8613d71:4866:40)
    at PresenceChild (http://localhost:8000/node_modules/.vite/deps/framer-motion.js?v=e8613d71:3971:24)
    at AnimatePresence (http://localhost:8000/node_modules/.vite/deps/framer-motion.js?v=e8613d71:4044:26)
    at PageTransition (http://localhost:8000/src/components/ui/AnimationSystem.tsx:225:34)
    at RenderedRoute (http://localhost:8000/node_modules/.vite/deps/react-router-dom.js?v=e8613d71:4080:5)
    at Outlet (http://localhost:8000/node_modules/.vite/deps/react-router-dom.js?v=e8613d71:4486:26)
    at div
    at main
    at div
    at Layout (http://localhost:8000/src/components/Layout.tsx:82:19)
    at RenderedRoute (http://localhost:8000/node_modules/.vite/deps/react-router-dom.js?v=e8613d71:4080:5)
    at Outlet (http://localhost:8000/node_modules/.vite/deps/react-router-dom.js?v=e8613d71:4486:26)
    at ProtectedRoute (http://localhost:8000/src/components/ProtectedRoute.tsx:23:3)
    at RenderedRoute (http://localhost:8000/node_modules/.vite/deps/react-router-dom.js?v=e8613d71:4080:5)
    at Routes (http://localhost:8000/node_modules/.vite/deps/react-router-dom.js?v=e8613d71:4550:5)
    at PresenceChild (http://localhost:8000/node_modules/.vite/deps/framer-motion.js?v=e8613d71:3971:24)
    at AnimatePresence (http://localhost:8000/node_modules/.vite/deps/framer-motion.js?v=e8613d71:4044:26)
    at Suspense
    at div
    at AppContent (http://localhost:8000/App.tsx:95:25)
    at AccessibilityProvider (http://localhost:8000/src/components/ui/AccessibilityComponents.tsx:28:41)
    at div
    at MotionDOMComponent (http://localhost:8000/node_modules/.vite/deps/framer-motion.js?v=e8613d71:4866:40)
    at PresenceChild (http://localhost:8000/node_modules/.vite/deps/framer-motion.js?v=e8613d71:3971:24)
    at AnimatePresence (http://localhost:8000/node_modules/.vite/deps/framer-motion.js?v=e8613d71:4044:26)
    at ThemeProvider (http://localhost:8000/src/context/ThemeContext.tsx:324:3)
    at App
    at ChallengeProvider (http://localhost:8000/src/context/ChallengeContext.tsx:284:37)
    at AppProvider (http://localhost:8000/src/context/AppProvider.tsx:95:31)
    at Router (http://localhost:8000/node_modules/.vite/deps/react-router-dom.js?v=e8613d71:4493:15)
    at HashRouter (http://localhost:8000/node_modules/.vite/deps/react-router-dom.js?v=e8613d71:5273:5)
    at SecurityProvider (http://localhost:8000/src/components/security/SecurityProvider.tsx:29:36)
    at SecurityErrorBoundary (http://localhost:8000/src/components/security/SecurityErrorBoundary.tsx:31:5)

React will try to recreate this component tree from scratch using the error boundary you provided, TacticsErrorBoundary.
overrideMethod @ hook.js:608
logCapturedError @ chunk-GCPV6VEH.js?v=cea9cd79:14074
callback @ chunk-GCPV6VEH.js?v=cea9cd79:14120
callCallback @ chunk-GCPV6VEH.js?v=cea9cd79:11290
commitUpdateQueue @ chunk-GCPV6VEH.js?v=cea9cd79:11307
commitLayoutEffectOnFiber @ chunk-GCPV6VEH.js?v=cea9cd79:17117
commitLayoutMountEffects_complete @ chunk-GCPV6VEH.js?v=cea9cd79:18024
commitLayoutEffects_begin @ chunk-GCPV6VEH.js?v=cea9cd79:18013
commitLayoutEffects_begin @ chunk-GCPV6VEH.js?v=cea9cd79:17994
commitLayoutEffects_begin @ chunk-GCPV6VEH.js?v=cea9cd79:17994
commitLayoutEffects @ chunk-GCPV6VEH.js?v=cea9cd79:17964
commitRootImpl @ chunk-GCPV6VEH.js?v=cea9cd79:19400
commitRoot @ chunk-GCPV6VEH.js?v=cea9cd79:19324
performSyncWorkOnRoot @ chunk-GCPV6VEH.js?v=cea9cd79:18942
flushSyncCallbacks @ chunk-GCPV6VEH.js?v=cea9cd79:9160
commitRootImpl @ chunk-GCPV6VEH.js?v=cea9cd79:19479
commitRoot @ chunk-GCPV6VEH.js?v=cea9cd79:19324
finishConcurrentRender @ chunk-GCPV6VEH.js?v=cea9cd79:18852
performConcurrentWorkOnRoot @ chunk-GCPV6VEH.js?v=cea9cd79:18762
workLoop @ chunk-GCPV6VEH.js?v=cea9cd79:195
flushWork @ chunk-GCPV6VEH.js?v=cea9cd79:174
performWorkUntilDeadline @ chunk-GCPV6VEH.js?v=cea9cd79:382
TacticsErrorBoundary.tsx:51 TacticsErrorBoundary caught an error in UnifiedTacticsBoard: TypeError: animate2.subscribe is not a function
    at AnimationFeature.updateAnimationControlsSubscription (framer-motion.js?v=e8613d71:6102:39)
    at AnimationFeature.mount (framer-motion.js?v=e8613d71:6109:10)
    at HTMLVisualElement.updateFeatures (framer-motion.js?v=e8613d71:5287:19)
    at framer-motion.js?v=e8613d71:4811:19
    at commitHookEffectListMount (chunk-GCPV6VEH.js?v=cea9cd79:16957:34)
    at safelyCallCommitHookLayoutEffectListMount (chunk-GCPV6VEH.js?v=cea9cd79:16733:13)
    at reappearLayoutEffectsOnFiber (chunk-GCPV6VEH.js?v=cea9cd79:17223:19)
    at reappearLayoutEffects_complete (chunk-GCPV6VEH.js?v=cea9cd79:18133:15)
    at reappearLayoutEffects_begin (chunk-GCPV6VEH.js?v=cea9cd79:18124:15)
    at commitLayoutEffects_begin (chunk-GCPV6VEH.js?v=cea9cd79:17989:19) Error Component Stack
    at TacticsErrorBoundary (TacticsErrorBoundary.tsx:28:5)
    at Suspense (<anonymous>)
    at div (<anonymous>)
    at div (<anonymous>)
    at ResponsiveContainer (AdaptiveLayout.tsx:20:3)
    at ResponsivePage (ResponsivePage.tsx:22:3)
    at TacticsBoardPageComponent (TacticsBoardPage.tsx:17:20)
    at div (<anonymous>)
    at MotionDOMComponent (framer-motion.js?v=e8613d71:4866:40)
    at PresenceChild (framer-motion.js?v=e8613d71:3971:24)
    at AnimatePresence (framer-motion.js?v=e8613d71:4044:26)
    at PageTransition (AnimationSystem.tsx:237:65)
    at RenderedRoute (react-router-dom.js?v=e8613d71:4080:5)
    at Outlet (react-router-dom.js?v=e8613d71:4486:26)
    at div (<anonymous>)
    at main (<anonymous>)
    at div (<anonymous>)
    at Layout (Layout.tsx:66:42)
    at RenderedRoute (react-router-dom.js?v=e8613d71:4080:5)
    at Outlet (react-router-dom.js?v=e8613d71:4486:26)
    at ProtectedRoute (ProtectedRoute.tsx:19:3)
    at RenderedRoute (react-router-dom.js?v=e8613d71:4080:5)
    at Routes (react-router-dom.js?v=e8613d71:4550:5)
    at PresenceChild (framer-motion.js?v=e8613d71:3971:24)
    at AnimatePresence (framer-motion.js?v=e8613d71:4044:26)
    at Suspense (<anonymous>)
    at div (<anonymous>)
    at AppContent (App.tsx:48:25)
    at AccessibilityProvider (AccessibilityComponents.tsx:23:76)
    at div (<anonymous>)
    at MotionDOMComponent (framer-motion.js?v=e8613d71:4866:40)
    at PresenceChild (framer-motion.js?v=e8613d71:3971:24)
    at AnimatePresence (framer-motion.js?v=e8613d71:4044:26)
    at ThemeProvider (ThemeContext.tsx:327:3)
    at App (<anonymous>)
    at ChallengeProvider (ChallengeContext.tsx:434:71)
    at AppProvider (AppProvider.tsx:87:72)
    at Router (react-router-dom.js?v=e8613d71:4493:15)
    at HashRouter (react-router-dom.js?v=e8613d71:5273:5)
    at SecurityProvider (SecurityProvider.tsx:47:36)
    at SecurityErrorBoundary (SecurityErrorBoundary.tsx:52:5)
overrideMethod @ hook.js:608
componentDidCatch @ TacticsErrorBoundary.tsx:51
callback @ chunk-GCPV6VEH.js?v=cea9cd79:14126
callCallback @ chunk-GCPV6VEH.js?v=cea9cd79:11290
commitUpdateQueue @ chunk-GCPV6VEH.js?v=cea9cd79:11307
commitLayoutEffectOnFiber @ chunk-GCPV6VEH.js?v=cea9cd79:17117
commitLayoutMountEffects_complete @ chunk-GCPV6VEH.js?v=cea9cd79:18024
commitLayoutEffects_begin @ chunk-GCPV6VEH.js?v=cea9cd79:18013
commitLayoutEffects_begin @ chunk-GCPV6VEH.js?v=cea9cd79:17994
commitLayoutEffects_begin @ chunk-GCPV6VEH.js?v=cea9cd79:17994
commitLayoutEffects @ chunk-GCPV6VEH.js?v=cea9cd79:17964
commitRootImpl @ chunk-GCPV6VEH.js?v=cea9cd79:19400
commitRoot @ chunk-GCPV6VEH.js?v=cea9cd79:19324
performSyncWorkOnRoot @ chunk-GCPV6VEH.js?v=cea9cd79:18942
flushSyncCallbacks @ chunk-GCPV6VEH.js?v=cea9cd79:9160
commitRootImpl @ chunk-GCPV6VEH.js?v=cea9cd79:19479
commitRoot @ chunk-GCPV6VEH.js?v=cea9cd79:19324
finishConcurrentRender @ chunk-GCPV6VEH.js?v=cea9cd79:18852
performConcurrentWorkOnRoot @ chunk-GCPV6VEH.js?v=cea9cd79:18762
workLoop @ chunk-GCPV6VEH.js?v=cea9cd79:195
flushWork @ chunk-GCPV6VEH.js?v=cea9cd79:174
performWorkUntilDeadline @ chunk-GCPV6VEH.js?v=cea9cd79:382
TacticsErrorBoundary.tsx:52 Error Info: {componentStack: '\n    at MotionDOMComponent (http://localhost:8000/…mponents/security/SecurityErrorBoundary.tsx:31:5)'} Error Component Stack
    at TacticsErrorBoundary (TacticsErrorBoundary.tsx:28:5)
    at Suspense (<anonymous>)
    at div (<anonymous>)
    at div (<anonymous>)
    at ResponsiveContainer (AdaptiveLayout.tsx:20:3)
    at ResponsivePage (ResponsivePage.tsx:22:3)
    at TacticsBoardPageComponent (TacticsBoardPage.tsx:17:20)
    at div (<anonymous>)
    at MotionDOMComponent (framer-motion.js?v=e8613d71:4866:40)
    at PresenceChild (framer-motion.js?v=e8613d71:3971:24)
    at AnimatePresence (framer-motion.js?v=e8613d71:4044:26)
    at PageTransition (AnimationSystem.tsx:237:65)
    at RenderedRoute (react-router-dom.js?v=e8613d71:4080:5)
    at Outlet (react-router-dom.js?v=e8613d71:4486:26)
    at div (<anonymous>)
    at main (<anonymous>)
    at div (<anonymous>)
    at Layout (Layout.tsx:66:42)
    at RenderedRoute (react-router-dom.js?v=e8613d71:4080:5)
    at Outlet (react-router-dom.js?v=e8613d71:4486:26)
    at ProtectedRoute (ProtectedRoute.tsx:19:3)
    at RenderedRoute (react-router-dom.js?v=e8613d71:4080:5)
    at Routes (react-router-dom.js?v=e8613d71:4550:5)
    at PresenceChild (framer-motion.js?v=e8613d71:3971:24)
    at AnimatePresence (framer-motion.js?v=e8613d71:4044:26)
    at Suspense (<anonymous>)
    at div (<anonymous>)
    at AppContent (App.tsx:48:25)
    at AccessibilityProvider (AccessibilityComponents.tsx:23:76)
    at div (<anonymous>)
    at MotionDOMComponent (framer-motion.js?v=e8613d71:4866:40)
    at PresenceChild (framer-motion.js?v=e8613d71:3971:24)
    at AnimatePresence (framer-motion.js?v=e8613d71:4044:26)
    at ThemeProvider (ThemeContext.tsx:327:3)
    at App (<anonymous>)
    at ChallengeProvider (ChallengeContext.tsx:434:71)
    at AppProvider (AppProvider.tsx:87:72)
    at Router (react-router-dom.js?v=e8613d71:4493:15)
    at HashRouter (react-router-dom.js?v=e8613d71:5273:5)
    at SecurityProvider (SecurityProvider.tsx:47:36)
    at SecurityErrorBoundary (SecurityErrorBoundary.tsx:52:5)
overrideMethod @ hook.js:608
componentDidCatch @ TacticsErrorBoundary.tsx:52
callback @ chunk-GCPV6VEH.js?v=cea9cd79:14126
callCallback @ chunk-GCPV6VEH.js?v=cea9cd79:11290
commitUpdateQueue @ chunk-GCPV6VEH.js?v=cea9cd79:11307
commitLayoutEffectOnFiber @ chunk-GCPV6VEH.js?v=cea9cd79:17117
commitLayoutMountEffects_complete @ chunk-GCPV6VEH.js?v=cea9cd79:18024
commitLayoutEffects_begin @ chunk-GCPV6VEH.js?v=cea9cd79:18013
commitLayoutEffects_begin @ chunk-GCPV6VEH.js?v=cea9cd79:17994
commitLayoutEffects_begin @ chunk-GCPV6VEH.js?v=cea9cd79:17994
commitLayoutEffects @ chunk-GCPV6VEH.js?v=cea9cd79:17964
commitRootImpl @ chunk-GCPV6VEH.js?v=cea9cd79:19400
commitRoot @ chunk-GCPV6VEH.js?v=cea9cd79:19324
performSyncWorkOnRoot @ chunk-GCPV6VEH.js?v=cea9cd79:18942
flushSyncCallbacks @ chunk-GCPV6VEH.js?v=cea9cd79:9160
commitRootImpl @ chunk-GCPV6VEH.js?v=cea9cd79:19479
commitRoot @ chunk-GCPV6VEH.js?v=cea9cd79:19324
finishConcurrentRender @ chunk-GCPV6VEH.js?v=cea9cd79:18852
performConcurrentWorkOnRoot @ chunk-GCPV6VEH.js?v=cea9cd79:18762
workLoop @ chunk-GCPV6VEH.js?v=cea9cd79:195
flushWork @ chunk-GCPV6VEH.js?v=cea9cd79:174
performWorkUntilDeadline @ chunk-GCPV6VEH.js?v=cea9cd79:382
hook.js:608 The above error occurred in the <ForwardRef(motion.div)> component:

    at MotionDOMComponent (http://localhost:8000/node_modules/.vite/deps/framer-motion.js?v=e8613d71:4866:40)
    at http://localhost:8000/src/components/tactics/PlayerToken.tsx:457:7
    at div
    at div
    at MotionDOMComponent (http://localhost:8000/node_modules/.vite/deps/framer-motion.js?v=e8613d71:4866:40)
    at div
    at ModernField (http://localhost:8000/src/components/tactics/ModernField.tsx:32:3)
    at main
    at div
    at div
    at div
    at UnifiedTacticsBoard (http://localhost:8000/src/components/tactics/UnifiedTacticsBoard.tsx:119:3)
    at TacticsErrorBoundary (http://localhost:8000/src/components/boundaries/TacticsErrorBoundary.tsx:8:5)
    at Suspense
    at div
    at div
    at ResponsiveContainer (http://localhost:8000/src/components/Layout/AdaptiveLayout.tsx:20:3)
    at ResponsivePage (http://localhost:8000/src/components/Layout/ResponsivePage.tsx:19:3)
    at TacticsBoardPageComponent (http://localhost:8000/src/pages/TacticsBoardPage.tsx:35:20)
    at div
    at MotionDOMComponent (http://localhost:8000/node_modules/.vite/deps/framer-motion.js?v=e8613d71:4866:40)
    at PresenceChild (http://localhost:8000/node_modules/.vite/deps/framer-motion.js?v=e8613d71:3971:24)
    at AnimatePresence (http://localhost:8000/node_modules/.vite/deps/framer-motion.js?v=e8613d71:4044:26)
    at PageTransition (http://localhost:8000/src/components/ui/AnimationSystem.tsx:225:34)
    at RenderedRoute (http://localhost:8000/node_modules/.vite/deps/react-router-dom.js?v=e8613d71:4080:5)
    at Outlet (http://localhost:8000/node_modules/.vite/deps/react-router-dom.js?v=e8613d71:4486:26)
    at div
    at main
    at div
    at Layout (http://localhost:8000/src/components/Layout.tsx:82:19)
    at RenderedRoute (http://localhost:8000/node_modules/.vite/deps/react-router-dom.js?v=e8613d71:4080:5)
    at Outlet (http://localhost:8000/node_modules/.vite/deps/react-router-dom.js?v=e8613d71:4486:26)
    at ProtectedRoute (http://localhost:8000/src/components/ProtectedRoute.tsx:23:3)
    at RenderedRoute (http://localhost:8000/node_modules/.vite/deps/react-router-dom.js?v=e8613d71:4080:5)
    at Routes (http://localhost:8000/node_modules/.vite/deps/react-router-dom.js?v=e8613d71:4550:5)
    at PresenceChild (http://localhost:8000/node_modules/.vite/deps/framer-motion.js?v=e8613d71:3971:24)
    at AnimatePresence (http://localhost:8000/node_modules/.vite/deps/framer-motion.js?v=e8613d71:4044:26)
    at Suspense
    at div
    at AppContent (http://localhost:8000/App.tsx:95:25)
    at AccessibilityProvider (http://localhost:8000/src/components/ui/AccessibilityComponents.tsx:28:41)
    at div
    at MotionDOMComponent (http://localhost:8000/node_modules/.vite/deps/framer-motion.js?v=e8613d71:4866:40)
    at PresenceChild (http://localhost:8000/node_modules/.vite/deps/framer-motion.js?v=e8613d71:3971:24)
    at AnimatePresence (http://localhost:8000/node_modules/.vite/deps/framer-motion.js?v=e8613d71:4044:26)
    at ThemeProvider (http://localhost:8000/src/context/ThemeContext.tsx:324:3)
    at App
    at ChallengeProvider (http://localhost:8000/src/context/ChallengeContext.tsx:284:37)
    at AppProvider (http://localhost:8000/src/context/AppProvider.tsx:95:31)
    at Router (http://localhost:8000/node_modules/.vite/deps/react-router-dom.js?v=e8613d71:4493:15)
    at HashRouter (http://localhost:8000/node_modules/.vite/deps/react-router-dom.js?v=e8613d71:5273:5)
    at SecurityProvider (http://localhost:8000/src/components/security/SecurityProvider.tsx:29:36)
    at SecurityErrorBoundary (http://localhost:8000/src/components/security/SecurityErrorBoundary.tsx:31:5)

React will try to recreate this component tree from scratch using the error boundary you provided, TacticsErrorBoundary.
overrideMethod @ hook.js:608
logCapturedError @ chunk-GCPV6VEH.js?v=cea9cd79:14074
callback @ chunk-GCPV6VEH.js?v=cea9cd79:14120
callCallback @ chunk-GCPV6VEH.js?v=cea9cd79:11290
commitUpdateQueue @ chunk-GCPV6VEH.js?v=cea9cd79:11307
commitLayoutEffectOnFiber @ chunk-GCPV6VEH.js?v=cea9cd79:17117
commitLayoutMountEffects_complete @ chunk-GCPV6VEH.js?v=cea9cd79:18024
commitLayoutEffects_begin @ chunk-GCPV6VEH.js?v=cea9cd79:18013
commitLayoutEffects_begin @ chunk-GCPV6VEH.js?v=cea9cd79:17994
commitLayoutEffects_begin @ chunk-GCPV6VEH.js?v=cea9cd79:17994
commitLayoutEffects @ chunk-GCPV6VEH.js?v=cea9cd79:17964
commitRootImpl @ chunk-GCPV6VEH.js?v=cea9cd79:19400
commitRoot @ chunk-GCPV6VEH.js?v=cea9cd79:19324
performSyncWorkOnRoot @ chunk-GCPV6VEH.js?v=cea9cd79:18942
flushSyncCallbacks @ chunk-GCPV6VEH.js?v=cea9cd79:9160
commitRootImpl @ chunk-GCPV6VEH.js?v=cea9cd79:19479
commitRoot @ chunk-GCPV6VEH.js?v=cea9cd79:19324
finishConcurrentRender @ chunk-GCPV6VEH.js?v=cea9cd79:18852
performConcurrentWorkOnRoot @ chunk-GCPV6VEH.js?v=cea9cd79:18762
workLoop @ chunk-GCPV6VEH.js?v=cea9cd79:195
flushWork @ chunk-GCPV6VEH.js?v=cea9cd79:174
performWorkUntilDeadline @ chunk-GCPV6VEH.js?v=cea9cd79:382
TacticsErrorBoundary.tsx:51 TacticsErrorBoundary caught an error in UnifiedTacticsBoard: TypeError: animate2.subscribe is not a function
    at AnimationFeature.updateAnimationControlsSubscription (framer-motion.js?v=e8613d71:6102:39)
    at AnimationFeature.mount (framer-motion.js?v=e8613d71:6109:10)
    at HTMLVisualElement.updateFeatures (framer-motion.js?v=e8613d71:5287:19)
    at framer-motion.js?v=e8613d71:4811:19
    at commitHookEffectListMount (chunk-GCPV6VEH.js?v=cea9cd79:16957:34)
    at safelyCallCommitHookLayoutEffectListMount (chunk-GCPV6VEH.js?v=cea9cd79:16733:13)
    at reappearLayoutEffectsOnFiber (chunk-GCPV6VEH.js?v=cea9cd79:17223:19)
    at reappearLayoutEffects_complete (chunk-GCPV6VEH.js?v=cea9cd79:18133:15)
    at reappearLayoutEffects_begin (chunk-GCPV6VEH.js?v=cea9cd79:18124:15)
    at commitLayoutEffects_begin (chunk-GCPV6VEH.js?v=cea9cd79:17989:19) Error Component Stack
    at TacticsErrorBoundary (TacticsErrorBoundary.tsx:28:5)
    at Suspense (<anonymous>)
    at div (<anonymous>)
    at div (<anonymous>)
    at ResponsiveContainer (AdaptiveLayout.tsx:20:3)
    at ResponsivePage (ResponsivePage.tsx:22:3)
    at TacticsBoardPageComponent (TacticsBoardPage.tsx:17:20)
    at div (<anonymous>)
    at MotionDOMComponent (framer-motion.js?v=e8613d71:4866:40)
    at PresenceChild (framer-motion.js?v=e8613d71:3971:24)
    at AnimatePresence (framer-motion.js?v=e8613d71:4044:26)
    at PageTransition (AnimationSystem.tsx:237:65)
    at RenderedRoute (react-router-dom.js?v=e8613d71:4080:5)
    at Outlet (react-router-dom.js?v=e8613d71:4486:26)
    at div (<anonymous>)
    at main (<anonymous>)
    at div (<anonymous>)
    at Layout (Layout.tsx:66:42)
    at RenderedRoute (react-router-dom.js?v=e8613d71:4080:5)
    at Outlet (react-router-dom.js?v=e8613d71:4486:26)
    at ProtectedRoute (ProtectedRoute.tsx:19:3)
    at RenderedRoute (react-router-dom.js?v=e8613d71:4080:5)
    at Routes (react-router-dom.js?v=e8613d71:4550:5)
    at PresenceChild (framer-motion.js?v=e8613d71:3971:24)
    at AnimatePresence (framer-motion.js?v=e8613d71:4044:26)
    at Suspense (<anonymous>)
    at div (<anonymous>)
    at AppContent (App.tsx:48:25)
    at AccessibilityProvider (AccessibilityComponents.tsx:23:76)
    at div (<anonymous>)
    at MotionDOMComponent (framer-motion.js?v=e8613d71:4866:40)
    at PresenceChild (framer-motion.js?v=e8613d71:3971:24)
    at AnimatePresence (framer-motion.js?v=e8613d71:4044:26)
    at ThemeProvider (ThemeContext.tsx:327:3)
    at App (<anonymous>)
    at ChallengeProvider (ChallengeContext.tsx:434:71)
    at AppProvider (AppProvider.tsx:87:72)
    at Router (react-router-dom.js?v=e8613d71:4493:15)
    at HashRouter (react-router-dom.js?v=e8613d71:5273:5)
    at SecurityProvider (SecurityProvider.tsx:47:36)
    at SecurityErrorBoundary (SecurityErrorBoundary.tsx:52:5)
overrideMethod @ hook.js:608
componentDidCatch @ TacticsErrorBoundary.tsx:51
callback @ chunk-GCPV6VEH.js?v=cea9cd79:14126
callCallback @ chunk-GCPV6VEH.js?v=cea9cd79:11290
commitUpdateQueue @ chunk-GCPV6VEH.js?v=cea9cd79:11307
commitLayoutEffectOnFiber @ chunk-GCPV6VEH.js?v=cea9cd79:17117
commitLayoutMountEffects_complete @ chunk-GCPV6VEH.js?v=cea9cd79:18024
commitLayoutEffects_begin @ chunk-GCPV6VEH.js?v=cea9cd79:18013
commitLayoutEffects_begin @ chunk-GCPV6VEH.js?v=cea9cd79:17994
commitLayoutEffects_begin @ chunk-GCPV6VEH.js?v=cea9cd79:17994
commitLayoutEffects @ chunk-GCPV6VEH.js?v=cea9cd79:17964
commitRootImpl @ chunk-GCPV6VEH.js?v=cea9cd79:19400
commitRoot @ chunk-GCPV6VEH.js?v=cea9cd79:19324
performSyncWorkOnRoot @ chunk-GCPV6VEH.js?v=cea9cd79:18942
flushSyncCallbacks @ chunk-GCPV6VEH.js?v=cea9cd79:9160
commitRootImpl @ chunk-GCPV6VEH.js?v=cea9cd79:19479
commitRoot @ chunk-GCPV6VEH.js?v=cea9cd79:19324
finishConcurrentRender @ chunk-GCPV6VEH.js?v=cea9cd79:18852
performConcurrentWorkOnRoot @ chunk-GCPV6VEH.js?v=cea9cd79:18762
workLoop @ chunk-GCPV6VEH.js?v=cea9cd79:195
flushWork @ chunk-GCPV6VEH.js?v=cea9cd79:174
performWorkUntilDeadline @ chunk-GCPV6VEH.js?v=cea9cd79:382
TacticsErrorBoundary.tsx:52 Error Info: {componentStack: '\n    at MotionDOMComponent (http://localhost:8000/…mponents/security/SecurityErrorBoundary.tsx:31:5)'} Error Component Stack
    at TacticsErrorBoundary (TacticsErrorBoundary.tsx:28:5)
    at Suspense (<anonymous>)
    at div (<anonymous>)
    at div (<anonymous>)
    at ResponsiveContainer (AdaptiveLayout.tsx:20:3)
    at ResponsivePage (ResponsivePage.tsx:22:3)
    at TacticsBoardPageComponent (TacticsBoardPage.tsx:17:20)
    at div (<anonymous>)
    at MotionDOMComponent (framer-motion.js?v=e8613d71:4866:40)
    at PresenceChild (framer-motion.js?v=e8613d71:3971:24)
    at AnimatePresence (framer-motion.js?v=e8613d71:4044:26)
    at PageTransition (AnimationSystem.tsx:237:65)
    at RenderedRoute (react-router-dom.js?v=e8613d71:4080:5)
    at Outlet (react-router-dom.js?v=e8613d71:4486:26)
    at div (<anonymous>)
    at main (<anonymous>)
    at div (<anonymous>)
    at Layout (Layout.tsx:66:42)
    at RenderedRoute (react-router-dom.js?v=e8613d71:4080:5)
    at Outlet (react-router-dom.js?v=e8613d71:4486:26)
    at ProtectedRoute (ProtectedRoute.tsx:19:3)
    at RenderedRoute (react-router-dom.js?v=e8613d71:4080:5)
    at Routes (react-router-dom.js?v=e8613d71:4550:5)
    at PresenceChild (framer-motion.js?v=e8613d71:3971:24)
    at AnimatePresence (framer-motion.js?v=e8613d71:4044:26)
    at Suspense (<anonymous>)
    at div (<anonymous>)
    at AppContent (App.tsx:48:25)
    at AccessibilityProvider (AccessibilityComponents.tsx:23:76)
    at div (<anonymous>)
    at MotionDOMComponent (framer-motion.js?v=e8613d71:4866:40)
    at PresenceChild (framer-motion.js?v=e8613d71:3971:24)
    at AnimatePresence (framer-motion.js?v=e8613d71:4044:26)
    at ThemeProvider (ThemeContext.tsx:327:3)
    at App (<anonymous>)
    at ChallengeProvider (ChallengeContext.tsx:434:71)
    at AppProvider (AppProvider.tsx:87:72)
    at Router (react-router-dom.js?v=e8613d71:4493:15)
    at HashRouter (react-router-dom.js?v=e8613d71:5273:5)
    at SecurityProvider (SecurityProvider.tsx:47:36)
    at SecurityErrorBoundary (SecurityErrorBoundary.tsx:52:5)
overrideMethod @ hook.js:608
componentDidCatch @ TacticsErrorBoundary.tsx:52
callback @ chunk-GCPV6VEH.js?v=cea9cd79:14126
callCallback @ chunk-GCPV6VEH.js?v=cea9cd79:11290
commitUpdateQueue @ chunk-GCPV6VEH.js?v=cea9cd79:11307
commitLayoutEffectOnFiber @ chunk-GCPV6VEH.js?v=cea9cd79:17117
commitLayoutMountEffects_complete @ chunk-GCPV6VEH.js?v=cea9cd79:18024
commitLayoutEffects_begin @ chunk-GCPV6VEH.js?v=cea9cd79:18013
commitLayoutEffects_begin @ chunk-GCPV6VEH.js?v=cea9cd79:17994
commitLayoutEffects_begin @ chunk-GCPV6VEH.js?v=cea9cd79:17994
commitLayoutEffects @ chunk-GCPV6VEH.js?v=cea9cd79:17964
commitRootImpl @ chunk-GCPV6VEH.js?v=cea9cd79:19400
commitRoot @ chunk-GCPV6VEH.js?v=cea9cd79:19324
performSyncWorkOnRoot @ chunk-GCPV6VEH.js?v=cea9cd79:18942
flushSyncCallbacks @ chunk-GCPV6VEH.js?v=cea9cd79:9160
commitRootImpl @ chunk-GCPV6VEH.js?v=cea9cd79:19479
commitRoot @ chunk-GCPV6VEH.js?v=cea9cd79:19324
finishConcurrentRender @ chunk-GCPV6VEH.js?v=cea9cd79:18852
performConcurrentWorkOnRoot @ chunk-GCPV6VEH.js?v=cea9cd79:18762
workLoop @ chunk-GCPV6VEH.js?v=cea9cd79:195
flushWork @ chunk-GCPV6VEH.js?v=cea9cd79:174
performWorkUntilDeadline @ chunk-GCPV6VEH.js?v=cea9cd79:382
hook.js:608 The above error occurred in the <ForwardRef(motion.div)> component:

    at MotionDOMComponent (http://localhost:8000/node_modules/.vite/deps/framer-motion.js?v=e8613d71:4866:40)
    at http://localhost:8000/src/components/tactics/PlayerToken.tsx:457:7
    at div
    at div
    at MotionDOMComponent (http://localhost:8000/node_modules/.vite/deps/framer-motion.js?v=e8613d71:4866:40)
    at div
    at ModernField (http://localhost:8000/src/components/tactics/ModernField.tsx:32:3)
    at main
    at div
    at div
    at div
    at UnifiedTacticsBoard (http://localhost:8000/src/components/tactics/UnifiedTacticsBoard.tsx:119:3)
    at TacticsErrorBoundary (http://localhost:8000/src/components/boundaries/TacticsErrorBoundary.tsx:8:5)
    at Suspense
    at div
    at div
    at ResponsiveContainer (http://localhost:8000/src/components/Layout/AdaptiveLayout.tsx:20:3)
    at ResponsivePage (http://localhost:8000/src/components/Layout/ResponsivePage.tsx:19:3)
    at TacticsBoardPageComponent (http://localhost:8000/src/pages/TacticsBoardPage.tsx:35:20)
    at div
    at MotionDOMComponent (http://localhost:8000/node_modules/.vite/deps/framer-motion.js?v=e8613d71:4866:40)
    at PresenceChild (http://localhost:8000/node_modules/.vite/deps/framer-motion.js?v=e8613d71:3971:24)
    at AnimatePresence (http://localhost:8000/node_modules/.vite/deps/framer-motion.js?v=e8613d71:4044:26)
    at PageTransition (http://localhost:8000/src/components/ui/AnimationSystem.tsx:225:34)
    at RenderedRoute (http://localhost:8000/node_modules/.vite/deps/react-router-dom.js?v=e8613d71:4080:5)
    at Outlet (http://localhost:8000/node_modules/.vite/deps/react-router-dom.js?v=e8613d71:4486:26)
    at div
    at main
    at div
    at Layout (http://localhost:8000/src/components/Layout.tsx:82:19)
    at RenderedRoute (http://localhost:8000/node_modules/.vite/deps/react-router-dom.js?v=e8613d71:4080:5)
    at Outlet (http://localhost:8000/node_modules/.vite/deps/react-router-dom.js?v=e8613d71:4486:26)
    at ProtectedRoute (http://localhost:8000/src/components/ProtectedRoute.tsx:23:3)
    at RenderedRoute (http://localhost:8000/node_modules/.vite/deps/react-router-dom.js?v=e8613d71:4080:5)
    at Routes (http://localhost:8000/node_modules/.vite/deps/react-router-dom.js?v=e8613d71:4550:5)
    at PresenceChild (http://localhost:8000/node_modules/.vite/deps/framer-motion.js?v=e8613d71:3971:24)
    at AnimatePresence (http://localhost:8000/node_modules/.vite/deps/framer-motion.js?v=e8613d71:4044:26)
    at Suspense
    at div
    at AppContent (http://localhost:8000/App.tsx:95:25)
    at AccessibilityProvider (http://localhost:8000/src/components/ui/AccessibilityComponents.tsx:28:41)
    at div
    at MotionDOMComponent (http://localhost:8000/node_modules/.vite/deps/framer-motion.js?v=e8613d71:4866:40)
    at PresenceChild (http://localhost:8000/node_modules/.vite/deps/framer-motion.js?v=e8613d71:3971:24)
    at AnimatePresence (http://localhost:8000/node_modules/.vite/deps/framer-motion.js?v=e8613d71:4044:26)
    at ThemeProvider (http://localhost:8000/src/context/ThemeContext.tsx:324:3)
    at App
    at ChallengeProvider (http://localhost:8000/src/context/ChallengeContext.tsx:284:37)
    at AppProvider (http://localhost:8000/src/context/AppProvider.tsx:95:31)
    at Router (http://localhost:8000/node_modules/.vite/deps/react-router-dom.js?v=e8613d71:4493:15)
    at HashRouter (http://localhost:8000/node_modules/.vite/deps/react-router-dom.js?v=e8613d71:5273:5)
    at SecurityProvider (http://localhost:8000/src/components/security/SecurityProvider.tsx:29:36)
    at SecurityErrorBoundary (http://localhost:8000/src/components/security/SecurityErrorBoundary.tsx:31:5)

React will try to recreate this component tree from scratch using the error boundary you provided, TacticsErrorBoundary.
overrideMethod @ hook.js:608
logCapturedError @ chunk-GCPV6VEH.js?v=cea9cd79:14074
callback @ chunk-GCPV6VEH.js?v=cea9cd79:14120
callCallback @ chunk-GCPV6VEH.js?v=cea9cd79:11290
commitUpdateQueue @ chunk-GCPV6VEH.js?v=cea9cd79:11307
commitLayoutEffectOnFiber @ chunk-GCPV6VEH.js?v=cea9cd79:17117
commitLayoutMountEffects_complete @ chunk-GCPV6VEH.js?v=cea9cd79:18024
commitLayoutEffects_begin @ chunk-GCPV6VEH.js?v=cea9cd79:18013
commitLayoutEffects_begin @ chunk-GCPV6VEH.js?v=cea9cd79:17994
commitLayoutEffects_begin @ chunk-GCPV6VEH.js?v=cea9cd79:17994
commitLayoutEffects @ chunk-GCPV6VEH.js?v=cea9cd79:17964
commitRootImpl @ chunk-GCPV6VEH.js?v=cea9cd79:19400
commitRoot @ chunk-GCPV6VEH.js?v=cea9cd79:19324
performSyncWorkOnRoot @ chunk-GCPV6VEH.js?v=cea9cd79:18942
flushSyncCallbacks @ chunk-GCPV6VEH.js?v=cea9cd79:9160
commitRootImpl @ chunk-GCPV6VEH.js?v=cea9cd79:19479
commitRoot @ chunk-GCPV6VEH.js?v=cea9cd79:19324
finishConcurrentRender @ chunk-GCPV6VEH.js?v=cea9cd79:18852
performConcurrentWorkOnRoot @ chunk-GCPV6VEH.js?v=cea9cd79:18762
workLoop @ chunk-GCPV6VEH.js?v=cea9cd79:195
flushWork @ chunk-GCPV6VEH.js?v=cea9cd79:174
performWorkUntilDeadline @ chunk-GCPV6VEH.js?v=cea9cd79:382
TacticsErrorBoundary.tsx:51 TacticsErrorBoundary caught an error in UnifiedTacticsBoard: TypeError: animate2.subscribe is not a function
    at AnimationFeature.updateAnimationControlsSubscription (framer-motion.js?v=e8613d71:6102:39)
    at AnimationFeature.mount (framer-motion.js?v=e8613d71:6109:10)
    at HTMLVisualElement.updateFeatures (framer-motion.js?v=e8613d71:5287:19)
    at framer-motion.js?v=e8613d71:4811:19
    at commitHookEffectListMount (chunk-GCPV6VEH.js?v=cea9cd79:16957:34)
    at safelyCallCommitHookLayoutEffectListMount (chunk-GCPV6VEH.js?v=cea9cd79:16733:13)
    at reappearLayoutEffectsOnFiber (chunk-GCPV6VEH.js?v=cea9cd79:17223:19)
    at reappearLayoutEffects_complete (chunk-GCPV6VEH.js?v=cea9cd79:18133:15)
    at reappearLayoutEffects_begin (chunk-GCPV6VEH.js?v=cea9cd79:18124:15)
    at commitLayoutEffects_begin (chunk-GCPV6VEH.js?v=cea9cd79:17989:19) Error Component Stack
    at TacticsErrorBoundary (TacticsErrorBoundary.tsx:28:5)
    at Suspense (<anonymous>)
    at div (<anonymous>)
    at div (<anonymous>)
    at ResponsiveContainer (AdaptiveLayout.tsx:20:3)
    at ResponsivePage (ResponsivePage.tsx:22:3)
    at TacticsBoardPageComponent (TacticsBoardPage.tsx:17:20)
    at div (<anonymous>)
    at MotionDOMComponent (framer-motion.js?v=e8613d71:4866:40)
    at PresenceChild (framer-motion.js?v=e8613d71:3971:24)
    at AnimatePresence (framer-motion.js?v=e8613d71:4044:26)
    at PageTransition (AnimationSystem.tsx:237:65)
    at RenderedRoute (react-router-dom.js?v=e8613d71:4080:5)
    at Outlet (react-router-dom.js?v=e8613d71:4486:26)
    at div (<anonymous>)
    at main (<anonymous>)
    at div (<anonymous>)
    at Layout (Layout.tsx:66:42)
    at RenderedRoute (react-router-dom.js?v=e8613d71:4080:5)
    at Outlet (react-router-dom.js?v=e8613d71:4486:26)
    at ProtectedRoute (ProtectedRoute.tsx:19:3)
    at RenderedRoute (react-router-dom.js?v=e8613d71:4080:5)
    at Routes (react-router-dom.js?v=e8613d71:4550:5)
    at PresenceChild (framer-motion.js?v=e8613d71:3971:24)
    at AnimatePresence (framer-motion.js?v=e8613d71:4044:26)
    at Suspense (<anonymous>)
    at div (<anonymous>)
    at AppContent (App.tsx:48:25)
    at AccessibilityProvider (AccessibilityComponents.tsx:23:76)
    at div (<anonymous>)
    at MotionDOMComponent (framer-motion.js?v=e8613d71:4866:40)
    at PresenceChild (framer-motion.js?v=e8613d71:3971:24)
    at AnimatePresence (framer-motion.js?v=e8613d71:4044:26)
    at ThemeProvider (ThemeContext.tsx:327:3)
    at App (<anonymous>)
    at ChallengeProvider (ChallengeContext.tsx:434:71)
    at AppProvider (AppProvider.tsx:87:72)
    at Router (react-router-dom.js?v=e8613d71:4493:15)
    at HashRouter (react-router-dom.js?v=e8613d71:5273:5)
    at SecurityProvider (SecurityProvider.tsx:47:36)
    at SecurityErrorBoundary (SecurityErrorBoundary.tsx:52:5)
overrideMethod @ hook.js:608
componentDidCatch @ TacticsErrorBoundary.tsx:51
callback @ chunk-GCPV6VEH.js?v=cea9cd79:14126
callCallback @ chunk-GCPV6VEH.js?v=cea9cd79:11290
commitUpdateQueue @ chunk-GCPV6VEH.js?v=cea9cd79:11307
commitLayoutEffectOnFiber @ chunk-GCPV6VEH.js?v=cea9cd79:17117
commitLayoutMountEffects_complete @ chunk-GCPV6VEH.js?v=cea9cd79:18024
commitLayoutEffects_begin @ chunk-GCPV6VEH.js?v=cea9cd79:18013
commitLayoutEffects_begin @ chunk-GCPV6VEH.js?v=cea9cd79:17994
commitLayoutEffects_begin @ chunk-GCPV6VEH.js?v=cea9cd79:17994
commitLayoutEffects @ chunk-GCPV6VEH.js?v=cea9cd79:17964
commitRootImpl @ chunk-GCPV6VEH.js?v=cea9cd79:19400
commitRoot @ chunk-GCPV6VEH.js?v=cea9cd79:19324
performSyncWorkOnRoot @ chunk-GCPV6VEH.js?v=cea9cd79:18942
flushSyncCallbacks @ chunk-GCPV6VEH.js?v=cea9cd79:9160
commitRootImpl @ chunk-GCPV6VEH.js?v=cea9cd79:19479
commitRoot @ chunk-GCPV6VEH.js?v=cea9cd79:19324
finishConcurrentRender @ chunk-GCPV6VEH.js?v=cea9cd79:18852
performConcurrentWorkOnRoot @ chunk-GCPV6VEH.js?v=cea9cd79:18762
workLoop @ chunk-GCPV6VEH.js?v=cea9cd79:195
flushWork @ chunk-GCPV6VEH.js?v=cea9cd79:174
performWorkUntilDeadline @ chunk-GCPV6VEH.js?v=cea9cd79:382
TacticsErrorBoundary.tsx:52 Error Info: {componentStack: '\n    at MotionDOMComponent (http://localhost:8000/…mponents/security/SecurityErrorBoundary.tsx:31:5)'} Error Component Stack
    at TacticsErrorBoundary (TacticsErrorBoundary.tsx:28:5)
    at Suspense (<anonymous>)
    at div (<anonymous>)
    at div (<anonymous>)
    at ResponsiveContainer (AdaptiveLayout.tsx:20:3)
    at ResponsivePage (ResponsivePage.tsx:22:3)
    at TacticsBoardPageComponent (TacticsBoardPage.tsx:17:20)
    at div (<anonymous>)
    at MotionDOMComponent (framer-motion.js?v=e8613d71:4866:40)
    at PresenceChild (framer-motion.js?v=e8613d71:3971:24)
    at AnimatePresence (framer-motion.js?v=e8613d71:4044:26)
    at PageTransition (AnimationSystem.tsx:237:65)
    at RenderedRoute (react-router-dom.js?v=e8613d71:4080:5)
    at Outlet (react-router-dom.js?v=e8613d71:4486:26)
    at div (<anonymous>)
    at main (<anonymous>)
    at div (<anonymous>)
    at Layout (Layout.tsx:66:42)
    at RenderedRoute (react-router-dom.js?v=e8613d71:4080:5)
    at Outlet (react-router-dom.js?v=e8613d71:4486:26)
    at ProtectedRoute (ProtectedRoute.tsx:19:3)
    at RenderedRoute (react-router-dom.js?v=e8613d71:4080:5)
    at Routes (react-router-dom.js?v=e8613d71:4550:5)
    at PresenceChild (framer-motion.js?v=e8613d71:3971:24)
    at AnimatePresence (framer-motion.js?v=e8613d71:4044:26)
    at Suspense (<anonymous>)
    at div (<anonymous>)
    at AppContent (App.tsx:48:25)
    at AccessibilityProvider (AccessibilityComponents.tsx:23:76)
    at div (<anonymous>)
    at MotionDOMComponent (framer-motion.js?v=e8613d71:4866:40)
    at PresenceChild (framer-motion.js?v=e8613d71:3971:24)
    at AnimatePresence (framer-motion.js?v=e8613d71:4044:26)
    at ThemeProvider (ThemeContext.tsx:327:3)
    at App (<anonymous>)
    at ChallengeProvider (ChallengeContext.tsx:434:71)
    at AppProvider (AppProvider.tsx:87:72)
    at Router (react-router-dom.js?v=e8613d71:4493:15)
    at HashRouter (react-router-dom.js?v=e8613d71:5273:5)
    at SecurityProvider (SecurityProvider.tsx:47:36)
    at SecurityErrorBoundary (SecurityErrorBoundary.tsx:52:5)
overrideMethod @ hook.js:608
componentDidCatch @ TacticsErrorBoundary.tsx:52
callback @ chunk-GCPV6VEH.js?v=cea9cd79:14126
callCallback @ chunk-GCPV6VEH.js?v=cea9cd79:11290
commitUpdateQueue @ chunk-GCPV6VEH.js?v=cea9cd79:11307
commitLayoutEffectOnFiber @ chunk-GCPV6VEH.js?v=cea9cd79:17117
commitLayoutMountEffects_complete @ chunk-GCPV6VEH.js?v=cea9cd79:18024
commitLayoutEffects_begin @ chunk-GCPV6VEH.js?v=cea9cd79:18013
commitLayoutEffects_begin @ chunk-GCPV6VEH.js?v=cea9cd79:17994
commitLayoutEffects_begin @ chunk-GCPV6VEH.js?v=cea9cd79:17994
commitLayoutEffects @ chunk-GCPV6VEH.js?v=cea9cd79:17964
commitRootImpl @ chunk-GCPV6VEH.js?v=cea9cd79:19400
commitRoot @ chunk-GCPV6VEH.js?v=cea9cd79:19324
performSyncWorkOnRoot @ chunk-GCPV6VEH.js?v=cea9cd79:18942
flushSyncCallbacks @ chunk-GCPV6VEH.js?v=cea9cd79:9160
commitRootImpl @ chunk-GCPV6VEH.js?v=cea9cd79:19479
commitRoot @ chunk-GCPV6VEH.js?v=cea9cd79:19324
finishConcurrentRender @ chunk-GCPV6VEH.js?v=cea9cd79:18852
performConcurrentWorkOnRoot @ chunk-GCPV6VEH.js?v=cea9cd79:18762
workLoop @ chunk-GCPV6VEH.js?v=cea9cd79:195
flushWork @ chunk-GCPV6VEH.js?v=cea9cd79:174
performWorkUntilDeadline @ chunk-GCPV6VEH.js?v=cea9cd79:382
hook.js:608 The above error occurred in the <ForwardRef(motion.div)> component:

    at MotionDOMComponent (http://localhost:8000/node_modules/.vite/deps/framer-motion.js?v=e8613d71:4866:40)
    at http://localhost:8000/src/components/tactics/PlayerToken.tsx:457:7
    at div
    at div
    at MotionDOMComponent (http://localhost:8000/node_modules/.vite/deps/framer-motion.js?v=e8613d71:4866:40)
    at div
    at ModernField (http://localhost:8000/src/components/tactics/ModernField.tsx:32:3)
    at main
    at div
    at div
    at div
    at UnifiedTacticsBoard (http://localhost:8000/src/components/tactics/UnifiedTacticsBoard.tsx:119:3)
    at TacticsErrorBoundary (http://localhost:8000/src/components/boundaries/TacticsErrorBoundary.tsx:8:5)
    at Suspense
    at div
    at div
    at ResponsiveContainer (http://localhost:8000/src/components/Layout/AdaptiveLayout.tsx:20:3)
    at ResponsivePage (http://localhost:8000/src/components/Layout/ResponsivePage.tsx:19:3)
    at TacticsBoardPageComponent (http://localhost:8000/src/pages/TacticsBoardPage.tsx:35:20)
    at div
    at MotionDOMComponent (http://localhost:8000/node_modules/.vite/deps/framer-motion.js?v=e8613d71:4866:40)
    at PresenceChild (http://localhost:8000/node_modules/.vite/deps/framer-motion.js?v=e8613d71:3971:24)
    at AnimatePresence (http://localhost:8000/node_modules/.vite/deps/framer-motion.js?v=e8613d71:4044:26)
    at PageTransition (http://localhost:8000/src/components/ui/AnimationSystem.tsx:225:34)
    at RenderedRoute (http://localhost:8000/node_modules/.vite/deps/react-router-dom.js?v=e8613d71:4080:5)
    at Outlet (http://localhost:8000/node_modules/.vite/deps/react-router-dom.js?v=e8613d71:4486:26)
    at div
    at main
    at div
    at Layout (http://localhost:8000/src/components/Layout.tsx:82:19)
    at RenderedRoute (http://localhost:8000/node_modules/.vite/deps/react-router-dom.js?v=e8613d71:4080:5)
    at Outlet (http://localhost:8000/node_modules/.vite/deps/react-router-dom.js?v=e8613d71:4486:26)
    at ProtectedRoute (http://localhost:8000/src/components/ProtectedRoute.tsx:23:3)
    at RenderedRoute (http://localhost:8000/node_modules/.vite/deps/react-router-dom.js?v=e8613d71:4080:5)
    at Routes (http://localhost:8000/node_modules/.vite/deps/react-router-dom.js?v=e8613d71:4550:5)
    at PresenceChild (http://localhost:8000/node_modules/.vite/deps/framer-motion.js?v=e8613d71:3971:24)
    at AnimatePresence (http://localhost:8000/node_modules/.vite/deps/framer-motion.js?v=e8613d71:4044:26)
    at Suspense
    at div
    at AppContent (http://localhost:8000/App.tsx:95:25)
    at AccessibilityProvider (http://localhost:8000/src/components/ui/AccessibilityComponents.tsx:28:41)
    at div
    at MotionDOMComponent (http://localhost:8000/node_modules/.vite/deps/framer-motion.js?v=e8613d71:4866:40)
    at PresenceChild (http://localhost:8000/node_modules/.vite/deps/framer-motion.js?v=e8613d71:3971:24)
    at AnimatePresence (http://localhost:8000/node_modules/.vite/deps/framer-motion.js?v=e8613d71:4044:26)
    at ThemeProvider (http://localhost:8000/src/context/ThemeContext.tsx:324:3)
    at App
    at ChallengeProvider (http://localhost:8000/src/context/ChallengeContext.tsx:284:37)
    at AppProvider (http://localhost:8000/src/context/AppProvider.tsx:95:31)
    at Router (http://localhost:8000/node_modules/.vite/deps/react-router-dom.js?v=e8613d71:4493:15)
    at HashRouter (http://localhost:8000/node_modules/.vite/deps/react-router-dom.js?v=e8613d71:5273:5)
    at SecurityProvider (http://localhost:8000/src/components/security/SecurityProvider.tsx:29:36)
    at SecurityErrorBoundary (http://localhost:8000/src/components/security/SecurityErrorBoundary.tsx:31:5)

React will try to recreate this component tree from scratch using the error boundary you provided, TacticsErrorBoundary.
overrideMethod @ hook.js:608
logCapturedError @ chunk-GCPV6VEH.js?v=cea9cd79:14074
callback @ chunk-GCPV6VEH.js?v=cea9cd79:14120
callCallback @ chunk-GCPV6VEH.js?v=cea9cd79:11290
commitUpdateQueue @ chunk-GCPV6VEH.js?v=cea9cd79:11307
commitLayoutEffectOnFiber @ chunk-GCPV6VEH.js?v=cea9cd79:17117
commitLayoutMountEffects_complete @ chunk-GCPV6VEH.js?v=cea9cd79:18024
commitLayoutEffects_begin @ chunk-GCPV6VEH.js?v=cea9cd79:18013
commitLayoutEffects_begin @ chunk-GCPV6VEH.js?v=cea9cd79:17994
commitLayoutEffects_begin @ chunk-GCPV6VEH.js?v=cea9cd79:17994
commitLayoutEffects @ chunk-GCPV6VEH.js?v=cea9cd79:17964
commitRootImpl @ chunk-GCPV6VEH.js?v=cea9cd79:19400
commitRoot @ chunk-GCPV6VEH.js?v=cea9cd79:19324
performSyncWorkOnRoot @ chunk-GCPV6VEH.js?v=cea9cd79:18942
flushSyncCallbacks @ chunk-GCPV6VEH.js?v=cea9cd79:9160
commitRootImpl @ chunk-GCPV6VEH.js?v=cea9cd79:19479
commitRoot @ chunk-GCPV6VEH.js?v=cea9cd79:19324
finishConcurrentRender @ chunk-GCPV6VEH.js?v=cea9cd79:18852
performConcurrentWorkOnRoot @ chunk-GCPV6VEH.js?v=cea9cd79:18762
workLoop @ chunk-GCPV6VEH.js?v=cea9cd79:195
flushWork @ chunk-GCPV6VEH.js?v=cea9cd79:174
performWorkUntilDeadline @ chunk-GCPV6VEH.js?v=cea9cd79:382
TacticsErrorBoundary.tsx:51 TacticsErrorBoundary caught an error in UnifiedTacticsBoard: TypeError: animate2.subscribe is not a function
    at AnimationFeature.updateAnimationControlsSubscription (framer-motion.js?v=e8613d71:6102:39)
    at AnimationFeature.mount (framer-motion.js?v=e8613d71:6109:10)
    at HTMLVisualElement.updateFeatures (framer-motion.js?v=e8613d71:5287:19)
    at framer-motion.js?v=e8613d71:4811:19
    at commitHookEffectListMount (chunk-GCPV6VEH.js?v=cea9cd79:16957:34)
    at safelyCallCommitHookLayoutEffectListMount (chunk-GCPV6VEH.js?v=cea9cd79:16733:13)
    at reappearLayoutEffectsOnFiber (chunk-GCPV6VEH.js?v=cea9cd79:17223:19)
    at reappearLayoutEffects_complete (chunk-GCPV6VEH.js?v=cea9cd79:18133:15)
    at reappearLayoutEffects_begin (chunk-GCPV6VEH.js?v=cea9cd79:18124:15)
    at commitLayoutEffects_begin (chunk-GCPV6VEH.js?v=cea9cd79:17989:19) Error Component Stack
    at TacticsErrorBoundary (TacticsErrorBoundary.tsx:28:5)
    at Suspense (<anonymous>)
    at div (<anonymous>)
    at div (<anonymous>)
    at ResponsiveContainer (AdaptiveLayout.tsx:20:3)
    at ResponsivePage (ResponsivePage.tsx:22:3)
    at TacticsBoardPageComponent (TacticsBoardPage.tsx:17:20)
    at div (<anonymous>)
    at MotionDOMComponent (framer-motion.js?v=e8613d71:4866:40)
    at PresenceChild (framer-motion.js?v=e8613d71:3971:24)
    at AnimatePresence (framer-motion.js?v=e8613d71:4044:26)
    at PageTransition (AnimationSystem.tsx:237:65)
    at RenderedRoute (react-router-dom.js?v=e8613d71:4080:5)
    at Outlet (react-router-dom.js?v=e8613d71:4486:26)
    at div (<anonymous>)
    at main (<anonymous>)
    at div (<anonymous>)
    at Layout (Layout.tsx:66:42)
    at RenderedRoute (react-router-dom.js?v=e8613d71:4080:5)
    at Outlet (react-router-dom.js?v=e8613d71:4486:26)
    at ProtectedRoute (ProtectedRoute.tsx:19:3)
    at RenderedRoute (react-router-dom.js?v=e8613d71:4080:5)
    at Routes (react-router-dom.js?v=e8613d71:4550:5)
    at PresenceChild (framer-motion.js?v=e8613d71:3971:24)
    at AnimatePresence (framer-motion.js?v=e8613d71:4044:26)
    at Suspense (<anonymous>)
    at div (<anonymous>)
    at AppContent (App.tsx:48:25)
    at AccessibilityProvider (AccessibilityComponents.tsx:23:76)
    at div (<anonymous>)
    at MotionDOMComponent (framer-motion.js?v=e8613d71:4866:40)
    at PresenceChild (framer-motion.js?v=e8613d71:3971:24)
    at AnimatePresence (framer-motion.js?v=e8613d71:4044:26)
    at ThemeProvider (ThemeContext.tsx:327:3)
    at App (<anonymous>)
    at ChallengeProvider (ChallengeContext.tsx:434:71)
    at AppProvider (AppProvider.tsx:87:72)
    at Router (react-router-dom.js?v=e8613d71:4493:15)
    at HashRouter (react-router-dom.js?v=e8613d71:5273:5)
    at SecurityProvider (SecurityProvider.tsx:47:36)
    at SecurityErrorBoundary (SecurityErrorBoundary.tsx:52:5)
overrideMethod @ hook.js:608
componentDidCatch @ TacticsErrorBoundary.tsx:51
callback @ chunk-GCPV6VEH.js?v=cea9cd79:14126
callCallback @ chunk-GCPV6VEH.js?v=cea9cd79:11290
commitUpdateQueue @ chunk-GCPV6VEH.js?v=cea9cd79:11307
commitLayoutEffectOnFiber @ chunk-GCPV6VEH.js?v=cea9cd79:17117
commitLayoutMountEffects_complete @ chunk-GCPV6VEH.js?v=cea9cd79:18024
commitLayoutEffects_begin @ chunk-GCPV6VEH.js?v=cea9cd79:18013
commitLayoutEffects_begin @ chunk-GCPV6VEH.js?v=cea9cd79:17994
commitLayoutEffects_begin @ chunk-GCPV6VEH.js?v=cea9cd79:17994
commitLayoutEffects @ chunk-GCPV6VEH.js?v=cea9cd79:17964
commitRootImpl @ chunk-GCPV6VEH.js?v=cea9cd79:19400
commitRoot @ chunk-GCPV6VEH.js?v=cea9cd79:19324
performSyncWorkOnRoot @ chunk-GCPV6VEH.js?v=cea9cd79:18942
flushSyncCallbacks @ chunk-GCPV6VEH.js?v=cea9cd79:9160
commitRootImpl @ chunk-GCPV6VEH.js?v=cea9cd79:19479
commitRoot @ chunk-GCPV6VEH.js?v=cea9cd79:19324
finishConcurrentRender @ chunk-GCPV6VEH.js?v=cea9cd79:18852
performConcurrentWorkOnRoot @ chunk-GCPV6VEH.js?v=cea9cd79:18762
workLoop @ chunk-GCPV6VEH.js?v=cea9cd79:195
flushWork @ chunk-GCPV6VEH.js?v=cea9cd79:174
performWorkUntilDeadline @ chunk-GCPV6VEH.js?v=cea9cd79:382
TacticsErrorBoundary.tsx:52 Error Info: {componentStack: '\n    at MotionDOMComponent (http://localhost:8000/…mponents/security/SecurityErrorBoundary.tsx:31:5)'} Error Component Stack
    at TacticsErrorBoundary (TacticsErrorBoundary.tsx:28:5)
    at Suspense (<anonymous>)
    at div (<anonymous>)
    at div (<anonymous>)
    at ResponsiveContainer (AdaptiveLayout.tsx:20:3)
    at ResponsivePage (ResponsivePage.tsx:22:3)
    at TacticsBoardPageComponent (TacticsBoardPage.tsx:17:20)
    at div (<anonymous>)
    at MotionDOMComponent (framer-motion.js?v=e8613d71:4866:40)
    at PresenceChild (framer-motion.js?v=e8613d71:3971:24)
    at AnimatePresence (framer-motion.js?v=e8613d71:4044:26)
    at PageTransition (AnimationSystem.tsx:237:65)
    at RenderedRoute (react-router-dom.js?v=e8613d71:4080:5)
    at Outlet (react-router-dom.js?v=e8613d71:4486:26)
    at div (<anonymous>)
    at main (<anonymous>)
    at div (<anonymous>)
    at Layout (Layout.tsx:66:42)
    at RenderedRoute (react-router-dom.js?v=e8613d71:4080:5)
    at Outlet (react-router-dom.js?v=e8613d71:4486:26)
    at ProtectedRoute (ProtectedRoute.tsx:19:3)
    at RenderedRoute (react-router-dom.js?v=e8613d71:4080:5)
    at Routes (react-router-dom.js?v=e8613d71:4550:5)
    at PresenceChild (framer-motion.js?v=e8613d71:3971:24)
    at AnimatePresence (framer-motion.js?v=e8613d71:4044:26)
    at Suspense (<anonymous>)
    at div (<anonymous>)
    at AppContent (App.tsx:48:25)
    at AccessibilityProvider (AccessibilityComponents.tsx:23:76)
    at div (<anonymous>)
    at MotionDOMComponent (framer-motion.js?v=e8613d71:4866:40)
    at PresenceChild (framer-motion.js?v=e8613d71:3971:24)
    at AnimatePresence (framer-motion.js?v=e8613d71:4044:26)
    at ThemeProvider (ThemeContext.tsx:327:3)
    at App (<anonymous>)
    at ChallengeProvider (ChallengeContext.tsx:434:71)
    at AppProvider (AppProvider.tsx:87:72)
    at Router (react-router-dom.js?v=e8613d71:4493:15)
    at HashRouter (react-router-dom.js?v=e8613d71:5273:5)
    at SecurityProvider (SecurityProvider.tsx:47:36)
    at SecurityErrorBoundary (SecurityErrorBoundary.tsx:52:5)
overrideMethod @ hook.js:608
componentDidCatch @ TacticsErrorBoundary.tsx:52
callback @ chunk-GCPV6VEH.js?v=cea9cd79:14126
callCallback @ chunk-GCPV6VEH.js?v=cea9cd79:11290
commitUpdateQueue @ chunk-GCPV6VEH.js?v=cea9cd79:11307
commitLayoutEffectOnFiber @ chunk-GCPV6VEH.js?v=cea9cd79:17117
commitLayoutMountEffects_complete @ chunk-GCPV6VEH.js?v=cea9cd79:18024
commitLayoutEffects_begin @ chunk-GCPV6VEH.js?v=cea9cd79:18013
commitLayoutEffects_begin @ chunk-GCPV6VEH.js?v=cea9cd79:17994
commitLayoutEffects_begin @ chunk-GCPV6VEH.js?v=cea9cd79:17994
commitLayoutEffects @ chunk-GCPV6VEH.js?v=cea9cd79:17964
commitRootImpl @ chunk-GCPV6VEH.js?v=cea9cd79:19400
commitRoot @ chunk-GCPV6VEH.js?v=cea9cd79:19324
performSyncWorkOnRoot @ chunk-GCPV6VEH.js?v=cea9cd79:18942
flushSyncCallbacks @ chunk-GCPV6VEH.js?v=cea9cd79:9160
commitRootImpl @ chunk-GCPV6VEH.js?v=cea9cd79:19479
commitRoot @ chunk-GCPV6VEH.js?v=cea9cd79:19324
finishConcurrentRender @ chunk-GCPV6VEH.js?v=cea9cd79:18852
performConcurrentWorkOnRoot @ chunk-GCPV6VEH.js?v=cea9cd79:18762
workLoop @ chunk-GCPV6VEH.js?v=cea9cd79:195
flushWork @ chunk-GCPV6VEH.js?v=cea9cd79:174
performWorkUntilDeadline @ chunk-GCPV6VEH.js?v=cea9cd79:382
hook.js:608 The above error occurred in the <ForwardRef(motion.div)> component:

    at MotionDOMComponent (http://localhost:8000/node_modules/.vite/deps/framer-motion.js?v=e8613d71:4866:40)
    at http://localhost:8000/src/components/tactics/PlayerToken.tsx:457:7
    at div
    at div
    at MotionDOMComponent (http://localhost:8000/node_modules/.vite/deps/framer-motion.js?v=e8613d71:4866:40)
    at div
    at ModernField (http://localhost:8000/src/components/tactics/ModernField.tsx:32:3)
    at main
    at div
    at div
    at div
    at UnifiedTacticsBoard (http://localhost:8000/src/components/tactics/UnifiedTacticsBoard.tsx:119:3)
    at TacticsErrorBoundary (http://localhost:8000/src/components/boundaries/TacticsErrorBoundary.tsx:8:5)
    at Suspense
    at div
    at div
    at ResponsiveContainer (http://localhost:8000/src/components/Layout/AdaptiveLayout.tsx:20:3)
    at ResponsivePage (http://localhost:8000/src/components/Layout/ResponsivePage.tsx:19:3)
    at TacticsBoardPageComponent (http://localhost:8000/src/pages/TacticsBoardPage.tsx:35:20)
    at div
    at MotionDOMComponent (http://localhost:8000/node_modules/.vite/deps/framer-motion.js?v=e8613d71:4866:40)
    at PresenceChild (http://localhost:8000/node_modules/.vite/deps/framer-motion.js?v=e8613d71:3971:24)
    at AnimatePresence (http://localhost:8000/node_modules/.vite/deps/framer-motion.js?v=e8613d71:4044:26)
    at PageTransition (http://localhost:8000/src/components/ui/AnimationSystem.tsx:225:34)
    at RenderedRoute (http://localhost:8000/node_modules/.vite/deps/react-router-dom.js?v=e8613d71:4080:5)
    at Outlet (http://localhost:8000/node_modules/.vite/deps/react-router-dom.js?v=e8613d71:4486:26)
    at div
    at main
    at div
    at Layout (http://localhost:8000/src/components/Layout.tsx:82:19)
    at RenderedRoute (http://localhost:8000/node_modules/.vite/deps/react-router-dom.js?v=e8613d71:4080:5)
    at Outlet (http://localhost:8000/node_modules/.vite/deps/react-router-dom.js?v=e8613d71:4486:26)
    at ProtectedRoute (http://localhost:8000/src/components/ProtectedRoute.tsx:23:3)
    at RenderedRoute (http://localhost:8000/node_modules/.vite/deps/react-router-dom.js?v=e8613d71:4080:5)
    at Routes (http://localhost:8000/node_modules/.vite/deps/react-router-dom.js?v=e8613d71:4550:5)
    at PresenceChild (http://localhost:8000/node_modules/.vite/deps/framer-motion.js?v=e8613d71:3971:24)
    at AnimatePresence (http://localhost:8000/node_modules/.vite/deps/framer-motion.js?v=e8613d71:4044:26)
    at Suspense
    at div
    at AppContent (http://localhost:8000/App.tsx:95:25)
    at AccessibilityProvider (http://localhost:8000/src/components/ui/AccessibilityComponents.tsx:28:41)
    at div
    at MotionDOMComponent (http://localhost:8000/node_modules/.vite/deps/framer-motion.js?v=e8613d71:4866:40)
    at PresenceChild (http://localhost:8000/node_modules/.vite/deps/framer-motion.js?v=e8613d71:3971:24)
    at AnimatePresence (http://localhost:8000/node_modules/.vite/deps/framer-motion.js?v=e8613d71:4044:26)
    at ThemeProvider (http://localhost:8000/src/context/ThemeContext.tsx:324:3)
    at App
    at ChallengeProvider (http://localhost:8000/src/context/ChallengeContext.tsx:284:37)
    at AppProvider (http://localhost:8000/src/context/AppProvider.tsx:95:31)
    at Router (http://localhost:8000/node_modules/.vite/deps/react-router-dom.js?v=e8613d71:4493:15)
    at HashRouter (http://localhost:8000/node_modules/.vite/deps/react-router-dom.js?v=e8613d71:5273:5)
    at SecurityProvider (http://localhost:8000/src/components/security/SecurityProvider.tsx:29:36)
    at SecurityErrorBoundary (http://localhost:8000/src/components/security/SecurityErrorBoundary.tsx:31:5)

React will try to recreate this component tree from scratch using the error boundary you provided, TacticsErrorBoundary.
overrideMethod @ hook.js:608
logCapturedError @ chunk-GCPV6VEH.js?v=cea9cd79:14074
callback @ chunk-GCPV6VEH.js?v=cea9cd79:14120
callCallback @ chunk-GCPV6VEH.js?v=cea9cd79:11290
commitUpdateQueue @ chunk-GCPV6VEH.js?v=cea9cd79:11307
commitLayoutEffectOnFiber @ chunk-GCPV6VEH.js?v=cea9cd79:17117
commitLayoutMountEffects_complete @ chunk-GCPV6VEH.js?v=cea9cd79:18024
commitLayoutEffects_begin @ chunk-GCPV6VEH.js?v=cea9cd79:18013
commitLayoutEffects_begin @ chunk-GCPV6VEH.js?v=cea9cd79:17994
commitLayoutEffects_begin @ chunk-GCPV6VEH.js?v=cea9cd79:17994
commitLayoutEffects @ chunk-GCPV6VEH.js?v=cea9cd79:17964
commitRootImpl @ chunk-GCPV6VEH.js?v=cea9cd79:19400
commitRoot @ chunk-GCPV6VEH.js?v=cea9cd79:19324
performSyncWorkOnRoot @ chunk-GCPV6VEH.js?v=cea9cd79:18942
flushSyncCallbacks @ chunk-GCPV6VEH.js?v=cea9cd79:9160
commitRootImpl @ chunk-GCPV6VEH.js?v=cea9cd79:19479
commitRoot @ chunk-GCPV6VEH.js?v=cea9cd79:19324
finishConcurrentRender @ chunk-GCPV6VEH.js?v=cea9cd79:18852
performConcurrentWorkOnRoot @ chunk-GCPV6VEH.js?v=cea9cd79:18762
workLoop @ chunk-GCPV6VEH.js?v=cea9cd79:195
flushWork @ chunk-GCPV6VEH.js?v=cea9cd79:174
performWorkUntilDeadline @ chunk-GCPV6VEH.js?v=cea9cd79:382
TacticsErrorBoundary.tsx:51 TacticsErrorBoundary caught an error in UnifiedTacticsBoard: TypeError: animate2.subscribe is not a function
    at AnimationFeature.updateAnimationControlsSubscription (framer-motion.js?v=e8613d71:6102:39)
    at AnimationFeature.mount (framer-motion.js?v=e8613d71:6109:10)
    at HTMLVisualElement.updateFeatures (framer-motion.js?v=e8613d71:5287:19)
    at framer-motion.js?v=e8613d71:4811:19
    at commitHookEffectListMount (chunk-GCPV6VEH.js?v=cea9cd79:16957:34)
    at safelyCallCommitHookLayoutEffectListMount (chunk-GCPV6VEH.js?v=cea9cd79:16733:13)
    at reappearLayoutEffectsOnFiber (chunk-GCPV6VEH.js?v=cea9cd79:17223:19)
    at reappearLayoutEffects_complete (chunk-GCPV6VEH.js?v=cea9cd79:18133:15)
    at reappearLayoutEffects_begin (chunk-GCPV6VEH.js?v=cea9cd79:18124:15)
    at commitLayoutEffects_begin (chunk-GCPV6VEH.js?v=cea9cd79:17989:19) Error Component Stack
    at TacticsErrorBoundary (TacticsErrorBoundary.tsx:28:5)
    at Suspense (<anonymous>)
    at div (<anonymous>)
    at div (<anonymous>)
    at ResponsiveContainer (AdaptiveLayout.tsx:20:3)
    at ResponsivePage (ResponsivePage.tsx:22:3)
    at TacticsBoardPageComponent (TacticsBoardPage.tsx:17:20)
    at div (<anonymous>)
    at MotionDOMComponent (framer-motion.js?v=e8613d71:4866:40)
    at PresenceChild (framer-motion.js?v=e8613d71:3971:24)
    at AnimatePresence (framer-motion.js?v=e8613d71:4044:26)
    at PageTransition (AnimationSystem.tsx:237:65)
    at RenderedRoute (react-router-dom.js?v=e8613d71:4080:5)
    at Outlet (react-router-dom.js?v=e8613d71:4486:26)
    at div (<anonymous>)
    at main (<anonymous>)
    at div (<anonymous>)
    at Layout (Layout.tsx:66:42)
    at RenderedRoute (react-router-dom.js?v=e8613d71:4080:5)
    at Outlet (react-router-dom.js?v=e8613d71:4486:26)
    at ProtectedRoute (ProtectedRoute.tsx:19:3)
    at RenderedRoute (react-router-dom.js?v=e8613d71:4080:5)
    at Routes (react-router-dom.js?v=e8613d71:4550:5)
    at PresenceChild (framer-motion.js?v=e8613d71:3971:24)
    at AnimatePresence (framer-motion.js?v=e8613d71:4044:26)
    at Suspense (<anonymous>)
    at div (<anonymous>)
    at AppContent (App.tsx:48:25)
    at AccessibilityProvider (AccessibilityComponents.tsx:23:76)
    at div (<anonymous>)
    at MotionDOMComponent (framer-motion.js?v=e8613d71:4866:40)
    at PresenceChild (framer-motion.js?v=e8613d71:3971:24)
    at AnimatePresence (framer-motion.js?v=e8613d71:4044:26)
    at ThemeProvider (ThemeContext.tsx:327:3)
    at App (<anonymous>)
    at ChallengeProvider (ChallengeContext.tsx:434:71)
    at AppProvider (AppProvider.tsx:87:72)
    at Router (react-router-dom.js?v=e8613d71:4493:15)
    at HashRouter (react-router-dom.js?v=e8613d71:5273:5)
    at SecurityProvider (SecurityProvider.tsx:47:36)
    at SecurityErrorBoundary (SecurityErrorBoundary.tsx:52:5)
overrideMethod @ hook.js:608
componentDidCatch @ TacticsErrorBoundary.tsx:51
callback @ chunk-GCPV6VEH.js?v=cea9cd79:14126
callCallback @ chunk-GCPV6VEH.js?v=cea9cd79:11290
commitUpdateQueue @ chunk-GCPV6VEH.js?v=cea9cd79:11307
commitLayoutEffectOnFiber @ chunk-GCPV6VEH.js?v=cea9cd79:17117
commitLayoutMountEffects_complete @ chunk-GCPV6VEH.js?v=cea9cd79:18024
commitLayoutEffects_begin @ chunk-GCPV6VEH.js?v=cea9cd79:18013
commitLayoutEffects_begin @ chunk-GCPV6VEH.js?v=cea9cd79:17994
commitLayoutEffects_begin @ chunk-GCPV6VEH.js?v=cea9cd79:17994
commitLayoutEffects @ chunk-GCPV6VEH.js?v=cea9cd79:17964
commitRootImpl @ chunk-GCPV6VEH.js?v=cea9cd79:19400
commitRoot @ chunk-GCPV6VEH.js?v=cea9cd79:19324
performSyncWorkOnRoot @ chunk-GCPV6VEH.js?v=cea9cd79:18942
flushSyncCallbacks @ chunk-GCPV6VEH.js?v=cea9cd79:9160
commitRootImpl @ chunk-GCPV6VEH.js?v=cea9cd79:19479
commitRoot @ chunk-GCPV6VEH.js?v=cea9cd79:19324
finishConcurrentRender @ chunk-GCPV6VEH.js?v=cea9cd79:18852
performConcurrentWorkOnRoot @ chunk-GCPV6VEH.js?v=cea9cd79:18762
workLoop @ chunk-GCPV6VEH.js?v=cea9cd79:195
flushWork @ chunk-GCPV6VEH.js?v=cea9cd79:174
performWorkUntilDeadline @ chunk-GCPV6VEH.js?v=cea9cd79:382
TacticsErrorBoundary.tsx:52 Error Info: {componentStack: '\n    at MotionDOMComponent (http://localhost:8000/…mponents/security/SecurityErrorBoundary.tsx:31:5)'} Error Component Stack
    at TacticsErrorBoundary (TacticsErrorBoundary.tsx:28:5)
    at Suspense (<anonymous>)
    at div (<anonymous>)
    at div (<anonymous>)
    at ResponsiveContainer (AdaptiveLayout.tsx:20:3)
    at ResponsivePage (ResponsivePage.tsx:22:3)
    at TacticsBoardPageComponent (TacticsBoardPage.tsx:17:20)
    at div (<anonymous>)
    at MotionDOMComponent (framer-motion.js?v=e8613d71:4866:40)
    at PresenceChild (framer-motion.js?v=e8613d71:3971:24)
    at AnimatePresence (framer-motion.js?v=e8613d71:4044:26)
    at PageTransition (AnimationSystem.tsx:237:65)
    at RenderedRoute (react-router-dom.js?v=e8613d71:4080:5)
    at Outlet (react-router-dom.js?v=e8613d71:4486:26)
    at div (<anonymous>)
    at main (<anonymous>)
    at div (<anonymous>)
    at Layout (Layout.tsx:66:42)
    at RenderedRoute (react-router-dom.js?v=e8613d71:4080:5)
    at Outlet (react-router-dom.js?v=e8613d71:4486:26)
    at ProtectedRoute (ProtectedRoute.tsx:19:3)
    at RenderedRoute (react-router-dom.js?v=e8613d71:4080:5)
    at Routes (react-router-dom.js?v=e8613d71:4550:5)
    at PresenceChild (framer-motion.js?v=e8613d71:3971:24)
    at AnimatePresence (framer-motion.js?v=e8613d71:4044:26)
    at Suspense (<anonymous>)
    at div (<anonymous>)
    at AppContent (App.tsx:48:25)
    at AccessibilityProvider (AccessibilityComponents.tsx:23:76)
    at div (<anonymous>)
    at MotionDOMComponent (framer-motion.js?v=e8613d71:4866:40)
    at PresenceChild (framer-motion.js?v=e8613d71:3971:24)
    at AnimatePresence (framer-motion.js?v=e8613d71:4044:26)
    at ThemeProvider (ThemeContext.tsx:327:3)
    at App (<anonymous>)
    at ChallengeProvider (ChallengeContext.tsx:434:71)
    at AppProvider (AppProvider.tsx:87:72)
    at Router (react-router-dom.js?v=e8613d71:4493:15)
    at HashRouter (react-router-dom.js?v=e8613d71:5273:5)
    at SecurityProvider (SecurityProvider.tsx:47:36)
    at SecurityErrorBoundary (SecurityErrorBoundary.tsx:52:5)
overrideMethod @ hook.js:608
componentDidCatch @ TacticsErrorBoundary.tsx:52
callback @ chunk-GCPV6VEH.js?v=cea9cd79:14126
callCallback @ chunk-GCPV6VEH.js?v=cea9cd79:11290
commitUpdateQueue @ chunk-GCPV6VEH.js?v=cea9cd79:11307
commitLayoutEffectOnFiber @ chunk-GCPV6VEH.js?v=cea9cd79:17117
commitLayoutMountEffects_complete @ chunk-GCPV6VEH.js?v=cea9cd79:18024
commitLayoutEffects_begin @ chunk-GCPV6VEH.js?v=cea9cd79:18013
commitLayoutEffects_begin @ chunk-GCPV6VEH.js?v=cea9cd79:17994
commitLayoutEffects_begin @ chunk-GCPV6VEH.js?v=cea9cd79:17994
commitLayoutEffects @ chunk-GCPV6VEH.js?v=cea9cd79:17964
commitRootImpl @ chunk-GCPV6VEH.js?v=cea9cd79:19400
commitRoot @ chunk-GCPV6VEH.js?v=cea9cd79:19324
performSyncWorkOnRoot @ chunk-GCPV6VEH.js?v=cea9cd79:18942
flushSyncCallbacks @ chunk-GCPV6VEH.js?v=cea9cd79:9160
commitRootImpl @ chunk-GCPV6VEH.js?v=cea9cd79:19479
commitRoot @ chunk-GCPV6VEH.js?v=cea9cd79:19324
finishConcurrentRender @ chunk-GCPV6VEH.js?v=cea9cd79:18852
performConcurrentWorkOnRoot @ chunk-GCPV6VEH.js?v=cea9cd79:18762
workLoop @ chunk-GCPV6VEH.js?v=cea9cd79:195
flushWork @ chunk-GCPV6VEH.js?v=cea9cd79:174
performWorkUntilDeadline @ chunk-GCPV6VEH.js?v=cea9cd79:382
hook.js:608 The above error occurred in the <ForwardRef(motion.div)> component:

    at MotionDOMComponent (http://localhost:8000/node_modules/.vite/deps/framer-motion.js?v=e8613d71:4866:40)
    at http://localhost:8000/src/components/tactics/PlayerToken.tsx:457:7
    at div
    at div
    at MotionDOMComponent (http://localhost:8000/node_modules/.vite/deps/framer-motion.js?v=e8613d71:4866:40)
    at div
    at ModernField (http://localhost:8000/src/components/tactics/ModernField.tsx:32:3)
    at main
    at div
    at div
    at div
    at UnifiedTacticsBoard (http://localhost:8000/src/components/tactics/UnifiedTacticsBoard.tsx:119:3)
    at TacticsErrorBoundary (http://localhost:8000/src/components/boundaries/TacticsErrorBoundary.tsx:8:5)
    at Suspense
    at div
    at div
    at ResponsiveContainer (http://localhost:8000/src/components/Layout/AdaptiveLayout.tsx:20:3)
    at ResponsivePage (http://localhost:8000/src/components/Layout/ResponsivePage.tsx:19:3)
    at TacticsBoardPageComponent (http://localhost:8000/src/pages/TacticsBoardPage.tsx:35:20)
    at div
    at MotionDOMComponent (http://localhost:8000/node_modules/.vite/deps/framer-motion.js?v=e8613d71:4866:40)
    at PresenceChild (http://localhost:8000/node_modules/.vite/deps/framer-motion.js?v=e8613d71:3971:24)
    at AnimatePresence (http://localhost:8000/node_modules/.vite/deps/framer-motion.js?v=e8613d71:4044:26)
    at PageTransition (http://localhost:8000/src/components/ui/AnimationSystem.tsx:225:34)
    at RenderedRoute (http://localhost:8000/node_modules/.vite/deps/react-router-dom.js?v=e8613d71:4080:5)
    at Outlet (http://localhost:8000/node_modules/.vite/deps/react-router-dom.js?v=e8613d71:4486:26)
    at div
    at main
    at div
    at Layout (http://localhost:8000/src/components/Layout.tsx:82:19)
    at RenderedRoute (http://localhost:8000/node_modules/.vite/deps/react-router-dom.js?v=e8613d71:4080:5)
    at Outlet (http://localhost:8000/node_modules/.vite/deps/react-router-dom.js?v=e8613d71:4486:26)
    at ProtectedRoute (http://localhost:8000/src/components/ProtectedRoute.tsx:23:3)
    at RenderedRoute (http://localhost:8000/node_modules/.vite/deps/react-router-dom.js?v=e8613d71:4080:5)
    at Routes (http://localhost:8000/node_modules/.vite/deps/react-router-dom.js?v=e8613d71:4550:5)
    at PresenceChild (http://localhost:8000/node_modules/.vite/deps/framer-motion.js?v=e8613d71:3971:24)
    at AnimatePresence (http://localhost:8000/node_modules/.vite/deps/framer-motion.js?v=e8613d71:4044:26)
    at Suspense
    at div
    at AppContent (http://localhost:8000/App.tsx:95:25)
    at AccessibilityProvider (http://localhost:8000/src/components/ui/AccessibilityComponents.tsx:28:41)
    at div
    at MotionDOMComponent (http://localhost:8000/node_modules/.vite/deps/framer-motion.js?v=e8613d71:4866:40)
    at PresenceChild (http://localhost:8000/node_modules/.vite/deps/framer-motion.js?v=e8613d71:3971:24)
    at AnimatePresence (http://localhost:8000/node_modules/.vite/deps/framer-motion.js?v=e8613d71:4044:26)
    at ThemeProvider (http://localhost:8000/src/context/ThemeContext.tsx:324:3)
    at App
    at ChallengeProvider (http://localhost:8000/src/context/ChallengeContext.tsx:284:37)
    at AppProvider (http://localhost:8000/src/context/AppProvider.tsx:95:31)
    at Router (http://localhost:8000/node_modules/.vite/deps/react-router-dom.js?v=e8613d71:4493:15)
    at HashRouter (http://localhost:8000/node_modules/.vite/deps/react-router-dom.js?v=e8613d71:5273:5)
    at SecurityProvider (http://localhost:8000/src/components/security/SecurityProvider.tsx:29:36)
    at SecurityErrorBoundary (http://localhost:8000/src/components/security/SecurityErrorBoundary.tsx:31:5)

React will try to recreate this component tree from scratch using the error boundary you provided, TacticsErrorBoundary.
overrideMethod @ hook.js:608
logCapturedError @ chunk-GCPV6VEH.js?v=cea9cd79:14074
callback @ chunk-GCPV6VEH.js?v=cea9cd79:14120
callCallback @ chunk-GCPV6VEH.js?v=cea9cd79:11290
commitUpdateQueue @ chunk-GCPV6VEH.js?v=cea9cd79:11307
commitLayoutEffectOnFiber @ chunk-GCPV6VEH.js?v=cea9cd79:17117
commitLayoutMountEffects_complete @ chunk-GCPV6VEH.js?v=cea9cd79:18024
commitLayoutEffects_begin @ chunk-GCPV6VEH.js?v=cea9cd79:18013
commitLayoutEffects_begin @ chunk-GCPV6VEH.js?v=cea9cd79:17994
commitLayoutEffects_begin @ chunk-GCPV6VEH.js?v=cea9cd79:17994
commitLayoutEffects @ chunk-GCPV6VEH.js?v=cea9cd79:17964
commitRootImpl @ chunk-GCPV6VEH.js?v=cea9cd79:19400
commitRoot @ chunk-GCPV6VEH.js?v=cea9cd79:19324
performSyncWorkOnRoot @ chunk-GCPV6VEH.js?v=cea9cd79:18942
flushSyncCallbacks @ chunk-GCPV6VEH.js?v=cea9cd79:9160
commitRootImpl @ chunk-GCPV6VEH.js?v=cea9cd79:19479
commitRoot @ chunk-GCPV6VEH.js?v=cea9cd79:19324
finishConcurrentRender @ chunk-GCPV6VEH.js?v=cea9cd79:18852
performConcurrentWorkOnRoot @ chunk-GCPV6VEH.js?v=cea9cd79:18762
workLoop @ chunk-GCPV6VEH.js?v=cea9cd79:195
flushWork @ chunk-GCPV6VEH.js?v=cea9cd79:174
performWorkUntilDeadline @ chunk-GCPV6VEH.js?v=cea9cd79:382
TacticsErrorBoundary.tsx:51 TacticsErrorBoundary caught an error in UnifiedTacticsBoard: TypeError: animate2.subscribe is not a function
    at AnimationFeature.updateAnimationControlsSubscription (framer-motion.js?v=e8613d71:6102:39)
    at AnimationFeature.mount (framer-motion.js?v=e8613d71:6109:10)
    at HTMLVisualElement.updateFeatures (framer-motion.js?v=e8613d71:5287:19)
    at framer-motion.js?v=e8613d71:4811:19
    at commitHookEffectListMount (chunk-GCPV6VEH.js?v=cea9cd79:16957:34)
    at safelyCallCommitHookLayoutEffectListMount (chunk-GCPV6VEH.js?v=cea9cd79:16733:13)
    at reappearLayoutEffectsOnFiber (chunk-GCPV6VEH.js?v=cea9cd79:17223:19)
    at reappearLayoutEffects_complete (chunk-GCPV6VEH.js?v=cea9cd79:18133:15)
    at reappearLayoutEffects_begin (chunk-GCPV6VEH.js?v=cea9cd79:18124:15)
    at commitLayoutEffects_begin (chunk-GCPV6VEH.js?v=cea9cd79:17989:19) Error Component Stack
    at TacticsErrorBoundary (TacticsErrorBoundary.tsx:28:5)
    at Suspense (<anonymous>)
    at div (<anonymous>)
    at div (<anonymous>)
    at ResponsiveContainer (AdaptiveLayout.tsx:20:3)
    at ResponsivePage (ResponsivePage.tsx:22:3)
    at TacticsBoardPageComponent (TacticsBoardPage.tsx:17:20)
    at div (<anonymous>)
    at MotionDOMComponent (framer-motion.js?v=e8613d71:4866:40)
    at PresenceChild (framer-motion.js?v=e8613d71:3971:24)
    at AnimatePresence (framer-motion.js?v=e8613d71:4044:26)
    at PageTransition (AnimationSystem.tsx:237:65)
    at RenderedRoute (react-router-dom.js?v=e8613d71:4080:5)
    at Outlet (react-router-dom.js?v=e8613d71:4486:26)
    at div (<anonymous>)
    at main (<anonymous>)
    at div (<anonymous>)
    at Layout (Layout.tsx:66:42)
    at RenderedRoute (react-router-dom.js?v=e8613d71:4080:5)
    at Outlet (react-router-dom.js?v=e8613d71:4486:26)
    at ProtectedRoute (ProtectedRoute.tsx:19:3)
    at RenderedRoute (react-router-dom.js?v=e8613d71:4080:5)
    at Routes (react-router-dom.js?v=e8613d71:4550:5)
    at PresenceChild (framer-motion.js?v=e8613d71:3971:24)
    at AnimatePresence (framer-motion.js?v=e8613d71:4044:26)
    at Suspense (<anonymous>)
    at div (<anonymous>)
    at AppContent (App.tsx:48:25)
    at AccessibilityProvider (AccessibilityComponents.tsx:23:76)
    at div (<anonymous>)
    at MotionDOMComponent (framer-motion.js?v=e8613d71:4866:40)
    at PresenceChild (framer-motion.js?v=e8613d71:3971:24)
    at AnimatePresence (framer-motion.js?v=e8613d71:4044:26)
    at ThemeProvider (ThemeContext.tsx:327:3)
    at App (<anonymous>)
    at ChallengeProvider (ChallengeContext.tsx:434:71)
    at AppProvider (AppProvider.tsx:87:72)
    at Router (react-router-dom.js?v=e8613d71:4493:15)
    at HashRouter (react-router-dom.js?v=e8613d71:5273:5)
    at SecurityProvider (SecurityProvider.tsx:47:36)
    at SecurityErrorBoundary (SecurityErrorBoundary.tsx:52:5)
overrideMethod @ hook.js:608
componentDidCatch @ TacticsErrorBoundary.tsx:51
callback @ chunk-GCPV6VEH.js?v=cea9cd79:14126
callCallback @ chunk-GCPV6VEH.js?v=cea9cd79:11290
commitUpdateQueue @ chunk-GCPV6VEH.js?v=cea9cd79:11307
commitLayoutEffectOnFiber @ chunk-GCPV6VEH.js?v=cea9cd79:17117
commitLayoutMountEffects_complete @ chunk-GCPV6VEH.js?v=cea9cd79:18024
commitLayoutEffects_begin @ chunk-GCPV6VEH.js?v=cea9cd79:18013
commitLayoutEffects_begin @ chunk-GCPV6VEH.js?v=cea9cd79:17994
commitLayoutEffects_begin @ chunk-GCPV6VEH.js?v=cea9cd79:17994
commitLayoutEffects @ chunk-GCPV6VEH.js?v=cea9cd79:17964
commitRootImpl @ chunk-GCPV6VEH.js?v=cea9cd79:19400
commitRoot @ chunk-GCPV6VEH.js?v=cea9cd79:19324
performSyncWorkOnRoot @ chunk-GCPV6VEH.js?v=cea9cd79:18942
flushSyncCallbacks @ chunk-GCPV6VEH.js?v=cea9cd79:9160
commitRootImpl @ chunk-GCPV6VEH.js?v=cea9cd79:19479
commitRoot @ chunk-GCPV6VEH.js?v=cea9cd79:19324
finishConcurrentRender @ chunk-GCPV6VEH.js?v=cea9cd79:18852
performConcurrentWorkOnRoot @ chunk-GCPV6VEH.js?v=cea9cd79:18762
workLoop @ chunk-GCPV6VEH.js?v=cea9cd79:195
flushWork @ chunk-GCPV6VEH.js?v=cea9cd79:174
performWorkUntilDeadline @ chunk-GCPV6VEH.js?v=cea9cd79:382
TacticsErrorBoundary.tsx:52 Error Info: {componentStack: '\n    at MotionDOMComponent (http://localhost:8000/…mponents/security/SecurityErrorBoundary.tsx:31:5)'} Error Component Stack
    at TacticsErrorBoundary (TacticsErrorBoundary.tsx:28:5)
    at Suspense (<anonymous>)
    at div (<anonymous>)
    at div (<anonymous>)
    at ResponsiveContainer (AdaptiveLayout.tsx:20:3)
    at ResponsivePage (ResponsivePage.tsx:22:3)
    at TacticsBoardPageComponent (TacticsBoardPage.tsx:17:20)
    at div (<anonymous>)
    at MotionDOMComponent (framer-motion.js?v=e8613d71:4866:40)
    at PresenceChild (framer-motion.js?v=e8613d71:3971:24)
    at AnimatePresence (framer-motion.js?v=e8613d71:4044:26)
    at PageTransition (AnimationSystem.tsx:237:65)
    at RenderedRoute (react-router-dom.js?v=e8613d71:4080:5)
    at Outlet (react-router-dom.js?v=e8613d71:4486:26)
    at div (<anonymous>)
    at main (<anonymous>)
    at div (<anonymous>)
    at Layout (Layout.tsx:66:42)
    at RenderedRoute (react-router-dom.js?v=e8613d71:4080:5)
    at Outlet (react-router-dom.js?v=e8613d71:4486:26)
    at ProtectedRoute (ProtectedRoute.tsx:19:3)
    at RenderedRoute (react-router-dom.js?v=e8613d71:4080:5)
    at Routes (react-router-dom.js?v=e8613d71:4550:5)
    at PresenceChild (framer-motion.js?v=e8613d71:3971:24)
    at AnimatePresence (framer-motion.js?v=e8613d71:4044:26)
    at Suspense (<anonymous>)
    at div (<anonymous>)
    at AppContent (App.tsx:48:25)
    at AccessibilityProvider (AccessibilityComponents.tsx:23:76)
    at div (<anonymous>)
    at MotionDOMComponent (framer-motion.js?v=e8613d71:4866:40)
    at PresenceChild (framer-motion.js?v=e8613d71:3971:24)
    at AnimatePresence (framer-motion.js?v=e8613d71:4044:26)
    at ThemeProvider (ThemeContext.tsx:327:3)
    at App (<anonymous>)
    at ChallengeProvider (ChallengeContext.tsx:434:71)
    at AppProvider (AppProvider.tsx:87:72)
    at Router (react-router-dom.js?v=e8613d71:4493:15)
    at HashRouter (react-router-dom.js?v=e8613d71:5273:5)
    at SecurityProvider (SecurityProvider.tsx:47:36)
    at SecurityErrorBoundary (SecurityErrorBoundary.tsx:52:5)
overrideMethod @ hook.js:608
componentDidCatch @ TacticsErrorBoundary.tsx:52
callback @ chunk-GCPV6VEH.js?v=cea9cd79:14126
callCallback @ chunk-GCPV6VEH.js?v=cea9cd79:11290
commitUpdateQueue @ chunk-GCPV6VEH.js?v=cea9cd79:11307
commitLayoutEffectOnFiber @ chunk-GCPV6VEH.js?v=cea9cd79:17117
commitLayoutMountEffects_complete @ chunk-GCPV6VEH.js?v=cea9cd79:18024
commitLayoutEffects_begin @ chunk-GCPV6VEH.js?v=cea9cd79:18013
commitLayoutEffects_begin @ chunk-GCPV6VEH.js?v=cea9cd79:17994
commitLayoutEffects_begin @ chunk-GCPV6VEH.js?v=cea9cd79:17994
commitLayoutEffects @ chunk-GCPV6VEH.js?v=cea9cd79:17964
commitRootImpl @ chunk-GCPV6VEH.js?v=cea9cd79:19400
commitRoot @ chunk-GCPV6VEH.js?v=cea9cd79:19324
performSyncWorkOnRoot @ chunk-GCPV6VEH.js?v=cea9cd79:18942
flushSyncCallbacks @ chunk-GCPV6VEH.js?v=cea9cd79:9160
commitRootImpl @ chunk-GCPV6VEH.js?v=cea9cd79:19479
commitRoot @ chunk-GCPV6VEH.js?v=cea9cd79:19324
finishConcurrentRender @ chunk-GCPV6VEH.js?v=cea9cd79:18852
performConcurrentWorkOnRoot @ chunk-GCPV6VEH.js?v=cea9cd79:18762
workLoop @ chunk-GCPV6VEH.js?v=cea9cd79:195
flushWork @ chunk-GCPV6VEH.js?v=cea9cd79:174
performWorkUntilDeadline @ chunk-GCPV6VEH.js?v=cea9cd79:382
hook.js:608 The above error occurred in the <ForwardRef(motion.div)> component:

    at MotionDOMComponent (http://localhost:8000/node_modules/.vite/deps/framer-motion.js?v=e8613d71:4866:40)
    at http://localhost:8000/src/components/tactics/PlayerToken.tsx:457:7
    at div
    at div
    at MotionDOMComponent (http://localhost:8000/node_modules/.vite/deps/framer-motion.js?v=e8613d71:4866:40)
    at div
    at ModernField (http://localhost:8000/src/components/tactics/ModernField.tsx:32:3)
    at main
    at div
    at div
    at div
    at UnifiedTacticsBoard (http://localhost:8000/src/components/tactics/UnifiedTacticsBoard.tsx:119:3)
    at TacticsErrorBoundary (http://localhost:8000/src/components/boundaries/TacticsErrorBoundary.tsx:8:5)
    at Suspense
    at div
    at div
    at ResponsiveContainer (http://localhost:8000/src/components/Layout/AdaptiveLayout.tsx:20:3)
    at ResponsivePage (http://localhost:8000/src/components/Layout/ResponsivePage.tsx:19:3)
    at TacticsBoardPageComponent (http://localhost:8000/src/pages/TacticsBoardPage.tsx:35:20)
    at div
    at MotionDOMComponent (http://localhost:8000/node_modules/.vite/deps/framer-motion.js?v=e8613d71:4866:40)
    at PresenceChild (http://localhost:8000/node_modules/.vite/deps/framer-motion.js?v=e8613d71:3971:24)
    at AnimatePresence (http://localhost:8000/node_modules/.vite/deps/framer-motion.js?v=e8613d71:4044:26)
    at PageTransition (http://localhost:8000/src/components/ui/AnimationSystem.tsx:225:34)
    at RenderedRoute (http://localhost:8000/node_modules/.vite/deps/react-router-dom.js?v=e8613d71:4080:5)
    at Outlet (http://localhost:8000/node_modules/.vite/deps/react-router-dom.js?v=e8613d71:4486:26)
    at div
    at main
    at div
    at Layout (http://localhost:8000/src/components/Layout.tsx:82:19)
    at RenderedRoute (http://localhost:8000/node_modules/.vite/deps/react-router-dom.js?v=e8613d71:4080:5)
    at Outlet (http://localhost:8000/node_modules/.vite/deps/react-router-dom.js?v=e8613d71:4486:26)
    at ProtectedRoute (http://localhost:8000/src/components/ProtectedRoute.tsx:23:3)
    at RenderedRoute (http://localhost:8000/node_modules/.vite/deps/react-router-dom.js?v=e8613d71:4080:5)
    at Routes (http://localhost:8000/node_modules/.vite/deps/react-router-dom.js?v=e8613d71:4550:5)
    at PresenceChild (http://localhost:8000/node_modules/.vite/deps/framer-motion.js?v=e8613d71:3971:24)
    at AnimatePresence (http://localhost:8000/node_modules/.vite/deps/framer-motion.js?v=e8613d71:4044:26)
    at Suspense
    at div
    at AppContent (http://localhost:8000/App.tsx:95:25)
    at AccessibilityProvider (http://localhost:8000/src/components/ui/AccessibilityComponents.tsx:28:41)
    at div
    at MotionDOMComponent (http://localhost:8000/node_modules/.vite/deps/framer-motion.js?v=e8613d71:4866:40)
    at PresenceChild (http://localhost:8000/node_modules/.vite/deps/framer-motion.js?v=e8613d71:3971:24)
    at AnimatePresence (http://localhost:8000/node_modules/.vite/deps/framer-motion.js?v=e8613d71:4044:26)
    at ThemeProvider (http://localhost:8000/src/context/ThemeContext.tsx:324:3)
    at App
    at ChallengeProvider (http://localhost:8000/src/context/ChallengeContext.tsx:284:37)
    at AppProvider (http://localhost:8000/src/context/AppProvider.tsx:95:31)
    at Router (http://localhost:8000/node_modules/.vite/deps/react-router-dom.js?v=e8613d71:4493:15)
    at HashRouter (http://localhost:8000/node_modules/.vite/deps/react-router-dom.js?v=e8613d71:5273:5)
    at SecurityProvider (http://localhost:8000/src/components/security/SecurityProvider.tsx:29:36)
    at SecurityErrorBoundary (http://localhost:8000/src/components/security/SecurityErrorBoundary.tsx:31:5)

React will try to recreate this component tree from scratch using the error boundary you provided, TacticsErrorBoundary.
overrideMethod @ hook.js:608
logCapturedError @ chunk-GCPV6VEH.js?v=cea9cd79:14074
callback @ chunk-GCPV6VEH.js?v=cea9cd79:14120
callCallback @ chunk-GCPV6VEH.js?v=cea9cd79:11290
commitUpdateQueue @ chunk-GCPV6VEH.js?v=cea9cd79:11307
commitLayoutEffectOnFiber @ chunk-GCPV6VEH.js?v=cea9cd79:17117
commitLayoutMountEffects_complete @ chunk-GCPV6VEH.js?v=cea9cd79:18024
commitLayoutEffects_begin @ chunk-GCPV6VEH.js?v=cea9cd79:18013
commitLayoutEffects_begin @ chunk-GCPV6VEH.js?v=cea9cd79:17994
commitLayoutEffects_begin @ chunk-GCPV6VEH.js?v=cea9cd79:17994
commitLayoutEffects @ chunk-GCPV6VEH.js?v=cea9cd79:17964
commitRootImpl @ chunk-GCPV6VEH.js?v=cea9cd79:19400
commitRoot @ chunk-GCPV6VEH.js?v=cea9cd79:19324
performSyncWorkOnRoot @ chunk-GCPV6VEH.js?v=cea9cd79:18942
flushSyncCallbacks @ chunk-GCPV6VEH.js?v=cea9cd79:9160
commitRootImpl @ chunk-GCPV6VEH.js?v=cea9cd79:19479
commitRoot @ chunk-GCPV6VEH.js?v=cea9cd79:19324
finishConcurrentRender @ chunk-GCPV6VEH.js?v=cea9cd79:18852
performConcurrentWorkOnRoot @ chunk-GCPV6VEH.js?v=cea9cd79:18762
workLoop @ chunk-GCPV6VEH.js?v=cea9cd79:195
flushWork @ chunk-GCPV6VEH.js?v=cea9cd79:174
performWorkUntilDeadline @ chunk-GCPV6VEH.js?v=cea9cd79:382
TacticsErrorBoundary.tsx:51 TacticsErrorBoundary caught an error in UnifiedTacticsBoard: TypeError: animate2.subscribe is not a function
    at AnimationFeature.updateAnimationControlsSubscription (framer-motion.js?v=e8613d71:6102:39)
    at AnimationFeature.mount (framer-motion.js?v=e8613d71:6109:10)
    at HTMLVisualElement.updateFeatures (framer-motion.js?v=e8613d71:5287:19)
    at framer-motion.js?v=e8613d71:4811:19
    at commitHookEffectListMount (chunk-GCPV6VEH.js?v=cea9cd79:16957:34)
    at safelyCallCommitHookLayoutEffectListMount (chunk-GCPV6VEH.js?v=cea9cd79:16733:13)
    at reappearLayoutEffectsOnFiber (chunk-GCPV6VEH.js?v=cea9cd79:17223:19)
    at reappearLayoutEffects_complete (chunk-GCPV6VEH.js?v=cea9cd79:18133:15)
    at reappearLayoutEffects_begin (chunk-GCPV6VEH.js?v=cea9cd79:18124:15)
    at commitLayoutEffects_begin (chunk-GCPV6VEH.js?v=cea9cd79:17989:19) Error Component Stack
    at TacticsErrorBoundary (TacticsErrorBoundary.tsx:28:5)
    at Suspense (<anonymous>)
    at div (<anonymous>)
    at div (<anonymous>)
    at ResponsiveContainer (AdaptiveLayout.tsx:20:3)
    at ResponsivePage (ResponsivePage.tsx:22:3)
    at TacticsBoardPageComponent (TacticsBoardPage.tsx:17:20)
    at div (<anonymous>)
    at MotionDOMComponent (framer-motion.js?v=e8613d71:4866:40)
    at PresenceChild (framer-motion.js?v=e8613d71:3971:24)
    at AnimatePresence (framer-motion.js?v=e8613d71:4044:26)
    at PageTransition (AnimationSystem.tsx:237:65)
    at RenderedRoute (react-router-dom.js?v=e8613d71:4080:5)
    at Outlet (react-router-dom.js?v=e8613d71:4486:26)
    at div (<anonymous>)
    at main (<anonymous>)
    at div (<anonymous>)
    at Layout (Layout.tsx:66:42)
    at RenderedRoute (react-router-dom.js?v=e8613d71:4080:5)
    at Outlet (react-router-dom.js?v=e8613d71:4486:26)
    at ProtectedRoute (ProtectedRoute.tsx:19:3)
    at RenderedRoute (react-router-dom.js?v=e8613d71:4080:5)
    at Routes (react-router-dom.js?v=e8613d71:4550:5)
    at PresenceChild (framer-motion.js?v=e8613d71:3971:24)
    at AnimatePresence (framer-motion.js?v=e8613d71:4044:26)
    at Suspense (<anonymous>)
    at div (<anonymous>)
    at AppContent (App.tsx:48:25)
    at AccessibilityProvider (AccessibilityComponents.tsx:23:76)
    at div (<anonymous>)
    at MotionDOMComponent (framer-motion.js?v=e8613d71:4866:40)
    at PresenceChild (framer-motion.js?v=e8613d71:3971:24)
    at AnimatePresence (framer-motion.js?v=e8613d71:4044:26)
    at ThemeProvider (ThemeContext.tsx:327:3)
    at App (<anonymous>)
    at ChallengeProvider (ChallengeContext.tsx:434:71)
    at AppProvider (AppProvider.tsx:87:72)
    at Router (react-router-dom.js?v=e8613d71:4493:15)
    at HashRouter (react-router-dom.js?v=e8613d71:5273:5)
    at SecurityProvider (SecurityProvider.tsx:47:36)
    at SecurityErrorBoundary (SecurityErrorBoundary.tsx:52:5)
overrideMethod @ hook.js:608
componentDidCatch @ TacticsErrorBoundary.tsx:51
callback @ chunk-GCPV6VEH.js?v=cea9cd79:14126
callCallback @ chunk-GCPV6VEH.js?v=cea9cd79:11290
commitUpdateQueue @ chunk-GCPV6VEH.js?v=cea9cd79:11307
commitLayoutEffectOnFiber @ chunk-GCPV6VEH.js?v=cea9cd79:17117
commitLayoutMountEffects_complete @ chunk-GCPV6VEH.js?v=cea9cd79:18024
commitLayoutEffects_begin @ chunk-GCPV6VEH.js?v=cea9cd79:18013
commitLayoutEffects_begin @ chunk-GCPV6VEH.js?v=cea9cd79:17994
commitLayoutEffects_begin @ chunk-GCPV6VEH.js?v=cea9cd79:17994
commitLayoutEffects @ chunk-GCPV6VEH.js?v=cea9cd79:17964
commitRootImpl @ chunk-GCPV6VEH.js?v=cea9cd79:19400
commitRoot @ chunk-GCPV6VEH.js?v=cea9cd79:19324
performSyncWorkOnRoot @ chunk-GCPV6VEH.js?v=cea9cd79:18942
flushSyncCallbacks @ chunk-GCPV6VEH.js?v=cea9cd79:9160
commitRootImpl @ chunk-GCPV6VEH.js?v=cea9cd79:19479
commitRoot @ chunk-GCPV6VEH.js?v=cea9cd79:19324
finishConcurrentRender @ chunk-GCPV6VEH.js?v=cea9cd79:18852
performConcurrentWorkOnRoot @ chunk-GCPV6VEH.js?v=cea9cd79:18762
workLoop @ chunk-GCPV6VEH.js?v=cea9cd79:195
flushWork @ chunk-GCPV6VEH.js?v=cea9cd79:174
performWorkUntilDeadline @ chunk-GCPV6VEH.js?v=cea9cd79:382
TacticsErrorBoundary.tsx:52 Error Info: {componentStack: '\n    at MotionDOMComponent (http://localhost:8000/…mponents/security/SecurityErrorBoundary.tsx:31:5)'} Error Component Stack
    at TacticsErrorBoundary (TacticsErrorBoundary.tsx:28:5)
    at Suspense (<anonymous>)
    at div (<anonymous>)
    at div (<anonymous>)
    at ResponsiveContainer (AdaptiveLayout.tsx:20:3)
    at ResponsivePage (ResponsivePage.tsx:22:3)
    at TacticsBoardPageComponent (TacticsBoardPage.tsx:17:20)
    at div (<anonymous>)
    at MotionDOMComponent (framer-motion.js?v=e8613d71:4866:40)
    at PresenceChild (framer-motion.js?v=e8613d71:3971:24)
    at AnimatePresence (framer-motion.js?v=e8613d71:4044:26)
    at PageTransition (AnimationSystem.tsx:237:65)
    at RenderedRoute (react-router-dom.js?v=e8613d71:4080:5)
    at Outlet (react-router-dom.js?v=e8613d71:4486:26)
    at div (<anonymous>)
    at main (<anonymous>)
    at div (<anonymous>)
    at Layout (Layout.tsx:66:42)
    at RenderedRoute (react-router-dom.js?v=e8613d71:4080:5)
    at Outlet (react-router-dom.js?v=e8613d71:4486:26)
    at ProtectedRoute (ProtectedRoute.tsx:19:3)
    at RenderedRoute (react-router-dom.js?v=e8613d71:4080:5)
    at Routes (react-router-dom.js?v=e8613d71:4550:5)
    at PresenceChild (framer-motion.js?v=e8613d71:3971:24)
    at AnimatePresence (framer-motion.js?v=e8613d71:4044:26)
    at Suspense (<anonymous>)
    at div (<anonymous>)
    at AppContent (App.tsx:48:25)
    at AccessibilityProvider (AccessibilityComponents.tsx:23:76)
    at div (<anonymous>)
    at MotionDOMComponent (framer-motion.js?v=e8613d71:4866:40)
    at PresenceChild (framer-motion.js?v=e8613d71:3971:24)
    at AnimatePresence (framer-motion.js?v=e8613d71:4044:26)
    at ThemeProvider (ThemeContext.tsx:327:3)
    at App (<anonymous>)
    at ChallengeProvider (ChallengeContext.tsx:434:71)
    at AppProvider (AppProvider.tsx:87:72)
    at Router (react-router-dom.js?v=e8613d71:4493:15)
    at HashRouter (react-router-dom.js?v=e8613d71:5273:5)
    at SecurityProvider (SecurityProvider.tsx:47:36)
    at SecurityErrorBoundary (SecurityErrorBoundary.tsx:52:5)
overrideMethod @ hook.js:608
componentDidCatch @ TacticsErrorBoundary.tsx:52
callback @ chunk-GCPV6VEH.js?v=cea9cd79:14126
callCallback @ chunk-GCPV6VEH.js?v=cea9cd79:11290
commitUpdateQueue @ chunk-GCPV6VEH.js?v=cea9cd79:11307
commitLayoutEffectOnFiber @ chunk-GCPV6VEH.js?v=cea9cd79:17117
commitLayoutMountEffects_complete @ chunk-GCPV6VEH.js?v=cea9cd79:18024
commitLayoutEffects_begin @ chunk-GCPV6VEH.js?v=cea9cd79:18013
commitLayoutEffects_begin @ chunk-GCPV6VEH.js?v=cea9cd79:17994
commitLayoutEffects_begin @ chunk-GCPV6VEH.js?v=cea9cd79:17994
commitLayoutEffects @ chunk-GCPV6VEH.js?v=cea9cd79:17964
commitRootImpl @ chunk-GCPV6VEH.js?v=cea9cd79:19400
commitRoot @ chunk-GCPV6VEH.js?v=cea9cd79:19324
performSyncWorkOnRoot @ chunk-GCPV6VEH.js?v=cea9cd79:18942
flushSyncCallbacks @ chunk-GCPV6VEH.js?v=cea9cd79:9160
commitRootImpl @ chunk-GCPV6VEH.js?v=cea9cd79:19479
commitRoot @ chunk-GCPV6VEH.js?v=cea9cd79:19324
finishConcurrentRender @ chunk-GCPV6VEH.js?v=cea9cd79:18852
performConcurrentWorkOnRoot @ chunk-GCPV6VEH.js?v=cea9cd79:18762
workLoop @ chunk-GCPV6VEH.js?v=cea9cd79:195
flushWork @ chunk-GCPV6VEH.js?v=cea9cd79:174
performWorkUntilDeadline @ chunk-GCPV6VEH.js?v=cea9cd79:382
hook.js:608 The above error occurred in the <ForwardRef(motion.div)> component:

    at MotionDOMComponent (http://localhost:8000/node_modules/.vite/deps/framer-motion.js?v=e8613d71:4866:40)
    at http://localhost:8000/src/components/tactics/PlayerToken.tsx:457:7
    at div
    at div
    at MotionDOMComponent (http://localhost:8000/node_modules/.vite/deps/framer-motion.js?v=e8613d71:4866:40)
    at div
    at ModernField (http://localhost:8000/src/components/tactics/ModernField.tsx:32:3)
    at main
    at div
    at div
    at div
    at UnifiedTacticsBoard (http://localhost:8000/src/components/tactics/UnifiedTacticsBoard.tsx:119:3)
    at TacticsErrorBoundary (http://localhost:8000/src/components/boundaries/TacticsErrorBoundary.tsx:8:5)
    at Suspense
    at div
    at div
    at ResponsiveContainer (http://localhost:8000/src/components/Layout/AdaptiveLayout.tsx:20:3)
    at ResponsivePage (http://localhost:8000/src/components/Layout/ResponsivePage.tsx:19:3)
    at TacticsBoardPageComponent (http://localhost:8000/src/pages/TacticsBoardPage.tsx:35:20)
    at div
    at MotionDOMComponent (http://localhost:8000/node_modules/.vite/deps/framer-motion.js?v=e8613d71:4866:40)
    at PresenceChild (http://localhost:8000/node_modules/.vite/deps/framer-motion.js?v=e8613d71:3971:24)
    at AnimatePresence (http://localhost:8000/node_modules/.vite/deps/framer-motion.js?v=e8613d71:4044:26)
    at PageTransition (http://localhost:8000/src/components/ui/AnimationSystem.tsx:225:34)
    at RenderedRoute (http://localhost:8000/node_modules/.vite/deps/react-router-dom.js?v=e8613d71:4080:5)
    at Outlet (http://localhost:8000/node_modules/.vite/deps/react-router-dom.js?v=e8613d71:4486:26)
    at div
    at main
    at div
    at Layout (http://localhost:8000/src/components/Layout.tsx:82:19)
    at RenderedRoute (http://localhost:8000/node_modules/.vite/deps/react-router-dom.js?v=e8613d71:4080:5)
    at Outlet (http://localhost:8000/node_modules/.vite/deps/react-router-dom.js?v=e8613d71:4486:26)
    at ProtectedRoute (http://localhost:8000/src/components/ProtectedRoute.tsx:23:3)
    at RenderedRoute (http://localhost:8000/node_modules/.vite/deps/react-router-dom.js?v=e8613d71:4080:5)
    at Routes (http://localhost:8000/node_modules/.vite/deps/react-router-dom.js?v=e8613d71:4550:5)
    at PresenceChild (http://localhost:8000/node_modules/.vite/deps/framer-motion.js?v=e8613d71:3971:24)
    at AnimatePresence (http://localhost:8000/node_modules/.vite/deps/framer-motion.js?v=e8613d71:4044:26)
    at Suspense
    at div
    at AppContent (http://localhost:8000/App.tsx:95:25)
    at AccessibilityProvider (http://localhost:8000/src/components/ui/AccessibilityComponents.tsx:28:41)
    at div
    at MotionDOMComponent (http://localhost:8000/node_modules/.vite/deps/framer-motion.js?v=e8613d71:4866:40)
    at PresenceChild (http://localhost:8000/node_modules/.vite/deps/framer-motion.js?v=e8613d71:3971:24)
    at AnimatePresence (http://localhost:8000/node_modules/.vite/deps/framer-motion.js?v=e8613d71:4044:26)
    at ThemeProvider (http://localhost:8000/src/context/ThemeContext.tsx:324:3)
    at App
    at ChallengeProvider (http://localhost:8000/src/context/ChallengeContext.tsx:284:37)
    at AppProvider (http://localhost:8000/src/context/AppProvider.tsx:95:31)
    at Router (http://localhost:8000/node_modules/.vite/deps/react-router-dom.js?v=e8613d71:4493:15)
    at HashRouter (http://localhost:8000/node_modules/.vite/deps/react-router-dom.js?v=e8613d71:5273:5)
    at SecurityProvider (http://localhost:8000/src/components/security/SecurityProvider.tsx:29:36)
    at SecurityErrorBoundary (http://localhost:8000/src/components/security/SecurityErrorBoundary.tsx:31:5)

React will try to recreate this component tree from scratch using the error boundary you provided, TacticsErrorBoundary.
overrideMethod @ hook.js:608
logCapturedError @ chunk-GCPV6VEH.js?v=cea9cd79:14074
callback @ chunk-GCPV6VEH.js?v=cea9cd79:14120
callCallback @ chunk-GCPV6VEH.js?v=cea9cd79:11290
commitUpdateQueue @ chunk-GCPV6VEH.js?v=cea9cd79:11307
commitLayoutEffectOnFiber @ chunk-GCPV6VEH.js?v=cea9cd79:17117
commitLayoutMountEffects_complete @ chunk-GCPV6VEH.js?v=cea9cd79:18024
commitLayoutEffects_begin @ chunk-GCPV6VEH.js?v=cea9cd79:18013
commitLayoutEffects_begin @ chunk-GCPV6VEH.js?v=cea9cd79:17994
commitLayoutEffects_begin @ chunk-GCPV6VEH.js?v=cea9cd79:17994
commitLayoutEffects @ chunk-GCPV6VEH.js?v=cea9cd79:17964
commitRootImpl @ chunk-GCPV6VEH.js?v=cea9cd79:19400
commitRoot @ chunk-GCPV6VEH.js?v=cea9cd79:19324
performSyncWorkOnRoot @ chunk-GCPV6VEH.js?v=cea9cd79:18942
flushSyncCallbacks @ chunk-GCPV6VEH.js?v=cea9cd79:9160
commitRootImpl @ chunk-GCPV6VEH.js?v=cea9cd79:19479
commitRoot @ chunk-GCPV6VEH.js?v=cea9cd79:19324
finishConcurrentRender @ chunk-GCPV6VEH.js?v=cea9cd79:18852
performConcurrentWorkOnRoot @ chunk-GCPV6VEH.js?v=cea9cd79:18762
workLoop @ chunk-GCPV6VEH.js?v=cea9cd79:195
flushWork @ chunk-GCPV6VEH.js?v=cea9cd79:174
performWorkUntilDeadline @ chunk-GCPV6VEH.js?v=cea9cd79:382
TacticsErrorBoundary.tsx:51 TacticsErrorBoundary caught an error in UnifiedTacticsBoard: TypeError: animate2.subscribe is not a function
    at AnimationFeature.updateAnimationControlsSubscription (framer-motion.js?v=e8613d71:6102:39)
    at AnimationFeature.mount (framer-motion.js?v=e8613d71:6109:10)
    at HTMLVisualElement.updateFeatures (framer-motion.js?v=e8613d71:5287:19)
    at framer-motion.js?v=e8613d71:4811:19
    at commitHookEffectListMount (chunk-GCPV6VEH.js?v=cea9cd79:16957:34)
    at safelyCallCommitHookLayoutEffectListMount (chunk-GCPV6VEH.js?v=cea9cd79:16733:13)
    at reappearLayoutEffectsOnFiber (chunk-GCPV6VEH.js?v=cea9cd79:17223:19)
    at reappearLayoutEffects_complete (chunk-GCPV6VEH.js?v=cea9cd79:18133:15)
    at reappearLayoutEffects_begin (chunk-GCPV6VEH.js?v=cea9cd79:18124:15)
    at commitLayoutEffects_begin (chunk-GCPV6VEH.js?v=cea9cd79:17989:19) Error Component Stack
    at TacticsErrorBoundary (TacticsErrorBoundary.tsx:28:5)
    at Suspense (<anonymous>)
    at div (<anonymous>)
    at div (<anonymous>)
    at ResponsiveContainer (AdaptiveLayout.tsx:20:3)
    at ResponsivePage (ResponsivePage.tsx:22:3)
    at TacticsBoardPageComponent (TacticsBoardPage.tsx:17:20)
    at div (<anonymous>)
    at MotionDOMComponent (framer-motion.js?v=e8613d71:4866:40)
    at PresenceChild (framer-motion.js?v=e8613d71:3971:24)
    at AnimatePresence (framer-motion.js?v=e8613d71:4044:26)
    at PageTransition (AnimationSystem.tsx:237:65)
    at RenderedRoute (react-router-dom.js?v=e8613d71:4080:5)
    at Outlet (react-router-dom.js?v=e8613d71:4486:26)
    at div (<anonymous>)
    at main (<anonymous>)
    at div (<anonymous>)
    at Layout (Layout.tsx:66:42)
    at RenderedRoute (react-router-dom.js?v=e8613d71:4080:5)
    at Outlet (react-router-dom.js?v=e8613d71:4486:26)
    at ProtectedRoute (ProtectedRoute.tsx:19:3)
    at RenderedRoute (react-router-dom.js?v=e8613d71:4080:5)
    at Routes (react-router-dom.js?v=e8613d71:4550:5)
    at PresenceChild (framer-motion.js?v=e8613d71:3971:24)
    at AnimatePresence (framer-motion.js?v=e8613d71:4044:26)
    at Suspense (<anonymous>)
    at div (<anonymous>)
    at AppContent (App.tsx:48:25)
    at AccessibilityProvider (AccessibilityComponents.tsx:23:76)
    at div (<anonymous>)
    at MotionDOMComponent (framer-motion.js?v=e8613d71:4866:40)
    at PresenceChild (framer-motion.js?v=e8613d71:3971:24)
    at AnimatePresence (framer-motion.js?v=e8613d71:4044:26)
    at ThemeProvider (ThemeContext.tsx:327:3)
    at App (<anonymous>)
    at ChallengeProvider (ChallengeContext.tsx:434:71)
    at AppProvider (AppProvider.tsx:87:72)
    at Router (react-router-dom.js?v=e8613d71:4493:15)
    at HashRouter (react-router-dom.js?v=e8613d71:5273:5)
    at SecurityProvider (SecurityProvider.tsx:47:36)
    at SecurityErrorBoundary (SecurityErrorBoundary.tsx:52:5)
overrideMethod @ hook.js:608
componentDidCatch @ TacticsErrorBoundary.tsx:51
callback @ chunk-GCPV6VEH.js?v=cea9cd79:14126
callCallback @ chunk-GCPV6VEH.js?v=cea9cd79:11290
commitUpdateQueue @ chunk-GCPV6VEH.js?v=cea9cd79:11307
commitLayoutEffectOnFiber @ chunk-GCPV6VEH.js?v=cea9cd79:17117
commitLayoutMountEffects_complete @ chunk-GCPV6VEH.js?v=cea9cd79:18024
commitLayoutEffects_begin @ chunk-GCPV6VEH.js?v=cea9cd79:18013
commitLayoutEffects_begin @ chunk-GCPV6VEH.js?v=cea9cd79:17994
commitLayoutEffects_begin @ chunk-GCPV6VEH.js?v=cea9cd79:17994
commitLayoutEffects @ chunk-GCPV6VEH.js?v=cea9cd79:17964
commitRootImpl @ chunk-GCPV6VEH.js?v=cea9cd79:19400
commitRoot @ chunk-GCPV6VEH.js?v=cea9cd79:19324
performSyncWorkOnRoot @ chunk-GCPV6VEH.js?v=cea9cd79:18942
flushSyncCallbacks @ chunk-GCPV6VEH.js?v=cea9cd79:9160
commitRootImpl @ chunk-GCPV6VEH.js?v=cea9cd79:19479
commitRoot @ chunk-GCPV6VEH.js?v=cea9cd79:19324
finishConcurrentRender @ chunk-GCPV6VEH.js?v=cea9cd79:18852
performConcurrentWorkOnRoot @ chunk-GCPV6VEH.js?v=cea9cd79:18762
workLoop @ chunk-GCPV6VEH.js?v=cea9cd79:195
flushWork @ chunk-GCPV6VEH.js?v=cea9cd79:174
performWorkUntilDeadline @ chunk-GCPV6VEH.js?v=cea9cd79:382
TacticsErrorBoundary.tsx:52 Error Info: {componentStack: '\n    at MotionDOMComponent (http://localhost:8000/…mponents/security/SecurityErrorBoundary.tsx:31:5)'} Error Component Stack
    at TacticsErrorBoundary (TacticsErrorBoundary.tsx:28:5)
    at Suspense (<anonymous>)
    at div (<anonymous>)
    at div (<anonymous>)
    at ResponsiveContainer (AdaptiveLayout.tsx:20:3)
    at ResponsivePage (ResponsivePage.tsx:22:3)
    at TacticsBoardPageComponent (TacticsBoardPage.tsx:17:20)
    at div (<anonymous>)
    at MotionDOMComponent (framer-motion.js?v=e8613d71:4866:40)
    at PresenceChild (framer-motion.js?v=e8613d71:3971:24)
    at AnimatePresence (framer-motion.js?v=e8613d71:4044:26)
    at PageTransition (AnimationSystem.tsx:237:65)
    at RenderedRoute (react-router-dom.js?v=e8613d71:4080:5)
    at Outlet (react-router-dom.js?v=e8613d71:4486:26)
    at div (<anonymous>)
    at main (<anonymous>)
    at div (<anonymous>)
    at Layout (Layout.tsx:66:42)
    at RenderedRoute (react-router-dom.js?v=e8613d71:4080:5)
    at Outlet (react-router-dom.js?v=e8613d71:4486:26)
    at ProtectedRoute (ProtectedRoute.tsx:19:3)
    at RenderedRoute (react-router-dom.js?v=e8613d71:4080:5)
    at Routes (react-router-dom.js?v=e8613d71:4550:5)
    at PresenceChild (framer-motion.js?v=e8613d71:3971:24)
    at AnimatePresence (framer-motion.js?v=e8613d71:4044:26)
    at Suspense (<anonymous>)
    at div (<anonymous>)
    at AppContent (App.tsx:48:25)
    at AccessibilityProvider (AccessibilityComponents.tsx:23:76)
    at div (<anonymous>)
    at MotionDOMComponent (framer-motion.js?v=e8613d71:4866:40)
    at PresenceChild (framer-motion.js?v=e8613d71:3971:24)
    at AnimatePresence (framer-motion.js?v=e8613d71:4044:26)
    at ThemeProvider (ThemeContext.tsx:327:3)
    at App (<anonymous>)
    at ChallengeProvider (ChallengeContext.tsx:434:71)
    at AppProvider (AppProvider.tsx:87:72)
    at Router (react-router-dom.js?v=e8613d71:4493:15)
    at HashRouter (react-router-dom.js?v=e8613d71:5273:5)
    at SecurityProvider (SecurityProvider.tsx:47:36)
    at SecurityErrorBoundary (SecurityErrorBoundary.tsx:52:5)
overrideMethod @ hook.js:608
componentDidCatch @ TacticsErrorBoundary.tsx:52
callback @ chunk-GCPV6VEH.js?v=cea9cd79:14126
callCallback @ chunk-GCPV6VEH.js?v=cea9cd79:11290
commitUpdateQueue @ chunk-GCPV6VEH.js?v=cea9cd79:11307
commitLayoutEffectOnFiber @ chunk-GCPV6VEH.js?v=cea9cd79:17117
commitLayoutMountEffects_complete @ chunk-GCPV6VEH.js?v=cea9cd79:18024
commitLayoutEffects_begin @ chunk-GCPV6VEH.js?v=cea9cd79:18013
commitLayoutEffects_begin @ chunk-GCPV6VEH.js?v=cea9cd79:17994
commitLayoutEffects_begin @ chunk-GCPV6VEH.js?v=cea9cd79:17994
commitLayoutEffects @ chunk-GCPV6VEH.js?v=cea9cd79:17964
commitRootImpl @ chunk-GCPV6VEH.js?v=cea9cd79:19400
commitRoot @ chunk-GCPV6VEH.js?v=cea9cd79:19324
performSyncWorkOnRoot @ chunk-GCPV6VEH.js?v=cea9cd79:18942
flushSyncCallbacks @ chunk-GCPV6VEH.js?v=cea9cd79:9160
commitRootImpl @ chunk-GCPV6VEH.js?v=cea9cd79:19479
commitRoot @ chunk-GCPV6VEH.js?v=cea9cd79:19324
finishConcurrentRender @ chunk-GCPV6VEH.js?v=cea9cd79:18852
performConcurrentWorkOnRoot @ chunk-GCPV6VEH.js?v=cea9cd79:18762
workLoop @ chunk-GCPV6VEH.js?v=cea9cd79:195
flushWork @ chunk-GCPV6VEH.js?v=cea9cd79:174
performWorkUntilDeadline @ chunk-GCPV6VEH.js?v=cea9cd79:382
hook.js:608 The above error occurred in the <ForwardRef(motion.div)> component:

    at MotionDOMComponent (http://localhost:8000/node_modules/.vite/deps/framer-motion.js?v=e8613d71:4866:40)
    at http://localhost:8000/src/components/tactics/PlayerToken.tsx:457:7
    at div
    at div
    at MotionDOMComponent (http://localhost:8000/node_modules/.vite/deps/framer-motion.js?v=e8613d71:4866:40)
    at div
    at ModernField (http://localhost:8000/src/components/tactics/ModernField.tsx:32:3)
    at main
    at div
    at div
    at div
    at UnifiedTacticsBoard (http://localhost:8000/src/components/tactics/UnifiedTacticsBoard.tsx:119:3)
    at TacticsErrorBoundary (http://localhost:8000/src/components/boundaries/TacticsErrorBoundary.tsx:8:5)
    at Suspense
    at div
    at div
    at ResponsiveContainer (http://localhost:8000/src/components/Layout/AdaptiveLayout.tsx:20:3)
    at ResponsivePage (http://localhost:8000/src/components/Layout/ResponsivePage.tsx:19:3)
    at TacticsBoardPageComponent (http://localhost:8000/src/pages/TacticsBoardPage.tsx:35:20)
    at div
    at MotionDOMComponent (http://localhost:8000/node_modules/.vite/deps/framer-motion.js?v=e8613d71:4866:40)
    at PresenceChild (http://localhost:8000/node_modules/.vite/deps/framer-motion.js?v=e8613d71:3971:24)
    at AnimatePresence (http://localhost:8000/node_modules/.vite/deps/framer-motion.js?v=e8613d71:4044:26)
    at PageTransition (http://localhost:8000/src/components/ui/AnimationSystem.tsx:225:34)
    at RenderedRoute (http://localhost:8000/node_modules/.vite/deps/react-router-dom.js?v=e8613d71:4080:5)
    at Outlet (http://localhost:8000/node_modules/.vite/deps/react-router-dom.js?v=e8613d71:4486:26)
    at div
    at main
    at div
    at Layout (http://localhost:8000/src/components/Layout.tsx:82:19)
    at RenderedRoute (http://localhost:8000/node_modules/.vite/deps/react-router-dom.js?v=e8613d71:4080:5)
    at Outlet (http://localhost:8000/node_modules/.vite/deps/react-router-dom.js?v=e8613d71:4486:26)
    at ProtectedRoute (http://localhost:8000/src/components/ProtectedRoute.tsx:23:3)
    at RenderedRoute (http://localhost:8000/node_modules/.vite/deps/react-router-dom.js?v=e8613d71:4080:5)
    at Routes (http://localhost:8000/node_modules/.vite/deps/react-router-dom.js?v=e8613d71:4550:5)
    at PresenceChild (http://localhost:8000/node_modules/.vite/deps/framer-motion.js?v=e8613d71:3971:24)
    at AnimatePresence (http://localhost:8000/node_modules/.vite/deps/framer-motion.js?v=e8613d71:4044:26)
    at Suspense
    at div
    at AppContent (http://localhost:8000/App.tsx:95:25)
    at AccessibilityProvider (http://localhost:8000/src/components/ui/AccessibilityComponents.tsx:28:41)
    at div
    at MotionDOMComponent (http://localhost:8000/node_modules/.vite/deps/framer-motion.js?v=e8613d71:4866:40)
    at PresenceChild (http://localhost:8000/node_modules/.vite/deps/framer-motion.js?v=e8613d71:3971:24)
    at AnimatePresence (http://localhost:8000/node_modules/.vite/deps/framer-motion.js?v=e8613d71:4044:26)
    at ThemeProvider (http://localhost:8000/src/context/ThemeContext.tsx:324:3)
    at App
    at ChallengeProvider (http://localhost:8000/src/context/ChallengeContext.tsx:284:37)
    at AppProvider (http://localhost:8000/src/context/AppProvider.tsx:95:31)
    at Router (http://localhost:8000/node_modules/.vite/deps/react-router-dom.js?v=e8613d71:4493:15)
    at HashRouter (http://localhost:8000/node_modules/.vite/deps/react-router-dom.js?v=e8613d71:5273:5)
    at SecurityProvider (http://localhost:8000/src/components/security/SecurityProvider.tsx:29:36)
    at SecurityErrorBoundary (http://localhost:8000/src/components/security/SecurityErrorBoundary.tsx:31:5)

React will try to recreate this component tree from scratch using the error boundary you provided, TacticsErrorBoundary.
overrideMethod @ hook.js:608
logCapturedError @ chunk-GCPV6VEH.js?v=cea9cd79:14074
callback @ chunk-GCPV6VEH.js?v=cea9cd79:14120
callCallback @ chunk-GCPV6VEH.js?v=cea9cd79:11290
commitUpdateQueue @ chunk-GCPV6VEH.js?v=cea9cd79:11307
commitLayoutEffectOnFiber @ chunk-GCPV6VEH.js?v=cea9cd79:17117
commitLayoutMountEffects_complete @ chunk-GCPV6VEH.js?v=cea9cd79:18024
commitLayoutEffects_begin @ chunk-GCPV6VEH.js?v=cea9cd79:18013
commitLayoutEffects_begin @ chunk-GCPV6VEH.js?v=cea9cd79:17994
commitLayoutEffects_begin @ chunk-GCPV6VEH.js?v=cea9cd79:17994
commitLayoutEffects @ chunk-GCPV6VEH.js?v=cea9cd79:17964
commitRootImpl @ chunk-GCPV6VEH.js?v=cea9cd79:19400
commitRoot @ chunk-GCPV6VEH.js?v=cea9cd79:19324
performSyncWorkOnRoot @ chunk-GCPV6VEH.js?v=cea9cd79:18942
flushSyncCallbacks @ chunk-GCPV6VEH.js?v=cea9cd79:9160
commitRootImpl @ chunk-GCPV6VEH.js?v=cea9cd79:19479
commitRoot @ chunk-GCPV6VEH.js?v=cea9cd79:19324
finishConcurrentRender @ chunk-GCPV6VEH.js?v=cea9cd79:18852
performConcurrentWorkOnRoot @ chunk-GCPV6VEH.js?v=cea9cd79:18762
workLoop @ chunk-GCPV6VEH.js?v=cea9cd79:195
flushWork @ chunk-GCPV6VEH.js?v=cea9cd79:174
performWorkUntilDeadline @ chunk-GCPV6VEH.js?v=cea9cd79:382
TacticsErrorBoundary.tsx:51 TacticsErrorBoundary caught an error in UnifiedTacticsBoard: TypeError: animate2.subscribe is not a function
    at AnimationFeature.updateAnimationControlsSubscription (framer-motion.js?v=e8613d71:6102:39)
    at AnimationFeature.mount (framer-motion.js?v=e8613d71:6109:10)
    at HTMLVisualElement.updateFeatures (framer-motion.js?v=e8613d71:5287:19)
    at framer-motion.js?v=e8613d71:4811:19
    at commitHookEffectListMount (chunk-GCPV6VEH.js?v=cea9cd79:16957:34)
    at safelyCallCommitHookLayoutEffectListMount (chunk-GCPV6VEH.js?v=cea9cd79:16733:13)
    at reappearLayoutEffectsOnFiber (chunk-GCPV6VEH.js?v=cea9cd79:17223:19)
    at reappearLayoutEffects_complete (chunk-GCPV6VEH.js?v=cea9cd79:18133:15)
    at reappearLayoutEffects_begin (chunk-GCPV6VEH.js?v=cea9cd79:18124:15)
    at commitLayoutEffects_begin (chunk-GCPV6VEH.js?v=cea9cd79:17989:19) Error Component Stack
    at TacticsErrorBoundary (TacticsErrorBoundary.tsx:28:5)
    at Suspense (<anonymous>)
    at div (<anonymous>)
    at div (<anonymous>)
    at ResponsiveContainer (AdaptiveLayout.tsx:20:3)
    at ResponsivePage (ResponsivePage.tsx:22:3)
    at TacticsBoardPageComponent (TacticsBoardPage.tsx:17:20)
    at div (<anonymous>)
    at MotionDOMComponent (framer-motion.js?v=e8613d71:4866:40)
    at PresenceChild (framer-motion.js?v=e8613d71:3971:24)
    at AnimatePresence (framer-motion.js?v=e8613d71:4044:26)
    at PageTransition (AnimationSystem.tsx:237:65)
    at RenderedRoute (react-router-dom.js?v=e8613d71:4080:5)
    at Outlet (react-router-dom.js?v=e8613d71:4486:26)
    at div (<anonymous>)
    at main (<anonymous>)
    at div (<anonymous>)
    at Layout (Layout.tsx:66:42)
    at RenderedRoute (react-router-dom.js?v=e8613d71:4080:5)
    at Outlet (react-router-dom.js?v=e8613d71:4486:26)
    at ProtectedRoute (ProtectedRoute.tsx:19:3)
    at RenderedRoute (react-router-dom.js?v=e8613d71:4080:5)
    at Routes (react-router-dom.js?v=e8613d71:4550:5)
    at PresenceChild (framer-motion.js?v=e8613d71:3971:24)
    at AnimatePresence (framer-motion.js?v=e8613d71:4044:26)
    at Suspense (<anonymous>)
    at div (<anonymous>)
    at AppContent (App.tsx:48:25)
    at AccessibilityProvider (AccessibilityComponents.tsx:23:76)
    at div (<anonymous>)
    at MotionDOMComponent (framer-motion.js?v=e8613d71:4866:40)
    at PresenceChild (framer-motion.js?v=e8613d71:3971:24)
    at AnimatePresence (framer-motion.js?v=e8613d71:4044:26)
    at ThemeProvider (ThemeContext.tsx:327:3)
    at App (<anonymous>)
    at ChallengeProvider (ChallengeContext.tsx:434:71)
    at AppProvider (AppProvider.tsx:87:72)
    at Router (react-router-dom.js?v=e8613d71:4493:15)
    at HashRouter (react-router-dom.js?v=e8613d71:5273:5)
    at SecurityProvider (SecurityProvider.tsx:47:36)
    at SecurityErrorBoundary (SecurityErrorBoundary.tsx:52:5)
overrideMethod @ hook.js:608
componentDidCatch @ TacticsErrorBoundary.tsx:51
callback @ chunk-GCPV6VEH.js?v=cea9cd79:14126
callCallback @ chunk-GCPV6VEH.js?v=cea9cd79:11290
commitUpdateQueue @ chunk-GCPV6VEH.js?v=cea9cd79:11307
commitLayoutEffectOnFiber @ chunk-GCPV6VEH.js?v=cea9cd79:17117
commitLayoutMountEffects_complete @ chunk-GCPV6VEH.js?v=cea9cd79:18024
commitLayoutEffects_begin @ chunk-GCPV6VEH.js?v=cea9cd79:18013
commitLayoutEffects_begin @ chunk-GCPV6VEH.js?v=cea9cd79:17994
commitLayoutEffects_begin @ chunk-GCPV6VEH.js?v=cea9cd79:17994
commitLayoutEffects @ chunk-GCPV6VEH.js?v=cea9cd79:17964
commitRootImpl @ chunk-GCPV6VEH.js?v=cea9cd79:19400
commitRoot @ chunk-GCPV6VEH.js?v=cea9cd79:19324
performSyncWorkOnRoot @ chunk-GCPV6VEH.js?v=cea9cd79:18942
flushSyncCallbacks @ chunk-GCPV6VEH.js?v=cea9cd79:9160
commitRootImpl @ chunk-GCPV6VEH.js?v=cea9cd79:19479
commitRoot @ chunk-GCPV6VEH.js?v=cea9cd79:19324
finishConcurrentRender @ chunk-GCPV6VEH.js?v=cea9cd79:18852
performConcurrentWorkOnRoot @ chunk-GCPV6VEH.js?v=cea9cd79:18762
workLoop @ chunk-GCPV6VEH.js?v=cea9cd79:195
flushWork @ chunk-GCPV6VEH.js?v=cea9cd79:174
performWorkUntilDeadline @ chunk-GCPV6VEH.js?v=cea9cd79:382
TacticsErrorBoundary.tsx:52 Error Info: {componentStack: '\n    at MotionDOMComponent (http://localhost:8000/…mponents/security/SecurityErrorBoundary.tsx:31:5)'} Error Component Stack
    at TacticsErrorBoundary (TacticsErrorBoundary.tsx:28:5)
    at Suspense (<anonymous>)
    at div (<anonymous>)
    at div (<anonymous>)
    at ResponsiveContainer (AdaptiveLayout.tsx:20:3)
    at ResponsivePage (ResponsivePage.tsx:22:3)
    at TacticsBoardPageComponent (TacticsBoardPage.tsx:17:20)
    at div (<anonymous>)
    at MotionDOMComponent (framer-motion.js?v=e8613d71:4866:40)
    at PresenceChild (framer-motion.js?v=e8613d71:3971:24)
    at AnimatePresence (framer-motion.js?v=e8613d71:4044:26)
    at PageTransition (AnimationSystem.tsx:237:65)
    at RenderedRoute (react-router-dom.js?v=e8613d71:4080:5)
    at Outlet (react-router-dom.js?v=e8613d71:4486:26)
    at div (<anonymous>)
    at main (<anonymous>)
    at div (<anonymous>)
    at Layout (Layout.tsx:66:42)
    at RenderedRoute (react-router-dom.js?v=e8613d71:4080:5)
    at Outlet (react-router-dom.js?v=e8613d71:4486:26)
    at ProtectedRoute (ProtectedRoute.tsx:19:3)
    at RenderedRoute (react-router-dom.js?v=e8613d71:4080:5)
    at Routes (react-router-dom.js?v=e8613d71:4550:5)
    at PresenceChild (framer-motion.js?v=e8613d71:3971:24)
    at AnimatePresence (framer-motion.js?v=e8613d71:4044:26)
    at Suspense (<anonymous>)
    at div (<anonymous>)
    at AppContent (App.tsx:48:25)
    at AccessibilityProvider (AccessibilityComponents.tsx:23:76)
    at div (<anonymous>)
    at MotionDOMComponent (framer-motion.js?v=e8613d71:4866:40)
    at PresenceChild (framer-motion.js?v=e8613d71:3971:24)
    at AnimatePresence (framer-motion.js?v=e8613d71:4044:26)
    at ThemeProvider (ThemeContext.tsx:327:3)
    at App (<anonymous>)
    at ChallengeProvider (ChallengeContext.tsx:434:71)
    at AppProvider (AppProvider.tsx:87:72)
    at Router (react-router-dom.js?v=e8613d71:4493:15)
    at HashRouter (react-router-dom.js?v=e8613d71:5273:5)
    at SecurityProvider (SecurityProvider.tsx:47:36)
    at SecurityErrorBoundary (SecurityErrorBoundary.tsx:52:5)
overrideMethod @ hook.js:608
componentDidCatch @ TacticsErrorBoundary.tsx:52
callback @ chunk-GCPV6VEH.js?v=cea9cd79:14126
callCallback @ chunk-GCPV6VEH.js?v=cea9cd79:11290
commitUpdateQueue @ chunk-GCPV6VEH.js?v=cea9cd79:11307
commitLayoutEffectOnFiber @ chunk-GCPV6VEH.js?v=cea9cd79:17117
commitLayoutMountEffects_complete @ chunk-GCPV6VEH.js?v=cea9cd79:18024
commitLayoutEffects_begin @ chunk-GCPV6VEH.js?v=cea9cd79:18013
commitLayoutEffects_begin @ chunk-GCPV6VEH.js?v=cea9cd79:17994
commitLayoutEffects_begin @ chunk-GCPV6VEH.js?v=cea9cd79:17994
commitLayoutEffects @ chunk-GCPV6VEH.js?v=cea9cd79:17964
commitRootImpl @ chunk-GCPV6VEH.js?v=cea9cd79:19400
commitRoot @ chunk-GCPV6VEH.js?v=cea9cd79:19324
performSyncWorkOnRoot @ chunk-GCPV6VEH.js?v=cea9cd79:18942
flushSyncCallbacks @ chunk-GCPV6VEH.js?v=cea9cd79:9160
commitRootImpl @ chunk-GCPV6VEH.js?v=cea9cd79:19479
commitRoot @ chunk-GCPV6VEH.js?v=cea9cd79:19324
finishConcurrentRender @ chunk-GCPV6VEH.js?v=cea9cd79:18852
performConcurrentWorkOnRoot @ chunk-GCPV6VEH.js?v=cea9cd79:18762
workLoop @ chunk-GCPV6VEH.js?v=cea9cd79:195
flushWork @ chunk-GCPV6VEH.js?v=cea9cd79:174
performWorkUntilDeadline @ chunk-GCPV6VEH.js?v=cea9cd79:382
hook.js:608 The above error occurred in the <ForwardRef(motion.div)> component:

    at MotionDOMComponent (http://localhost:8000/node_modules/.vite/deps/framer-motion.js?v=e8613d71:4866:40)
    at http://localhost:8000/src/components/tactics/PlayerToken.tsx:457:7
    at div
    at div
    at MotionDOMComponent (http://localhost:8000/node_modules/.vite/deps/framer-motion.js?v=e8613d71:4866:40)
    at div
    at ModernField (http://localhost:8000/src/components/tactics/ModernField.tsx:32:3)
    at main
    at div
    at div
    at div
    at UnifiedTacticsBoard (http://localhost:8000/src/components/tactics/UnifiedTacticsBoard.tsx:119:3)
    at TacticsErrorBoundary (http://localhost:8000/src/components/boundaries/TacticsErrorBoundary.tsx:8:5)
    at Suspense
    at div
    at div
    at ResponsiveContainer (http://localhost:8000/src/components/Layout/AdaptiveLayout.tsx:20:3)
    at ResponsivePage (http://localhost:8000/src/components/Layout/ResponsivePage.tsx:19:3)
    at TacticsBoardPageComponent (http://localhost:8000/src/pages/TacticsBoardPage.tsx:35:20)
    at div
    at MotionDOMComponent (http://localhost:8000/node_modules/.vite/deps/framer-motion.js?v=e8613d71:4866:40)
    at PresenceChild (http://localhost:8000/node_modules/.vite/deps/framer-motion.js?v=e8613d71:3971:24)
    at AnimatePresence (http://localhost:8000/node_modules/.vite/deps/framer-motion.js?v=e8613d71:4044:26)
    at PageTransition (http://localhost:8000/src/components/ui/AnimationSystem.tsx:225:34)
    at RenderedRoute (http://localhost:8000/node_modules/.vite/deps/react-router-dom.js?v=e8613d71:4080:5)
    at Outlet (http://localhost:8000/node_modules/.vite/deps/react-router-dom.js?v=e8613d71:4486:26)
    at div
    at main
    at div
    at Layout (http://localhost:8000/src/components/Layout.tsx:82:19)
    at RenderedRoute (http://localhost:8000/node_modules/.vite/deps/react-router-dom.js?v=e8613d71:4080:5)
    at Outlet (http://localhost:8000/node_modules/.vite/deps/react-router-dom.js?v=e8613d71:4486:26)
    at ProtectedRoute (http://localhost:8000/src/components/ProtectedRoute.tsx:23:3)
    at RenderedRoute (http://localhost:8000/node_modules/.vite/deps/react-router-dom.js?v=e8613d71:4080:5)
    at Routes (http://localhost:8000/node_modules/.vite/deps/react-router-dom.js?v=e8613d71:4550:5)
    at PresenceChild (http://localhost:8000/node_modules/.vite/deps/framer-motion.js?v=e8613d71:3971:24)
    at AnimatePresence (http://localhost:8000/node_modules/.vite/deps/framer-motion.js?v=e8613d71:4044:26)
    at Suspense
    at div
    at AppContent (http://localhost:8000/App.tsx:95:25)
    at AccessibilityProvider (http://localhost:8000/src/components/ui/AccessibilityComponents.tsx:28:41)
    at div
    at MotionDOMComponent (http://localhost:8000/node_modules/.vite/deps/framer-motion.js?v=e8613d71:4866:40)
    at PresenceChild (http://localhost:8000/node_modules/.vite/deps/framer-motion.js?v=e8613d71:3971:24)
    at AnimatePresence (http://localhost:8000/node_modules/.vite/deps/framer-motion.js?v=e8613d71:4044:26)
    at ThemeProvider (http://localhost:8000/src/context/ThemeContext.tsx:324:3)
    at App
    at ChallengeProvider (http://localhost:8000/src/context/ChallengeContext.tsx:284:37)
    at AppProvider (http://localhost:8000/src/context/AppProvider.tsx:95:31)
    at Router (http://localhost:8000/node_modules/.vite/deps/react-router-dom.js?v=e8613d71:4493:15)
    at HashRouter (http://localhost:8000/node_modules/.vite/deps/react-router-dom.js?v=e8613d71:5273:5)
    at SecurityProvider (http://localhost:8000/src/components/security/SecurityProvider.tsx:29:36)
    at SecurityErrorBoundary (http://localhost:8000/src/components/security/SecurityErrorBoundary.tsx:31:5)

React will try to recreate this component tree from scratch using the error boundary you provided, TacticsErrorBoundary.
overrideMethod @ hook.js:608
logCapturedError @ chunk-GCPV6VEH.js?v=cea9cd79:14074
callback @ chunk-GCPV6VEH.js?v=cea9cd79:14120
callCallback @ chunk-GCPV6VEH.js?v=cea9cd79:11290
commitUpdateQueue @ chunk-GCPV6VEH.js?v=cea9cd79:11307
commitLayoutEffectOnFiber @ chunk-GCPV6VEH.js?v=cea9cd79:17117
commitLayoutMountEffects_complete @ chunk-GCPV6VEH.js?v=cea9cd79:18024
commitLayoutEffects_begin @ chunk-GCPV6VEH.js?v=cea9cd79:18013
commitLayoutEffects_begin @ chunk-GCPV6VEH.js?v=cea9cd79:17994
commitLayoutEffects_begin @ chunk-GCPV6VEH.js?v=cea9cd79:17994
commitLayoutEffects @ chunk-GCPV6VEH.js?v=cea9cd79:17964
commitRootImpl @ chunk-GCPV6VEH.js?v=cea9cd79:19400
commitRoot @ chunk-GCPV6VEH.js?v=cea9cd79:19324
performSyncWorkOnRoot @ chunk-GCPV6VEH.js?v=cea9cd79:18942
flushSyncCallbacks @ chunk-GCPV6VEH.js?v=cea9cd79:9160
commitRootImpl @ chunk-GCPV6VEH.js?v=cea9cd79:19479
commitRoot @ chunk-GCPV6VEH.js?v=cea9cd79:19324
finishConcurrentRender @ chunk-GCPV6VEH.js?v=cea9cd79:18852
performConcurrentWorkOnRoot @ chunk-GCPV6VEH.js?v=cea9cd79:18762
workLoop @ chunk-GCPV6VEH.js?v=cea9cd79:195
flushWork @ chunk-GCPV6VEH.js?v=cea9cd79:174
performWorkUntilDeadline @ chunk-GCPV6VEH.js?v=cea9cd79:382
TacticsErrorBoundary.tsx:51 TacticsErrorBoundary caught an error in UnifiedTacticsBoard: TypeError: animate2.subscribe is not a function
    at AnimationFeature.updateAnimationControlsSubscription (framer-motion.js?v=e8613d71:6102:39)
    at AnimationFeature.mount (framer-motion.js?v=e8613d71:6109:10)
    at HTMLVisualElement.updateFeatures (framer-motion.js?v=e8613d71:5287:19)
    at framer-motion.js?v=e8613d71:4811:19
    at commitHookEffectListMount (chunk-GCPV6VEH.js?v=cea9cd79:16957:34)
    at safelyCallCommitHookLayoutEffectListMount (chunk-GCPV6VEH.js?v=cea9cd79:16733:13)
    at reappearLayoutEffectsOnFiber (chunk-GCPV6VEH.js?v=cea9cd79:17223:19)
    at reappearLayoutEffects_complete (chunk-GCPV6VEH.js?v=cea9cd79:18133:15)
    at reappearLayoutEffects_begin (chunk-GCPV6VEH.js?v=cea9cd79:18124:15)
    at commitLayoutEffects_begin (chunk-GCPV6VEH.js?v=cea9cd79:17989:19) Error Component Stack
    at TacticsErrorBoundary (TacticsErrorBoundary.tsx:28:5)
    at Suspense (<anonymous>)
    at div (<anonymous>)
    at div (<anonymous>)
    at ResponsiveContainer (AdaptiveLayout.tsx:20:3)
    at ResponsivePage (ResponsivePage.tsx:22:3)
    at TacticsBoardPageComponent (TacticsBoardPage.tsx:17:20)
    at div (<anonymous>)
    at MotionDOMComponent (framer-motion.js?v=e8613d71:4866:40)
    at PresenceChild (framer-motion.js?v=e8613d71:3971:24)
    at AnimatePresence (framer-motion.js?v=e8613d71:4044:26)
    at PageTransition (AnimationSystem.tsx:237:65)
    at RenderedRoute (react-router-dom.js?v=e8613d71:4080:5)
    at Outlet (react-router-dom.js?v=e8613d71:4486:26)
    at div (<anonymous>)
    at main (<anonymous>)
    at div (<anonymous>)
    at Layout (Layout.tsx:66:42)
    at RenderedRoute (react-router-dom.js?v=e8613d71:4080:5)
    at Outlet (react-router-dom.js?v=e8613d71:4486:26)
    at ProtectedRoute (ProtectedRoute.tsx:19:3)
    at RenderedRoute (react-router-dom.js?v=e8613d71:4080:5)
    at Routes (react-router-dom.js?v=e8613d71:4550:5)
    at PresenceChild (framer-motion.js?v=e8613d71:3971:24)
    at AnimatePresence (framer-motion.js?v=e8613d71:4044:26)
    at Suspense (<anonymous>)
    at div (<anonymous>)
    at AppContent (App.tsx:48:25)
    at AccessibilityProvider (AccessibilityComponents.tsx:23:76)
    at div (<anonymous>)
    at MotionDOMComponent (framer-motion.js?v=e8613d71:4866:40)
    at PresenceChild (framer-motion.js?v=e8613d71:3971:24)
    at AnimatePresence (framer-motion.js?v=e8613d71:4044:26)
    at ThemeProvider (ThemeContext.tsx:327:3)
    at App (<anonymous>)
    at ChallengeProvider (ChallengeContext.tsx:434:71)
    at AppProvider (AppProvider.tsx:87:72)
    at Router (react-router-dom.js?v=e8613d71:4493:15)
    at HashRouter (react-router-dom.js?v=e8613d71:5273:5)
    at SecurityProvider (SecurityProvider.tsx:47:36)
    at SecurityErrorBoundary (SecurityErrorBoundary.tsx:52:5)
overrideMethod @ hook.js:608
componentDidCatch @ TacticsErrorBoundary.tsx:51
callback @ chunk-GCPV6VEH.js?v=cea9cd79:14126
callCallback @ chunk-GCPV6VEH.js?v=cea9cd79:11290
commitUpdateQueue @ chunk-GCPV6VEH.js?v=cea9cd79:11307
commitLayoutEffectOnFiber @ chunk-GCPV6VEH.js?v=cea9cd79:17117
commitLayoutMountEffects_complete @ chunk-GCPV6VEH.js?v=cea9cd79:18024
commitLayoutEffects_begin @ chunk-GCPV6VEH.js?v=cea9cd79:18013
commitLayoutEffects_begin @ chunk-GCPV6VEH.js?v=cea9cd79:17994
commitLayoutEffects_begin @ chunk-GCPV6VEH.js?v=cea9cd79:17994
commitLayoutEffects @ chunk-GCPV6VEH.js?v=cea9cd79:17964
commitRootImpl @ chunk-GCPV6VEH.js?v=cea9cd79:19400
commitRoot @ chunk-GCPV6VEH.js?v=cea9cd79:19324
performSyncWorkOnRoot @ chunk-GCPV6VEH.js?v=cea9cd79:18942
flushSyncCallbacks @ chunk-GCPV6VEH.js?v=cea9cd79:9160
commitRootImpl @ chunk-GCPV6VEH.js?v=cea9cd79:19479
commitRoot @ chunk-GCPV6VEH.js?v=cea9cd79:19324
finishConcurrentRender @ chunk-GCPV6VEH.js?v=cea9cd79:18852
performConcurrentWorkOnRoot @ chunk-GCPV6VEH.js?v=cea9cd79:18762
workLoop @ chunk-GCPV6VEH.js?v=cea9cd79:195
flushWork @ chunk-GCPV6VEH.js?v=cea9cd79:174
performWorkUntilDeadline @ chunk-GCPV6VEH.js?v=cea9cd79:382
TacticsErrorBoundary.tsx:52 Error Info: {componentStack: '\n    at MotionDOMComponent (http://localhost:8000/…mponents/security/SecurityErrorBoundary.tsx:31:5)'} Error Component Stack
    at TacticsErrorBoundary (TacticsErrorBoundary.tsx:28:5)
    at Suspense (<anonymous>)
    at div (<anonymous>)
    at div (<anonymous>)
    at ResponsiveContainer (AdaptiveLayout.tsx:20:3)
    at ResponsivePage (ResponsivePage.tsx:22:3)
    at TacticsBoardPageComponent (TacticsBoardPage.tsx:17:20)
    at div (<anonymous>)
    at MotionDOMComponent (framer-motion.js?v=e8613d71:4866:40)
    at PresenceChild (framer-motion.js?v=e8613d71:3971:24)
    at AnimatePresence (framer-motion.js?v=e8613d71:4044:26)
    at PageTransition (AnimationSystem.tsx:237:65)
    at RenderedRoute (react-router-dom.js?v=e8613d71:4080:5)
    at Outlet (react-router-dom.js?v=e8613d71:4486:26)
    at div (<anonymous>)
    at main (<anonymous>)
    at div (<anonymous>)
    at Layout (Layout.tsx:66:42)
    at RenderedRoute (react-router-dom.js?v=e8613d71:4080:5)
    at Outlet (react-router-dom.js?v=e8613d71:4486:26)
    at ProtectedRoute (ProtectedRoute.tsx:19:3)
    at RenderedRoute (react-router-dom.js?v=e8613d71:4080:5)
    at Routes (react-router-dom.js?v=e8613d71:4550:5)
    at PresenceChild (framer-motion.js?v=e8613d71:3971:24)
    at AnimatePresence (framer-motion.js?v=e8613d71:4044:26)
    at Suspense (<anonymous>)
    at div (<anonymous>)
    at AppContent (App.tsx:48:25)
    at AccessibilityProvider (AccessibilityComponents.tsx:23:76)
    at div (<anonymous>)
    at MotionDOMComponent (framer-motion.js?v=e8613d71:4866:40)
    at PresenceChild (framer-motion.js?v=e8613d71:3971:24)
    at AnimatePresence (framer-motion.js?v=e8613d71:4044:26)
    at ThemeProvider (ThemeContext.tsx:327:3)
    at App (<anonymous>)
    at ChallengeProvider (ChallengeContext.tsx:434:71)
    at AppProvider (AppProvider.tsx:87:72)
    at Router (react-router-dom.js?v=e8613d71:4493:15)
    at HashRouter (react-router-dom.js?v=e8613d71:5273:5)
    at SecurityProvider (SecurityProvider.tsx:47:36)
    at SecurityErrorBoundary (SecurityErrorBoundary.tsx:52:5)
overrideMethod @ hook.js:608
componentDidCatch @ TacticsErrorBoundary.tsx:52
callback @ chunk-GCPV6VEH.js?v=cea9cd79:14126
callCallback @ chunk-GCPV6VEH.js?v=cea9cd79:11290
commitUpdateQueue @ chunk-GCPV6VEH.js?v=cea9cd79:11307
commitLayoutEffectOnFiber @ chunk-GCPV6VEH.js?v=cea9cd79:17117
commitLayoutMountEffects_complete @ chunk-GCPV6VEH.js?v=cea9cd79:18024
commitLayoutEffects_begin @ chunk-GCPV6VEH.js?v=cea9cd79:18013
commitLayoutEffects_begin @ chunk-GCPV6VEH.js?v=cea9cd79:17994
commitLayoutEffects_begin @ chunk-GCPV6VEH.js?v=cea9cd79:17994
commitLayoutEffects @ chunk-GCPV6VEH.js?v=cea9cd79:17964
commitRootImpl @ chunk-GCPV6VEH.js?v=cea9cd79:19400
commitRoot @ chunk-GCPV6VEH.js?v=cea9cd79:19324
performSyncWorkOnRoot @ chunk-GCPV6VEH.js?v=cea9cd79:18942
flushSyncCallbacks @ chunk-GCPV6VEH.js?v=cea9cd79:9160
commitRootImpl @ chunk-GCPV6VEH.js?v=cea9cd79:19479
commitRoot @ chunk-GCPV6VEH.js?v=cea9cd79:19324
finishConcurrentRender @ chunk-GCPV6VEH.js?v=cea9cd79:18852
performConcurrentWorkOnRoot @ chunk-GCPV6VEH.js?v=cea9cd79:18762
workLoop @ chunk-GCPV6VEH.js?v=cea9cd79:195
flushWork @ chunk-GCPV6VEH.js?v=cea9cd79:174
performWorkUntilDeadline @ chunk-GCPV6VEH.js?v=cea9cd79:382
hook.js:608 The above error occurred in the <ForwardRef(motion.div)> component:

    at MotionDOMComponent (http://localhost:8000/node_modules/.vite/deps/framer-motion.js?v=e8613d71:4866:40)
    at http://localhost:8000/src/components/tactics/PlayerToken.tsx:457:7
    at div
    at div
    at MotionDOMComponent (http://localhost:8000/node_modules/.vite/deps/framer-motion.js?v=e8613d71:4866:40)
    at div
    at ModernField (http://localhost:8000/src/components/tactics/ModernField.tsx:32:3)
    at main
    at div
    at div
    at div
    at UnifiedTacticsBoard (http://localhost:8000/src/components/tactics/UnifiedTacticsBoard.tsx:119:3)
    at TacticsErrorBoundary (http://localhost:8000/src/components/boundaries/TacticsErrorBoundary.tsx:8:5)
    at Suspense
    at div
    at div
    at ResponsiveContainer (http://localhost:8000/src/components/Layout/AdaptiveLayout.tsx:20:3)
    at ResponsivePage (http://localhost:8000/src/components/Layout/ResponsivePage.tsx:19:3)
    at TacticsBoardPageComponent (http://localhost:8000/src/pages/TacticsBoardPage.tsx:35:20)
    at div
    at MotionDOMComponent (http://localhost:8000/node_modules/.vite/deps/framer-motion.js?v=e8613d71:4866:40)
    at PresenceChild (http://localhost:8000/node_modules/.vite/deps/framer-motion.js?v=e8613d71:3971:24)
    at AnimatePresence (http://localhost:8000/node_modules/.vite/deps/framer-motion.js?v=e8613d71:4044:26)
    at PageTransition (http://localhost:8000/src/components/ui/AnimationSystem.tsx:225:34)
    at RenderedRoute (http://localhost:8000/node_modules/.vite/deps/react-router-dom.js?v=e8613d71:4080:5)
    at Outlet (http://localhost:8000/node_modules/.vite/deps/react-router-dom.js?v=e8613d71:4486:26)
    at div
    at main
    at div
    at Layout (http://localhost:8000/src/components/Layout.tsx:82:19)
    at RenderedRoute (http://localhost:8000/node_modules/.vite/deps/react-router-dom.js?v=e8613d71:4080:5)
    at Outlet (http://localhost:8000/node_modules/.vite/deps/react-router-dom.js?v=e8613d71:4486:26)
    at ProtectedRoute (http://localhost:8000/src/components/ProtectedRoute.tsx:23:3)
    at RenderedRoute (http://localhost:8000/node_modules/.vite/deps/react-router-dom.js?v=e8613d71:4080:5)
    at Routes (http://localhost:8000/node_modules/.vite/deps/react-router-dom.js?v=e8613d71:4550:5)
    at PresenceChild (http://localhost:8000/node_modules/.vite/deps/framer-motion.js?v=e8613d71:3971:24)
    at AnimatePresence (http://localhost:8000/node_modules/.vite/deps/framer-motion.js?v=e8613d71:4044:26)
    at Suspense
    at div
    at AppContent (http://localhost:8000/App.tsx:95:25)
    at AccessibilityProvider (http://localhost:8000/src/components/ui/AccessibilityComponents.tsx:28:41)
    at div
    at MotionDOMComponent (http://localhost:8000/node_modules/.vite/deps/framer-motion.js?v=e8613d71:4866:40)
    at PresenceChild (http://localhost:8000/node_modules/.vite/deps/framer-motion.js?v=e8613d71:3971:24)
    at AnimatePresence (http://localhost:8000/node_modules/.vite/deps/framer-motion.js?v=e8613d71:4044:26)
    at ThemeProvider (http://localhost:8000/src/context/ThemeContext.tsx:324:3)
    at App
    at ChallengeProvider (http://localhost:8000/src/context/ChallengeContext.tsx:284:37)
    at AppProvider (http://localhost:8000/src/context/AppProvider.tsx:95:31)
    at Router (http://localhost:8000/node_modules/.vite/deps/react-router-dom.js?v=e8613d71:4493:15)
    at HashRouter (http://localhost:8000/node_modules/.vite/deps/react-router-dom.js?v=e8613d71:5273:5)
    at SecurityProvider (http://localhost:8000/src/components/security/SecurityProvider.tsx:29:36)
    at SecurityErrorBoundary (http://localhost:8000/src/components/security/SecurityErrorBoundary.tsx:31:5)

React will try to recreate this component tree from scratch using the error boundary you provided, TacticsErrorBoundary.
overrideMethod @ hook.js:608
logCapturedError @ chunk-GCPV6VEH.js?v=cea9cd79:14074
callback @ chunk-GCPV6VEH.js?v=cea9cd79:14120
callCallback @ chunk-GCPV6VEH.js?v=cea9cd79:11290
commitUpdateQueue @ chunk-GCPV6VEH.js?v=cea9cd79:11307
commitLayoutEffectOnFiber @ chunk-GCPV6VEH.js?v=cea9cd79:17117
commitLayoutMountEffects_complete @ chunk-GCPV6VEH.js?v=cea9cd79:18024
commitLayoutEffects_begin @ chunk-GCPV6VEH.js?v=cea9cd79:18013
commitLayoutEffects_begin @ chunk-GCPV6VEH.js?v=cea9cd79:17994
commitLayoutEffects_begin @ chunk-GCPV6VEH.js?v=cea9cd79:17994
commitLayoutEffects @ chunk-GCPV6VEH.js?v=cea9cd79:17964
commitRootImpl @ chunk-GCPV6VEH.js?v=cea9cd79:19400
commitRoot @ chunk-GCPV6VEH.js?v=cea9cd79:19324
performSyncWorkOnRoot @ chunk-GCPV6VEH.js?v=cea9cd79:18942
flushSyncCallbacks @ chunk-GCPV6VEH.js?v=cea9cd79:9160
commitRootImpl @ chunk-GCPV6VEH.js?v=cea9cd79:19479
commitRoot @ chunk-GCPV6VEH.js?v=cea9cd79:19324
finishConcurrentRender @ chunk-GCPV6VEH.js?v=cea9cd79:18852
performConcurrentWorkOnRoot @ chunk-GCPV6VEH.js?v=cea9cd79:18762
workLoop @ chunk-GCPV6VEH.js?v=cea9cd79:195
flushWork @ chunk-GCPV6VEH.js?v=cea9cd79:174
performWorkUntilDeadline @ chunk-GCPV6VEH.js?v=cea9cd79:382
TacticsErrorBoundary.tsx:51 TacticsErrorBoundary caught an error in UnifiedTacticsBoard: TypeError: animate2.subscribe is not a function
    at AnimationFeature.updateAnimationControlsSubscription (framer-motion.js?v=e8613d71:6102:39)
    at AnimationFeature.mount (framer-motion.js?v=e8613d71:6109:10)
    at HTMLVisualElement.updateFeatures (framer-motion.js?v=e8613d71:5287:19)
    at framer-motion.js?v=e8613d71:4811:19
    at commitHookEffectListMount (chunk-GCPV6VEH.js?v=cea9cd79:16957:34)
    at invokeLayoutEffectMountInDEV (chunk-GCPV6VEH.js?v=cea9cd79:18343:19)
    at invokeEffectsInDev (chunk-GCPV6VEH.js?v=cea9cd79:19748:19)
    at commitDoubleInvokeEffectsInDEV (chunk-GCPV6VEH.js?v=cea9cd79:19731:13)
    at flushPassiveEffectsImpl (chunk-GCPV6VEH.js?v=cea9cd79:19550:13)
    at flushPassiveEffects (chunk-GCPV6VEH.js?v=cea9cd79:19494:22) Error Component Stack
    at TacticsErrorBoundary (TacticsErrorBoundary.tsx:28:5)
    at Suspense (<anonymous>)
    at div (<anonymous>)
    at div (<anonymous>)
    at ResponsiveContainer (AdaptiveLayout.tsx:20:3)
    at ResponsivePage (ResponsivePage.tsx:22:3)
    at TacticsBoardPageComponent (TacticsBoardPage.tsx:17:20)
    at div (<anonymous>)
    at MotionDOMComponent (framer-motion.js?v=e8613d71:4866:40)
    at PresenceChild (framer-motion.js?v=e8613d71:3971:24)
    at AnimatePresence (framer-motion.js?v=e8613d71:4044:26)
    at PageTransition (AnimationSystem.tsx:237:65)
    at RenderedRoute (react-router-dom.js?v=e8613d71:4080:5)
    at Outlet (react-router-dom.js?v=e8613d71:4486:26)
    at div (<anonymous>)
    at main (<anonymous>)
    at div (<anonymous>)
    at Layout (Layout.tsx:66:42)
    at RenderedRoute (react-router-dom.js?v=e8613d71:4080:5)
    at Outlet (react-router-dom.js?v=e8613d71:4486:26)
    at ProtectedRoute (ProtectedRoute.tsx:19:3)
    at RenderedRoute (react-router-dom.js?v=e8613d71:4080:5)
    at Routes (react-router-dom.js?v=e8613d71:4550:5)
    at PresenceChild (framer-motion.js?v=e8613d71:3971:24)
    at AnimatePresence (framer-motion.js?v=e8613d71:4044:26)
    at Suspense (<anonymous>)
    at div (<anonymous>)
    at AppContent (App.tsx:48:25)
    at AccessibilityProvider (AccessibilityComponents.tsx:23:76)
    at div (<anonymous>)
    at MotionDOMComponent (framer-motion.js?v=e8613d71:4866:40)
    at PresenceChild (framer-motion.js?v=e8613d71:3971:24)
    at AnimatePresence (framer-motion.js?v=e8613d71:4044:26)
    at ThemeProvider (ThemeContext.tsx:327:3)
    at App (<anonymous>)
    at ChallengeProvider (ChallengeContext.tsx:434:71)
    at AppProvider (AppProvider.tsx:87:72)
    at Router (react-router-dom.js?v=e8613d71:4493:15)
    at HashRouter (react-router-dom.js?v=e8613d71:5273:5)
    at SecurityProvider (SecurityProvider.tsx:47:36)
    at SecurityErrorBoundary (SecurityErrorBoundary.tsx:52:5)
overrideMethod @ hook.js:608
componentDidCatch @ TacticsErrorBoundary.tsx:51
callback @ chunk-GCPV6VEH.js?v=cea9cd79:14126
callCallback @ chunk-GCPV6VEH.js?v=cea9cd79:11290
commitUpdateQueue @ chunk-GCPV6VEH.js?v=cea9cd79:11307
commitLayoutEffectOnFiber @ chunk-GCPV6VEH.js?v=cea9cd79:17117
commitLayoutMountEffects_complete @ chunk-GCPV6VEH.js?v=cea9cd79:18024
commitLayoutEffects_begin @ chunk-GCPV6VEH.js?v=cea9cd79:18013
commitLayoutEffects_begin @ chunk-GCPV6VEH.js?v=cea9cd79:17994
commitLayoutEffects_begin @ chunk-GCPV6VEH.js?v=cea9cd79:17994
commitLayoutEffects @ chunk-GCPV6VEH.js?v=cea9cd79:17964
commitRootImpl @ chunk-GCPV6VEH.js?v=cea9cd79:19400
commitRoot @ chunk-GCPV6VEH.js?v=cea9cd79:19324
performSyncWorkOnRoot @ chunk-GCPV6VEH.js?v=cea9cd79:18942
flushSyncCallbacks @ chunk-GCPV6VEH.js?v=cea9cd79:9160
commitRootImpl @ chunk-GCPV6VEH.js?v=cea9cd79:19479
commitRoot @ chunk-GCPV6VEH.js?v=cea9cd79:19324
finishConcurrentRender @ chunk-GCPV6VEH.js?v=cea9cd79:18852
performConcurrentWorkOnRoot @ chunk-GCPV6VEH.js?v=cea9cd79:18762
workLoop @ chunk-GCPV6VEH.js?v=cea9cd79:195
flushWork @ chunk-GCPV6VEH.js?v=cea9cd79:174
performWorkUntilDeadline @ chunk-GCPV6VEH.js?v=cea9cd79:382
TacticsErrorBoundary.tsx:52 Error Info: {componentStack: '\n    at MotionDOMComponent (http://localhost:8000/…mponents/security/SecurityErrorBoundary.tsx:31:5)'} Error Component Stack
    at TacticsErrorBoundary (TacticsErrorBoundary.tsx:28:5)
    at Suspense (<anonymous>)
    at div (<anonymous>)
    at div (<anonymous>)
    at ResponsiveContainer (AdaptiveLayout.tsx:20:3)
    at ResponsivePage (ResponsivePage.tsx:22:3)
    at TacticsBoardPageComponent (TacticsBoardPage.tsx:17:20)
    at div (<anonymous>)
    at MotionDOMComponent (framer-motion.js?v=e8613d71:4866:40)
    at PresenceChild (framer-motion.js?v=e8613d71:3971:24)
    at AnimatePresence (framer-motion.js?v=e8613d71:4044:26)
    at PageTransition (AnimationSystem.tsx:237:65)
    at RenderedRoute (react-router-dom.js?v=e8613d71:4080:5)
    at Outlet (react-router-dom.js?v=e8613d71:4486:26)
    at div (<anonymous>)
    at main (<anonymous>)
    at div (<anonymous>)
    at Layout (Layout.tsx:66:42)
    at RenderedRoute (react-router-dom.js?v=e8613d71:4080:5)
    at Outlet (react-router-dom.js?v=e8613d71:4486:26)
    at ProtectedRoute (ProtectedRoute.tsx:19:3)
    at RenderedRoute (react-router-dom.js?v=e8613d71:4080:5)
    at Routes (react-router-dom.js?v=e8613d71:4550:5)
    at PresenceChild (framer-motion.js?v=e8613d71:3971:24)
    at AnimatePresence (framer-motion.js?v=e8613d71:4044:26)
    at Suspense (<anonymous>)
    at div (<anonymous>)
    at AppContent (App.tsx:48:25)
    at AccessibilityProvider (AccessibilityComponents.tsx:23:76)
    at div (<anonymous>)
    at MotionDOMComponent (framer-motion.js?v=e8613d71:4866:40)
    at PresenceChild (framer-motion.js?v=e8613d71:3971:24)
    at AnimatePresence (framer-motion.js?v=e8613d71:4044:26)
    at ThemeProvider (ThemeContext.tsx:327:3)
    at App (<anonymous>)
    at ChallengeProvider (ChallengeContext.tsx:434:71)
    at AppProvider (AppProvider.tsx:87:72)
    at Router (react-router-dom.js?v=e8613d71:4493:15)
    at HashRouter (react-router-dom.js?v=e8613d71:5273:5)
    at SecurityProvider (SecurityProvider.tsx:47:36)
    at SecurityErrorBoundary (SecurityErrorBoundary.tsx:52:5)
overrideMethod @ hook.js:608
componentDidCatch @ TacticsErrorBoundary.tsx:52
callback @ chunk-GCPV6VEH.js?v=cea9cd79:14126
callCallback @ chunk-GCPV6VEH.js?v=cea9cd79:11290
commitUpdateQueue @ chunk-GCPV6VEH.js?v=cea9cd79:11307
commitLayoutEffectOnFiber @ chunk-GCPV6VEH.js?v=cea9cd79:17117
commitLayoutMountEffects_complete @ chunk-GCPV6VEH.js?v=cea9cd79:18024
commitLayoutEffects_begin @ chunk-GCPV6VEH.js?v=cea9cd79:18013
commitLayoutEffects_begin @ chunk-GCPV6VEH.js?v=cea9cd79:17994
commitLayoutEffects_begin @ chunk-GCPV6VEH.js?v=cea9cd79:17994
commitLayoutEffects @ chunk-GCPV6VEH.js?v=cea9cd79:17964
commitRootImpl @ chunk-GCPV6VEH.js?v=cea9cd79:19400
commitRoot @ chunk-GCPV6VEH.js?v=cea9cd79:19324
performSyncWorkOnRoot @ chunk-GCPV6VEH.js?v=cea9cd79:18942
flushSyncCallbacks @ chunk-GCPV6VEH.js?v=cea9cd79:9160
commitRootImpl @ chunk-GCPV6VEH.js?v=cea9cd79:19479
commitRoot @ chunk-GCPV6VEH.js?v=cea9cd79:19324
finishConcurrentRender @ chunk-GCPV6VEH.js?v=cea9cd79:18852
performConcurrentWorkOnRoot @ chunk-GCPV6VEH.js?v=cea9cd79:18762
workLoop @ chunk-GCPV6VEH.js?v=cea9cd79:195
flushWork @ chunk-GCPV6VEH.js?v=cea9cd79:174
performWorkUntilDeadline @ chunk-GCPV6VEH.js?v=cea9cd79:382
hook.js:608 The above error occurred in the <ForwardRef(motion.div)> component:

    at MotionDOMComponent (http://localhost:8000/node_modules/.vite/deps/framer-motion.js?v=e8613d71:4866:40)
    at http://localhost:8000/src/components/tactics/PlayerToken.tsx:457:7
    at div
    at div
    at MotionDOMComponent (http://localhost:8000/node_modules/.vite/deps/framer-motion.js?v=e8613d71:4866:40)
    at div
    at ModernField (http://localhost:8000/src/components/tactics/ModernField.tsx:32:3)
    at main
    at div
    at div
    at div
    at UnifiedTacticsBoard (http://localhost:8000/src/components/tactics/UnifiedTacticsBoard.tsx:119:3)
    at TacticsErrorBoundary (http://localhost:8000/src/components/boundaries/TacticsErrorBoundary.tsx:8:5)
    at Suspense
    at div
    at div
    at ResponsiveContainer (http://localhost:8000/src/components/Layout/AdaptiveLayout.tsx:20:3)
    at ResponsivePage (http://localhost:8000/src/components/Layout/ResponsivePage.tsx:19:3)
    at TacticsBoardPageComponent (http://localhost:8000/src/pages/TacticsBoardPage.tsx:35:20)
    at div
    at MotionDOMComponent (http://localhost:8000/node_modules/.vite/deps/framer-motion.js?v=e8613d71:4866:40)
    at PresenceChild (http://localhost:8000/node_modules/.vite/deps/framer-motion.js?v=e8613d71:3971:24)
    at AnimatePresence (http://localhost:8000/node_modules/.vite/deps/framer-motion.js?v=e8613d71:4044:26)
    at PageTransition (http://localhost:8000/src/components/ui/AnimationSystem.tsx:225:34)
    at RenderedRoute (http://localhost:8000/node_modules/.vite/deps/react-router-dom.js?v=e8613d71:4080:5)
    at Outlet (http://localhost:8000/node_modules/.vite/deps/react-router-dom.js?v=e8613d71:4486:26)
    at div
    at main
    at div
    at Layout (http://localhost:8000/src/components/Layout.tsx:82:19)
    at RenderedRoute (http://localhost:8000/node_modules/.vite/deps/react-router-dom.js?v=e8613d71:4080:5)
    at Outlet (http://localhost:8000/node_modules/.vite/deps/react-router-dom.js?v=e8613d71:4486:26)
    at ProtectedRoute (http://localhost:8000/src/components/ProtectedRoute.tsx:23:3)
    at RenderedRoute (http://localhost:8000/node_modules/.vite/deps/react-router-dom.js?v=e8613d71:4080:5)
    at Routes (http://localhost:8000/node_modules/.vite/deps/react-router-dom.js?v=e8613d71:4550:5)
    at PresenceChild (http://localhost:8000/node_modules/.vite/deps/framer-motion.js?v=e8613d71:3971:24)
    at AnimatePresence (http://localhost:8000/node_modules/.vite/deps/framer-motion.js?v=e8613d71:4044:26)
    at Suspense
    at div
    at AppContent (http://localhost:8000/App.tsx:95:25)
    at AccessibilityProvider (http://localhost:8000/src/components/ui/AccessibilityComponents.tsx:28:41)
    at div
    at MotionDOMComponent (http://localhost:8000/node_modules/.vite/deps/framer-motion.js?v=e8613d71:4866:40)
    at PresenceChild (http://localhost:8000/node_modules/.vite/deps/framer-motion.js?v=e8613d71:3971:24)
    at AnimatePresence (http://localhost:8000/node_modules/.vite/deps/framer-motion.js?v=e8613d71:4044:26)
    at ThemeProvider (http://localhost:8000/src/context/ThemeContext.tsx:324:3)
    at App
    at ChallengeProvider (http://localhost:8000/src/context/ChallengeContext.tsx:284:37)
    at AppProvider (http://localhost:8000/src/context/AppProvider.tsx:95:31)
    at Router (http://localhost:8000/node_modules/.vite/deps/react-router-dom.js?v=e8613d71:4493:15)
    at HashRouter (http://localhost:8000/node_modules/.vite/deps/react-router-dom.js?v=e8613d71:5273:5)
    at SecurityProvider (http://localhost:8000/src/components/security/SecurityProvider.tsx:29:36)
    at SecurityErrorBoundary (http://localhost:8000/src/components/security/SecurityErrorBoundary.tsx:31:5)

React will try to recreate this component tree from scratch using the error boundary you provided, TacticsErrorBoundary.
overrideMethod @ hook.js:608
logCapturedError @ chunk-GCPV6VEH.js?v=cea9cd79:14074
callback @ chunk-GCPV6VEH.js?v=cea9cd79:14120
callCallback @ chunk-GCPV6VEH.js?v=cea9cd79:11290
commitUpdateQueue @ chunk-GCPV6VEH.js?v=cea9cd79:11307
commitLayoutEffectOnFiber @ chunk-GCPV6VEH.js?v=cea9cd79:17117
commitLayoutMountEffects_complete @ chunk-GCPV6VEH.js?v=cea9cd79:18024
commitLayoutEffects_begin @ chunk-GCPV6VEH.js?v=cea9cd79:18013
commitLayoutEffects_begin @ chunk-GCPV6VEH.js?v=cea9cd79:17994
commitLayoutEffects_begin @ chunk-GCPV6VEH.js?v=cea9cd79:17994
commitLayoutEffects @ chunk-GCPV6VEH.js?v=cea9cd79:17964
commitRootImpl @ chunk-GCPV6VEH.js?v=cea9cd79:19400
commitRoot @ chunk-GCPV6VEH.js?v=cea9cd79:19324
performSyncWorkOnRoot @ chunk-GCPV6VEH.js?v=cea9cd79:18942
flushSyncCallbacks @ chunk-GCPV6VEH.js?v=cea9cd79:9160
commitRootImpl @ chunk-GCPV6VEH.js?v=cea9cd79:19479
commitRoot @ chunk-GCPV6VEH.js?v=cea9cd79:19324
finishConcurrentRender @ chunk-GCPV6VEH.js?v=cea9cd79:18852
performConcurrentWorkOnRoot @ chunk-GCPV6VEH.js?v=cea9cd79:18762
workLoop @ chunk-GCPV6VEH.js?v=cea9cd79:195
flushWork @ chunk-GCPV6VEH.js?v=cea9cd79:174
performWorkUntilDeadline @ chunk-GCPV6VEH.js?v=cea9cd79:382
TacticsErrorBoundary.tsx:51 TacticsErrorBoundary caught an error in UnifiedTacticsBoard: TypeError: animate2.subscribe is not a function
    at AnimationFeature.updateAnimationControlsSubscription (framer-motion.js?v=e8613d71:6102:39)
    at AnimationFeature.mount (framer-motion.js?v=e8613d71:6109:10)
    at HTMLVisualElement.updateFeatures (framer-motion.js?v=e8613d71:5287:19)
    at framer-motion.js?v=e8613d71:4811:19
    at commitHookEffectListMount (chunk-GCPV6VEH.js?v=cea9cd79:16957:34)
    at invokeLayoutEffectMountInDEV (chunk-GCPV6VEH.js?v=cea9cd79:18343:19)
    at invokeEffectsInDev (chunk-GCPV6VEH.js?v=cea9cd79:19748:19)
    at commitDoubleInvokeEffectsInDEV (chunk-GCPV6VEH.js?v=cea9cd79:19731:13)
    at flushPassiveEffectsImpl (chunk-GCPV6VEH.js?v=cea9cd79:19550:13)
    at flushPassiveEffects (chunk-GCPV6VEH.js?v=cea9cd79:19494:22) Error Component Stack
    at TacticsErrorBoundary (TacticsErrorBoundary.tsx:28:5)
    at Suspense (<anonymous>)
    at div (<anonymous>)
    at div (<anonymous>)
    at ResponsiveContainer (AdaptiveLayout.tsx:20:3)
    at ResponsivePage (ResponsivePage.tsx:22:3)
    at TacticsBoardPageComponent (TacticsBoardPage.tsx:17:20)
    at div (<anonymous>)
    at MotionDOMComponent (framer-motion.js?v=e8613d71:4866:40)
    at PresenceChild (framer-motion.js?v=e8613d71:3971:24)
    at AnimatePresence (framer-motion.js?v=e8613d71:4044:26)
    at PageTransition (AnimationSystem.tsx:237:65)
    at RenderedRoute (react-router-dom.js?v=e8613d71:4080:5)
    at Outlet (react-router-dom.js?v=e8613d71:4486:26)
    at div (<anonymous>)
    at main (<anonymous>)
    at div (<anonymous>)
    at Layout (Layout.tsx:66:42)
    at RenderedRoute (react-router-dom.js?v=e8613d71:4080:5)
    at Outlet (react-router-dom.js?v=e8613d71:4486:26)
    at ProtectedRoute (ProtectedRoute.tsx:19:3)
    at RenderedRoute (react-router-dom.js?v=e8613d71:4080:5)
    at Routes (react-router-dom.js?v=e8613d71:4550:5)
    at PresenceChild (framer-motion.js?v=e8613d71:3971:24)
    at AnimatePresence (framer-motion.js?v=e8613d71:4044:26)
    at Suspense (<anonymous>)
    at div (<anonymous>)
    at AppContent (App.tsx:48:25)
    at AccessibilityProvider (AccessibilityComponents.tsx:23:76)
    at div (<anonymous>)
    at MotionDOMComponent (framer-motion.js?v=e8613d71:4866:40)
    at PresenceChild (framer-motion.js?v=e8613d71:3971:24)
    at AnimatePresence (framer-motion.js?v=e8613d71:4044:26)
    at ThemeProvider (ThemeContext.tsx:327:3)
    at App (<anonymous>)
    at ChallengeProvider (ChallengeContext.tsx:434:71)
    at AppProvider (AppProvider.tsx:87:72)
    at Router (react-router-dom.js?v=e8613d71:4493:15)
    at HashRouter (react-router-dom.js?v=e8613d71:5273:5)
    at SecurityProvider (SecurityProvider.tsx:47:36)
    at SecurityErrorBoundary (SecurityErrorBoundary.tsx:52:5)
overrideMethod @ hook.js:608
componentDidCatch @ TacticsErrorBoundary.tsx:51
callback @ chunk-GCPV6VEH.js?v=cea9cd79:14126
callCallback @ chunk-GCPV6VEH.js?v=cea9cd79:11290
commitUpdateQueue @ chunk-GCPV6VEH.js?v=cea9cd79:11307
commitLayoutEffectOnFiber @ chunk-GCPV6VEH.js?v=cea9cd79:17117
commitLayoutMountEffects_complete @ chunk-GCPV6VEH.js?v=cea9cd79:18024
commitLayoutEffects_begin @ chunk-GCPV6VEH.js?v=cea9cd79:18013
commitLayoutEffects_begin @ chunk-GCPV6VEH.js?v=cea9cd79:17994
commitLayoutEffects_begin @ chunk-GCPV6VEH.js?v=cea9cd79:17994
commitLayoutEffects @ chunk-GCPV6VEH.js?v=cea9cd79:17964
commitRootImpl @ chunk-GCPV6VEH.js?v=cea9cd79:19400
commitRoot @ chunk-GCPV6VEH.js?v=cea9cd79:19324
performSyncWorkOnRoot @ chunk-GCPV6VEH.js?v=cea9cd79:18942
flushSyncCallbacks @ chunk-GCPV6VEH.js?v=cea9cd79:9160
commitRootImpl @ chunk-GCPV6VEH.js?v=cea9cd79:19479
commitRoot @ chunk-GCPV6VEH.js?v=cea9cd79:19324
finishConcurrentRender @ chunk-GCPV6VEH.js?v=cea9cd79:18852
performConcurrentWorkOnRoot @ chunk-GCPV6VEH.js?v=cea9cd79:18762
workLoop @ chunk-GCPV6VEH.js?v=cea9cd79:195
flushWork @ chunk-GCPV6VEH.js?v=cea9cd79:174
performWorkUntilDeadline @ chunk-GCPV6VEH.js?v=cea9cd79:382
TacticsErrorBoundary.tsx:52 Error Info: {componentStack: '\n    at MotionDOMComponent (http://localhost:8000/…mponents/security/SecurityErrorBoundary.tsx:31:5)'} Error Component Stack
    at TacticsErrorBoundary (TacticsErrorBoundary.tsx:28:5)
    at Suspense (<anonymous>)
    at div (<anonymous>)
    at div (<anonymous>)
    at ResponsiveContainer (AdaptiveLayout.tsx:20:3)
    at ResponsivePage (ResponsivePage.tsx:22:3)
    at TacticsBoardPageComponent (TacticsBoardPage.tsx:17:20)
    at div (<anonymous>)
    at MotionDOMComponent (framer-motion.js?v=e8613d71:4866:40)
    at PresenceChild (framer-motion.js?v=e8613d71:3971:24)
    at AnimatePresence (framer-motion.js?v=e8613d71:4044:26)
    at PageTransition (AnimationSystem.tsx:237:65)
    at RenderedRoute (react-router-dom.js?v=e8613d71:4080:5)
    at Outlet (react-router-dom.js?v=e8613d71:4486:26)
    at div (<anonymous>)
    at main (<anonymous>)
    at div (<anonymous>)
    at Layout (Layout.tsx:66:42)
    at RenderedRoute (react-router-dom.js?v=e8613d71:4080:5)
    at Outlet (react-router-dom.js?v=e8613d71:4486:26)
    at ProtectedRoute (ProtectedRoute.tsx:19:3)
    at RenderedRoute (react-router-dom.js?v=e8613d71:4080:5)
    at Routes (react-router-dom.js?v=e8613d71:4550:5)
    at PresenceChild (framer-motion.js?v=e8613d71:3971:24)
    at AnimatePresence (framer-motion.js?v=e8613d71:4044:26)
    at Suspense (<anonymous>)
    at div (<anonymous>)
    at AppContent (App.tsx:48:25)
    at AccessibilityProvider (AccessibilityComponents.tsx:23:76)
    at div (<anonymous>)
    at MotionDOMComponent (framer-motion.js?v=e8613d71:4866:40)
    at PresenceChild (framer-motion.js?v=e8613d71:3971:24)
    at AnimatePresence (framer-motion.js?v=e8613d71:4044:26)
    at ThemeProvider (ThemeContext.tsx:327:3)
    at App (<anonymous>)
    at ChallengeProvider (ChallengeContext.tsx:434:71)
    at AppProvider (AppProvider.tsx:87:72)
    at Router (react-router-dom.js?v=e8613d71:4493:15)
    at HashRouter (react-router-dom.js?v=e8613d71:5273:5)
    at SecurityProvider (SecurityProvider.tsx:47:36)
    at SecurityErrorBoundary (SecurityErrorBoundary.tsx:52:5)
overrideMethod @ hook.js:608
componentDidCatch @ TacticsErrorBoundary.tsx:52
callback @ chunk-GCPV6VEH.js?v=cea9cd79:14126
callCallback @ chunk-GCPV6VEH.js?v=cea9cd79:11290
commitUpdateQueue @ chunk-GCPV6VEH.js?v=cea9cd79:11307
commitLayoutEffectOnFiber @ chunk-GCPV6VEH.js?v=cea9cd79:17117
commitLayoutMountEffects_complete @ chunk-GCPV6VEH.js?v=cea9cd79:18024
commitLayoutEffects_begin @ chunk-GCPV6VEH.js?v=cea9cd79:18013
commitLayoutEffects_begin @ chunk-GCPV6VEH.js?v=cea9cd79:17994
commitLayoutEffects_begin @ chunk-GCPV6VEH.js?v=cea9cd79:17994
commitLayoutEffects @ chunk-GCPV6VEH.js?v=cea9cd79:17964
commitRootImpl @ chunk-GCPV6VEH.js?v=cea9cd79:19400
commitRoot @ chunk-GCPV6VEH.js?v=cea9cd79:19324
performSyncWorkOnRoot @ chunk-GCPV6VEH.js?v=cea9cd79:18942
flushSyncCallbacks @ chunk-GCPV6VEH.js?v=cea9cd79:9160
commitRootImpl @ chunk-GCPV6VEH.js?v=cea9cd79:19479
commitRoot @ chunk-GCPV6VEH.js?v=cea9cd79:19324
finishConcurrentRender @ chunk-GCPV6VEH.js?v=cea9cd79:18852
performConcurrentWorkOnRoot @ chunk-GCPV6VEH.js?v=cea9cd79:18762
workLoop @ chunk-GCPV6VEH.js?v=cea9cd79:195
flushWork @ chunk-GCPV6VEH.js?v=cea9cd79:174
performWorkUntilDeadline @ chunk-GCPV6VEH.js?v=cea9cd79:382
hook.js:608 The above error occurred in the <ForwardRef(motion.div)> component:

    at MotionDOMComponent (http://localhost:8000/node_modules/.vite/deps/framer-motion.js?v=e8613d71:4866:40)
    at http://localhost:8000/src/components/tactics/PlayerToken.tsx:457:7
    at div
    at div
    at MotionDOMComponent (http://localhost:8000/node_modules/.vite/deps/framer-motion.js?v=e8613d71:4866:40)
    at div
    at ModernField (http://localhost:8000/src/components/tactics/ModernField.tsx:32:3)
    at main
    at div
    at div
    at div
    at UnifiedTacticsBoard (http://localhost:8000/src/components/tactics/UnifiedTacticsBoard.tsx:119:3)
    at TacticsErrorBoundary (http://localhost:8000/src/components/boundaries/TacticsErrorBoundary.tsx:8:5)
    at Suspense
    at div
    at div
    at ResponsiveContainer (http://localhost:8000/src/components/Layout/AdaptiveLayout.tsx:20:3)
    at ResponsivePage (http://localhost:8000/src/components/Layout/ResponsivePage.tsx:19:3)
    at TacticsBoardPageComponent (http://localhost:8000/src/pages/TacticsBoardPage.tsx:35:20)
    at div
    at MotionDOMComponent (http://localhost:8000/node_modules/.vite/deps/framer-motion.js?v=e8613d71:4866:40)
    at PresenceChild (http://localhost:8000/node_modules/.vite/deps/framer-motion.js?v=e8613d71:3971:24)
    at AnimatePresence (http://localhost:8000/node_modules/.vite/deps/framer-motion.js?v=e8613d71:4044:26)
    at PageTransition (http://localhost:8000/src/components/ui/AnimationSystem.tsx:225:34)
    at RenderedRoute (http://localhost:8000/node_modules/.vite/deps/react-router-dom.js?v=e8613d71:4080:5)
    at Outlet (http://localhost:8000/node_modules/.vite/deps/react-router-dom.js?v=e8613d71:4486:26)
    at div
    at main
    at div
    at Layout (http://localhost:8000/src/components/Layout.tsx:82:19)
    at RenderedRoute (http://localhost:8000/node_modules/.vite/deps/react-router-dom.js?v=e8613d71:4080:5)
    at Outlet (http://localhost:8000/node_modules/.vite/deps/react-router-dom.js?v=e8613d71:4486:26)
    at ProtectedRoute (http://localhost:8000/src/components/ProtectedRoute.tsx:23:3)
    at RenderedRoute (http://localhost:8000/node_modules/.vite/deps/react-router-dom.js?v=e8613d71:4080:5)
    at Routes (http://localhost:8000/node_modules/.vite/deps/react-router-dom.js?v=e8613d71:4550:5)
    at PresenceChild (http://localhost:8000/node_modules/.vite/deps/framer-motion.js?v=e8613d71:3971:24)
    at AnimatePresence (http://localhost:8000/node_modules/.vite/deps/framer-motion.js?v=e8613d71:4044:26)
    at Suspense
    at div
    at AppContent (http://localhost:8000/App.tsx:95:25)
    at AccessibilityProvider (http://localhost:8000/src/components/ui/AccessibilityComponents.tsx:28:41)
    at div
    at MotionDOMComponent (http://localhost:8000/node_modules/.vite/deps/framer-motion.js?v=e8613d71:4866:40)
    at PresenceChild (http://localhost:8000/node_modules/.vite/deps/framer-motion.js?v=e8613d71:3971:24)
    at AnimatePresence (http://localhost:8000/node_modules/.vite/deps/framer-motion.js?v=e8613d71:4044:26)
    at ThemeProvider (http://localhost:8000/src/context/ThemeContext.tsx:324:3)
    at App
    at ChallengeProvider (http://localhost:8000/src/context/ChallengeContext.tsx:284:37)
    at AppProvider (http://localhost:8000/src/context/AppProvider.tsx:95:31)
    at Router (http://localhost:8000/node_modules/.vite/deps/react-router-dom.js?v=e8613d71:4493:15)
    at HashRouter (http://localhost:8000/node_modules/.vite/deps/react-router-dom.js?v=e8613d71:5273:5)
    at SecurityProvider (http://localhost:8000/src/components/security/SecurityProvider.tsx:29:36)
    at SecurityErrorBoundary (http://localhost:8000/src/components/security/SecurityErrorBoundary.tsx:31:5)

React will try to recreate this component tree from scratch using the error boundary you provided, TacticsErrorBoundary.
overrideMethod @ hook.js:608
logCapturedError @ chunk-GCPV6VEH.js?v=cea9cd79:14074
callback @ chunk-GCPV6VEH.js?v=cea9cd79:14120
callCallback @ chunk-GCPV6VEH.js?v=cea9cd79:11290
commitUpdateQueue @ chunk-GCPV6VEH.js?v=cea9cd79:11307
commitLayoutEffectOnFiber @ chunk-GCPV6VEH.js?v=cea9cd79:17117
commitLayoutMountEffects_complete @ chunk-GCPV6VEH.js?v=cea9cd79:18024
commitLayoutEffects_begin @ chunk-GCPV6VEH.js?v=cea9cd79:18013
commitLayoutEffects_begin @ chunk-GCPV6VEH.js?v=cea9cd79:17994
commitLayoutEffects_begin @ chunk-GCPV6VEH.js?v=cea9cd79:17994
commitLayoutEffects @ chunk-GCPV6VEH.js?v=cea9cd79:17964
commitRootImpl @ chunk-GCPV6VEH.js?v=cea9cd79:19400
commitRoot @ chunk-GCPV6VEH.js?v=cea9cd79:19324
performSyncWorkOnRoot @ chunk-GCPV6VEH.js?v=cea9cd79:18942
flushSyncCallbacks @ chunk-GCPV6VEH.js?v=cea9cd79:9160
commitRootImpl @ chunk-GCPV6VEH.js?v=cea9cd79:19479
commitRoot @ chunk-GCPV6VEH.js?v=cea9cd79:19324
finishConcurrentRender @ chunk-GCPV6VEH.js?v=cea9cd79:18852
performConcurrentWorkOnRoot @ chunk-GCPV6VEH.js?v=cea9cd79:18762
workLoop @ chunk-GCPV6VEH.js?v=cea9cd79:195
flushWork @ chunk-GCPV6VEH.js?v=cea9cd79:174
performWorkUntilDeadline @ chunk-GCPV6VEH.js?v=cea9cd79:382
TacticsErrorBoundary.tsx:51 TacticsErrorBoundary caught an error in UnifiedTacticsBoard: TypeError: animate2.subscribe is not a function
    at AnimationFeature.updateAnimationControlsSubscription (framer-motion.js?v=e8613d71:6102:39)
    at AnimationFeature.mount (framer-motion.js?v=e8613d71:6109:10)
    at HTMLVisualElement.updateFeatures (framer-motion.js?v=e8613d71:5287:19)
    at framer-motion.js?v=e8613d71:4811:19
    at commitHookEffectListMount (chunk-GCPV6VEH.js?v=cea9cd79:16957:34)
    at invokeLayoutEffectMountInDEV (chunk-GCPV6VEH.js?v=cea9cd79:18343:19)
    at invokeEffectsInDev (chunk-GCPV6VEH.js?v=cea9cd79:19748:19)
    at commitDoubleInvokeEffectsInDEV (chunk-GCPV6VEH.js?v=cea9cd79:19731:13)
    at flushPassiveEffectsImpl (chunk-GCPV6VEH.js?v=cea9cd79:19550:13)
    at flushPassiveEffects (chunk-GCPV6VEH.js?v=cea9cd79:19494:22) Error Component Stack
    at TacticsErrorBoundary (TacticsErrorBoundary.tsx:28:5)
    at Suspense (<anonymous>)
    at div (<anonymous>)
    at div (<anonymous>)
    at ResponsiveContainer (AdaptiveLayout.tsx:20:3)
    at ResponsivePage (ResponsivePage.tsx:22:3)
    at TacticsBoardPageComponent (TacticsBoardPage.tsx:17:20)
    at div (<anonymous>)
    at MotionDOMComponent (framer-motion.js?v=e8613d71:4866:40)
    at PresenceChild (framer-motion.js?v=e8613d71:3971:24)
    at AnimatePresence (framer-motion.js?v=e8613d71:4044:26)
    at PageTransition (AnimationSystem.tsx:237:65)
    at RenderedRoute (react-router-dom.js?v=e8613d71:4080:5)
    at Outlet (react-router-dom.js?v=e8613d71:4486:26)
    at div (<anonymous>)
    at main (<anonymous>)
    at div (<anonymous>)
    at Layout (Layout.tsx:66:42)
    at RenderedRoute (react-router-dom.js?v=e8613d71:4080:5)
    at Outlet (react-router-dom.js?v=e8613d71:4486:26)
    at ProtectedRoute (ProtectedRoute.tsx:19:3)
    at RenderedRoute (react-router-dom.js?v=e8613d71:4080:5)
    at Routes (react-router-dom.js?v=e8613d71:4550:5)
    at PresenceChild (framer-motion.js?v=e8613d71:3971:24)
    at AnimatePresence (framer-motion.js?v=e8613d71:4044:26)
    at Suspense (<anonymous>)
    at div (<anonymous>)
    at AppContent (App.tsx:48:25)
    at AccessibilityProvider (AccessibilityComponents.tsx:23:76)
    at div (<anonymous>)
    at MotionDOMComponent (framer-motion.js?v=e8613d71:4866:40)
    at PresenceChild (framer-motion.js?v=e8613d71:3971:24)
    at AnimatePresence (framer-motion.js?v=e8613d71:4044:26)
    at ThemeProvider (ThemeContext.tsx:327:3)
    at App (<anonymous>)
    at ChallengeProvider (ChallengeContext.tsx:434:71)
    at AppProvider (AppProvider.tsx:87:72)
    at Router (react-router-dom.js?v=e8613d71:4493:15)
    at HashRouter (react-router-dom.js?v=e8613d71:5273:5)
    at SecurityProvider (SecurityProvider.tsx:47:36)
    at SecurityErrorBoundary (SecurityErrorBoundary.tsx:52:5)
overrideMethod @ hook.js:608
componentDidCatch @ TacticsErrorBoundary.tsx:51
callback @ chunk-GCPV6VEH.js?v=cea9cd79:14126
callCallback @ chunk-GCPV6VEH.js?v=cea9cd79:11290
commitUpdateQueue @ chunk-GCPV6VEH.js?v=cea9cd79:11307
commitLayoutEffectOnFiber @ chunk-GCPV6VEH.js?v=cea9cd79:17117
commitLayoutMountEffects_complete @ chunk-GCPV6VEH.js?v=cea9cd79:18024
commitLayoutEffects_begin @ chunk-GCPV6VEH.js?v=cea9cd79:18013
commitLayoutEffects_begin @ chunk-GCPV6VEH.js?v=cea9cd79:17994
commitLayoutEffects_begin @ chunk-GCPV6VEH.js?v=cea9cd79:17994
commitLayoutEffects @ chunk-GCPV6VEH.js?v=cea9cd79:17964
commitRootImpl @ chunk-GCPV6VEH.js?v=cea9cd79:19400
commitRoot @ chunk-GCPV6VEH.js?v=cea9cd79:19324
performSyncWorkOnRoot @ chunk-GCPV6VEH.js?v=cea9cd79:18942
flushSyncCallbacks @ chunk-GCPV6VEH.js?v=cea9cd79:9160
commitRootImpl @ chunk-GCPV6VEH.js?v=cea9cd79:19479
commitRoot @ chunk-GCPV6VEH.js?v=cea9cd79:19324
finishConcurrentRender @ chunk-GCPV6VEH.js?v=cea9cd79:18852
performConcurrentWorkOnRoot @ chunk-GCPV6VEH.js?v=cea9cd79:18762
workLoop @ chunk-GCPV6VEH.js?v=cea9cd79:195
flushWork @ chunk-GCPV6VEH.js?v=cea9cd79:174
performWorkUntilDeadline @ chunk-GCPV6VEH.js?v=cea9cd79:382
TacticsErrorBoundary.tsx:52 Error Info: {componentStack: '\n    at MotionDOMComponent (http://localhost:8000/…mponents/security/SecurityErrorBoundary.tsx:31:5)'} Error Component Stack
    at TacticsErrorBoundary (TacticsErrorBoundary.tsx:28:5)
    at Suspense (<anonymous>)
    at div (<anonymous>)
    at div (<anonymous>)
    at ResponsiveContainer (AdaptiveLayout.tsx:20:3)
    at ResponsivePage (ResponsivePage.tsx:22:3)
    at TacticsBoardPageComponent (TacticsBoardPage.tsx:17:20)
    at div (<anonymous>)
    at MotionDOMComponent (framer-motion.js?v=e8613d71:4866:40)
    at PresenceChild (framer-motion.js?v=e8613d71:3971:24)
    at AnimatePresence (framer-motion.js?v=e8613d71:4044:26)
    at PageTransition (AnimationSystem.tsx:237:65)
    at RenderedRoute (react-router-dom.js?v=e8613d71:4080:5)
    at Outlet (react-router-dom.js?v=e8613d71:4486:26)
    at div (<anonymous>)
    at main (<anonymous>)
    at div (<anonymous>)
    at Layout (Layout.tsx:66:42)
    at RenderedRoute (react-router-dom.js?v=e8613d71:4080:5)
    at Outlet (react-router-dom.js?v=e8613d71:4486:26)
    at ProtectedRoute (ProtectedRoute.tsx:19:3)
    at RenderedRoute (react-router-dom.js?v=e8613d71:4080:5)
    at Routes (react-router-dom.js?v=e8613d71:4550:5)
    at PresenceChild (framer-motion.js?v=e8613d71:3971:24)
    at AnimatePresence (framer-motion.js?v=e8613d71:4044:26)
    at Suspense (<anonymous>)
    at div (<anonymous>)
    at AppContent (App.tsx:48:25)
    at AccessibilityProvider (AccessibilityComponents.tsx:23:76)
    at div (<anonymous>)
    at MotionDOMComponent (framer-motion.js?v=e8613d71:4866:40)
    at PresenceChild (framer-motion.js?v=e8613d71:3971:24)
    at AnimatePresence (framer-motion.js?v=e8613d71:4044:26)
    at ThemeProvider (ThemeContext.tsx:327:3)
    at App (<anonymous>)
    at ChallengeProvider (ChallengeContext.tsx:434:71)
    at AppProvider (AppProvider.tsx:87:72)
    at Router (react-router-dom.js?v=e8613d71:4493:15)
    at HashRouter (react-router-dom.js?v=e8613d71:5273:5)
    at SecurityProvider (SecurityProvider.tsx:47:36)
    at SecurityErrorBoundary (SecurityErrorBoundary.tsx:52:5)
overrideMethod @ hook.js:608
componentDidCatch @ TacticsErrorBoundary.tsx:52
callback @ chunk-GCPV6VEH.js?v=cea9cd79:14126
callCallback @ chunk-GCPV6VEH.js?v=cea9cd79:11290
commitUpdateQueue @ chunk-GCPV6VEH.js?v=cea9cd79:11307
commitLayoutEffectOnFiber @ chunk-GCPV6VEH.js?v=cea9cd79:17117
commitLayoutMountEffects_complete @ chunk-GCPV6VEH.js?v=cea9cd79:18024
commitLayoutEffects_begin @ chunk-GCPV6VEH.js?v=cea9cd79:18013
commitLayoutEffects_begin @ chunk-GCPV6VEH.js?v=cea9cd79:17994
commitLayoutEffects_begin @ chunk-GCPV6VEH.js?v=cea9cd79:17994
commitLayoutEffects @ chunk-GCPV6VEH.js?v=cea9cd79:17964
commitRootImpl @ chunk-GCPV6VEH.js?v=cea9cd79:19400
commitRoot @ chunk-GCPV6VEH.js?v=cea9cd79:19324
performSyncWorkOnRoot @ chunk-GCPV6VEH.js?v=cea9cd79:18942
flushSyncCallbacks @ chunk-GCPV6VEH.js?v=cea9cd79:9160
commitRootImpl @ chunk-GCPV6VEH.js?v=cea9cd79:19479
commitRoot @ chunk-GCPV6VEH.js?v=cea9cd79:19324
finishConcurrentRender @ chunk-GCPV6VEH.js?v=cea9cd79:18852
performConcurrentWorkOnRoot @ chunk-GCPV6VEH.js?v=cea9cd79:18762
workLoop @ chunk-GCPV6VEH.js?v=cea9cd79:195
flushWork @ chunk-GCPV6VEH.js?v=cea9cd79:174
performWorkUntilDeadline @ chunk-GCPV6VEH.js?v=cea9cd79:382
hook.js:608 The above error occurred in the <ForwardRef(motion.div)> component:

    at MotionDOMComponent (http://localhost:8000/node_modules/.vite/deps/framer-motion.js?v=e8613d71:4866:40)
    at http://localhost:8000/src/components/tactics/PlayerToken.tsx:457:7
    at div
    at div
    at MotionDOMComponent (http://localhost:8000/node_modules/.vite/deps/framer-motion.js?v=e8613d71:4866:40)
    at div
    at ModernField (http://localhost:8000/src/components/tactics/ModernField.tsx:32:3)
    at main
    at div
    at div
    at div
    at UnifiedTacticsBoard (http://localhost:8000/src/components/tactics/UnifiedTacticsBoard.tsx:119:3)
    at TacticsErrorBoundary (http://localhost:8000/src/components/boundaries/TacticsErrorBoundary.tsx:8:5)
    at Suspense
    at div
    at div
    at ResponsiveContainer (http://localhost:8000/src/components/Layout/AdaptiveLayout.tsx:20:3)
    at ResponsivePage (http://localhost:8000/src/components/Layout/ResponsivePage.tsx:19:3)
    at TacticsBoardPageComponent (http://localhost:8000/src/pages/TacticsBoardPage.tsx:35:20)
    at div
    at MotionDOMComponent (http://localhost:8000/node_modules/.vite/deps/framer-motion.js?v=e8613d71:4866:40)
    at PresenceChild (http://localhost:8000/node_modules/.vite/deps/framer-motion.js?v=e8613d71:3971:24)
    at AnimatePresence (http://localhost:8000/node_modules/.vite/deps/framer-motion.js?v=e8613d71:4044:26)
    at PageTransition (http://localhost:8000/src/components/ui/AnimationSystem.tsx:225:34)
    at RenderedRoute (http://localhost:8000/node_modules/.vite/deps/react-router-dom.js?v=e8613d71:4080:5)
    at Outlet (http://localhost:8000/node_modules/.vite/deps/react-router-dom.js?v=e8613d71:4486:26)
    at div
    at main
    at div
    at Layout (http://localhost:8000/src/components/Layout.tsx:82:19)
    at RenderedRoute (http://localhost:8000/node_modules/.vite/deps/react-router-dom.js?v=e8613d71:4080:5)
    at Outlet (http://localhost:8000/node_modules/.vite/deps/react-router-dom.js?v=e8613d71:4486:26)
    at ProtectedRoute (http://localhost:8000/src/components/ProtectedRoute.tsx:23:3)
    at RenderedRoute (http://localhost:8000/node_modules/.vite/deps/react-router-dom.js?v=e8613d71:4080:5)
    at Routes (http://localhost:8000/node_modules/.vite/deps/react-router-dom.js?v=e8613d71:4550:5)
    at PresenceChild (http://localhost:8000/node_modules/.vite/deps/framer-motion.js?v=e8613d71:3971:24)
    at AnimatePresence (http://localhost:8000/node_modules/.vite/deps/framer-motion.js?v=e8613d71:4044:26)
    at Suspense
    at div
    at AppContent (http://localhost:8000/App.tsx:95:25)
    at AccessibilityProvider (http://localhost:8000/src/components/ui/AccessibilityComponents.tsx:28:41)
    at div
    at MotionDOMComponent (http://localhost:8000/node_modules/.vite/deps/framer-motion.js?v=e8613d71:4866:40)
    at PresenceChild (http://localhost:8000/node_modules/.vite/deps/framer-motion.js?v=e8613d71:3971:24)
    at AnimatePresence (http://localhost:8000/node_modules/.vite/deps/framer-motion.js?v=e8613d71:4044:26)
    at ThemeProvider (http://localhost:8000/src/context/ThemeContext.tsx:324:3)
    at App
    at ChallengeProvider (http://localhost:8000/src/context/ChallengeContext.tsx:284:37)
    at AppProvider (http://localhost:8000/src/context/AppProvider.tsx:95:31)
    at Router (http://localhost:8000/node_modules/.vite/deps/react-router-dom.js?v=e8613d71:4493:15)
    at HashRouter (http://localhost:8000/node_modules/.vite/deps/react-router-dom.js?v=e8613d71:5273:5)
    at SecurityProvider (http://localhost:8000/src/components/security/SecurityProvider.tsx:29:36)
    at SecurityErrorBoundary (http://localhost:8000/src/components/security/SecurityErrorBoundary.tsx:31:5)

React will try to recreate this component tree from scratch using the error boundary you provided, TacticsErrorBoundary.
overrideMethod @ hook.js:608
logCapturedError @ chunk-GCPV6VEH.js?v=cea9cd79:14074
callback @ chunk-GCPV6VEH.js?v=cea9cd79:14120
callCallback @ chunk-GCPV6VEH.js?v=cea9cd79:11290
commitUpdateQueue @ chunk-GCPV6VEH.js?v=cea9cd79:11307
commitLayoutEffectOnFiber @ chunk-GCPV6VEH.js?v=cea9cd79:17117
commitLayoutMountEffects_complete @ chunk-GCPV6VEH.js?v=cea9cd79:18024
commitLayoutEffects_begin @ chunk-GCPV6VEH.js?v=cea9cd79:18013
commitLayoutEffects_begin @ chunk-GCPV6VEH.js?v=cea9cd79:17994
commitLayoutEffects_begin @ chunk-GCPV6VEH.js?v=cea9cd79:17994
commitLayoutEffects @ chunk-GCPV6VEH.js?v=cea9cd79:17964
commitRootImpl @ chunk-GCPV6VEH.js?v=cea9cd79:19400
commitRoot @ chunk-GCPV6VEH.js?v=cea9cd79:19324
performSyncWorkOnRoot @ chunk-GCPV6VEH.js?v=cea9cd79:18942
flushSyncCallbacks @ chunk-GCPV6VEH.js?v=cea9cd79:9160
commitRootImpl @ chunk-GCPV6VEH.js?v=cea9cd79:19479
commitRoot @ chunk-GCPV6VEH.js?v=cea9cd79:19324
finishConcurrentRender @ chunk-GCPV6VEH.js?v=cea9cd79:18852
performConcurrentWorkOnRoot @ chunk-GCPV6VEH.js?v=cea9cd79:18762
workLoop @ chunk-GCPV6VEH.js?v=cea9cd79:195
flushWork @ chunk-GCPV6VEH.js?v=cea9cd79:174
performWorkUntilDeadline @ chunk-GCPV6VEH.js?v=cea9cd79:382
TacticsErrorBoundary.tsx:51 TacticsErrorBoundary caught an error in UnifiedTacticsBoard: TypeError: animate2.subscribe is not a function
    at AnimationFeature.updateAnimationControlsSubscription (framer-motion.js?v=e8613d71:6102:39)
    at AnimationFeature.mount (framer-motion.js?v=e8613d71:6109:10)
    at HTMLVisualElement.updateFeatures (framer-motion.js?v=e8613d71:5287:19)
    at framer-motion.js?v=e8613d71:4811:19
    at commitHookEffectListMount (chunk-GCPV6VEH.js?v=cea9cd79:16957:34)
    at invokeLayoutEffectMountInDEV (chunk-GCPV6VEH.js?v=cea9cd79:18343:19)
    at invokeEffectsInDev (chunk-GCPV6VEH.js?v=cea9cd79:19748:19)
    at commitDoubleInvokeEffectsInDEV (chunk-GCPV6VEH.js?v=cea9cd79:19731:13)
    at flushPassiveEffectsImpl (chunk-GCPV6VEH.js?v=cea9cd79:19550:13)
    at flushPassiveEffects (chunk-GCPV6VEH.js?v=cea9cd79:19494:22) Error Component Stack
    at TacticsErrorBoundary (TacticsErrorBoundary.tsx:28:5)
    at Suspense (<anonymous>)
    at div (<anonymous>)
    at div (<anonymous>)
    at ResponsiveContainer (AdaptiveLayout.tsx:20:3)
    at ResponsivePage (ResponsivePage.tsx:22:3)
    at TacticsBoardPageComponent (TacticsBoardPage.tsx:17:20)
    at div (<anonymous>)
    at MotionDOMComponent (framer-motion.js?v=e8613d71:4866:40)
    at PresenceChild (framer-motion.js?v=e8613d71:3971:24)
    at AnimatePresence (framer-motion.js?v=e8613d71:4044:26)
    at PageTransition (AnimationSystem.tsx:237:65)
    at RenderedRoute (react-router-dom.js?v=e8613d71:4080:5)
    at Outlet (react-router-dom.js?v=e8613d71:4486:26)
    at div (<anonymous>)
    at main (<anonymous>)
    at div (<anonymous>)
    at Layout (Layout.tsx:66:42)
    at RenderedRoute (react-router-dom.js?v=e8613d71:4080:5)
    at Outlet (react-router-dom.js?v=e8613d71:4486:26)
    at ProtectedRoute (ProtectedRoute.tsx:19:3)
    at RenderedRoute (react-router-dom.js?v=e8613d71:4080:5)
    at Routes (react-router-dom.js?v=e8613d71:4550:5)
    at PresenceChild (framer-motion.js?v=e8613d71:3971:24)
    at AnimatePresence (framer-motion.js?v=e8613d71:4044:26)
    at Suspense (<anonymous>)
    at div (<anonymous>)
    at AppContent (App.tsx:48:25)
    at AccessibilityProvider (AccessibilityComponents.tsx:23:76)
    at div (<anonymous>)
    at MotionDOMComponent (framer-motion.js?v=e8613d71:4866:40)
    at PresenceChild (framer-motion.js?v=e8613d71:3971:24)
    at AnimatePresence (framer-motion.js?v=e8613d71:4044:26)
    at ThemeProvider (ThemeContext.tsx:327:3)
    at App (<anonymous>)
    at ChallengeProvider (ChallengeContext.tsx:434:71)
    at AppProvider (AppProvider.tsx:87:72)
    at Router (react-router-dom.js?v=e8613d71:4493:15)
    at HashRouter (react-router-dom.js?v=e8613d71:5273:5)
    at SecurityProvider (SecurityProvider.tsx:47:36)
    at SecurityErrorBoundary (SecurityErrorBoundary.tsx:52:5)
overrideMethod @ hook.js:608
componentDidCatch @ TacticsErrorBoundary.tsx:51
callback @ chunk-GCPV6VEH.js?v=cea9cd79:14126
callCallback @ chunk-GCPV6VEH.js?v=cea9cd79:11290
commitUpdateQueue @ chunk-GCPV6VEH.js?v=cea9cd79:11307
commitLayoutEffectOnFiber @ chunk-GCPV6VEH.js?v=cea9cd79:17117
commitLayoutMountEffects_complete @ chunk-GCPV6VEH.js?v=cea9cd79:18024
commitLayoutEffects_begin @ chunk-GCPV6VEH.js?v=cea9cd79:18013
commitLayoutEffects_begin @ chunk-GCPV6VEH.js?v=cea9cd79:17994
commitLayoutEffects_begin @ chunk-GCPV6VEH.js?v=cea9cd79:17994
commitLayoutEffects @ chunk-GCPV6VEH.js?v=cea9cd79:17964
commitRootImpl @ chunk-GCPV6VEH.js?v=cea9cd79:19400
commitRoot @ chunk-GCPV6VEH.js?v=cea9cd79:19324
performSyncWorkOnRoot @ chunk-GCPV6VEH.js?v=cea9cd79:18942
flushSyncCallbacks @ chunk-GCPV6VEH.js?v=cea9cd79:9160
commitRootImpl @ chunk-GCPV6VEH.js?v=cea9cd79:19479
commitRoot @ chunk-GCPV6VEH.js?v=cea9cd79:19324
finishConcurrentRender @ chunk-GCPV6VEH.js?v=cea9cd79:18852
performConcurrentWorkOnRoot @ chunk-GCPV6VEH.js?v=cea9cd79:18762
workLoop @ chunk-GCPV6VEH.js?v=cea9cd79:195
flushWork @ chunk-GCPV6VEH.js?v=cea9cd79:174
performWorkUntilDeadline @ chunk-GCPV6VEH.js?v=cea9cd79:382
TacticsErrorBoundary.tsx:52 Error Info: {componentStack: '\n    at MotionDOMComponent (http://localhost:8000/…mponents/security/SecurityErrorBoundary.tsx:31:5)'} Error Component Stack
    at TacticsErrorBoundary (TacticsErrorBoundary.tsx:28:5)
    at Suspense (<anonymous>)
    at div (<anonymous>)
    at div (<anonymous>)
    at ResponsiveContainer (AdaptiveLayout.tsx:20:3)
    at ResponsivePage (ResponsivePage.tsx:22:3)
    at TacticsBoardPageComponent (TacticsBoardPage.tsx:17:20)
    at div (<anonymous>)
    at MotionDOMComponent (framer-motion.js?v=e8613d71:4866:40)
    at PresenceChild (framer-motion.js?v=e8613d71:3971:24)
    at AnimatePresence (framer-motion.js?v=e8613d71:4044:26)
    at PageTransition (AnimationSystem.tsx:237:65)
    at RenderedRoute (react-router-dom.js?v=e8613d71:4080:5)
    at Outlet (react-router-dom.js?v=e8613d71:4486:26)
    at div (<anonymous>)
    at main (<anonymous>)
    at div (<anonymous>)
    at Layout (Layout.tsx:66:42)
    at RenderedRoute (react-router-dom.js?v=e8613d71:4080:5)
    at Outlet (react-router-dom.js?v=e8613d71:4486:26)
    at ProtectedRoute (ProtectedRoute.tsx:19:3)
    at RenderedRoute (react-router-dom.js?v=e8613d71:4080:5)
    at Routes (react-router-dom.js?v=e8613d71:4550:5)
    at PresenceChild (framer-motion.js?v=e8613d71:3971:24)
    at AnimatePresence (framer-motion.js?v=e8613d71:4044:26)
    at Suspense (<anonymous>)
    at div (<anonymous>)
    at AppContent (App.tsx:48:25)
    at AccessibilityProvider (AccessibilityComponents.tsx:23:76)
    at div (<anonymous>)
    at MotionDOMComponent (framer-motion.js?v=e8613d71:4866:40)
    at PresenceChild (framer-motion.js?v=e8613d71:3971:24)
    at AnimatePresence (framer-motion.js?v=e8613d71:4044:26)
    at ThemeProvider (ThemeContext.tsx:327:3)
    at App (<anonymous>)
    at ChallengeProvider (ChallengeContext.tsx:434:71)
    at AppProvider (AppProvider.tsx:87:72)
    at Router (react-router-dom.js?v=e8613d71:4493:15)
    at HashRouter (react-router-dom.js?v=e8613d71:5273:5)
    at SecurityProvider (SecurityProvider.tsx:47:36)
    at SecurityErrorBoundary (SecurityErrorBoundary.tsx:52:5)
overrideMethod @ hook.js:608
componentDidCatch @ TacticsErrorBoundary.tsx:52
callback @ chunk-GCPV6VEH.js?v=cea9cd79:14126
callCallback @ chunk-GCPV6VEH.js?v=cea9cd79:11290
commitUpdateQueue @ chunk-GCPV6VEH.js?v=cea9cd79:11307
commitLayoutEffectOnFiber @ chunk-GCPV6VEH.js?v=cea9cd79:17117
commitLayoutMountEffects_complete @ chunk-GCPV6VEH.js?v=cea9cd79:18024
commitLayoutEffects_begin @ chunk-GCPV6VEH.js?v=cea9cd79:18013
commitLayoutEffects_begin @ chunk-GCPV6VEH.js?v=cea9cd79:17994
commitLayoutEffects_begin @ chunk-GCPV6VEH.js?v=cea9cd79:17994
commitLayoutEffects @ chunk-GCPV6VEH.js?v=cea9cd79:17964
commitRootImpl @ chunk-GCPV6VEH.js?v=cea9cd79:19400
commitRoot @ chunk-GCPV6VEH.js?v=cea9cd79:19324
performSyncWorkOnRoot @ chunk-GCPV6VEH.js?v=cea9cd79:18942
flushSyncCallbacks @ chunk-GCPV6VEH.js?v=cea9cd79:9160
commitRootImpl @ chunk-GCPV6VEH.js?v=cea9cd79:19479
commitRoot @ chunk-GCPV6VEH.js?v=cea9cd79:19324
finishConcurrentRender @ chunk-GCPV6VEH.js?v=cea9cd79:18852
performConcurrentWorkOnRoot @ chunk-GCPV6VEH.js?v=cea9cd79:18762
workLoop @ chunk-GCPV6VEH.js?v=cea9cd79:195
flushWork @ chunk-GCPV6VEH.js?v=cea9cd79:174
performWorkUntilDeadline @ chunk-GCPV6VEH.js?v=cea9cd79:382
hook.js:608 The above error occurred in the <ForwardRef(motion.div)> component:

    at MotionDOMComponent (http://localhost:8000/node_modules/.vite/deps/framer-motion.js?v=e8613d71:4866:40)
    at http://localhost:8000/src/components/tactics/PlayerToken.tsx:457:7
    at div
    at div
    at MotionDOMComponent (http://localhost:8000/node_modules/.vite/deps/framer-motion.js?v=e8613d71:4866:40)
    at div
    at ModernField (http://localhost:8000/src/components/tactics/ModernField.tsx:32:3)
    at main
    at div
    at div
    at div
    at UnifiedTacticsBoard (http://localhost:8000/src/components/tactics/UnifiedTacticsBoard.tsx:119:3)
    at TacticsErrorBoundary (http://localhost:8000/src/components/boundaries/TacticsErrorBoundary.tsx:8:5)
    at Suspense
    at div
    at div
    at ResponsiveContainer (http://localhost:8000/src/components/Layout/AdaptiveLayout.tsx:20:3)
    at ResponsivePage (http://localhost:8000/src/components/Layout/ResponsivePage.tsx:19:3)
    at TacticsBoardPageComponent (http://localhost:8000/src/pages/TacticsBoardPage.tsx:35:20)
    at div
    at MotionDOMComponent (http://localhost:8000/node_modules/.vite/deps/framer-motion.js?v=e8613d71:4866:40)
    at PresenceChild (http://localhost:8000/node_modules/.vite/deps/framer-motion.js?v=e8613d71:3971:24)
    at AnimatePresence (http://localhost:8000/node_modules/.vite/deps/framer-motion.js?v=e8613d71:4044:26)
    at PageTransition (http://localhost:8000/src/components/ui/AnimationSystem.tsx:225:34)
    at RenderedRoute (http://localhost:8000/node_modules/.vite/deps/react-router-dom.js?v=e8613d71:4080:5)
    at Outlet (http://localhost:8000/node_modules/.vite/deps/react-router-dom.js?v=e8613d71:4486:26)
    at div
    at main
    at div
    at Layout (http://localhost:8000/src/components/Layout.tsx:82:19)
    at RenderedRoute (http://localhost:8000/node_modules/.vite/deps/react-router-dom.js?v=e8613d71:4080:5)
    at Outlet (http://localhost:8000/node_modules/.vite/deps/react-router-dom.js?v=e8613d71:4486:26)
    at ProtectedRoute (http://localhost:8000/src/components/ProtectedRoute.tsx:23:3)
    at RenderedRoute (http://localhost:8000/node_modules/.vite/deps/react-router-dom.js?v=e8613d71:4080:5)
    at Routes (http://localhost:8000/node_modules/.vite/deps/react-router-dom.js?v=e8613d71:4550:5)
    at PresenceChild (http://localhost:8000/node_modules/.vite/deps/framer-motion.js?v=e8613d71:3971:24)
    at AnimatePresence (http://localhost:8000/node_modules/.vite/deps/framer-motion.js?v=e8613d71:4044:26)
    at Suspense
    at div
    at AppContent (http://localhost:8000/App.tsx:95:25)
    at AccessibilityProvider (http://localhost:8000/src/components/ui/AccessibilityComponents.tsx:28:41)
    at div
    at MotionDOMComponent (http://localhost:8000/node_modules/.vite/deps/framer-motion.js?v=e8613d71:4866:40)
    at PresenceChild (http://localhost:8000/node_modules/.vite/deps/framer-motion.js?v=e8613d71:3971:24)
    at AnimatePresence (http://localhost:8000/node_modules/.vite/deps/framer-motion.js?v=e8613d71:4044:26)
    at ThemeProvider (http://localhost:8000/src/context/ThemeContext.tsx:324:3)
    at App
    at ChallengeProvider (http://localhost:8000/src/context/ChallengeContext.tsx:284:37)
    at AppProvider (http://localhost:8000/src/context/AppProvider.tsx:95:31)
    at Router (http://localhost:8000/node_modules/.vite/deps/react-router-dom.js?v=e8613d71:4493:15)
    at HashRouter (http://localhost:8000/node_modules/.vite/deps/react-router-dom.js?v=e8613d71:5273:5)
    at SecurityProvider (http://localhost:8000/src/components/security/SecurityProvider.tsx:29:36)
    at SecurityErrorBoundary (http://localhost:8000/src/components/security/SecurityErrorBoundary.tsx:31:5)

React will try to recreate this component tree from scratch using the error boundary you provided, TacticsErrorBoundary.
overrideMethod @ hook.js:608
logCapturedError @ chunk-GCPV6VEH.js?v=cea9cd79:14074
callback @ chunk-GCPV6VEH.js?v=cea9cd79:14120
callCallback @ chunk-GCPV6VEH.js?v=cea9cd79:11290
commitUpdateQueue @ chunk-GCPV6VEH.js?v=cea9cd79:11307
commitLayoutEffectOnFiber @ chunk-GCPV6VEH.js?v=cea9cd79:17117
commitLayoutMountEffects_complete @ chunk-GCPV6VEH.js?v=cea9cd79:18024
commitLayoutEffects_begin @ chunk-GCPV6VEH.js?v=cea9cd79:18013
commitLayoutEffects_begin @ chunk-GCPV6VEH.js?v=cea9cd79:17994
commitLayoutEffects_begin @ chunk-GCPV6VEH.js?v=cea9cd79:17994
commitLayoutEffects @ chunk-GCPV6VEH.js?v=cea9cd79:17964
commitRootImpl @ chunk-GCPV6VEH.js?v=cea9cd79:19400
commitRoot @ chunk-GCPV6VEH.js?v=cea9cd79:19324
performSyncWorkOnRoot @ chunk-GCPV6VEH.js?v=cea9cd79:18942
flushSyncCallbacks @ chunk-GCPV6VEH.js?v=cea9cd79:9160
commitRootImpl @ chunk-GCPV6VEH.js?v=cea9cd79:19479
commitRoot @ chunk-GCPV6VEH.js?v=cea9cd79:19324
finishConcurrentRender @ chunk-GCPV6VEH.js?v=cea9cd79:18852
performConcurrentWorkOnRoot @ chunk-GCPV6VEH.js?v=cea9cd79:18762
workLoop @ chunk-GCPV6VEH.js?v=cea9cd79:195
flushWork @ chunk-GCPV6VEH.js?v=cea9cd79:174
performWorkUntilDeadline @ chunk-GCPV6VEH.js?v=cea9cd79:382
TacticsErrorBoundary.tsx:51 TacticsErrorBoundary caught an error in UnifiedTacticsBoard: TypeError: animate2.subscribe is not a function
    at AnimationFeature.updateAnimationControlsSubscription (framer-motion.js?v=e8613d71:6102:39)
    at AnimationFeature.mount (framer-motion.js?v=e8613d71:6109:10)
    at HTMLVisualElement.updateFeatures (framer-motion.js?v=e8613d71:5287:19)
    at framer-motion.js?v=e8613d71:4811:19
    at commitHookEffectListMount (chunk-GCPV6VEH.js?v=cea9cd79:16957:34)
    at invokeLayoutEffectMountInDEV (chunk-GCPV6VEH.js?v=cea9cd79:18343:19)
    at invokeEffectsInDev (chunk-GCPV6VEH.js?v=cea9cd79:19748:19)
    at commitDoubleInvokeEffectsInDEV (chunk-GCPV6VEH.js?v=cea9cd79:19731:13)
    at flushPassiveEffectsImpl (chunk-GCPV6VEH.js?v=cea9cd79:19550:13)
    at flushPassiveEffects (chunk-GCPV6VEH.js?v=cea9cd79:19494:22) Error Component Stack
    at TacticsErrorBoundary (TacticsErrorBoundary.tsx:28:5)
    at Suspense (<anonymous>)
    at div (<anonymous>)
    at div (<anonymous>)
    at ResponsiveContainer (AdaptiveLayout.tsx:20:3)
    at ResponsivePage (ResponsivePage.tsx:22:3)
    at TacticsBoardPageComponent (TacticsBoardPage.tsx:17:20)
    at div (<anonymous>)
    at MotionDOMComponent (framer-motion.js?v=e8613d71:4866:40)
    at PresenceChild (framer-motion.js?v=e8613d71:3971:24)
    at AnimatePresence (framer-motion.js?v=e8613d71:4044:26)
    at PageTransition (AnimationSystem.tsx:237:65)
    at RenderedRoute (react-router-dom.js?v=e8613d71:4080:5)
    at Outlet (react-router-dom.js?v=e8613d71:4486:26)
    at div (<anonymous>)
    at main (<anonymous>)
    at div (<anonymous>)
    at Layout (Layout.tsx:66:42)
    at RenderedRoute (react-router-dom.js?v=e8613d71:4080:5)
    at Outlet (react-router-dom.js?v=e8613d71:4486:26)
    at ProtectedRoute (ProtectedRoute.tsx:19:3)
    at RenderedRoute (react-router-dom.js?v=e8613d71:4080:5)
    at Routes (react-router-dom.js?v=e8613d71:4550:5)
    at PresenceChild (framer-motion.js?v=e8613d71:3971:24)
    at AnimatePresence (framer-motion.js?v=e8613d71:4044:26)
    at Suspense (<anonymous>)
    at div (<anonymous>)
    at AppContent (App.tsx:48:25)
    at AccessibilityProvider (AccessibilityComponents.tsx:23:76)
    at div (<anonymous>)
    at MotionDOMComponent (framer-motion.js?v=e8613d71:4866:40)
    at PresenceChild (framer-motion.js?v=e8613d71:3971:24)
    at AnimatePresence (framer-motion.js?v=e8613d71:4044:26)
    at ThemeProvider (ThemeContext.tsx:327:3)
    at App (<anonymous>)
    at ChallengeProvider (ChallengeContext.tsx:434:71)
    at AppProvider (AppProvider.tsx:87:72)
    at Router (react-router-dom.js?v=e8613d71:4493:15)
    at HashRouter (react-router-dom.js?v=e8613d71:5273:5)
    at SecurityProvider (SecurityProvider.tsx:47:36)
    at SecurityErrorBoundary (SecurityErrorBoundary.tsx:52:5)
overrideMethod @ hook.js:608
componentDidCatch @ TacticsErrorBoundary.tsx:51
callback @ chunk-GCPV6VEH.js?v=cea9cd79:14126
callCallback @ chunk-GCPV6VEH.js?v=cea9cd79:11290
commitUpdateQueue @ chunk-GCPV6VEH.js?v=cea9cd79:11307
commitLayoutEffectOnFiber @ chunk-GCPV6VEH.js?v=cea9cd79:17117
commitLayoutMountEffects_complete @ chunk-GCPV6VEH.js?v=cea9cd79:18024
commitLayoutEffects_begin @ chunk-GCPV6VEH.js?v=cea9cd79:18013
commitLayoutEffects_begin @ chunk-GCPV6VEH.js?v=cea9cd79:17994
commitLayoutEffects_begin @ chunk-GCPV6VEH.js?v=cea9cd79:17994
commitLayoutEffects @ chunk-GCPV6VEH.js?v=cea9cd79:17964
commitRootImpl @ chunk-GCPV6VEH.js?v=cea9cd79:19400
commitRoot @ chunk-GCPV6VEH.js?v=cea9cd79:19324
performSyncWorkOnRoot @ chunk-GCPV6VEH.js?v=cea9cd79:18942
flushSyncCallbacks @ chunk-GCPV6VEH.js?v=cea9cd79:9160
commitRootImpl @ chunk-GCPV6VEH.js?v=cea9cd79:19479
commitRoot @ chunk-GCPV6VEH.js?v=cea9cd79:19324
finishConcurrentRender @ chunk-GCPV6VEH.js?v=cea9cd79:18852
performConcurrentWorkOnRoot @ chunk-GCPV6VEH.js?v=cea9cd79:18762
workLoop @ chunk-GCPV6VEH.js?v=cea9cd79:195
flushWork @ chunk-GCPV6VEH.js?v=cea9cd79:174
performWorkUntilDeadline @ chunk-GCPV6VEH.js?v=cea9cd79:382
TacticsErrorBoundary.tsx:52 Error Info: {componentStack: '\n    at MotionDOMComponent (http://localhost:8000/…mponents/security/SecurityErrorBoundary.tsx:31:5)'} Error Component Stack
    at TacticsErrorBoundary (TacticsErrorBoundary.tsx:28:5)
    at Suspense (<anonymous>)
    at div (<anonymous>)
    at div (<anonymous>)
    at ResponsiveContainer (AdaptiveLayout.tsx:20:3)
    at ResponsivePage (ResponsivePage.tsx:22:3)
    at TacticsBoardPageComponent (TacticsBoardPage.tsx:17:20)
    at div (<anonymous>)
    at MotionDOMComponent (framer-motion.js?v=e8613d71:4866:40)
    at PresenceChild (framer-motion.js?v=e8613d71:3971:24)
    at AnimatePresence (framer-motion.js?v=e8613d71:4044:26)
    at PageTransition (AnimationSystem.tsx:237:65)
    at RenderedRoute (react-router-dom.js?v=e8613d71:4080:5)
    at Outlet (react-router-dom.js?v=e8613d71:4486:26)
    at div (<anonymous>)
    at main (<anonymous>)
    at div (<anonymous>)
    at Layout (Layout.tsx:66:42)
    at RenderedRoute (react-router-dom.js?v=e8613d71:4080:5)
    at Outlet (react-router-dom.js?v=e8613d71:4486:26)
    at ProtectedRoute (ProtectedRoute.tsx:19:3)
    at RenderedRoute (react-router-dom.js?v=e8613d71:4080:5)
    at Routes (react-router-dom.js?v=e8613d71:4550:5)
    at PresenceChild (framer-motion.js?v=e8613d71:3971:24)
    at AnimatePresence (framer-motion.js?v=e8613d71:4044:26)
    at Suspense (<anonymous>)
    at div (<anonymous>)
    at AppContent (App.tsx:48:25)
    at AccessibilityProvider (AccessibilityComponents.tsx:23:76)
    at div (<anonymous>)
    at MotionDOMComponent (framer-motion.js?v=e8613d71:4866:40)
    at PresenceChild (framer-motion.js?v=e8613d71:3971:24)
    at AnimatePresence (framer-motion.js?v=e8613d71:4044:26)
    at ThemeProvider (ThemeContext.tsx:327:3)
    at App (<anonymous>)
    at ChallengeProvider (ChallengeContext.tsx:434:71)
    at AppProvider (AppProvider.tsx:87:72)
    at Router (react-router-dom.js?v=e8613d71:4493:15)
    at HashRouter (react-router-dom.js?v=e8613d71:5273:5)
    at SecurityProvider (SecurityProvider.tsx:47:36)
    at SecurityErrorBoundary (SecurityErrorBoundary.tsx:52:5)
overrideMethod @ hook.js:608
componentDidCatch @ TacticsErrorBoundary.tsx:52
callback @ chunk-GCPV6VEH.js?v=cea9cd79:14126
callCallback @ chunk-GCPV6VEH.js?v=cea9cd79:11290
commitUpdateQueue @ chunk-GCPV6VEH.js?v=cea9cd79:11307
commitLayoutEffectOnFiber @ chunk-GCPV6VEH.js?v=cea9cd79:17117
commitLayoutMountEffects_complete @ chunk-GCPV6VEH.js?v=cea9cd79:18024
commitLayoutEffects_begin @ chunk-GCPV6VEH.js?v=cea9cd79:18013
commitLayoutEffects_begin @ chunk-GCPV6VEH.js?v=cea9cd79:17994
commitLayoutEffects_begin @ chunk-GCPV6VEH.js?v=cea9cd79:17994
commitLayoutEffects @ chunk-GCPV6VEH.js?v=cea9cd79:17964
commitRootImpl @ chunk-GCPV6VEH.js?v=cea9cd79:19400
commitRoot @ chunk-GCPV6VEH.js?v=cea9cd79:19324
performSyncWorkOnRoot @ chunk-GCPV6VEH.js?v=cea9cd79:18942
flushSyncCallbacks @ chunk-GCPV6VEH.js?v=cea9cd79:9160
commitRootImpl @ chunk-GCPV6VEH.js?v=cea9cd79:19479
commitRoot @ chunk-GCPV6VEH.js?v=cea9cd79:19324
finishConcurrentRender @ chunk-GCPV6VEH.js?v=cea9cd79:18852
performConcurrentWorkOnRoot @ chunk-GCPV6VEH.js?v=cea9cd79:18762
workLoop @ chunk-GCPV6VEH.js?v=cea9cd79:195
flushWork @ chunk-GCPV6VEH.js?v=cea9cd79:174
performWorkUntilDeadline @ chunk-GCPV6VEH.js?v=cea9cd79:382
hook.js:608 The above error occurred in the <ForwardRef(motion.div)> component:

    at MotionDOMComponent (http://localhost:8000/node_modules/.vite/deps/framer-motion.js?v=e8613d71:4866:40)
    at http://localhost:8000/src/components/tactics/PlayerToken.tsx:457:7
    at div
    at div
    at MotionDOMComponent (http://localhost:8000/node_modules/.vite/deps/framer-motion.js?v=e8613d71:4866:40)
    at div
    at ModernField (http://localhost:8000/src/components/tactics/ModernField.tsx:32:3)
    at main
    at div
    at div
    at div
    at UnifiedTacticsBoard (http://localhost:8000/src/components/tactics/UnifiedTacticsBoard.tsx:119:3)
    at TacticsErrorBoundary (http://localhost:8000/src/components/boundaries/TacticsErrorBoundary.tsx:8:5)
    at Suspense
    at div
    at div
    at ResponsiveContainer (http://localhost:8000/src/components/Layout/AdaptiveLayout.tsx:20:3)
    at ResponsivePage (http://localhost:8000/src/components/Layout/ResponsivePage.tsx:19:3)
    at TacticsBoardPageComponent (http://localhost:8000/src/pages/TacticsBoardPage.tsx:35:20)
    at div
    at MotionDOMComponent (http://localhost:8000/node_modules/.vite/deps/framer-motion.js?v=e8613d71:4866:40)
    at PresenceChild (http://localhost:8000/node_modules/.vite/deps/framer-motion.js?v=e8613d71:3971:24)
    at AnimatePresence (http://localhost:8000/node_modules/.vite/deps/framer-motion.js?v=e8613d71:4044:26)
    at PageTransition (http://localhost:8000/src/components/ui/AnimationSystem.tsx:225:34)
    at RenderedRoute (http://localhost:8000/node_modules/.vite/deps/react-router-dom.js?v=e8613d71:4080:5)
    at Outlet (http://localhost:8000/node_modules/.vite/deps/react-router-dom.js?v=e8613d71:4486:26)
    at div
    at main
    at div
    at Layout (http://localhost:8000/src/components/Layout.tsx:82:19)
    at RenderedRoute (http://localhost:8000/node_modules/.vite/deps/react-router-dom.js?v=e8613d71:4080:5)
    at Outlet (http://localhost:8000/node_modules/.vite/deps/react-router-dom.js?v=e8613d71:4486:26)
    at ProtectedRoute (http://localhost:8000/src/components/ProtectedRoute.tsx:23:3)
    at RenderedRoute (http://localhost:8000/node_modules/.vite/deps/react-router-dom.js?v=e8613d71:4080:5)
    at Routes (http://localhost:8000/node_modules/.vite/deps/react-router-dom.js?v=e8613d71:4550:5)
    at PresenceChild (http://localhost:8000/node_modules/.vite/deps/framer-motion.js?v=e8613d71:3971:24)
    at AnimatePresence (http://localhost:8000/node_modules/.vite/deps/framer-motion.js?v=e8613d71:4044:26)
    at Suspense
    at div
    at AppContent (http://localhost:8000/App.tsx:95:25)
    at AccessibilityProvider (http://localhost:8000/src/components/ui/AccessibilityComponents.tsx:28:41)
    at div
    at MotionDOMComponent (http://localhost:8000/node_modules/.vite/deps/framer-motion.js?v=e8613d71:4866:40)
    at PresenceChild (http://localhost:8000/node_modules/.vite/deps/framer-motion.js?v=e8613d71:3971:24)
    at AnimatePresence (http://localhost:8000/node_modules/.vite/deps/framer-motion.js?v=e8613d71:4044:26)
    at ThemeProvider (http://localhost:8000/src/context/ThemeContext.tsx:324:3)
    at App
    at ChallengeProvider (http://localhost:8000/src/context/ChallengeContext.tsx:284:37)
    at AppProvider (http://localhost:8000/src/context/AppProvider.tsx:95:31)
    at Router (http://localhost:8000/node_modules/.vite/deps/react-router-dom.js?v=e8613d71:4493:15)
    at HashRouter (http://localhost:8000/node_modules/.vite/deps/react-router-dom.js?v=e8613d71:5273:5)
    at SecurityProvider (http://localhost:8000/src/components/security/SecurityProvider.tsx:29:36)
    at SecurityErrorBoundary (http://localhost:8000/src/components/security/SecurityErrorBoundary.tsx:31:5)

React will try to recreate this component tree from scratch using the error boundary you provided, TacticsErrorBoundary.
overrideMethod @ hook.js:608
logCapturedError @ chunk-GCPV6VEH.js?v=cea9cd79:14074
callback @ chunk-GCPV6VEH.js?v=cea9cd79:14120
callCallback @ chunk-GCPV6VEH.js?v=cea9cd79:11290
commitUpdateQueue @ chunk-GCPV6VEH.js?v=cea9cd79:11307
commitLayoutEffectOnFiber @ chunk-GCPV6VEH.js?v=cea9cd79:17117
commitLayoutMountEffects_complete @ chunk-GCPV6VEH.js?v=cea9cd79:18024
commitLayoutEffects_begin @ chunk-GCPV6VEH.js?v=cea9cd79:18013
commitLayoutEffects_begin @ chunk-GCPV6VEH.js?v=cea9cd79:17994
commitLayoutEffects_begin @ chunk-GCPV6VEH.js?v=cea9cd79:17994
commitLayoutEffects @ chunk-GCPV6VEH.js?v=cea9cd79:17964
commitRootImpl @ chunk-GCPV6VEH.js?v=cea9cd79:19400
commitRoot @ chunk-GCPV6VEH.js?v=cea9cd79:19324
performSyncWorkOnRoot @ chunk-GCPV6VEH.js?v=cea9cd79:18942
flushSyncCallbacks @ chunk-GCPV6VEH.js?v=cea9cd79:9160
commitRootImpl @ chunk-GCPV6VEH.js?v=cea9cd79:19479
commitRoot @ chunk-GCPV6VEH.js?v=cea9cd79:19324
finishConcurrentRender @ chunk-GCPV6VEH.js?v=cea9cd79:18852
performConcurrentWorkOnRoot @ chunk-GCPV6VEH.js?v=cea9cd79:18762
workLoop @ chunk-GCPV6VEH.js?v=cea9cd79:195
flushWork @ chunk-GCPV6VEH.js?v=cea9cd79:174
performWorkUntilDeadline @ chunk-GCPV6VEH.js?v=cea9cd79:382
TacticsErrorBoundary.tsx:51 TacticsErrorBoundary caught an error in UnifiedTacticsBoard: TypeError: animate2.subscribe is not a function
    at AnimationFeature.updateAnimationControlsSubscription (framer-motion.js?v=e8613d71:6102:39)
    at AnimationFeature.mount (framer-motion.js?v=e8613d71:6109:10)
    at HTMLVisualElement.updateFeatures (framer-motion.js?v=e8613d71:5287:19)
    at framer-motion.js?v=e8613d71:4811:19
    at commitHookEffectListMount (chunk-GCPV6VEH.js?v=cea9cd79:16957:34)
    at invokeLayoutEffectMountInDEV (chunk-GCPV6VEH.js?v=cea9cd79:18343:19)
    at invokeEffectsInDev (chunk-GCPV6VEH.js?v=cea9cd79:19748:19)
    at commitDoubleInvokeEffectsInDEV (chunk-GCPV6VEH.js?v=cea9cd79:19731:13)
    at flushPassiveEffectsImpl (chunk-GCPV6VEH.js?v=cea9cd79:19550:13)
    at flushPassiveEffects (chunk-GCPV6VEH.js?v=cea9cd79:19494:22) Error Component Stack
    at TacticsErrorBoundary (TacticsErrorBoundary.tsx:28:5)
    at Suspense (<anonymous>)
    at div (<anonymous>)
    at div (<anonymous>)
    at ResponsiveContainer (AdaptiveLayout.tsx:20:3)
    at ResponsivePage (ResponsivePage.tsx:22:3)
    at TacticsBoardPageComponent (TacticsBoardPage.tsx:17:20)
    at div (<anonymous>)
    at MotionDOMComponent (framer-motion.js?v=e8613d71:4866:40)
    at PresenceChild (framer-motion.js?v=e8613d71:3971:24)
    at AnimatePresence (framer-motion.js?v=e8613d71:4044:26)
    at PageTransition (AnimationSystem.tsx:237:65)
    at RenderedRoute (react-router-dom.js?v=e8613d71:4080:5)
    at Outlet (react-router-dom.js?v=e8613d71:4486:26)
    at div (<anonymous>)
    at main (<anonymous>)
    at div (<anonymous>)
    at Layout (Layout.tsx:66:42)
    at RenderedRoute (react-router-dom.js?v=e8613d71:4080:5)
    at Outlet (react-router-dom.js?v=e8613d71:4486:26)
    at ProtectedRoute (ProtectedRoute.tsx:19:3)
    at RenderedRoute (react-router-dom.js?v=e8613d71:4080:5)
    at Routes (react-router-dom.js?v=e8613d71:4550:5)
    at PresenceChild (framer-motion.js?v=e8613d71:3971:24)
    at AnimatePresence (framer-motion.js?v=e8613d71:4044:26)
    at Suspense (<anonymous>)
    at div (<anonymous>)
    at AppContent (App.tsx:48:25)
    at AccessibilityProvider (AccessibilityComponents.tsx:23:76)
    at div (<anonymous>)
    at MotionDOMComponent (framer-motion.js?v=e8613d71:4866:40)
    at PresenceChild (framer-motion.js?v=e8613d71:3971:24)
    at AnimatePresence (framer-motion.js?v=e8613d71:4044:26)
    at ThemeProvider (ThemeContext.tsx:327:3)
    at App (<anonymous>)
    at ChallengeProvider (ChallengeContext.tsx:434:71)
    at AppProvider (AppProvider.tsx:87:72)
    at Router (react-router-dom.js?v=e8613d71:4493:15)
    at HashRouter (react-router-dom.js?v=e8613d71:5273:5)
    at SecurityProvider (SecurityProvider.tsx:47:36)
    at SecurityErrorBoundary (SecurityErrorBoundary.tsx:52:5)
overrideMethod @ hook.js:608
componentDidCatch @ TacticsErrorBoundary.tsx:51
callback @ chunk-GCPV6VEH.js?v=cea9cd79:14126
callCallback @ chunk-GCPV6VEH.js?v=cea9cd79:11290
commitUpdateQueue @ chunk-GCPV6VEH.js?v=cea9cd79:11307
commitLayoutEffectOnFiber @ chunk-GCPV6VEH.js?v=cea9cd79:17117
commitLayoutMountEffects_complete @ chunk-GCPV6VEH.js?v=cea9cd79:18024
commitLayoutEffects_begin @ chunk-GCPV6VEH.js?v=cea9cd79:18013
commitLayoutEffects_begin @ chunk-GCPV6VEH.js?v=cea9cd79:17994
commitLayoutEffects_begin @ chunk-GCPV6VEH.js?v=cea9cd79:17994
commitLayoutEffects @ chunk-GCPV6VEH.js?v=cea9cd79:17964
commitRootImpl @ chunk-GCPV6VEH.js?v=cea9cd79:19400
commitRoot @ chunk-GCPV6VEH.js?v=cea9cd79:19324
performSyncWorkOnRoot @ chunk-GCPV6VEH.js?v=cea9cd79:18942
flushSyncCallbacks @ chunk-GCPV6VEH.js?v=cea9cd79:9160
commitRootImpl @ chunk-GCPV6VEH.js?v=cea9cd79:19479
commitRoot @ chunk-GCPV6VEH.js?v=cea9cd79:19324
finishConcurrentRender @ chunk-GCPV6VEH.js?v=cea9cd79:18852
performConcurrentWorkOnRoot @ chunk-GCPV6VEH.js?v=cea9cd79:18762
workLoop @ chunk-GCPV6VEH.js?v=cea9cd79:195
flushWork @ chunk-GCPV6VEH.js?v=cea9cd79:174
performWorkUntilDeadline @ chunk-GCPV6VEH.js?v=cea9cd79:382
TacticsErrorBoundary.tsx:52 Error Info: {componentStack: '\n    at MotionDOMComponent (http://localhost:8000/…mponents/security/SecurityErrorBoundary.tsx:31:5)'} Error Component Stack
    at TacticsErrorBoundary (TacticsErrorBoundary.tsx:28:5)
    at Suspense (<anonymous>)
    at div (<anonymous>)
    at div (<anonymous>)
    at ResponsiveContainer (AdaptiveLayout.tsx:20:3)
    at ResponsivePage (ResponsivePage.tsx:22:3)
    at TacticsBoardPageComponent (TacticsBoardPage.tsx:17:20)
    at div (<anonymous>)
    at MotionDOMComponent (framer-motion.js?v=e8613d71:4866:40)
    at PresenceChild (framer-motion.js?v=e8613d71:3971:24)
    at AnimatePresence (framer-motion.js?v=e8613d71:4044:26)
    at PageTransition (AnimationSystem.tsx:237:65)
    at RenderedRoute (react-router-dom.js?v=e8613d71:4080:5)
    at Outlet (react-router-dom.js?v=e8613d71:4486:26)
    at div (<anonymous>)
    at main (<anonymous>)
    at div (<anonymous>)
    at Layout (Layout.tsx:66:42)
    at RenderedRoute (react-router-dom.js?v=e8613d71:4080:5)
    at Outlet (react-router-dom.js?v=e8613d71:4486:26)
    at ProtectedRoute (ProtectedRoute.tsx:19:3)
    at RenderedRoute (react-router-dom.js?v=e8613d71:4080:5)
    at Routes (react-router-dom.js?v=e8613d71:4550:5)
    at PresenceChild (framer-motion.js?v=e8613d71:3971:24)
    at AnimatePresence (framer-motion.js?v=e8613d71:4044:26)
    at Suspense (<anonymous>)
    at div (<anonymous>)
    at AppContent (App.tsx:48:25)
    at AccessibilityProvider (AccessibilityComponents.tsx:23:76)
    at div (<anonymous>)
    at MotionDOMComponent (framer-motion.js?v=e8613d71:4866:40)
    at PresenceChild (framer-motion.js?v=e8613d71:3971:24)
    at AnimatePresence (framer-motion.js?v=e8613d71:4044:26)
    at ThemeProvider (ThemeContext.tsx:327:3)
    at App (<anonymous>)
    at ChallengeProvider (ChallengeContext.tsx:434:71)
    at AppProvider (AppProvider.tsx:87:72)
    at Router (react-router-dom.js?v=e8613d71:4493:15)
    at HashRouter (react-router-dom.js?v=e8613d71:5273:5)
    at SecurityProvider (SecurityProvider.tsx:47:36)
    at SecurityErrorBoundary (SecurityErrorBoundary.tsx:52:5)
overrideMethod @ hook.js:608
componentDidCatch @ TacticsErrorBoundary.tsx:52
callback @ chunk-GCPV6VEH.js?v=cea9cd79:14126
callCallback @ chunk-GCPV6VEH.js?v=cea9cd79:11290
commitUpdateQueue @ chunk-GCPV6VEH.js?v=cea9cd79:11307
commitLayoutEffectOnFiber @ chunk-GCPV6VEH.js?v=cea9cd79:17117
commitLayoutMountEffects_complete @ chunk-GCPV6VEH.js?v=cea9cd79:18024
commitLayoutEffects_begin @ chunk-GCPV6VEH.js?v=cea9cd79:18013
commitLayoutEffects_begin @ chunk-GCPV6VEH.js?v=cea9cd79:17994
commitLayoutEffects_begin @ chunk-GCPV6VEH.js?v=cea9cd79:17994
commitLayoutEffects @ chunk-GCPV6VEH.js?v=cea9cd79:17964
commitRootImpl @ chunk-GCPV6VEH.js?v=cea9cd79:19400
commitRoot @ chunk-GCPV6VEH.js?v=cea9cd79:19324
performSyncWorkOnRoot @ chunk-GCPV6VEH.js?v=cea9cd79:18942
flushSyncCallbacks @ chunk-GCPV6VEH.js?v=cea9cd79:9160
commitRootImpl @ chunk-GCPV6VEH.js?v=cea9cd79:19479
commitRoot @ chunk-GCPV6VEH.js?v=cea9cd79:19324
finishConcurrentRender @ chunk-GCPV6VEH.js?v=cea9cd79:18852
performConcurrentWorkOnRoot @ chunk-GCPV6VEH.js?v=cea9cd79:18762
workLoop @ chunk-GCPV6VEH.js?v=cea9cd79:195
flushWork @ chunk-GCPV6VEH.js?v=cea9cd79:174
performWorkUntilDeadline @ chunk-GCPV6VEH.js?v=cea9cd79:382
hook.js:608 The above error occurred in the <ForwardRef(motion.div)> component:

    at MotionDOMComponent (http://localhost:8000/node_modules/.vite/deps/framer-motion.js?v=e8613d71:4866:40)
    at http://localhost:8000/src/components/tactics/PlayerToken.tsx:457:7
    at div
    at div
    at MotionDOMComponent (http://localhost:8000/node_modules/.vite/deps/framer-motion.js?v=e8613d71:4866:40)
    at div
    at ModernField (http://localhost:8000/src/components/tactics/ModernField.tsx:32:3)
    at main
    at div
    at div
    at div
    at UnifiedTacticsBoard (http://localhost:8000/src/components/tactics/UnifiedTacticsBoard.tsx:119:3)
    at TacticsErrorBoundary (http://localhost:8000/src/components/boundaries/TacticsErrorBoundary.tsx:8:5)
    at Suspense
    at div
    at div
    at ResponsiveContainer (http://localhost:8000/src/components/Layout/AdaptiveLayout.tsx:20:3)
    at ResponsivePage (http://localhost:8000/src/components/Layout/ResponsivePage.tsx:19:3)
    at TacticsBoardPageComponent (http://localhost:8000/src/pages/TacticsBoardPage.tsx:35:20)
    at div
    at MotionDOMComponent (http://localhost:8000/node_modules/.vite/deps/framer-motion.js?v=e8613d71:4866:40)
    at PresenceChild (http://localhost:8000/node_modules/.vite/deps/framer-motion.js?v=e8613d71:3971:24)
    at AnimatePresence (http://localhost:8000/node_modules/.vite/deps/framer-motion.js?v=e8613d71:4044:26)
    at PageTransition (http://localhost:8000/src/components/ui/AnimationSystem.tsx:225:34)
    at RenderedRoute (http://localhost:8000/node_modules/.vite/deps/react-router-dom.js?v=e8613d71:4080:5)
    at Outlet (http://localhost:8000/node_modules/.vite/deps/react-router-dom.js?v=e8613d71:4486:26)
    at div
    at main
    at div
    at Layout (http://localhost:8000/src/components/Layout.tsx:82:19)
    at RenderedRoute (http://localhost:8000/node_modules/.vite/deps/react-router-dom.js?v=e8613d71:4080:5)
    at Outlet (http://localhost:8000/node_modules/.vite/deps/react-router-dom.js?v=e8613d71:4486:26)
    at ProtectedRoute (http://localhost:8000/src/components/ProtectedRoute.tsx:23:3)
    at RenderedRoute (http://localhost:8000/node_modules/.vite/deps/react-router-dom.js?v=e8613d71:4080:5)
    at Routes (http://localhost:8000/node_modules/.vite/deps/react-router-dom.js?v=e8613d71:4550:5)
    at PresenceChild (http://localhost:8000/node_modules/.vite/deps/framer-motion.js?v=e8613d71:3971:24)
    at AnimatePresence (http://localhost:8000/node_modules/.vite/deps/framer-motion.js?v=e8613d71:4044:26)
    at Suspense
    at div
    at AppContent (http://localhost:8000/App.tsx:95:25)
    at AccessibilityProvider (http://localhost:8000/src/components/ui/AccessibilityComponents.tsx:28:41)
    at div
    at MotionDOMComponent (http://localhost:8000/node_modules/.vite/deps/framer-motion.js?v=e8613d71:4866:40)
    at PresenceChild (http://localhost:8000/node_modules/.vite/deps/framer-motion.js?v=e8613d71:3971:24)
    at AnimatePresence (http://localhost:8000/node_modules/.vite/deps/framer-motion.js?v=e8613d71:4044:26)
    at ThemeProvider (http://localhost:8000/src/context/ThemeContext.tsx:324:3)
    at App
    at ChallengeProvider (http://localhost:8000/src/context/ChallengeContext.tsx:284:37)
    at AppProvider (http://localhost:8000/src/context/AppProvider.tsx:95:31)
    at Router (http://localhost:8000/node_modules/.vite/deps/react-router-dom.js?v=e8613d71:4493:15)
    at HashRouter (http://localhost:8000/node_modules/.vite/deps/react-router-dom.js?v=e8613d71:5273:5)
    at SecurityProvider (http://localhost:8000/src/components/security/SecurityProvider.tsx:29:36)
    at SecurityErrorBoundary (http://localhost:8000/src/components/security/SecurityErrorBoundary.tsx:31:5)

React will try to recreate this component tree from scratch using the error boundary you provided, TacticsErrorBoundary.
overrideMethod @ hook.js:608
logCapturedError @ chunk-GCPV6VEH.js?v=cea9cd79:14074
callback @ chunk-GCPV6VEH.js?v=cea9cd79:14120
callCallback @ chunk-GCPV6VEH.js?v=cea9cd79:11290
commitUpdateQueue @ chunk-GCPV6VEH.js?v=cea9cd79:11307
commitLayoutEffectOnFiber @ chunk-GCPV6VEH.js?v=cea9cd79:17117
commitLayoutMountEffects_complete @ chunk-GCPV6VEH.js?v=cea9cd79:18024
commitLayoutEffects_begin @ chunk-GCPV6VEH.js?v=cea9cd79:18013
commitLayoutEffects_begin @ chunk-GCPV6VEH.js?v=cea9cd79:17994
commitLayoutEffects_begin @ chunk-GCPV6VEH.js?v=cea9cd79:17994
commitLayoutEffects @ chunk-GCPV6VEH.js?v=cea9cd79:17964
commitRootImpl @ chunk-GCPV6VEH.js?v=cea9cd79:19400
commitRoot @ chunk-GCPV6VEH.js?v=cea9cd79:19324
performSyncWorkOnRoot @ chunk-GCPV6VEH.js?v=cea9cd79:18942
flushSyncCallbacks @ chunk-GCPV6VEH.js?v=cea9cd79:9160
commitRootImpl @ chunk-GCPV6VEH.js?v=cea9cd79:19479
commitRoot @ chunk-GCPV6VEH.js?v=cea9cd79:19324
finishConcurrentRender @ chunk-GCPV6VEH.js?v=cea9cd79:18852
performConcurrentWorkOnRoot @ chunk-GCPV6VEH.js?v=cea9cd79:18762
workLoop @ chunk-GCPV6VEH.js?v=cea9cd79:195
flushWork @ chunk-GCPV6VEH.js?v=cea9cd79:174
performWorkUntilDeadline @ chunk-GCPV6VEH.js?v=cea9cd79:382
TacticsErrorBoundary.tsx:51 TacticsErrorBoundary caught an error in UnifiedTacticsBoard: TypeError: animate2.subscribe is not a function
    at AnimationFeature.updateAnimationControlsSubscription (framer-motion.js?v=e8613d71:6102:39)
    at AnimationFeature.mount (framer-motion.js?v=e8613d71:6109:10)
    at HTMLVisualElement.updateFeatures (framer-motion.js?v=e8613d71:5287:19)
    at framer-motion.js?v=e8613d71:4811:19
    at commitHookEffectListMount (chunk-GCPV6VEH.js?v=cea9cd79:16957:34)
    at invokeLayoutEffectMountInDEV (chunk-GCPV6VEH.js?v=cea9cd79:18343:19)
    at invokeEffectsInDev (chunk-GCPV6VEH.js?v=cea9cd79:19748:19)
    at commitDoubleInvokeEffectsInDEV (chunk-GCPV6VEH.js?v=cea9cd79:19731:13)
    at flushPassiveEffectsImpl (chunk-GCPV6VEH.js?v=cea9cd79:19550:13)
    at flushPassiveEffects (chunk-GCPV6VEH.js?v=cea9cd79:19494:22) Error Component Stack
    at TacticsErrorBoundary (TacticsErrorBoundary.tsx:28:5)
    at Suspense (<anonymous>)
    at div (<anonymous>)
    at div (<anonymous>)
    at ResponsiveContainer (AdaptiveLayout.tsx:20:3)
    at ResponsivePage (ResponsivePage.tsx:22:3)
    at TacticsBoardPageComponent (TacticsBoardPage.tsx:17:20)
    at div (<anonymous>)
    at MotionDOMComponent (framer-motion.js?v=e8613d71:4866:40)
    at PresenceChild (framer-motion.js?v=e8613d71:3971:24)
    at AnimatePresence (framer-motion.js?v=e8613d71:4044:26)
    at PageTransition (AnimationSystem.tsx:237:65)
    at RenderedRoute (react-router-dom.js?v=e8613d71:4080:5)
    at Outlet (react-router-dom.js?v=e8613d71:4486:26)
    at div (<anonymous>)
    at main (<anonymous>)
    at div (<anonymous>)
    at Layout (Layout.tsx:66:42)
    at RenderedRoute (react-router-dom.js?v=e8613d71:4080:5)
    at Outlet (react-router-dom.js?v=e8613d71:4486:26)
    at ProtectedRoute (ProtectedRoute.tsx:19:3)
    at RenderedRoute (react-router-dom.js?v=e8613d71:4080:5)
    at Routes (react-router-dom.js?v=e8613d71:4550:5)
    at PresenceChild (framer-motion.js?v=e8613d71:3971:24)
    at AnimatePresence (framer-motion.js?v=e8613d71:4044:26)
    at Suspense (<anonymous>)
    at div (<anonymous>)
    at AppContent (App.tsx:48:25)
    at AccessibilityProvider (AccessibilityComponents.tsx:23:76)
    at div (<anonymous>)
    at MotionDOMComponent (framer-motion.js?v=e8613d71:4866:40)
    at PresenceChild (framer-motion.js?v=e8613d71:3971:24)
    at AnimatePresence (framer-motion.js?v=e8613d71:4044:26)
    at ThemeProvider (ThemeContext.tsx:327:3)
    at App (<anonymous>)
    at ChallengeProvider (ChallengeContext.tsx:434:71)
    at AppProvider (AppProvider.tsx:87:72)
    at Router (react-router-dom.js?v=e8613d71:4493:15)
    at HashRouter (react-router-dom.js?v=e8613d71:5273:5)
    at SecurityProvider (SecurityProvider.tsx:47:36)
    at SecurityErrorBoundary (SecurityErrorBoundary.tsx:52:5)
overrideMethod @ hook.js:608
componentDidCatch @ TacticsErrorBoundary.tsx:51
callback @ chunk-GCPV6VEH.js?v=cea9cd79:14126
callCallback @ chunk-GCPV6VEH.js?v=cea9cd79:11290
commitUpdateQueue @ chunk-GCPV6VEH.js?v=cea9cd79:11307
commitLayoutEffectOnFiber @ chunk-GCPV6VEH.js?v=cea9cd79:17117
commitLayoutMountEffects_complete @ chunk-GCPV6VEH.js?v=cea9cd79:18024
commitLayoutEffects_begin @ chunk-GCPV6VEH.js?v=cea9cd79:18013
commitLayoutEffects_begin @ chunk-GCPV6VEH.js?v=cea9cd79:17994
commitLayoutEffects_begin @ chunk-GCPV6VEH.js?v=cea9cd79:17994
commitLayoutEffects @ chunk-GCPV6VEH.js?v=cea9cd79:17964
commitRootImpl @ chunk-GCPV6VEH.js?v=cea9cd79:19400
commitRoot @ chunk-GCPV6VEH.js?v=cea9cd79:19324
performSyncWorkOnRoot @ chunk-GCPV6VEH.js?v=cea9cd79:18942
flushSyncCallbacks @ chunk-GCPV6VEH.js?v=cea9cd79:9160
commitRootImpl @ chunk-GCPV6VEH.js?v=cea9cd79:19479
commitRoot @ chunk-GCPV6VEH.js?v=cea9cd79:19324
finishConcurrentRender @ chunk-GCPV6VEH.js?v=cea9cd79:18852
performConcurrentWorkOnRoot @ chunk-GCPV6VEH.js?v=cea9cd79:18762
workLoop @ chunk-GCPV6VEH.js?v=cea9cd79:195
flushWork @ chunk-GCPV6VEH.js?v=cea9cd79:174
performWorkUntilDeadline @ chunk-GCPV6VEH.js?v=cea9cd79:382
TacticsErrorBoundary.tsx:52 Error Info: {componentStack: '\n    at MotionDOMComponent (http://localhost:8000/…mponents/security/SecurityErrorBoundary.tsx:31:5)'} Error Component Stack
    at TacticsErrorBoundary (TacticsErrorBoundary.tsx:28:5)
    at Suspense (<anonymous>)
    at div (<anonymous>)
    at div (<anonymous>)
    at ResponsiveContainer (AdaptiveLayout.tsx:20:3)
    at ResponsivePage (ResponsivePage.tsx:22:3)
    at TacticsBoardPageComponent (TacticsBoardPage.tsx:17:20)
    at div (<anonymous>)
    at MotionDOMComponent (framer-motion.js?v=e8613d71:4866:40)
    at PresenceChild (framer-motion.js?v=e8613d71:3971:24)
    at AnimatePresence (framer-motion.js?v=e8613d71:4044:26)
    at PageTransition (AnimationSystem.tsx:237:65)
    at RenderedRoute (react-router-dom.js?v=e8613d71:4080:5)
    at Outlet (react-router-dom.js?v=e8613d71:4486:26)
    at div (<anonymous>)
    at main (<anonymous>)
    at div (<anonymous>)
    at Layout (Layout.tsx:66:42)
    at RenderedRoute (react-router-dom.js?v=e8613d71:4080:5)
    at Outlet (react-router-dom.js?v=e8613d71:4486:26)
    at ProtectedRoute (ProtectedRoute.tsx:19:3)
    at RenderedRoute (react-router-dom.js?v=e8613d71:4080:5)
    at Routes (react-router-dom.js?v=e8613d71:4550:5)
    at PresenceChild (framer-motion.js?v=e8613d71:3971:24)
    at AnimatePresence (framer-motion.js?v=e8613d71:4044:26)
    at Suspense (<anonymous>)
    at div (<anonymous>)
    at AppContent (App.tsx:48:25)
    at AccessibilityProvider (AccessibilityComponents.tsx:23:76)
    at div (<anonymous>)
    at MotionDOMComponent (framer-motion.js?v=e8613d71:4866:40)
    at PresenceChild (framer-motion.js?v=e8613d71:3971:24)
    at AnimatePresence (framer-motion.js?v=e8613d71:4044:26)
    at ThemeProvider (ThemeContext.tsx:327:3)
    at App (<anonymous>)
    at ChallengeProvider (ChallengeContext.tsx:434:71)
    at AppProvider (AppProvider.tsx:87:72)
    at Router (react-router-dom.js?v=e8613d71:4493:15)
    at HashRouter (react-router-dom.js?v=e8613d71:5273:5)
    at SecurityProvider (SecurityProvider.tsx:47:36)
    at SecurityErrorBoundary (SecurityErrorBoundary.tsx:52:5)
overrideMethod @ hook.js:608
componentDidCatch @ TacticsErrorBoundary.tsx:52
callback @ chunk-GCPV6VEH.js?v=cea9cd79:14126
callCallback @ chunk-GCPV6VEH.js?v=cea9cd79:11290
commitUpdateQueue @ chunk-GCPV6VEH.js?v=cea9cd79:11307
commitLayoutEffectOnFiber @ chunk-GCPV6VEH.js?v=cea9cd79:17117
commitLayoutMountEffects_complete @ chunk-GCPV6VEH.js?v=cea9cd79:18024
commitLayoutEffects_begin @ chunk-GCPV6VEH.js?v=cea9cd79:18013
commitLayoutEffects_begin @ chunk-GCPV6VEH.js?v=cea9cd79:17994
commitLayoutEffects_begin @ chunk-GCPV6VEH.js?v=cea9cd79:17994
commitLayoutEffects @ chunk-GCPV6VEH.js?v=cea9cd79:17964
commitRootImpl @ chunk-GCPV6VEH.js?v=cea9cd79:19400
commitRoot @ chunk-GCPV6VEH.js?v=cea9cd79:19324
performSyncWorkOnRoot @ chunk-GCPV6VEH.js?v=cea9cd79:18942
flushSyncCallbacks @ chunk-GCPV6VEH.js?v=cea9cd79:9160
commitRootImpl @ chunk-GCPV6VEH.js?v=cea9cd79:19479
commitRoot @ chunk-GCPV6VEH.js?v=cea9cd79:19324
finishConcurrentRender @ chunk-GCPV6VEH.js?v=cea9cd79:18852
performConcurrentWorkOnRoot @ chunk-GCPV6VEH.js?v=cea9cd79:18762
workLoop @ chunk-GCPV6VEH.js?v=cea9cd79:195
flushWork @ chunk-GCPV6VEH.js?v=cea9cd79:174
performWorkUntilDeadline @ chunk-GCPV6VEH.js?v=cea9cd79:382
hook.js:608 The above error occurred in the <ForwardRef(motion.div)> component:

    at MotionDOMComponent (http://localhost:8000/node_modules/.vite/deps/framer-motion.js?v=e8613d71:4866:40)
    at http://localhost:8000/src/components/tactics/PlayerToken.tsx:457:7
    at div
    at div
    at MotionDOMComponent (http://localhost:8000/node_modules/.vite/deps/framer-motion.js?v=e8613d71:4866:40)
    at div
    at ModernField (http://localhost:8000/src/components/tactics/ModernField.tsx:32:3)
    at main
    at div
    at div
    at div
    at UnifiedTacticsBoard (http://localhost:8000/src/components/tactics/UnifiedTacticsBoard.tsx:119:3)
    at TacticsErrorBoundary (http://localhost:8000/src/components/boundaries/TacticsErrorBoundary.tsx:8:5)
    at Suspense
    at div
    at div
    at ResponsiveContainer (http://localhost:8000/src/components/Layout/AdaptiveLayout.tsx:20:3)
    at ResponsivePage (http://localhost:8000/src/components/Layout/ResponsivePage.tsx:19:3)
    at TacticsBoardPageComponent (http://localhost:8000/src/pages/TacticsBoardPage.tsx:35:20)
    at div
    at MotionDOMComponent (http://localhost:8000/node_modules/.vite/deps/framer-motion.js?v=e8613d71:4866:40)
    at PresenceChild (http://localhost:8000/node_modules/.vite/deps/framer-motion.js?v=e8613d71:3971:24)
    at AnimatePresence (http://localhost:8000/node_modules/.vite/deps/framer-motion.js?v=e8613d71:4044:26)
    at PageTransition (http://localhost:8000/src/components/ui/AnimationSystem.tsx:225:34)
    at RenderedRoute (http://localhost:8000/node_modules/.vite/deps/react-router-dom.js?v=e8613d71:4080:5)
    at Outlet (http://localhost:8000/node_modules/.vite/deps/react-router-dom.js?v=e8613d71:4486:26)
    at div
    at main
    at div
    at Layout (http://localhost:8000/src/components/Layout.tsx:82:19)
    at RenderedRoute (http://localhost:8000/node_modules/.vite/deps/react-router-dom.js?v=e8613d71:4080:5)
    at Outlet (http://localhost:8000/node_modules/.vite/deps/react-router-dom.js?v=e8613d71:4486:26)
    at ProtectedRoute (http://localhost:8000/src/components/ProtectedRoute.tsx:23:3)
    at RenderedRoute (http://localhost:8000/node_modules/.vite/deps/react-router-dom.js?v=e8613d71:4080:5)
    at Routes (http://localhost:8000/node_modules/.vite/deps/react-router-dom.js?v=e8613d71:4550:5)
    at PresenceChild (http://localhost:8000/node_modules/.vite/deps/framer-motion.js?v=e8613d71:3971:24)
    at AnimatePresence (http://localhost:8000/node_modules/.vite/deps/framer-motion.js?v=e8613d71:4044:26)
    at Suspense
    at div
    at AppContent (http://localhost:8000/App.tsx:95:25)
    at AccessibilityProvider (http://localhost:8000/src/components/ui/AccessibilityComponents.tsx:28:41)
    at div
    at MotionDOMComponent (http://localhost:8000/node_modules/.vite/deps/framer-motion.js?v=e8613d71:4866:40)
    at PresenceChild (http://localhost:8000/node_modules/.vite/deps/framer-motion.js?v=e8613d71:3971:24)
    at AnimatePresence (http://localhost:8000/node_modules/.vite/deps/framer-motion.js?v=e8613d71:4044:26)
    at ThemeProvider (http://localhost:8000/src/context/ThemeContext.tsx:324:3)
    at App
    at ChallengeProvider (http://localhost:8000/src/context/ChallengeContext.tsx:284:37)
    at AppProvider (http://localhost:8000/src/context/AppProvider.tsx:95:31)
    at Router (http://localhost:8000/node_modules/.vite/deps/react-router-dom.js?v=e8613d71:4493:15)
    at HashRouter (http://localhost:8000/node_modules/.vite/deps/react-router-dom.js?v=e8613d71:5273:5)
    at SecurityProvider (http://localhost:8000/src/components/security/SecurityProvider.tsx:29:36)
    at SecurityErrorBoundary (http://localhost:8000/src/components/security/SecurityErrorBoundary.tsx:31:5)

React will try to recreate this component tree from scratch using the error boundary you provided, TacticsErrorBoundary.
overrideMethod @ hook.js:608
logCapturedError @ chunk-GCPV6VEH.js?v=cea9cd79:14074
callback @ chunk-GCPV6VEH.js?v=cea9cd79:14120
callCallback @ chunk-GCPV6VEH.js?v=cea9cd79:11290
commitUpdateQueue @ chunk-GCPV6VEH.js?v=cea9cd79:11307
commitLayoutEffectOnFiber @ chunk-GCPV6VEH.js?v=cea9cd79:17117
commitLayoutMountEffects_complete @ chunk-GCPV6VEH.js?v=cea9cd79:18024
commitLayoutEffects_begin @ chunk-GCPV6VEH.js?v=cea9cd79:18013
commitLayoutEffects_begin @ chunk-GCPV6VEH.js?v=cea9cd79:17994
commitLayoutEffects_begin @ chunk-GCPV6VEH.js?v=cea9cd79:17994
commitLayoutEffects @ chunk-GCPV6VEH.js?v=cea9cd79:17964
commitRootImpl @ chunk-GCPV6VEH.js?v=cea9cd79:19400
commitRoot @ chunk-GCPV6VEH.js?v=cea9cd79:19324
performSyncWorkOnRoot @ chunk-GCPV6VEH.js?v=cea9cd79:18942
flushSyncCallbacks @ chunk-GCPV6VEH.js?v=cea9cd79:9160
commitRootImpl @ chunk-GCPV6VEH.js?v=cea9cd79:19479
commitRoot @ chunk-GCPV6VEH.js?v=cea9cd79:19324
finishConcurrentRender @ chunk-GCPV6VEH.js?v=cea9cd79:18852
performConcurrentWorkOnRoot @ chunk-GCPV6VEH.js?v=cea9cd79:18762
workLoop @ chunk-GCPV6VEH.js?v=cea9cd79:195
flushWork @ chunk-GCPV6VEH.js?v=cea9cd79:174
performWorkUntilDeadline @ chunk-GCPV6VEH.js?v=cea9cd79:382
TacticsErrorBoundary.tsx:51 TacticsErrorBoundary caught an error in UnifiedTacticsBoard: TypeError: animate2.subscribe is not a function
    at AnimationFeature.updateAnimationControlsSubscription (framer-motion.js?v=e8613d71:6102:39)
    at AnimationFeature.mount (framer-motion.js?v=e8613d71:6109:10)
    at HTMLVisualElement.updateFeatures (framer-motion.js?v=e8613d71:5287:19)
    at framer-motion.js?v=e8613d71:4811:19
    at commitHookEffectListMount (chunk-GCPV6VEH.js?v=cea9cd79:16957:34)
    at invokeLayoutEffectMountInDEV (chunk-GCPV6VEH.js?v=cea9cd79:18343:19)
    at invokeEffectsInDev (chunk-GCPV6VEH.js?v=cea9cd79:19748:19)
    at commitDoubleInvokeEffectsInDEV (chunk-GCPV6VEH.js?v=cea9cd79:19731:13)
    at flushPassiveEffectsImpl (chunk-GCPV6VEH.js?v=cea9cd79:19550:13)
    at flushPassiveEffects (chunk-GCPV6VEH.js?v=cea9cd79:19494:22) Error Component Stack
    at TacticsErrorBoundary (TacticsErrorBoundary.tsx:28:5)
    at Suspense (<anonymous>)
    at div (<anonymous>)
    at div (<anonymous>)
    at ResponsiveContainer (AdaptiveLayout.tsx:20:3)
    at ResponsivePage (ResponsivePage.tsx:22:3)
    at TacticsBoardPageComponent (TacticsBoardPage.tsx:17:20)
    at div (<anonymous>)
    at MotionDOMComponent (framer-motion.js?v=e8613d71:4866:40)
    at PresenceChild (framer-motion.js?v=e8613d71:3971:24)
    at AnimatePresence (framer-motion.js?v=e8613d71:4044:26)
    at PageTransition (AnimationSystem.tsx:237:65)
    at RenderedRoute (react-router-dom.js?v=e8613d71:4080:5)
    at Outlet (react-router-dom.js?v=e8613d71:4486:26)
    at div (<anonymous>)
    at main (<anonymous>)
    at div (<anonymous>)
    at Layout (Layout.tsx:66:42)
    at RenderedRoute (react-router-dom.js?v=e8613d71:4080:5)
    at Outlet (react-router-dom.js?v=e8613d71:4486:26)
    at ProtectedRoute (ProtectedRoute.tsx:19:3)
    at RenderedRoute (react-router-dom.js?v=e8613d71:4080:5)
    at Routes (react-router-dom.js?v=e8613d71:4550:5)
    at PresenceChild (framer-motion.js?v=e8613d71:3971:24)
    at AnimatePresence (framer-motion.js?v=e8613d71:4044:26)
    at Suspense (<anonymous>)
    at div (<anonymous>)
    at AppContent (App.tsx:48:25)
    at AccessibilityProvider (AccessibilityComponents.tsx:23:76)
    at div (<anonymous>)
    at MotionDOMComponent (framer-motion.js?v=e8613d71:4866:40)
    at PresenceChild (framer-motion.js?v=e8613d71:3971:24)
    at AnimatePresence (framer-motion.js?v=e8613d71:4044:26)
    at ThemeProvider (ThemeContext.tsx:327:3)
    at App (<anonymous>)
    at ChallengeProvider (ChallengeContext.tsx:434:71)
    at AppProvider (AppProvider.tsx:87:72)
    at Router (react-router-dom.js?v=e8613d71:4493:15)
    at HashRouter (react-router-dom.js?v=e8613d71:5273:5)
    at SecurityProvider (SecurityProvider.tsx:47:36)
    at SecurityErrorBoundary (SecurityErrorBoundary.tsx:52:5)
overrideMethod @ hook.js:608
componentDidCatch @ TacticsErrorBoundary.tsx:51
callback @ chunk-GCPV6VEH.js?v=cea9cd79:14126
callCallback @ chunk-GCPV6VEH.js?v=cea9cd79:11290
commitUpdateQueue @ chunk-GCPV6VEH.js?v=cea9cd79:11307
commitLayoutEffectOnFiber @ chunk-GCPV6VEH.js?v=cea9cd79:17117
commitLayoutMountEffects_complete @ chunk-GCPV6VEH.js?v=cea9cd79:18024
commitLayoutEffects_begin @ chunk-GCPV6VEH.js?v=cea9cd79:18013
commitLayoutEffects_begin @ chunk-GCPV6VEH.js?v=cea9cd79:17994
commitLayoutEffects_begin @ chunk-GCPV6VEH.js?v=cea9cd79:17994
commitLayoutEffects @ chunk-GCPV6VEH.js?v=cea9cd79:17964
commitRootImpl @ chunk-GCPV6VEH.js?v=cea9cd79:19400
commitRoot @ chunk-GCPV6VEH.js?v=cea9cd79:19324
performSyncWorkOnRoot @ chunk-GCPV6VEH.js?v=cea9cd79:18942
flushSyncCallbacks @ chunk-GCPV6VEH.js?v=cea9cd79:9160
commitRootImpl @ chunk-GCPV6VEH.js?v=cea9cd79:19479
commitRoot @ chunk-GCPV6VEH.js?v=cea9cd79:19324
finishConcurrentRender @ chunk-GCPV6VEH.js?v=cea9cd79:18852
performConcurrentWorkOnRoot @ chunk-GCPV6VEH.js?v=cea9cd79:18762
workLoop @ chunk-GCPV6VEH.js?v=cea9cd79:195
flushWork @ chunk-GCPV6VEH.js?v=cea9cd79:174
performWorkUntilDeadline @ chunk-GCPV6VEH.js?v=cea9cd79:382
TacticsErrorBoundary.tsx:52 Error Info: {componentStack: '\n    at MotionDOMComponent (http://localhost:8000/…mponents/security/SecurityErrorBoundary.tsx:31:5)'} Error Component Stack
    at TacticsErrorBoundary (TacticsErrorBoundary.tsx:28:5)
    at Suspense (<anonymous>)
    at div (<anonymous>)
    at div (<anonymous>)
    at ResponsiveContainer (AdaptiveLayout.tsx:20:3)
    at ResponsivePage (ResponsivePage.tsx:22:3)
    at TacticsBoardPageComponent (TacticsBoardPage.tsx:17:20)
    at div (<anonymous>)
    at MotionDOMComponent (framer-motion.js?v=e8613d71:4866:40)
    at PresenceChild (framer-motion.js?v=e8613d71:3971:24)
    at AnimatePresence (framer-motion.js?v=e8613d71:4044:26)
    at PageTransition (AnimationSystem.tsx:237:65)
    at RenderedRoute (react-router-dom.js?v=e8613d71:4080:5)
    at Outlet (react-router-dom.js?v=e8613d71:4486:26)
    at div (<anonymous>)
    at main (<anonymous>)
    at div (<anonymous>)
    at Layout (Layout.tsx:66:42)
    at RenderedRoute (react-router-dom.js?v=e8613d71:4080:5)
    at Outlet (react-router-dom.js?v=e8613d71:4486:26)
    at ProtectedRoute (ProtectedRoute.tsx:19:3)
    at RenderedRoute (react-router-dom.js?v=e8613d71:4080:5)
    at Routes (react-router-dom.js?v=e8613d71:4550:5)
    at PresenceChild (framer-motion.js?v=e8613d71:3971:24)
    at AnimatePresence (framer-motion.js?v=e8613d71:4044:26)
    at Suspense (<anonymous>)
    at div (<anonymous>)
    at AppContent (App.tsx:48:25)
    at AccessibilityProvider (AccessibilityComponents.tsx:23:76)
    at div (<anonymous>)
    at MotionDOMComponent (framer-motion.js?v=e8613d71:4866:40)
    at PresenceChild (framer-motion.js?v=e8613d71:3971:24)
    at AnimatePresence (framer-motion.js?v=e8613d71:4044:26)
    at ThemeProvider (ThemeContext.tsx:327:3)
    at App (<anonymous>)
    at ChallengeProvider (ChallengeContext.tsx:434:71)
    at AppProvider (AppProvider.tsx:87:72)
    at Router (react-router-dom.js?v=e8613d71:4493:15)
    at HashRouter (react-router-dom.js?v=e8613d71:5273:5)
    at SecurityProvider (SecurityProvider.tsx:47:36)
    at SecurityErrorBoundary (SecurityErrorBoundary.tsx:52:5)
overrideMethod @ hook.js:608
componentDidCatch @ TacticsErrorBoundary.tsx:52
callback @ chunk-GCPV6VEH.js?v=cea9cd79:14126
callCallback @ chunk-GCPV6VEH.js?v=cea9cd79:11290
commitUpdateQueue @ chunk-GCPV6VEH.js?v=cea9cd79:11307
commitLayoutEffectOnFiber @ chunk-GCPV6VEH.js?v=cea9cd79:17117
commitLayoutMountEffects_complete @ chunk-GCPV6VEH.js?v=cea9cd79:18024
commitLayoutEffects_begin @ chunk-GCPV6VEH.js?v=cea9cd79:18013
commitLayoutEffects_begin @ chunk-GCPV6VEH.js?v=cea9cd79:17994
commitLayoutEffects_begin @ chunk-GCPV6VEH.js?v=cea9cd79:17994
commitLayoutEffects @ chunk-GCPV6VEH.js?v=cea9cd79:17964
commitRootImpl @ chunk-GCPV6VEH.js?v=cea9cd79:19400
commitRoot @ chunk-GCPV6VEH.js?v=cea9cd79:19324
performSyncWorkOnRoot @ chunk-GCPV6VEH.js?v=cea9cd79:18942
flushSyncCallbacks @ chunk-GCPV6VEH.js?v=cea9cd79:9160
commitRootImpl @ chunk-GCPV6VEH.js?v=cea9cd79:19479
commitRoot @ chunk-GCPV6VEH.js?v=cea9cd79:19324
finishConcurrentRender @ chunk-GCPV6VEH.js?v=cea9cd79:18852
performConcurrentWorkOnRoot @ chunk-GCPV6VEH.js?v=cea9cd79:18762
workLoop @ chunk-GCPV6VEH.js?v=cea9cd79:195
flushWork @ chunk-GCPV6VEH.js?v=cea9cd79:174
performWorkUntilDeadline @ chunk-GCPV6VEH.js?v=cea9cd79:382
hook.js:608 The above error occurred in the <ForwardRef(motion.div)> component:

    at MotionDOMComponent (http://localhost:8000/node_modules/.vite/deps/framer-motion.js?v=e8613d71:4866:40)
    at http://localhost:8000/src/components/tactics/PlayerToken.tsx:457:7
    at div
    at div
    at MotionDOMComponent (http://localhost:8000/node_modules/.vite/deps/framer-motion.js?v=e8613d71:4866:40)
    at div
    at ModernField (http://localhost:8000/src/components/tactics/ModernField.tsx:32:3)
    at main
    at div
    at div
    at div
    at UnifiedTacticsBoard (http://localhost:8000/src/components/tactics/UnifiedTacticsBoard.tsx:119:3)
    at TacticsErrorBoundary (http://localhost:8000/src/components/boundaries/TacticsErrorBoundary.tsx:8:5)
    at Suspense
    at div
    at div
    at ResponsiveContainer (http://localhost:8000/src/components/Layout/AdaptiveLayout.tsx:20:3)
    at ResponsivePage (http://localhost:8000/src/components/Layout/ResponsivePage.tsx:19:3)
    at TacticsBoardPageComponent (http://localhost:8000/src/pages/TacticsBoardPage.tsx:35:20)
    at div
    at MotionDOMComponent (http://localhost:8000/node_modules/.vite/deps/framer-motion.js?v=e8613d71:4866:40)
    at PresenceChild (http://localhost:8000/node_modules/.vite/deps/framer-motion.js?v=e8613d71:3971:24)
    at AnimatePresence (http://localhost:8000/node_modules/.vite/deps/framer-motion.js?v=e8613d71:4044:26)
    at PageTransition (http://localhost:8000/src/components/ui/AnimationSystem.tsx:225:34)
    at RenderedRoute (http://localhost:8000/node_modules/.vite/deps/react-router-dom.js?v=e8613d71:4080:5)
    at Outlet (http://localhost:8000/node_modules/.vite/deps/react-router-dom.js?v=e8613d71:4486:26)
    at div
    at main
    at div
    at Layout (http://localhost:8000/src/components/Layout.tsx:82:19)
    at RenderedRoute (http://localhost:8000/node_modules/.vite/deps/react-router-dom.js?v=e8613d71:4080:5)
    at Outlet (http://localhost:8000/node_modules/.vite/deps/react-router-dom.js?v=e8613d71:4486:26)
    at ProtectedRoute (http://localhost:8000/src/components/ProtectedRoute.tsx:23:3)
    at RenderedRoute (http://localhost:8000/node_modules/.vite/deps/react-router-dom.js?v=e8613d71:4080:5)
    at Routes (http://localhost:8000/node_modules/.vite/deps/react-router-dom.js?v=e8613d71:4550:5)
    at PresenceChild (http://localhost:8000/node_modules/.vite/deps/framer-motion.js?v=e8613d71:3971:24)
    at AnimatePresence (http://localhost:8000/node_modules/.vite/deps/framer-motion.js?v=e8613d71:4044:26)
    at Suspense
    at div
    at AppContent (http://localhost:8000/App.tsx:95:25)
    at AccessibilityProvider (http://localhost:8000/src/components/ui/AccessibilityComponents.tsx:28:41)
    at div
    at MotionDOMComponent (http://localhost:8000/node_modules/.vite/deps/framer-motion.js?v=e8613d71:4866:40)
    at PresenceChild (http://localhost:8000/node_modules/.vite/deps/framer-motion.js?v=e8613d71:3971:24)
    at AnimatePresence (http://localhost:8000/node_modules/.vite/deps/framer-motion.js?v=e8613d71:4044:26)
    at ThemeProvider (http://localhost:8000/src/context/ThemeContext.tsx:324:3)
    at App
    at ChallengeProvider (http://localhost:8000/src/context/ChallengeContext.tsx:284:37)
    at AppProvider (http://localhost:8000/src/context/AppProvider.tsx:95:31)
    at Router (http://localhost:8000/node_modules/.vite/deps/react-router-dom.js?v=e8613d71:4493:15)
    at HashRouter (http://localhost:8000/node_modules/.vite/deps/react-router-dom.js?v=e8613d71:5273:5)
    at SecurityProvider (http://localhost:8000/src/components/security/SecurityProvider.tsx:29:36)
    at SecurityErrorBoundary (http://localhost:8000/src/components/security/SecurityErrorBoundary.tsx:31:5)

React will try to recreate this component tree from scratch using the error boundary you provided, TacticsErrorBoundary.
overrideMethod @ hook.js:608
logCapturedError @ chunk-GCPV6VEH.js?v=cea9cd79:14074
callback @ chunk-GCPV6VEH.js?v=cea9cd79:14120
callCallback @ chunk-GCPV6VEH.js?v=cea9cd79:11290
commitUpdateQueue @ chunk-GCPV6VEH.js?v=cea9cd79:11307
commitLayoutEffectOnFiber @ chunk-GCPV6VEH.js?v=cea9cd79:17117
commitLayoutMountEffects_complete @ chunk-GCPV6VEH.js?v=cea9cd79:18024
commitLayoutEffects_begin @ chunk-GCPV6VEH.js?v=cea9cd79:18013
commitLayoutEffects_begin @ chunk-GCPV6VEH.js?v=cea9cd79:17994
commitLayoutEffects_begin @ chunk-GCPV6VEH.js?v=cea9cd79:17994
commitLayoutEffects @ chunk-GCPV6VEH.js?v=cea9cd79:17964
commitRootImpl @ chunk-GCPV6VEH.js?v=cea9cd79:19400
commitRoot @ chunk-GCPV6VEH.js?v=cea9cd79:19324
performSyncWorkOnRoot @ chunk-GCPV6VEH.js?v=cea9cd79:18942
flushSyncCallbacks @ chunk-GCPV6VEH.js?v=cea9cd79:9160
commitRootImpl @ chunk-GCPV6VEH.js?v=cea9cd79:19479
commitRoot @ chunk-GCPV6VEH.js?v=cea9cd79:19324
finishConcurrentRender @ chunk-GCPV6VEH.js?v=cea9cd79:18852
performConcurrentWorkOnRoot @ chunk-GCPV6VEH.js?v=cea9cd79:18762
workLoop @ chunk-GCPV6VEH.js?v=cea9cd79:195
flushWork @ chunk-GCPV6VEH.js?v=cea9cd79:174
performWorkUntilDeadline @ chunk-GCPV6VEH.js?v=cea9cd79:382
TacticsErrorBoundary.tsx:51 TacticsErrorBoundary caught an error in UnifiedTacticsBoard: TypeError: animate2.subscribe is not a function
    at AnimationFeature.updateAnimationControlsSubscription (framer-motion.js?v=e8613d71:6102:39)
    at AnimationFeature.mount (framer-motion.js?v=e8613d71:6109:10)
    at HTMLVisualElement.updateFeatures (framer-motion.js?v=e8613d71:5287:19)
    at framer-motion.js?v=e8613d71:4811:19
    at commitHookEffectListMount (chunk-GCPV6VEH.js?v=cea9cd79:16957:34)
    at invokeLayoutEffectMountInDEV (chunk-GCPV6VEH.js?v=cea9cd79:18343:19)
    at invokeEffectsInDev (chunk-GCPV6VEH.js?v=cea9cd79:19748:19)
    at commitDoubleInvokeEffectsInDEV (chunk-GCPV6VEH.js?v=cea9cd79:19731:13)
    at flushPassiveEffectsImpl (chunk-GCPV6VEH.js?v=cea9cd79:19550:13)
    at flushPassiveEffects (chunk-GCPV6VEH.js?v=cea9cd79:19494:22) Error Component Stack
    at TacticsErrorBoundary (TacticsErrorBoundary.tsx:28:5)
    at Suspense (<anonymous>)
    at div (<anonymous>)
    at div (<anonymous>)
    at ResponsiveContainer (AdaptiveLayout.tsx:20:3)
    at ResponsivePage (ResponsivePage.tsx:22:3)
    at TacticsBoardPageComponent (TacticsBoardPage.tsx:17:20)
    at div (<anonymous>)
    at MotionDOMComponent (framer-motion.js?v=e8613d71:4866:40)
    at PresenceChild (framer-motion.js?v=e8613d71:3971:24)
    at AnimatePresence (framer-motion.js?v=e8613d71:4044:26)
    at PageTransition (AnimationSystem.tsx:237:65)
    at RenderedRoute (react-router-dom.js?v=e8613d71:4080:5)
    at Outlet (react-router-dom.js?v=e8613d71:4486:26)
    at div (<anonymous>)
    at main (<anonymous>)
    at div (<anonymous>)
    at Layout (Layout.tsx:66:42)
    at RenderedRoute (react-router-dom.js?v=e8613d71:4080:5)
    at Outlet (react-router-dom.js?v=e8613d71:4486:26)
    at ProtectedRoute (ProtectedRoute.tsx:19:3)
    at RenderedRoute (react-router-dom.js?v=e8613d71:4080:5)
    at Routes (react-router-dom.js?v=e8613d71:4550:5)
    at PresenceChild (framer-motion.js?v=e8613d71:3971:24)
    at AnimatePresence (framer-motion.js?v=e8613d71:4044:26)
    at Suspense (<anonymous>)
    at div (<anonymous>)
    at AppContent (App.tsx:48:25)
    at AccessibilityProvider (AccessibilityComponents.tsx:23:76)
    at div (<anonymous>)
    at MotionDOMComponent (framer-motion.js?v=e8613d71:4866:40)
    at PresenceChild (framer-motion.js?v=e8613d71:3971:24)
    at AnimatePresence (framer-motion.js?v=e8613d71:4044:26)
    at ThemeProvider (ThemeContext.tsx:327:3)
    at App (<anonymous>)
    at ChallengeProvider (ChallengeContext.tsx:434:71)
    at AppProvider (AppProvider.tsx:87:72)
    at Router (react-router-dom.js?v=e8613d71:4493:15)
    at HashRouter (react-router-dom.js?v=e8613d71:5273:5)
    at SecurityProvider (SecurityProvider.tsx:47:36)
    at SecurityErrorBoundary (SecurityErrorBoundary.tsx:52:5)
overrideMethod @ hook.js:608
componentDidCatch @ TacticsErrorBoundary.tsx:51
callback @ chunk-GCPV6VEH.js?v=cea9cd79:14126
callCallback @ chunk-GCPV6VEH.js?v=cea9cd79:11290
commitUpdateQueue @ chunk-GCPV6VEH.js?v=cea9cd79:11307
commitLayoutEffectOnFiber @ chunk-GCPV6VEH.js?v=cea9cd79:17117
commitLayoutMountEffects_complete @ chunk-GCPV6VEH.js?v=cea9cd79:18024
commitLayoutEffects_begin @ chunk-GCPV6VEH.js?v=cea9cd79:18013
commitLayoutEffects_begin @ chunk-GCPV6VEH.js?v=cea9cd79:17994
commitLayoutEffects_begin @ chunk-GCPV6VEH.js?v=cea9cd79:17994
commitLayoutEffects @ chunk-GCPV6VEH.js?v=cea9cd79:17964
commitRootImpl @ chunk-GCPV6VEH.js?v=cea9cd79:19400
commitRoot @ chunk-GCPV6VEH.js?v=cea9cd79:19324
performSyncWorkOnRoot @ chunk-GCPV6VEH.js?v=cea9cd79:18942
flushSyncCallbacks @ chunk-GCPV6VEH.js?v=cea9cd79:9160
commitRootImpl @ chunk-GCPV6VEH.js?v=cea9cd79:19479
commitRoot @ chunk-GCPV6VEH.js?v=cea9cd79:19324
finishConcurrentRender @ chunk-GCPV6VEH.js?v=cea9cd79:18852
performConcurrentWorkOnRoot @ chunk-GCPV6VEH.js?v=cea9cd79:18762
workLoop @ chunk-GCPV6VEH.js?v=cea9cd79:195
flushWork @ chunk-GCPV6VEH.js?v=cea9cd79:174
performWorkUntilDeadline @ chunk-GCPV6VEH.js?v=cea9cd79:382
TacticsErrorBoundary.tsx:52 Error Info: {componentStack: '\n    at MotionDOMComponent (http://localhost:8000/…mponents/security/SecurityErrorBoundary.tsx:31:5)'} Error Component Stack
    at TacticsErrorBoundary (TacticsErrorBoundary.tsx:28:5)
    at Suspense (<anonymous>)
    at div (<anonymous>)
    at div (<anonymous>)
    at ResponsiveContainer (AdaptiveLayout.tsx:20:3)
    at ResponsivePage (ResponsivePage.tsx:22:3)
    at TacticsBoardPageComponent (TacticsBoardPage.tsx:17:20)
    at div (<anonymous>)
    at MotionDOMComponent (framer-motion.js?v=e8613d71:4866:40)
    at PresenceChild (framer-motion.js?v=e8613d71:3971:24)
    at AnimatePresence (framer-motion.js?v=e8613d71:4044:26)
    at PageTransition (AnimationSystem.tsx:237:65)
    at RenderedRoute (react-router-dom.js?v=e8613d71:4080:5)
    at Outlet (react-router-dom.js?v=e8613d71:4486:26)
    at div (<anonymous>)
    at main (<anonymous>)
    at div (<anonymous>)
    at Layout (Layout.tsx:66:42)
    at RenderedRoute (react-router-dom.js?v=e8613d71:4080:5)
    at Outlet (react-router-dom.js?v=e8613d71:4486:26)
    at ProtectedRoute (ProtectedRoute.tsx:19:3)
    at RenderedRoute (react-router-dom.js?v=e8613d71:4080:5)
    at Routes (react-router-dom.js?v=e8613d71:4550:5)
    at PresenceChild (framer-motion.js?v=e8613d71:3971:24)
    at AnimatePresence (framer-motion.js?v=e8613d71:4044:26)
    at Suspense (<anonymous>)
    at div (<anonymous>)
    at AppContent (App.tsx:48:25)
    at AccessibilityProvider (AccessibilityComponents.tsx:23:76)
    at div (<anonymous>)
    at MotionDOMComponent (framer-motion.js?v=e8613d71:4866:40)
    at PresenceChild (framer-motion.js?v=e8613d71:3971:24)
    at AnimatePresence (framer-motion.js?v=e8613d71:4044:26)
    at ThemeProvider (ThemeContext.tsx:327:3)
    at App (<anonymous>)
    at ChallengeProvider (ChallengeContext.tsx:434:71)
    at AppProvider (AppProvider.tsx:87:72)
    at Router (react-router-dom.js?v=e8613d71:4493:15)
    at HashRouter (react-router-dom.js?v=e8613d71:5273:5)
    at SecurityProvider (SecurityProvider.tsx:47:36)
    at SecurityErrorBoundary (SecurityErrorBoundary.tsx:52:5)
overrideMethod @ hook.js:608
componentDidCatch @ TacticsErrorBoundary.tsx:52
callback @ chunk-GCPV6VEH.js?v=cea9cd79:14126
callCallback @ chunk-GCPV6VEH.js?v=cea9cd79:11290
commitUpdateQueue @ chunk-GCPV6VEH.js?v=cea9cd79:11307
commitLayoutEffectOnFiber @ chunk-GCPV6VEH.js?v=cea9cd79:17117
commitLayoutMountEffects_complete @ chunk-GCPV6VEH.js?v=cea9cd79:18024
commitLayoutEffects_begin @ chunk-GCPV6VEH.js?v=cea9cd79:18013
commitLayoutEffects_begin @ chunk-GCPV6VEH.js?v=cea9cd79:17994
commitLayoutEffects_begin @ chunk-GCPV6VEH.js?v=cea9cd79:17994
commitLayoutEffects @ chunk-GCPV6VEH.js?v=cea9cd79:17964
commitRootImpl @ chunk-GCPV6VEH.js?v=cea9cd79:19400
commitRoot @ chunk-GCPV6VEH.js?v=cea9cd79:19324
performSyncWorkOnRoot @ chunk-GCPV6VEH.js?v=cea9cd79:18942
flushSyncCallbacks @ chunk-GCPV6VEH.js?v=cea9cd79:9160
commitRootImpl @ chunk-GCPV6VEH.js?v=cea9cd79:19479
commitRoot @ chunk-GCPV6VEH.js?v=cea9cd79:19324
finishConcurrentRender @ chunk-GCPV6VEH.js?v=cea9cd79:18852
performConcurrentWorkOnRoot @ chunk-GCPV6VEH.js?v=cea9cd79:18762
workLoop @ chunk-GCPV6VEH.js?v=cea9cd79:195
flushWork @ chunk-GCPV6VEH.js?v=cea9cd79:174
performWorkUntilDeadline @ chunk-GCPV6VEH.js?v=cea9cd79:382
hook.js:608 The above error occurred in the <ForwardRef(motion.div)> component:

    at MotionDOMComponent (http://localhost:8000/node_modules/.vite/deps/framer-motion.js?v=e8613d71:4866:40)
    at http://localhost:8000/src/components/tactics/PlayerToken.tsx:457:7
    at div
    at div
    at MotionDOMComponent (http://localhost:8000/node_modules/.vite/deps/framer-motion.js?v=e8613d71:4866:40)
    at div
    at ModernField (http://localhost:8000/src/components/tactics/ModernField.tsx:32:3)
    at main
    at div
    at div
    at div
    at UnifiedTacticsBoard (http://localhost:8000/src/components/tactics/UnifiedTacticsBoard.tsx:119:3)
    at TacticsErrorBoundary (http://localhost:8000/src/components/boundaries/TacticsErrorBoundary.tsx:8:5)
    at Suspense
    at div
    at div
    at ResponsiveContainer (http://localhost:8000/src/components/Layout/AdaptiveLayout.tsx:20:3)
    at ResponsivePage (http://localhost:8000/src/components/Layout/ResponsivePage.tsx:19:3)
    at TacticsBoardPageComponent (http://localhost:8000/src/pages/TacticsBoardPage.tsx:35:20)
    at div
    at MotionDOMComponent (http://localhost:8000/node_modules/.vite/deps/framer-motion.js?v=e8613d71:4866:40)
    at PresenceChild (http://localhost:8000/node_modules/.vite/deps/framer-motion.js?v=e8613d71:3971:24)
    at AnimatePresence (http://localhost:8000/node_modules/.vite/deps/framer-motion.js?v=e8613d71:4044:26)
    at PageTransition (http://localhost:8000/src/components/ui/AnimationSystem.tsx:225:34)
    at RenderedRoute (http://localhost:8000/node_modules/.vite/deps/react-router-dom.js?v=e8613d71:4080:5)
    at Outlet (http://localhost:8000/node_modules/.vite/deps/react-router-dom.js?v=e8613d71:4486:26)
    at div
    at main
    at div
    at Layout (http://localhost:8000/src/components/Layout.tsx:82:19)
    at RenderedRoute (http://localhost:8000/node_modules/.vite/deps/react-router-dom.js?v=e8613d71:4080:5)
    at Outlet (http://localhost:8000/node_modules/.vite/deps/react-router-dom.js?v=e8613d71:4486:26)
    at ProtectedRoute (http://localhost:8000/src/components/ProtectedRoute.tsx:23:3)
    at RenderedRoute (http://localhost:8000/node_modules/.vite/deps/react-router-dom.js?v=e8613d71:4080:5)
    at Routes (http://localhost:8000/node_modules/.vite/deps/react-router-dom.js?v=e8613d71:4550:5)
    at PresenceChild (http://localhost:8000/node_modules/.vite/deps/framer-motion.js?v=e8613d71:3971:24)
    at AnimatePresence (http://localhost:8000/node_modules/.vite/deps/framer-motion.js?v=e8613d71:4044:26)
    at Suspense
    at div
    at AppContent (http://localhost:8000/App.tsx:95:25)
    at AccessibilityProvider (http://localhost:8000/src/components/ui/AccessibilityComponents.tsx:28:41)
    at div
    at MotionDOMComponent (http://localhost:8000/node_modules/.vite/deps/framer-motion.js?v=e8613d71:4866:40)
    at PresenceChild (http://localhost:8000/node_modules/.vite/deps/framer-motion.js?v=e8613d71:3971:24)
    at AnimatePresence (http://localhost:8000/node_modules/.vite/deps/framer-motion.js?v=e8613d71:4044:26)
    at ThemeProvider (http://localhost:8000/src/context/ThemeContext.tsx:324:3)
    at App
    at ChallengeProvider (http://localhost:8000/src/context/ChallengeContext.tsx:284:37)
    at AppProvider (http://localhost:8000/src/context/AppProvider.tsx:95:31)
    at Router (http://localhost:8000/node_modules/.vite/deps/react-router-dom.js?v=e8613d71:4493:15)
    at HashRouter (http://localhost:8000/node_modules/.vite/deps/react-router-dom.js?v=e8613d71:5273:5)
    at SecurityProvider (http://localhost:8000/src/components/security/SecurityProvider.tsx:29:36)
    at SecurityErrorBoundary (http://localhost:8000/src/components/security/SecurityErrorBoundary.tsx:31:5)

React will try to recreate this component tree from scratch using the error boundary you provided, TacticsErrorBoundary.
overrideMethod @ hook.js:608
logCapturedError @ chunk-GCPV6VEH.js?v=cea9cd79:14074
callback @ chunk-GCPV6VEH.js?v=cea9cd79:14120
callCallback @ chunk-GCPV6VEH.js?v=cea9cd79:11290
commitUpdateQueue @ chunk-GCPV6VEH.js?v=cea9cd79:11307
commitLayoutEffectOnFiber @ chunk-GCPV6VEH.js?v=cea9cd79:17117
commitLayoutMountEffects_complete @ chunk-GCPV6VEH.js?v=cea9cd79:18024
commitLayoutEffects_begin @ chunk-GCPV6VEH.js?v=cea9cd79:18013
commitLayoutEffects_begin @ chunk-GCPV6VEH.js?v=cea9cd79:17994
commitLayoutEffects_begin @ chunk-GCPV6VEH.js?v=cea9cd79:17994
commitLayoutEffects @ chunk-GCPV6VEH.js?v=cea9cd79:17964
commitRootImpl @ chunk-GCPV6VEH.js?v=cea9cd79:19400
commitRoot @ chunk-GCPV6VEH.js?v=cea9cd79:19324
performSyncWorkOnRoot @ chunk-GCPV6VEH.js?v=cea9cd79:18942
flushSyncCallbacks @ chunk-GCPV6VEH.js?v=cea9cd79:9160
commitRootImpl @ chunk-GCPV6VEH.js?v=cea9cd79:19479
commitRoot @ chunk-GCPV6VEH.js?v=cea9cd79:19324
finishConcurrentRender @ chunk-GCPV6VEH.js?v=cea9cd79:18852
performConcurrentWorkOnRoot @ chunk-GCPV6VEH.js?v=cea9cd79:18762
workLoop @ chunk-GCPV6VEH.js?v=cea9cd79:195
flushWork @ chunk-GCPV6VEH.js?v=cea9cd79:174
performWorkUntilDeadline @ chunk-GCPV6VEH.js?v=cea9cd79:382
TacticsErrorBoundary.tsx:51 TacticsErrorBoundary caught an error in UnifiedTacticsBoard: TypeError: animate2.subscribe is not a function
    at AnimationFeature.updateAnimationControlsSubscription (framer-motion.js?v=e8613d71:6102:39)
    at AnimationFeature.mount (framer-motion.js?v=e8613d71:6109:10)
    at HTMLVisualElement.updateFeatures (framer-motion.js?v=e8613d71:5287:19)
    at framer-motion.js?v=e8613d71:4811:19
    at commitHookEffectListMount (chunk-GCPV6VEH.js?v=cea9cd79:16957:34)
    at invokeLayoutEffectMountInDEV (chunk-GCPV6VEH.js?v=cea9cd79:18343:19)
    at invokeEffectsInDev (chunk-GCPV6VEH.js?v=cea9cd79:19748:19)
    at commitDoubleInvokeEffectsInDEV (chunk-GCPV6VEH.js?v=cea9cd79:19731:13)
    at flushPassiveEffectsImpl (chunk-GCPV6VEH.js?v=cea9cd79:19550:13)
    at flushPassiveEffects (chunk-GCPV6VEH.js?v=cea9cd79:19494:22) Error Component Stack
    at TacticsErrorBoundary (TacticsErrorBoundary.tsx:28:5)
    at Suspense (<anonymous>)
    at div (<anonymous>)
    at div (<anonymous>)
    at ResponsiveContainer (AdaptiveLayout.tsx:20:3)
    at ResponsivePage (ResponsivePage.tsx:22:3)
    at TacticsBoardPageComponent (TacticsBoardPage.tsx:17:20)
    at div (<anonymous>)
    at MotionDOMComponent (framer-motion.js?v=e8613d71:4866:40)
    at PresenceChild (framer-motion.js?v=e8613d71:3971:24)
    at AnimatePresence (framer-motion.js?v=e8613d71:4044:26)
    at PageTransition (AnimationSystem.tsx:237:65)
    at RenderedRoute (react-router-dom.js?v=e8613d71:4080:5)
    at Outlet (react-router-dom.js?v=e8613d71:4486:26)
    at div (<anonymous>)
    at main (<anonymous>)
    at div (<anonymous>)
    at Layout (Layout.tsx:66:42)
    at RenderedRoute (react-router-dom.js?v=e8613d71:4080:5)
    at Outlet (react-router-dom.js?v=e8613d71:4486:26)
    at ProtectedRoute (ProtectedRoute.tsx:19:3)
    at RenderedRoute (react-router-dom.js?v=e8613d71:4080:5)
    at Routes (react-router-dom.js?v=e8613d71:4550:5)
    at PresenceChild (framer-motion.js?v=e8613d71:3971:24)
    at AnimatePresence (framer-motion.js?v=e8613d71:4044:26)
    at Suspense (<anonymous>)
    at div (<anonymous>)
    at AppContent (App.tsx:48:25)
    at AccessibilityProvider (AccessibilityComponents.tsx:23:76)
    at div (<anonymous>)
    at MotionDOMComponent (framer-motion.js?v=e8613d71:4866:40)
    at PresenceChild (framer-motion.js?v=e8613d71:3971:24)
    at AnimatePresence (framer-motion.js?v=e8613d71:4044:26)
    at ThemeProvider (ThemeContext.tsx:327:3)
    at App (<anonymous>)
    at ChallengeProvider (ChallengeContext.tsx:434:71)
    at AppProvider (AppProvider.tsx:87:72)
    at Router (react-router-dom.js?v=e8613d71:4493:15)
    at HashRouter (react-router-dom.js?v=e8613d71:5273:5)
    at SecurityProvider (SecurityProvider.tsx:47:36)
    at SecurityErrorBoundary (SecurityErrorBoundary.tsx:52:5)
overrideMethod @ hook.js:608
componentDidCatch @ TacticsErrorBoundary.tsx:51
callback @ chunk-GCPV6VEH.js?v=cea9cd79:14126
callCallback @ chunk-GCPV6VEH.js?v=cea9cd79:11290
commitUpdateQueue @ chunk-GCPV6VEH.js?v=cea9cd79:11307
commitLayoutEffectOnFiber @ chunk-GCPV6VEH.js?v=cea9cd79:17117
commitLayoutMountEffects_complete @ chunk-GCPV6VEH.js?v=cea9cd79:18024
commitLayoutEffects_begin @ chunk-GCPV6VEH.js?v=cea9cd79:18013
commitLayoutEffects_begin @ chunk-GCPV6VEH.js?v=cea9cd79:17994
commitLayoutEffects_begin @ chunk-GCPV6VEH.js?v=cea9cd79:17994
commitLayoutEffects @ chunk-GCPV6VEH.js?v=cea9cd79:17964
commitRootImpl @ chunk-GCPV6VEH.js?v=cea9cd79:19400
commitRoot @ chunk-GCPV6VEH.js?v=cea9cd79:19324
performSyncWorkOnRoot @ chunk-GCPV6VEH.js?v=cea9cd79:18942
flushSyncCallbacks @ chunk-GCPV6VEH.js?v=cea9cd79:9160
commitRootImpl @ chunk-GCPV6VEH.js?v=cea9cd79:19479
commitRoot @ chunk-GCPV6VEH.js?v=cea9cd79:19324
finishConcurrentRender @ chunk-GCPV6VEH.js?v=cea9cd79:18852
performConcurrentWorkOnRoot @ chunk-GCPV6VEH.js?v=cea9cd79:18762
workLoop @ chunk-GCPV6VEH.js?v=cea9cd79:195
flushWork @ chunk-GCPV6VEH.js?v=cea9cd79:174
performWorkUntilDeadline @ chunk-GCPV6VEH.js?v=cea9cd79:382
TacticsErrorBoundary.tsx:52 Error Info: {componentStack: '\n    at MotionDOMComponent (http://localhost:8000/…mponents/security/SecurityErrorBoundary.tsx:31:5)'} Error Component Stack
    at TacticsErrorBoundary (TacticsErrorBoundary.tsx:28:5)
    at Suspense (<anonymous>)
    at div (<anonymous>)
    at div (<anonymous>)
    at ResponsiveContainer (AdaptiveLayout.tsx:20:3)
    at ResponsivePage (ResponsivePage.tsx:22:3)
    at TacticsBoardPageComponent (TacticsBoardPage.tsx:17:20)
    at div (<anonymous>)
    at MotionDOMComponent (framer-motion.js?v=e8613d71:4866:40)
    at PresenceChild (framer-motion.js?v=e8613d71:3971:24)
    at AnimatePresence (framer-motion.js?v=e8613d71:4044:26)
    at PageTransition (AnimationSystem.tsx:237:65)
    at RenderedRoute (react-router-dom.js?v=e8613d71:4080:5)
    at Outlet (react-router-dom.js?v=e8613d71:4486:26)
    at div (<anonymous>)
    at main (<anonymous>)
    at div (<anonymous>)
    at Layout (Layout.tsx:66:42)
    at RenderedRoute (react-router-dom.js?v=e8613d71:4080:5)
    at Outlet (react-router-dom.js?v=e8613d71:4486:26)
    at ProtectedRoute (ProtectedRoute.tsx:19:3)
    at RenderedRoute (react-router-dom.js?v=e8613d71:4080:5)
    at Routes (react-router-dom.js?v=e8613d71:4550:5)
    at PresenceChild (framer-motion.js?v=e8613d71:3971:24)
    at AnimatePresence (framer-motion.js?v=e8613d71:4044:26)
    at Suspense (<anonymous>)
    at div (<anonymous>)
    at AppContent (App.tsx:48:25)
    at AccessibilityProvider (AccessibilityComponents.tsx:23:76)
    at div (<anonymous>)
    at MotionDOMComponent (framer-motion.js?v=e8613d71:4866:40)
    at PresenceChild (framer-motion.js?v=e8613d71:3971:24)
    at AnimatePresence (framer-motion.js?v=e8613d71:4044:26)
    at ThemeProvider (ThemeContext.tsx:327:3)
    at App (<anonymous>)
    at ChallengeProvider (ChallengeContext.tsx:434:71)
    at AppProvider (AppProvider.tsx:87:72)
    at Router (react-router-dom.js?v=e8613d71:4493:15)
    at HashRouter (react-router-dom.js?v=e8613d71:5273:5)
    at SecurityProvider (SecurityProvider.tsx:47:36)
    at SecurityErrorBoundary (SecurityErrorBoundary.tsx:52:5)
overrideMethod @ hook.js:608
componentDidCatch @ TacticsErrorBoundary.tsx:52
callback @ chunk-GCPV6VEH.js?v=cea9cd79:14126
callCallback @ chunk-GCPV6VEH.js?v=cea9cd79:11290
commitUpdateQueue @ chunk-GCPV6VEH.js?v=cea9cd79:11307
commitLayoutEffectOnFiber @ chunk-GCPV6VEH.js?v=cea9cd79:17117
commitLayoutMountEffects_complete @ chunk-GCPV6VEH.js?v=cea9cd79:18024
commitLayoutEffects_begin @ chunk-GCPV6VEH.js?v=cea9cd79:18013
commitLayoutEffects_begin @ chunk-GCPV6VEH.js?v=cea9cd79:17994
commitLayoutEffects_begin @ chunk-GCPV6VEH.js?v=cea9cd79:17994
commitLayoutEffects @ chunk-GCPV6VEH.js?v=cea9cd79:17964
commitRootImpl @ chunk-GCPV6VEH.js?v=cea9cd79:19400
commitRoot @ chunk-GCPV6VEH.js?v=cea9cd79:19324
performSyncWorkOnRoot @ chunk-GCPV6VEH.js?v=cea9cd79:18942
flushSyncCallbacks @ chunk-GCPV6VEH.js?v=cea9cd79:9160
commitRootImpl @ chunk-GCPV6VEH.js?v=cea9cd79:19479
commitRoot @ chunk-GCPV6VEH.js?v=cea9cd79:19324
finishConcurrentRender @ chunk-GCPV6VEH.js?v=cea9cd79:18852
performConcurrentWorkOnRoot @ chunk-GCPV6VEH.js?v=cea9cd79:18762
workLoop @ chunk-GCPV6VEH.js?v=cea9cd79:195
flushWork @ chunk-GCPV6VEH.js?v=cea9cd79:174
performWorkUntilDeadline @ chunk-GCPV6VEH.js?v=cea9cd79:382
hook.js:608 The above error occurred in the <ForwardRef(motion.div)> component:

    at MotionDOMComponent (http://localhost:8000/node_modules/.vite/deps/framer-motion.js?v=e8613d71:4866:40)
    at http://localhost:8000/src/components/tactics/PlayerToken.tsx:457:7
    at div
    at div
    at MotionDOMComponent (http://localhost:8000/node_modules/.vite/deps/framer-motion.js?v=e8613d71:4866:40)
    at div
    at ModernField (http://localhost:8000/src/components/tactics/ModernField.tsx:32:3)
    at main
    at div
    at div
    at div
    at UnifiedTacticsBoard (http://localhost:8000/src/components/tactics/UnifiedTacticsBoard.tsx:119:3)
    at TacticsErrorBoundary (http://localhost:8000/src/components/boundaries/TacticsErrorBoundary.tsx:8:5)
    at Suspense
    at div
    at div
    at ResponsiveContainer (http://localhost:8000/src/components/Layout/AdaptiveLayout.tsx:20:3)
    at ResponsivePage (http://localhost:8000/src/components/Layout/ResponsivePage.tsx:19:3)
    at TacticsBoardPageComponent (http://localhost:8000/src/pages/TacticsBoardPage.tsx:35:20)
    at div
    at MotionDOMComponent (http://localhost:8000/node_modules/.vite/deps/framer-motion.js?v=e8613d71:4866:40)
    at PresenceChild (http://localhost:8000/node_modules/.vite/deps/framer-motion.js?v=e8613d71:3971:24)
    at AnimatePresence (http://localhost:8000/node_modules/.vite/deps/framer-motion.js?v=e8613d71:4044:26)
    at PageTransition (http://localhost:8000/src/components/ui/AnimationSystem.tsx:225:34)
    at RenderedRoute (http://localhost:8000/node_modules/.vite/deps/react-router-dom.js?v=e8613d71:4080:5)
    at Outlet (http://localhost:8000/node_modules/.vite/deps/react-router-dom.js?v=e8613d71:4486:26)
    at div
    at main
    at div
    at Layout (http://localhost:8000/src/components/Layout.tsx:82:19)
    at RenderedRoute (http://localhost:8000/node_modules/.vite/deps/react-router-dom.js?v=e8613d71:4080:5)
    at Outlet (http://localhost:8000/node_modules/.vite/deps/react-router-dom.js?v=e8613d71:4486:26)
    at ProtectedRoute (http://localhost:8000/src/components/ProtectedRoute.tsx:23:3)
    at RenderedRoute (http://localhost:8000/node_modules/.vite/deps/react-router-dom.js?v=e8613d71:4080:5)
    at Routes (http://localhost:8000/node_modules/.vite/deps/react-router-dom.js?v=e8613d71:4550:5)
    at PresenceChild (http://localhost:8000/node_modules/.vite/deps/framer-motion.js?v=e8613d71:3971:24)
    at AnimatePresence (http://localhost:8000/node_modules/.vite/deps/framer-motion.js?v=e8613d71:4044:26)
    at Suspense
    at div
    at AppContent (http://localhost:8000/App.tsx:95:25)
    at AccessibilityProvider (http://localhost:8000/src/components/ui/AccessibilityComponents.tsx:28:41)
    at div
    at MotionDOMComponent (http://localhost:8000/node_modules/.vite/deps/framer-motion.js?v=e8613d71:4866:40)
    at PresenceChild (http://localhost:8000/node_modules/.vite/deps/framer-motion.js?v=e8613d71:3971:24)
    at AnimatePresence (http://localhost:8000/node_modules/.vite/deps/framer-motion.js?v=e8613d71:4044:26)
    at ThemeProvider (http://localhost:8000/src/context/ThemeContext.tsx:324:3)
    at App
    at ChallengeProvider (http://localhost:8000/src/context/ChallengeContext.tsx:284:37)
    at AppProvider (http://localhost:8000/src/context/AppProvider.tsx:95:31)
    at Router (http://localhost:8000/node_modules/.vite/deps/react-router-dom.js?v=e8613d71:4493:15)
    at HashRouter (http://localhost:8000/node_modules/.vite/deps/react-router-dom.js?v=e8613d71:5273:5)
    at SecurityProvider (http://localhost:8000/src/components/security/SecurityProvider.tsx:29:36)
    at SecurityErrorBoundary (http://localhost:8000/src/components/security/SecurityErrorBoundary.tsx:31:5)

React will try to recreate this component tree from scratch using the error boundary you provided, TacticsErrorBoundary.
overrideMethod @ hook.js:608
logCapturedError @ chunk-GCPV6VEH.js?v=cea9cd79:14074
callback @ chunk-GCPV6VEH.js?v=cea9cd79:14120
callCallback @ chunk-GCPV6VEH.js?v=cea9cd79:11290
commitUpdateQueue @ chunk-GCPV6VEH.js?v=cea9cd79:11307
commitLayoutEffectOnFiber @ chunk-GCPV6VEH.js?v=cea9cd79:17117
commitLayoutMountEffects_complete @ chunk-GCPV6VEH.js?v=cea9cd79:18024
commitLayoutEffects_begin @ chunk-GCPV6VEH.js?v=cea9cd79:18013
commitLayoutEffects_begin @ chunk-GCPV6VEH.js?v=cea9cd79:17994
commitLayoutEffects_begin @ chunk-GCPV6VEH.js?v=cea9cd79:17994
commitLayoutEffects @ chunk-GCPV6VEH.js?v=cea9cd79:17964
commitRootImpl @ chunk-GCPV6VEH.js?v=cea9cd79:19400
commitRoot @ chunk-GCPV6VEH.js?v=cea9cd79:19324
performSyncWorkOnRoot @ chunk-GCPV6VEH.js?v=cea9cd79:18942
flushSyncCallbacks @ chunk-GCPV6VEH.js?v=cea9cd79:9160
commitRootImpl @ chunk-GCPV6VEH.js?v=cea9cd79:19479
commitRoot @ chunk-GCPV6VEH.js?v=cea9cd79:19324
finishConcurrentRender @ chunk-GCPV6VEH.js?v=cea9cd79:18852
performConcurrentWorkOnRoot @ chunk-GCPV6VEH.js?v=cea9cd79:18762
workLoop @ chunk-GCPV6VEH.js?v=cea9cd79:195
flushWork @ chunk-GCPV6VEH.js?v=cea9cd79:174
performWorkUntilDeadline @ chunk-GCPV6VEH.js?v=cea9cd79:382
TacticsErrorBoundary.tsx:51 TacticsErrorBoundary caught an error in UnifiedTacticsBoard: TypeError: animate2.subscribe is not a function
    at AnimationFeature.updateAnimationControlsSubscription (framer-motion.js?v=e8613d71:6102:39)
    at AnimationFeature.mount (framer-motion.js?v=e8613d71:6109:10)
    at HTMLVisualElement.updateFeatures (framer-motion.js?v=e8613d71:5287:19)
    at framer-motion.js?v=e8613d71:4811:19
    at commitHookEffectListMount (chunk-GCPV6VEH.js?v=cea9cd79:16957:34)
    at invokeLayoutEffectMountInDEV (chunk-GCPV6VEH.js?v=cea9cd79:18343:19)
    at invokeEffectsInDev (chunk-GCPV6VEH.js?v=cea9cd79:19748:19)
    at commitDoubleInvokeEffectsInDEV (chunk-GCPV6VEH.js?v=cea9cd79:19731:13)
    at flushPassiveEffectsImpl (chunk-GCPV6VEH.js?v=cea9cd79:19550:13)
    at flushPassiveEffects (chunk-GCPV6VEH.js?v=cea9cd79:19494:22) Error Component Stack
    at TacticsErrorBoundary (TacticsErrorBoundary.tsx:28:5)
    at Suspense (<anonymous>)
    at div (<anonymous>)
    at div (<anonymous>)
    at ResponsiveContainer (AdaptiveLayout.tsx:20:3)
    at ResponsivePage (ResponsivePage.tsx:22:3)
    at TacticsBoardPageComponent (TacticsBoardPage.tsx:17:20)
    at div (<anonymous>)
    at MotionDOMComponent (framer-motion.js?v=e8613d71:4866:40)
    at PresenceChild (framer-motion.js?v=e8613d71:3971:24)
    at AnimatePresence (framer-motion.js?v=e8613d71:4044:26)
    at PageTransition (AnimationSystem.tsx:237:65)
    at RenderedRoute (react-router-dom.js?v=e8613d71:4080:5)
    at Outlet (react-router-dom.js?v=e8613d71:4486:26)
    at div (<anonymous>)
    at main (<anonymous>)
    at div (<anonymous>)
    at Layout (Layout.tsx:66:42)
    at RenderedRoute (react-router-dom.js?v=e8613d71:4080:5)
    at Outlet (react-router-dom.js?v=e8613d71:4486:26)
    at ProtectedRoute (ProtectedRoute.tsx:19:3)
    at RenderedRoute (react-router-dom.js?v=e8613d71:4080:5)
    at Routes (react-router-dom.js?v=e8613d71:4550:5)
    at PresenceChild (framer-motion.js?v=e8613d71:3971:24)
    at AnimatePresence (framer-motion.js?v=e8613d71:4044:26)
    at Suspense (<anonymous>)
    at div (<anonymous>)
    at AppContent (App.tsx:48:25)
    at AccessibilityProvider (AccessibilityComponents.tsx:23:76)
    at div (<anonymous>)
    at MotionDOMComponent (framer-motion.js?v=e8613d71:4866:40)
    at PresenceChild (framer-motion.js?v=e8613d71:3971:24)
    at AnimatePresence (framer-motion.js?v=e8613d71:4044:26)
    at ThemeProvider (ThemeContext.tsx:327:3)
    at App (<anonymous>)
    at ChallengeProvider (ChallengeContext.tsx:434:71)
    at AppProvider (AppProvider.tsx:87:72)
    at Router (react-router-dom.js?v=e8613d71:4493:15)
    at HashRouter (react-router-dom.js?v=e8613d71:5273:5)
    at SecurityProvider (SecurityProvider.tsx:47:36)
    at SecurityErrorBoundary (SecurityErrorBoundary.tsx:52:5)
overrideMethod @ hook.js:608
componentDidCatch @ TacticsErrorBoundary.tsx:51
callback @ chunk-GCPV6VEH.js?v=cea9cd79:14126
callCallback @ chunk-GCPV6VEH.js?v=cea9cd79:11290
commitUpdateQueue @ chunk-GCPV6VEH.js?v=cea9cd79:11307
commitLayoutEffectOnFiber @ chunk-GCPV6VEH.js?v=cea9cd79:17117
commitLayoutMountEffects_complete @ chunk-GCPV6VEH.js?v=cea9cd79:18024
commitLayoutEffects_begin @ chunk-GCPV6VEH.js?v=cea9cd79:18013
commitLayoutEffects_begin @ chunk-GCPV6VEH.js?v=cea9cd79:17994
commitLayoutEffects_begin @ chunk-GCPV6VEH.js?v=cea9cd79:17994
commitLayoutEffects @ chunk-GCPV6VEH.js?v=cea9cd79:17964
commitRootImpl @ chunk-GCPV6VEH.js?v=cea9cd79:19400
commitRoot @ chunk-GCPV6VEH.js?v=cea9cd79:19324
performSyncWorkOnRoot @ chunk-GCPV6VEH.js?v=cea9cd79:18942
flushSyncCallbacks @ chunk-GCPV6VEH.js?v=cea9cd79:9160
commitRootImpl @ chunk-GCPV6VEH.js?v=cea9cd79:19479
commitRoot @ chunk-GCPV6VEH.js?v=cea9cd79:19324
finishConcurrentRender @ chunk-GCPV6VEH.js?v=cea9cd79:18852
performConcurrentWorkOnRoot @ chunk-GCPV6VEH.js?v=cea9cd79:18762
workLoop @ chunk-GCPV6VEH.js?v=cea9cd79:195
flushWork @ chunk-GCPV6VEH.js?v=cea9cd79:174
performWorkUntilDeadline @ chunk-GCPV6VEH.js?v=cea9cd79:382
TacticsErrorBoundary.tsx:52 Error Info: {componentStack: '\n    at MotionDOMComponent (http://localhost:8000/…mponents/security/SecurityErrorBoundary.tsx:31:5)'} Error Component Stack
    at TacticsErrorBoundary (TacticsErrorBoundary.tsx:28:5)
    at Suspense (<anonymous>)
    at div (<anonymous>)
    at div (<anonymous>)
    at ResponsiveContainer (AdaptiveLayout.tsx:20:3)
    at ResponsivePage (ResponsivePage.tsx:22:3)
    at TacticsBoardPageComponent (TacticsBoardPage.tsx:17:20)
    at div (<anonymous>)
    at MotionDOMComponent (framer-motion.js?v=e8613d71:4866:40)
    at PresenceChild (framer-motion.js?v=e8613d71:3971:24)
    at AnimatePresence (framer-motion.js?v=e8613d71:4044:26)
    at PageTransition (AnimationSystem.tsx:237:65)
    at RenderedRoute (react-router-dom.js?v=e8613d71:4080:5)
    at Outlet (react-router-dom.js?v=e8613d71:4486:26)
    at div (<anonymous>)
    at main (<anonymous>)
    at div (<anonymous>)
    at Layout (Layout.tsx:66:42)
    at RenderedRoute (react-router-dom.js?v=e8613d71:4080:5)
    at Outlet (react-router-dom.js?v=e8613d71:4486:26)
    at ProtectedRoute (ProtectedRoute.tsx:19:3)
    at RenderedRoute (react-router-dom.js?v=e8613d71:4080:5)
    at Routes (react-router-dom.js?v=e8613d71:4550:5)
    at PresenceChild (framer-motion.js?v=e8613d71:3971:24)
    at AnimatePresence (framer-motion.js?v=e8613d71:4044:26)
    at Suspense (<anonymous>)
    at div (<anonymous>)
    at AppContent (App.tsx:48:25)
    at AccessibilityProvider (AccessibilityComponents.tsx:23:76)
    at div (<anonymous>)
    at MotionDOMComponent (framer-motion.js?v=e8613d71:4866:40)
    at PresenceChild (framer-motion.js?v=e8613d71:3971:24)
    at AnimatePresence (framer-motion.js?v=e8613d71:4044:26)
    at ThemeProvider (ThemeContext.tsx:327:3)
    at App (<anonymous>)
    at ChallengeProvider (ChallengeContext.tsx:434:71)
    at AppProvider (AppProvider.tsx:87:72)
    at Router (react-router-dom.js?v=e8613d71:4493:15)
    at HashRouter (react-router-dom.js?v=e8613d71:5273:5)
    at SecurityProvider (SecurityProvider.tsx:47:36)
    at SecurityErrorBoundary (SecurityErrorBoundary.tsx:52:5)
overrideMethod @ hook.js:608
componentDidCatch @ TacticsErrorBoundary.tsx:52
callback @ chunk-GCPV6VEH.js?v=cea9cd79:14126
callCallback @ chunk-GCPV6VEH.js?v=cea9cd79:11290
commitUpdateQueue @ chunk-GCPV6VEH.js?v=cea9cd79:11307
commitLayoutEffectOnFiber @ chunk-GCPV6VEH.js?v=cea9cd79:17117
commitLayoutMountEffects_complete @ chunk-GCPV6VEH.js?v=cea9cd79:18024
commitLayoutEffects_begin @ chunk-GCPV6VEH.js?v=cea9cd79:18013
commitLayoutEffects_begin @ chunk-GCPV6VEH.js?v=cea9cd79:17994
commitLayoutEffects_begin @ chunk-GCPV6VEH.js?v=cea9cd79:17994
commitLayoutEffects @ chunk-GCPV6VEH.js?v=cea9cd79:17964
commitRootImpl @ chunk-GCPV6VEH.js?v=cea9cd79:19400
commitRoot @ chunk-GCPV6VEH.js?v=cea9cd79:19324
performSyncWorkOnRoot @ chunk-GCPV6VEH.js?v=cea9cd79:18942
flushSyncCallbacks @ chunk-GCPV6VEH.js?v=cea9cd79:9160
commitRootImpl @ chunk-GCPV6VEH.js?v=cea9cd79:19479
commitRoot @ chunk-GCPV6VEH.js?v=cea9cd79:19324
finishConcurrentRender @ chunk-GCPV6VEH.js?v=cea9cd79:18852
performConcurrentWorkOnRoot @ chunk-GCPV6VEH.js?v=cea9cd79:18762
workLoop @ chunk-GCPV6VEH.js?v=cea9cd79:195
flushWork @ chunk-GCPV6VEH.js?v=cea9cd79:174
performWorkUntilDeadline @ chunk-GCPV6VEH.js?v=cea9cd79:382
performanceOptimizations.tsx:292 Slow render detected: 287.40ms Error Component Stack
    at UnifiedTacticsBoard (UnifiedTacticsBoard.tsx:137:3)
overrideMethod @ hook.js:608
(anonymous) @ performanceOptimizations.tsx:292
safelyCallDestroy @ chunk-GCPV6VEH.js?v=cea9cd79:16790
commitHookEffectListUnmount @ chunk-GCPV6VEH.js?v=cea9cd79:16917
commitPassiveUnmountInsideDeletedTreeOnFiber @ chunk-GCPV6VEH.js?v=cea9cd79:18327
commitPassiveUnmountEffectsInsideOfDeletedTree_begin @ chunk-GCPV6VEH.js?v=cea9cd79:18289
commitPassiveUnmountEffects_begin @ chunk-GCPV6VEH.js?v=cea9cd79:18225
commitPassiveUnmountEffects @ chunk-GCPV6VEH.js?v=cea9cd79:18213
flushPassiveEffectsImpl @ chunk-GCPV6VEH.js?v=cea9cd79:19536
flushPassiveEffects @ chunk-GCPV6VEH.js?v=cea9cd79:19494
commitRootImpl @ chunk-GCPV6VEH.js?v=cea9cd79:19463
commitRoot @ chunk-GCPV6VEH.js?v=cea9cd79:19324
performSyncWorkOnRoot @ chunk-GCPV6VEH.js?v=cea9cd79:18942
flushSyncCallbacks @ chunk-GCPV6VEH.js?v=cea9cd79:9160
commitRootImpl @ chunk-GCPV6VEH.js?v=cea9cd79:19479
commitRoot @ chunk-GCPV6VEH.js?v=cea9cd79:19324
finishConcurrentRender @ chunk-GCPV6VEH.js?v=cea9cd79:18852
performConcurrentWorkOnRoot @ chunk-GCPV6VEH.js?v=cea9cd79:18762
workLoop @ chunk-GCPV6VEH.js?v=cea9cd79:195
flushWork @ chunk-GCPV6VEH.js?v=cea9cd79:174
performWorkUntilDeadline @ chunk-GCPV6VEH.js?v=cea9cd79:382
