
> astral-turf@8.0.0 test
> vitest src/__tests__/integration

node.exe : [33m[7m[33m Vitest [33m[27m "deps.inline" is 
deprecated. If you rely on vite-node directly, use 
"server.deps.inline" instead. Otherwise, consider using 
"deps.optimizer.web.include"[39m
At C:\Program Files\nodejs\npm.ps1:29 char:3
+   & $NODE_EXE $NPM_CLI_JS $args
+   ~~~~~~~~~~~~~~~~~~~~~~~~~~~~~
    + CategoryInfo          : NotSpecified: ([33m[7m[33m . 
   ..b.include"[39m:String) [], RemoteException
    + FullyQualifiedErrorId : NativeCommandError
 
[33mTesting types with tsc and vue-tsc is an experimental 
feature.
Breaking changes might not follow SemVer, please pin Vitest's 
version when using it.[39m

[1m[44m DEV [49m[22m [34mv3.2.4 [39m[90mC:/Users/damat/_REPOS/Astral Turf[39m


[1m[44m DEV [49m[22m [34mv3.2.4 [39m[90mC:/Users/damat/_REPOS/Astral Turf[39m

[90mstderr[2m | 
src/__tests__/integration/ErrorBoundaryMinimal.test.tsx[2m > 
[22m[2mMinimal Error Boundary Test[2m > [22m[2mshould 
show retry button with correct text
[22m[39mError: Uncaught [Error: Test error]
    at reportException (C:\Users\damat\_REPOS\Astral Turf\node
_modules\jsdom\lib\jsdom\living\helpers\runtime-script-errors.
js:66:24)
    at innerInvokeEventListeners 
(C:\Users\damat\_REPOS\Astral Turf\node_modules\jsdom\lib\jsdo
m\living\events\EventTarget-impl.js:353:9)
    at invokeEventListeners (C:\Users\damat\_REPOS\Astral Turf
\node_modules\jsdom\lib\jsdom\living\events\EventTarget-impl.j
s:286:3)
    at HTMLUnknownElementImpl._dispatch 
(C:\Users\damat\_REPOS\Astral Turf\node_modules\jsdom\lib\jsdo
m\living\events\EventTarget-impl.js:233:9)
    at HTMLUnknownElementImpl.dispatchEvent 
(C:\Users\damat\_REPOS\Astral Turf\node_modules\jsdom\lib\jsdo
m\living\events\EventTarget-impl.js:104:17)
    at HTMLUnknownElement.dispatchEvent 
(C:\Users\damat\_REPOS\Astral Turf\node_modules\jsdom\lib\jsdo
m\living\generated\EventTarget.js:241:34)
    at Object.invokeGuardedCallbackDev 
(C:\Users\damat\_REPOS\Astral Turf\node_modules\react-dom\cjs\
react-dom.development.js:4213:16)
    at invokeGuardedCallback (C:\Users\damat\_REPOS\Astral Tur
f\node_modules\react-dom\cjs\react-dom.development.js:4277:31)
    at beginWork$1 (C:\Users\damat\_REPOS\Astral Turf\node_mod
ules\react-dom\cjs\react-dom.development.js:27490:7)
    at performUnitOfWork (C:\Users\damat\_REPOS\Astral Turf\no
de_modules\react-dom\cjs\react-dom.development.js:26599:12) 
Error: Test error
    at FailingComp [90m(C:\Users\damat\_REPOS\Astral Turf\[3
9msrc\__tests__\integration\ErrorBoundaryMinimal.test.tsx:30:1
3[90m)[39m
    at renderWithHooks [90m(C:\Users\damat\_REPOS\Astral Turf
\[39mnode_modules\[4mreact-dom[24m\cjs\react-dom.developmen
t.js:15486:18[90m)[39m
    at mountIndeterminateComponent 
[90m(C:\Users\damat\_REPOS\Astral Turf\[39mnode_modules\[4m
react-dom[24m\cjs\react-dom.development.js:20103:13[90m)[39
m
    at beginWork [90m(C:\Users\damat\_REPOS\Astral Turf\[39m
node_modules\[4mreact-dom[24m\cjs\react-dom.development.js:2
1626:16[90m)[39m
    at HTMLUnknownElement.callCallback 
[90m(C:\Users\damat\_REPOS\Astral Turf\[39mnode_modules\[4m
react-dom[24m\cjs\react-dom.development.js:4164:14[90m)[39m
    at HTMLUnknownElement.callTheUserObjectsOperation 
[90m(C:\Users\damat\_REPOS\Astral Turf\[39mnode_modules\[4m
jsdom[24m\lib\jsdom\living\generated\EventListener.js:26:30[
90m)[39m
    at innerInvokeEventListeners 
[90m(C:\Users\damat\_REPOS\Astral Turf\[39mnode_modules\[4m
jsdom[24m\lib\jsdom\living\events\EventTarget-impl.js:350:25
[90m)[39m
    at invokeEventListeners 
[90m(C:\Users\damat\_REPOS\Astral Turf\[39mnode_modules\[4m
jsdom[24m\lib\jsdom\living\events\EventTarget-impl.js:286:3[
90m)[39m
    at HTMLUnknownElementImpl._dispatch 
[90m(C:\Users\damat\_REPOS\Astral Turf\[39mnode_modules\[4m
jsdom[24m\lib\jsdom\living\events\EventTarget-impl.js:233:9[
90m)[39m
    at HTMLUnknownElementImpl.dispatchEvent 
[90m(C:\Users\damat\_REPOS\Astral Turf\[39mnode_modules\[4m
jsdom[24m\lib\jsdom\living\events\EventTarget-impl.js:104:17
[90m)[39m
Error: Uncaught [Error: Test error]
    at reportException (C:\Users\damat\_REPOS\Astral Turf\node
_modules\jsdom\lib\jsdom\living\helpers\runtime-script-errors.
js:66:24)
    at innerInvokeEventListeners 
(C:\Users\damat\_REPOS\Astral Turf\node_modules\jsdom\lib\jsdo
m\living\events\EventTarget-impl.js:353:9)
    at invokeEventListeners (C:\Users\damat\_REPOS\Astral Turf
\node_modules\jsdom\lib\jsdom\living\events\EventTarget-impl.j
s:286:3)
    at HTMLUnknownElementImpl._dispatch 
(C:\Users\damat\_REPOS\Astral Turf\node_modules\jsdom\lib\jsdo
m\living\events\EventTarget-impl.js:233:9)
    at HTMLUnknownElementImpl.dispatchEvent 
(C:\Users\damat\_REPOS\Astral Turf\node_modules\jsdom\lib\jsdo
m\living\events\EventTarget-impl.js:104:17)
    at HTMLUnknownElement.dispatchEvent 
(C:\Users\damat\_REPOS\Astral Turf\node_modules\jsdom\lib\jsdo
m\living\generated\EventTarget.js:241:34)
    at Object.invokeGuardedCallbackDev 
(C:\Users\damat\_REPOS\Astral Turf\node_modules\react-dom\cjs\
react-dom.development.js:4213:16)
    at invokeGuardedCallback (C:\Users\damat\_REPOS\Astral Tur
f\node_modules\react-dom\cjs\react-dom.development.js:4277:31)
    at beginWork$1 (C:\Users\damat\_REPOS\Astral Turf\node_mod
ules\react-dom\cjs\react-dom.development.js:27490:7)
    at performUnitOfWork (C:\Users\damat\_REPOS\Astral Turf\no
de_modules\react-dom\cjs\react-dom.development.js:26599:12) 
Error: Test error
    at FailingComp [90m(C:\Users\damat\_REPOS\Astral Turf\[3
9msrc\__tests__\integration\ErrorBoundaryMinimal.test.tsx:30:1
3[90m)[39m
    at renderWithHooks [90m(C:\Users\damat\_REPOS\Astral Turf
\[39mnode_modules\[4mreact-dom[24m\cjs\react-dom.developmen
t.js:15486:18[90m)[39m
    at mountIndeterminateComponent 
[90m(C:\Users\damat\_REPOS\Astral Turf\[39mnode_modules\[4m
react-dom[24m\cjs\react-dom.development.js:20103:13[90m)[39
m
    at beginWork [90m(C:\Users\damat\_REPOS\Astral Turf\[39m
node_modules\[4mreact-dom[24m\cjs\react-dom.development.js:2
1626:16[90m)[39m
    at HTMLUnknownElement.callCallback 
[90m(C:\Users\damat\_REPOS\Astral Turf\[39mnode_modules\[4m
react-dom[24m\cjs\react-dom.development.js:4164:14[90m)[39m
    at HTMLUnknownElement.callTheUserObjectsOperation 
[90m(C:\Users\damat\_REPOS\Astral Turf\[39mnode_modules\[4m
jsdom[24m\lib\jsdom\living\generated\EventListener.js:26:30[
90m)[39m
    at innerInvokeEventListeners 
[90m(C:\Users\damat\_REPOS\Astral Turf\[39mnode_modules\[4m
jsdom[24m\lib\jsdom\living\events\EventTarget-impl.js:350:25
[90m)[39m
    at invokeEventListeners 
[90m(C:\Users\damat\_REPOS\Astral Turf\[39mnode_modules\[4m
jsdom[24m\lib\jsdom\living\events\EventTarget-impl.js:286:3[
90m)[39m
    at HTMLUnknownElementImpl._dispatch 
[90m(C:\Users\damat\_REPOS\Astral Turf\[39mnode_modules\[4m
jsdom[24m\lib\jsdom\living\events\EventTarget-impl.js:233:9[
90m)[39m
    at HTMLUnknownElementImpl.dispatchEvent 
[90m(C:\Users\damat\_REPOS\Astral Turf\[39mnode_modules\[4m
jsdom[24m\lib\jsdom\living\events\EventTarget-impl.js:104:17
[90m)[39m

[90mstderr[2m | 
src/__tests__/integration/ErrorBoundaryMinimal.test.tsx[2m > 
[22m[2mMinimal Error Boundary Test[2m > [22m[2mshould 
show retry button with correct text
[22m[39mError: Uncaught [Error: Test error]
    at reportException (C:\Users\damat\_REPOS\Astral Turf\node
_modules\jsdom\lib\jsdom\living\helpers\runtime-script-errors.
js:66:24)
    at innerInvokeEventListeners 
(C:\Users\damat\_REPOS\Astral Turf\node_modules\jsdom\lib\jsdo
m\living\events\EventTarget-impl.js:353:9)
    at invokeEventListeners (C:\Users\damat\_REPOS\Astral Turf
\node_modules\jsdom\lib\jsdom\living\events\EventTarget-impl.j
s:286:3)
    at HTMLUnknownElementImpl._dispatch 
(C:\Users\damat\_REPOS\Astral Turf\node_modules\jsdom\lib\jsdo
m\living\events\EventTarget-impl.js:233:9)
    at HTMLUnknownElementImpl.dispatchEvent 
(C:\Users\damat\_REPOS\Astral Turf\node_modules\jsdom\lib\jsdo
m\living\events\EventTarget-impl.js:104:17)
    at HTMLUnknownElement.dispatchEvent 
(C:\Users\damat\_REPOS\Astral Turf\node_modules\jsdom\lib\jsdo
m\living\generated\EventTarget.js:241:34)
    at Object.invokeGuardedCallbackDev 
(C:\Users\damat\_REPOS\Astral Turf\node_modules\react-dom\cjs\
react-dom.development.js:4213:16)
    at invokeGuardedCallback (C:\Users\damat\_REPOS\Astral Tur
f\node_modules\react-dom\cjs\react-dom.development.js:4277:31)
    at beginWork$1 (C:\Users\damat\_REPOS\Astral Turf\node_mod
ules\react-dom\cjs\react-dom.development.js:27490:7)
    at performUnitOfWork (C:\Users\damat\_REPOS\Astral Turf\no
de_modules\react-dom\cjs\react-dom.development.js:26599:12) 
Error: Test error
    at FailingComp [90m(C:\Users\damat\_REPOS\Astral Turf\[3
9msrc\__tests__\integration\ErrorBoundaryMinimal.test.tsx:30:1
3[90m)[39m
    at renderWithHooks [90m(C:\Users\damat\_REPOS\Astral Turf
\[39mnode_modules\[4mreact-dom[24m\cjs\react-dom.developmen
t.js:15486:18[90m)[39m
    at mountIndeterminateComponent 
[90m(C:\Users\damat\_REPOS\Astral Turf\[39mnode_modules\[4m
react-dom[24m\cjs\react-dom.development.js:20103:13[90m)[39
m
    at beginWork [90m(C:\Users\damat\_REPOS\Astral Turf\[39m
node_modules\[4mreact-dom[24m\cjs\react-dom.development.js:2
1626:16[90m)[39m
    at HTMLUnknownElement.callCallback 
[90m(C:\Users\damat\_REPOS\Astral Turf\[39mnode_modules\[4m
react-dom[24m\cjs\react-dom.development.js:4164:14[90m)[39m
    at HTMLUnknownElement.callTheUserObjectsOperation 
[90m(C:\Users\damat\_REPOS\Astral Turf\[39mnode_modules\[4m
jsdom[24m\lib\jsdom\living\generated\EventListener.js:26:30[
90m)[39m
    at innerInvokeEventListeners 
[90m(C:\Users\damat\_REPOS\Astral Turf\[39mnode_modules\[4m
jsdom[24m\lib\jsdom\living\events\EventTarget-impl.js:350:25
[90m)[39m
    at invokeEventListeners 
[90m(C:\Users\damat\_REPOS\Astral Turf\[39mnode_modules\[4m
jsdom[24m\lib\jsdom\living\events\EventTarget-impl.js:286:3[
90m)[39m
    at HTMLUnknownElementImpl._dispatch 
[90m(C:\Users\damat\_REPOS\Astral Turf\[39mnode_modules\[4m
jsdom[24m\lib\jsdom\living\events\EventTarget-impl.js:233:9[
90m)[39m
    at HTMLUnknownElementImpl.dispatchEvent 
[90m(C:\Users\damat\_REPOS\Astral Turf\[39mnode_modules\[4m
jsdom[24m\lib\jsdom\living\events\EventTarget-impl.js:104:17
[90m)[39m
Error: Uncaught [Error: Test error]
    at reportException (C:\Users\damat\_REPOS\Astral Turf\node
_modules\jsdom\lib\jsdom\living\helpers\runtime-script-errors.
js:66:24)
    at innerInvokeEventListeners 
(C:\Users\damat\_REPOS\Astral Turf\node_modules\jsdom\lib\jsdo
m\living\events\EventTarget-impl.js:353:9)
    at invokeEventListeners (C:\Users\damat\_REPOS\Astral Turf
\node_modules\jsdom\lib\jsdom\living\events\EventTarget-impl.j
s:286:3)
    at HTMLUnknownElementImpl._dispatch 
(C:\Users\damat\_REPOS\Astral Turf\node_modules\jsdom\lib\jsdo
m\living\events\EventTarget-impl.js:233:9)
    at HTMLUnknownElementImpl.dispatchEvent 
(C:\Users\damat\_REPOS\Astral Turf\node_modules\jsdom\lib\jsdo
m\living\events\EventTarget-impl.js:104:17)
    at HTMLUnknownElement.dispatchEvent 
(C:\Users\damat\_REPOS\Astral Turf\node_modules\jsdom\lib\jsdo
m\living\generated\EventTarget.js:241:34)
    at Object.invokeGuardedCallbackDev 
(C:\Users\damat\_REPOS\Astral Turf\node_modules\react-dom\cjs\
react-dom.development.js:4213:16)
    at invokeGuardedCallback (C:\Users\damat\_REPOS\Astral Tur
f\node_modules\react-dom\cjs\react-dom.development.js:4277:31)
    at beginWork$1 (C:\Users\damat\_REPOS\Astral Turf\node_mod
ules\react-dom\cjs\react-dom.development.js:27490:7)
    at performUnitOfWork (C:\Users\damat\_REPOS\Astral Turf\no
de_modules\react-dom\cjs\react-dom.development.js:26599:12) 
Error: Test error
    at FailingComp [90m(C:\Users\damat\_REPOS\Astral Turf\[3
9msrc\__tests__\integration\ErrorBoundaryMinimal.test.tsx:30:1
3[90m)[39m
    at renderWithHooks [90m(C:\Users\damat\_REPOS\Astral Turf
\[39mnode_modules\[4mreact-dom[24m\cjs\react-dom.developmen
t.js:15486:18[90m)[39m
    at mountIndeterminateComponent 
[90m(C:\Users\damat\_REPOS\Astral Turf\[39mnode_modules\[4m
react-dom[24m\cjs\react-dom.development.js:20103:13[90m)[39
m
    at beginWork [90m(C:\Users\damat\_REPOS\Astral Turf\[39m
node_modules\[4mreact-dom[24m\cjs\react-dom.development.js:2
1626:16[90m)[39m
    at HTMLUnknownElement.callCallback 
[90m(C:\Users\damat\_REPOS\Astral Turf\[39mnode_modules\[4m
react-dom[24m\cjs\react-dom.development.js:4164:14[90m)[39m
    at HTMLUnknownElement.callTheUserObjectsOperation 
[90m(C:\Users\damat\_REPOS\Astral Turf\[39mnode_modules\[4m
jsdom[24m\lib\jsdom\living\generated\EventListener.js:26:30[
90m)[39m
    at innerInvokeEventListeners 
[90m(C:\Users\damat\_REPOS\Astral Turf\[39mnode_modules\[4m
jsdom[24m\lib\jsdom\living\events\EventTarget-impl.js:350:25
[90m)[39m
    at invokeEventListeners 
[90m(C:\Users\damat\_REPOS\Astral Turf\[39mnode_modules\[4m
jsdom[24m\lib\jsdom\living\events\EventTarget-impl.js:286:3[
90m)[39m
    at HTMLUnknownElementImpl._dispatch 
[90m(C:\Users\damat\_REPOS\Astral Turf\[39mnode_modules\[4m
jsdom[24m\lib\jsdom\living\events\EventTarget-impl.js:233:9[
90m)[39m
    at HTMLUnknownElementImpl.dispatchEvent 
[90m(C:\Users\damat\_REPOS\Astral Turf\[39mnode_modules\[4m
jsdom[24m\lib\jsdom\living\events\EventTarget-impl.js:104:17
[90m)[39m

[90mstderr[2m | 
src/__tests__/integration/ErrorBoundaryMinimal.test.tsx[2m > 
[22m[2mMinimal Error Boundary Test[2m > [22m[2mshould 
show retry button with correct text
[22m[39mError: Uncaught [Error: Test error]
    at reportException (C:\Users\damat\_REPOS\Astral Turf\node
_modules\jsdom\lib\jsdom\living\helpers\runtime-script-errors.
js:66:24)
    at innerInvokeEventListeners 
(C:\Users\damat\_REPOS\Astral Turf\node_modules\jsdom\lib\jsdo
m\living\events\EventTarget-impl.js:353:9)
    at invokeEventListeners (C:\Users\damat\_REPOS\Astral Turf
\node_modules\jsdom\lib\jsdom\living\events\EventTarget-impl.j
s:286:3)
    at HTMLUnknownElementImpl._dispatch 
(C:\Users\damat\_REPOS\Astral Turf\node_modules\jsdom\lib\jsdo
m\living\events\EventTarget-impl.js:233:9)
    at HTMLUnknownElementImpl.dispatchEvent 
(C:\Users\damat\_REPOS\Astral Turf\node_modules\jsdom\lib\jsdo
m\living\events\EventTarget-impl.js:104:17)
    at HTMLUnknownElement.dispatchEvent 
(C:\Users\damat\_REPOS\Astral Turf\node_modules\jsdom\lib\jsdo
m\living\generated\EventTarget.js:241:34)
    at Object.invokeGuardedCallbackDev 
(C:\Users\damat\_REPOS\Astral Turf\node_modules\react-dom\cjs\
react-dom.development.js:4213:16)
    at invokeGuardedCallback (C:\Users\damat\_REPOS\Astral Tur
f\node_modules\react-dom\cjs\react-dom.development.js:4277:31)
    at beginWork$1 (C:\Users\damat\_REPOS\Astral Turf\node_mod
ules\react-dom\cjs\react-dom.development.js:27490:7)
    at performUnitOfWork (C:\Users\damat\_REPOS\Astral Turf\no
de_modules\react-dom\cjs\react-dom.development.js:26599:12) 
Error: Test error
    at FailingComp [90m(C:\Users\damat\_REPOS\Astral Turf\[3
9msrc\__tests__\integration\ErrorBoundaryMinimal.test.tsx:30:1
3[90m)[39m
    at renderWithHooks [90m(C:\Users\damat\_REPOS\Astral Turf
\[39mnode_modules\[4mreact-dom[24m\cjs\react-dom.developmen
t.js:15486:18[90m)[39m
    at mountIndeterminateComponent 
[90m(C:\Users\damat\_REPOS\Astral Turf\[39mnode_modules\[4m
react-dom[24m\cjs\react-dom.development.js:20103:13[90m)[39
m
    at beginWork [90m(C:\Users\damat\_REPOS\Astral Turf\[39m
node_modules\[4mreact-dom[24m\cjs\react-dom.development.js:2
1626:16[90m)[39m
    at HTMLUnknownElement.callCallback 
[90m(C:\Users\damat\_REPOS\Astral Turf\[39mnode_modules\[4m
react-dom[24m\cjs\react-dom.development.js:4164:14[90m)[39m
    at HTMLUnknownElement.callTheUserObjectsOperation 
[90m(C:\Users\damat\_REPOS\Astral Turf\[39mnode_modules\[4m
jsdom[24m\lib\jsdom\living\generated\EventListener.js:26:30[
90m)[39m
    at innerInvokeEventListeners 
[90m(C:\Users\damat\_REPOS\Astral Turf\[39mnode_modules\[4m
jsdom[24m\lib\jsdom\living\events\EventTarget-impl.js:350:25
[90m)[39m
    at invokeEventListeners 
[90m(C:\Users\damat\_REPOS\Astral Turf\[39mnode_modules\[4m
jsdom[24m\lib\jsdom\living\events\EventTarget-impl.js:286:3[
90m)[39m
    at HTMLUnknownElementImpl._dispatch 
[90m(C:\Users\damat\_REPOS\Astral Turf\[39mnode_modules\[4m
jsdom[24m\lib\jsdom\living\events\EventTarget-impl.js:233:9[
90m)[39m
    at HTMLUnknownElementImpl.dispatchEvent 
[90m(C:\Users\damat\_REPOS\Astral Turf\[39mnode_modules\[4m
jsdom[24m\lib\jsdom\living\events\EventTarget-impl.js:104:17
[90m)[39m
Error: Uncaught [Error: Test error]
    at reportException (C:\Users\damat\_REPOS\Astral Turf\node
_modules\jsdom\lib\jsdom\living\helpers\runtime-script-errors.
js:66:24)
    at innerInvokeEventListeners 
(C:\Users\damat\_REPOS\Astral Turf\node_modules\jsdom\lib\jsdo
m\living\events\EventTarget-impl.js:353:9)
    at invokeEventListeners (C:\Users\damat\_REPOS\Astral Turf
\node_modules\jsdom\lib\jsdom\living\events\EventTarget-impl.j
s:286:3)
    at HTMLUnknownElementImpl._dispatch 
(C:\Users\damat\_REPOS\Astral Turf\node_modules\jsdom\lib\jsdo
m\living\events\EventTarget-impl.js:233:9)
    at HTMLUnknownElementImpl.dispatchEvent 
(C:\Users\damat\_REPOS\Astral Turf\node_modules\jsdom\lib\jsdo
m\living\events\EventTarget-impl.js:104:17)
    at HTMLUnknownElement.dispatchEvent 
(C:\Users\damat\_REPOS\Astral Turf\node_modules\jsdom\lib\jsdo
m\living\generated\EventTarget.js:241:34)
    at Object.invokeGuardedCallbackDev 
(C:\Users\damat\_REPOS\Astral Turf\node_modules\react-dom\cjs\
react-dom.development.js:4213:16)
    at invokeGuardedCallback (C:\Users\damat\_REPOS\Astral Tur
f\node_modules\react-dom\cjs\react-dom.development.js:4277:31)
    at beginWork$1 (C:\Users\damat\_REPOS\Astral Turf\node_mod
ules\react-dom\cjs\react-dom.development.js:27490:7)
    at performUnitOfWork (C:\Users\damat\_REPOS\Astral Turf\no
de_modules\react-dom\cjs\react-dom.development.js:26599:12) 
Error: Test error
    at FailingComp [90m(C:\Users\damat\_REPOS\Astral Turf\[3
9msrc\__tests__\integration\ErrorBoundaryMinimal.test.tsx:30:1
3[90m)[39m
    at renderWithHooks [90m(C:\Users\damat\_REPOS\Astral Turf
\[39mnode_modules\[4mreact-dom[24m\cjs\react-dom.developmen
t.js:15486:18[90m)[39m
    at mountIndeterminateComponent 
[90m(C:\Users\damat\_REPOS\Astral Turf\[39mnode_modules\[4m
react-dom[24m\cjs\react-dom.development.js:20103:13[90m)[39
m
    at beginWork [90m(C:\Users\damat\_REPOS\Astral Turf\[39m
node_modules\[4mreact-dom[24m\cjs\react-dom.development.js:2
1626:16[90m)[39m
    at HTMLUnknownElement.callCallback 
[90m(C:\Users\damat\_REPOS\Astral Turf\[39mnode_modules\[4m
react-dom[24m\cjs\react-dom.development.js:4164:14[90m)[39m
    at HTMLUnknownElement.callTheUserObjectsOperation 
[90m(C:\Users\damat\_REPOS\Astral Turf\[39mnode_modules\[4m
jsdom[24m\lib\jsdom\living\generated\EventListener.js:26:30[
90m)[39m
    at innerInvokeEventListeners 
[90m(C:\Users\damat\_REPOS\Astral Turf\[39mnode_modules\[4m
jsdom[24m\lib\jsdom\living\events\EventTarget-impl.js:350:25
[90m)[39m
    at invokeEventListeners 
[90m(C:\Users\damat\_REPOS\Astral Turf\[39mnode_modules\[4m
jsdom[24m\lib\jsdom\living\events\EventTarget-impl.js:286:3[
90m)[39m
    at HTMLUnknownElementImpl._dispatch 
[90m(C:\Users\damat\_REPOS\Astral Turf\[39mnode_modules\[4m
jsdom[24m\lib\jsdom\living\events\EventTarget-impl.js:233:9[
90m)[39m
    at HTMLUnknownElementImpl.dispatchEvent 
[90m(C:\Users\damat\_REPOS\Astral Turf\[39mnode_modules\[4m
jsdom[24m\lib\jsdom\living\events\EventTarget-impl.js:104:17
[90m)[39m

[90mstderr[2m | 
src/__tests__/integration/ErrorBoundaryMinimal.test.tsx[2m > 
[22m[2mMinimal Error Boundary Test[2m > [22m[2mshould 
show retry button with correct text
[22m[39mError: Uncaught [Error: Test error]
    at reportException (C:\Users\damat\_REPOS\Astral Turf\node
_modules\jsdom\lib\jsdom\living\helpers\runtime-script-errors.
js:66:24)
    at innerInvokeEventListeners 
(C:\Users\damat\_REPOS\Astral Turf\node_modules\jsdom\lib\jsdo
m\living\events\EventTarget-impl.js:353:9)
    at invokeEventListeners (C:\Users\damat\_REPOS\Astral Turf
\node_modules\jsdom\lib\jsdom\living\events\EventTarget-impl.j
s:286:3)
    at HTMLUnknownElementImpl._dispatch 
(C:\Users\damat\_REPOS\Astral Turf\node_modules\jsdom\lib\jsdo
m\living\events\EventTarget-impl.js:233:9)
    at HTMLUnknownElementImpl.dispatchEvent 
(C:\Users\damat\_REPOS\Astral Turf\node_modules\jsdom\lib\jsdo
m\living\events\EventTarget-impl.js:104:17)
    at HTMLUnknownElement.dispatchEvent 
(C:\Users\damat\_REPOS\Astral Turf\node_modules\jsdom\lib\jsdo
m\living\generated\EventTarget.js:241:34)
    at Object.invokeGuardedCallbackDev 
(C:\Users\damat\_REPOS\Astral Turf\node_modules\react-dom\cjs\
react-dom.development.js:4213:16)
    at invokeGuardedCallback (C:\Users\damat\_REPOS\Astral Tur
f\node_modules\react-dom\cjs\react-dom.development.js:4277:31)
    at beginWork$1 (C:\Users\damat\_REPOS\Astral Turf\node_mod
ules\react-dom\cjs\react-dom.development.js:27490:7)
    at performUnitOfWork (C:\Users\damat\_REPOS\Astral Turf\no
de_modules\react-dom\cjs\react-dom.development.js:26599:12) 
Error: Test error
    at FailingComp [90m(C:\Users\damat\_REPOS\Astral Turf\[3
9msrc\__tests__\integration\ErrorBoundaryMinimal.test.tsx:30:1
3[90m)[39m
    at renderWithHooks [90m(C:\Users\damat\_REPOS\Astral Turf
\[39mnode_modules\[4mreact-dom[24m\cjs\react-dom.developmen
t.js:15486:18[90m)[39m
    at mountIndeterminateComponent 
[90m(C:\Users\damat\_REPOS\Astral Turf\[39mnode_modules\[4m
react-dom[24m\cjs\react-dom.development.js:20103:13[90m)[39
m
    at beginWork [90m(C:\Users\damat\_REPOS\Astral Turf\[39m
node_modules\[4mreact-dom[24m\cjs\react-dom.development.js:2
1626:16[90m)[39m
    at HTMLUnknownElement.callCallback 
[90m(C:\Users\damat\_REPOS\Astral Turf\[39mnode_modules\[4m
react-dom[24m\cjs\react-dom.development.js:4164:14[90m)[39m
    at HTMLUnknownElement.callTheUserObjectsOperation 
[90m(C:\Users\damat\_REPOS\Astral Turf\[39mnode_modules\[4m
jsdom[24m\lib\jsdom\living\generated\EventListener.js:26:30[
90m)[39m
    at innerInvokeEventListeners 
[90m(C:\Users\damat\_REPOS\Astral Turf\[39mnode_modules\[4m
jsdom[24m\lib\jsdom\living\events\EventTarget-impl.js:350:25
[90m)[39m
    at invokeEventListeners 
[90m(C:\Users\damat\_REPOS\Astral Turf\[39mnode_modules\[4m
jsdom[24m\lib\jsdom\living\events\EventTarget-impl.js:286:3[
90m)[39m
    at HTMLUnknownElementImpl._dispatch 
[90m(C:\Users\damat\_REPOS\Astral Turf\[39mnode_modules\[4m
jsdom[24m\lib\jsdom\living\events\EventTarget-impl.js:233:9[
90m)[39m
    at HTMLUnknownElementImpl.dispatchEvent 
[90m(C:\Users\damat\_REPOS\Astral Turf\[39mnode_modules\[4m
jsdom[24m\lib\jsdom\living\events\EventTarget-impl.js:104:17
[90m)[39m
Error: Uncaught [Error: Test error]
    at reportException (C:\Users\damat\_REPOS\Astral Turf\node
_modules\jsdom\lib\jsdom\living\helpers\runtime-script-errors.
js:66:24)
    at innerInvokeEventListeners 
(C:\Users\damat\_REPOS\Astral Turf\node_modules\jsdom\lib\jsdo
m\living\events\EventTarget-impl.js:353:9)
    at invokeEventListeners (C:\Users\damat\_REPOS\Astral Turf
\node_modules\jsdom\lib\jsdom\living\events\EventTarget-impl.j
s:286:3)
    at HTMLUnknownElementImpl._dispatch 
(C:\Users\damat\_REPOS\Astral Turf\node_modules\jsdom\lib\jsdo
m\living\events\EventTarget-impl.js:233:9)
    at HTMLUnknownElementImpl.dispatchEvent 
(C:\Users\damat\_REPOS\Astral Turf\node_modules\jsdom\lib\jsdo
m\living\events\EventTarget-impl.js:104:17)
    at HTMLUnknownElement.dispatchEvent 
(C:\Users\damat\_REPOS\Astral Turf\node_modules\jsdom\lib\jsdo
m\living\generated\EventTarget.js:241:34)
    at Object.invokeGuardedCallbackDev 
(C:\Users\damat\_REPOS\Astral Turf\node_modules\react-dom\cjs\
react-dom.development.js:4213:16)
    at invokeGuardedCallback (C:\Users\damat\_REPOS\Astral Tur
f\node_modules\react-dom\cjs\react-dom.development.js:4277:31)
    at beginWork$1 (C:\Users\damat\_REPOS\Astral Turf\node_mod
ules\react-dom\cjs\react-dom.development.js:27490:7)
    at performUnitOfWork (C:\Users\damat\_REPOS\Astral Turf\no
de_modules\react-dom\cjs\react-dom.development.js:26599:12) 
Error: Test error
    at FailingComp [90m(C:\Users\damat\_REPOS\Astral Turf\[3
9msrc\__tests__\integration\ErrorBoundaryMinimal.test.tsx:30:1
3[90m)[39m
    at renderWithHooks [90m(C:\Users\damat\_REPOS\Astral Turf
\[39mnode_modules\[4mreact-dom[24m\cjs\react-dom.developmen
t.js:15486:18[90m)[39m
    at mountIndeterminateComponent 
[90m(C:\Users\damat\_REPOS\Astral Turf\[39mnode_modules\[4m
react-dom[24m\cjs\react-dom.development.js:20103:13[90m)[39
m
    at beginWork [90m(C:\Users\damat\_REPOS\Astral Turf\[39m
node_modules\[4mreact-dom[24m\cjs\react-dom.development.js:2
1626:16[90m)[39m
    at HTMLUnknownElement.callCallback 
[90m(C:\Users\damat\_REPOS\Astral Turf\[39mnode_modules\[4m
react-dom[24m\cjs\react-dom.development.js:4164:14[90m)[39m
    at HTMLUnknownElement.callTheUserObjectsOperation 
[90m(C:\Users\damat\_REPOS\Astral Turf\[39mnode_modules\[4m
jsdom[24m\lib\jsdom\living\generated\EventListener.js:26:30[
90m)[39m
    at innerInvokeEventListeners 
[90m(C:\Users\damat\_REPOS\Astral Turf\[39mnode_modules\[4m
jsdom[24m\lib\jsdom\living\events\EventTarget-impl.js:350:25
[90m)[39m
    at invokeEventListeners 
[90m(C:\Users\damat\_REPOS\Astral Turf\[39mnode_modules\[4m
jsdom[24m\lib\jsdom\living\events\EventTarget-impl.js:286:3[
90m)[39m
    at HTMLUnknownElementImpl._dispatch 
[90m(C:\Users\damat\_REPOS\Astral Turf\[39mnode_modules\[4m
jsdom[24m\lib\jsdom\living\events\EventTarget-impl.js:233:9[
90m)[39m
    at HTMLUnknownElementImpl.dispatchEvent 
[90m(C:\Users\damat\_REPOS\Astral Turf\[39mnode_modules\[4m
jsdom[24m\lib\jsdom\living\events\EventTarget-impl.js:104:17
[90m)[39m

[90mstderr[2m | 
src/__tests__/integration/ErrorBoundaryMinimal.test.tsx[2m > 
[22m[2mMinimal Error Boundary Test[2m > [22m[2mshould 
show retry button with correct text
[22m[39mError: Uncaught [Error: Test error]
    at reportException (C:\Users\damat\_REPOS\Astral Turf\node
_modules\jsdom\lib\jsdom\living\helpers\runtime-script-errors.
js:66:24)
    at innerInvokeEventListeners 
(C:\Users\damat\_REPOS\Astral Turf\node_modules\jsdom\lib\jsdo
m\living\events\EventTarget-impl.js:353:9)
    at invokeEventListeners (C:\Users\damat\_REPOS\Astral Turf
\node_modules\jsdom\lib\jsdom\living\events\EventTarget-impl.j
s:286:3)
    at HTMLUnknownElementImpl._dispatch 
(C:\Users\damat\_REPOS\Astral Turf\node_modules\jsdom\lib\jsdo
m\living\events\EventTarget-impl.js:233:9)
    at HTMLUnknownElementImpl.dispatchEvent 
(C:\Users\damat\_REPOS\Astral Turf\node_modules\jsdom\lib\jsdo
m\living\events\EventTarget-impl.js:104:17)
    at HTMLUnknownElement.dispatchEvent 
(C:\Users\damat\_REPOS\Astral Turf\node_modules\jsdom\lib\jsdo
m\living\generated\EventTarget.js:241:34)
    at Object.invokeGuardedCallbackDev 
(C:\Users\damat\_REPOS\Astral Turf\node_modules\react-dom\cjs\
react-dom.development.js:4213:16)
    at invokeGuardedCallback (C:\Users\damat\_REPOS\Astral Tur
f\node_modules\react-dom\cjs\react-dom.development.js:4277:31)
    at beginWork$1 (C:\Users\damat\_REPOS\Astral Turf\node_mod
ules\react-dom\cjs\react-dom.development.js:27490:7)
    at performUnitOfWork (C:\Users\damat\_REPOS\Astral Turf\no
de_modules\react-dom\cjs\react-dom.development.js:26599:12) 
Error: Test error
    at FailingComp [90m(C:\Users\damat\_REPOS\Astral Turf\[3
9msrc\__tests__\integration\ErrorBoundaryMinimal.test.tsx:30:1
3[90m)[39m
    at renderWithHooks [90m(C:\Users\damat\_REPOS\Astral Turf
\[39mnode_modules\[4mreact-dom[24m\cjs\react-dom.developmen
t.js:15486:18[90m)[39m
    at mountIndeterminateComponent 
[90m(C:\Users\damat\_REPOS\Astral Turf\[39mnode_modules\[4m
react-dom[24m\cjs\react-dom.development.js:20103:13[90m)[39
m
    at beginWork [90m(C:\Users\damat\_REPOS\Astral Turf\[39m
node_modules\[4mreact-dom[24m\cjs\react-dom.development.js:2
1626:16[90m)[39m
    at HTMLUnknownElement.callCallback 
[90m(C:\Users\damat\_REPOS\Astral Turf\[39mnode_modules\[4m
react-dom[24m\cjs\react-dom.development.js:4164:14[90m)[39m
    at HTMLUnknownElement.callTheUserObjectsOperation 
[90m(C:\Users\damat\_REPOS\Astral Turf\[39mnode_modules\[4m
jsdom[24m\lib\jsdom\living\generated\EventListener.js:26:30[
90m)[39m
    at innerInvokeEventListeners 
[90m(C:\Users\damat\_REPOS\Astral Turf\[39mnode_modules\[4m
jsdom[24m\lib\jsdom\living\events\EventTarget-impl.js:350:25
[90m)[39m
    at invokeEventListeners 
[90m(C:\Users\damat\_REPOS\Astral Turf\[39mnode_modules\[4m
jsdom[24m\lib\jsdom\living\events\EventTarget-impl.js:286:3[
90m)[39m
    at HTMLUnknownElementImpl._dispatch 
[90m(C:\Users\damat\_REPOS\Astral Turf\[39mnode_modules\[4m
jsdom[24m\lib\jsdom\living\events\EventTarget-impl.js:233:9[
90m)[39m
    at HTMLUnknownElementImpl.dispatchEvent 
[90m(C:\Users\damat\_REPOS\Astral Turf\[39mnode_modules\[4m
jsdom[24m\lib\jsdom\living\events\EventTarget-impl.js:104:17
[90m)[39m
Error: Uncaught [Error: Test error]
    at reportException (C:\Users\damat\_REPOS\Astral Turf\node
_modules\jsdom\lib\jsdom\living\helpers\runtime-script-errors.
js:66:24)
    at innerInvokeEventListeners 
(C:\Users\damat\_REPOS\Astral Turf\node_modules\jsdom\lib\jsdo
m\living\events\EventTarget-impl.js:353:9)
    at invokeEventListeners (C:\Users\damat\_REPOS\Astral Turf
\node_modules\jsdom\lib\jsdom\living\events\EventTarget-impl.j
s:286:3)
    at HTMLUnknownElementImpl._dispatch 
(C:\Users\damat\_REPOS\Astral Turf\node_modules\jsdom\lib\jsdo
m\living\events\EventTarget-impl.js:233:9)
    at HTMLUnknownElementImpl.dispatchEvent 
(C:\Users\damat\_REPOS\Astral Turf\node_modules\jsdom\lib\jsdo
m\living\events\EventTarget-impl.js:104:17)
    at HTMLUnknownElement.dispatchEvent 
(C:\Users\damat\_REPOS\Astral Turf\node_modules\jsdom\lib\jsdo
m\living\generated\EventTarget.js:241:34)
    at Object.invokeGuardedCallbackDev 
(C:\Users\damat\_REPOS\Astral Turf\node_modules\react-dom\cjs\
react-dom.development.js:4213:16)
    at invokeGuardedCallback (C:\Users\damat\_REPOS\Astral Tur
f\node_modules\react-dom\cjs\react-dom.development.js:4277:31)
    at beginWork$1 (C:\Users\damat\_REPOS\Astral Turf\node_mod
ules\react-dom\cjs\react-dom.development.js:27490:7)
    at performUnitOfWork (C:\Users\damat\_REPOS\Astral Turf\no
de_modules\react-dom\cjs\react-dom.development.js:26599:12) 
Error: Test error
    at FailingComp [90m(C:\Users\damat\_REPOS\Astral Turf\[3
9msrc\__tests__\integration\ErrorBoundaryMinimal.test.tsx:30:1
3[90m)[39m
    at renderWithHooks [90m(C:\Users\damat\_REPOS\Astral Turf
\[39mnode_modules\[4mreact-dom[24m\cjs\react-dom.developmen
t.js:15486:18[90m)[39m
    at mountIndeterminateComponent 
[90m(C:\Users\damat\_REPOS\Astral Turf\[39mnode_modules\[4m
react-dom[24m\cjs\react-dom.development.js:20103:13[90m)[39
m
    at beginWork [90m(C:\Users\damat\_REPOS\Astral Turf\[39m
node_modules\[4mreact-dom[24m\cjs\react-dom.development.js:2
1626:16[90m)[39m
    at HTMLUnknownElement.callCallback 
[90m(C:\Users\damat\_REPOS\Astral Turf\[39mnode_modules\[4m
react-dom[24m\cjs\react-dom.development.js:4164:14[90m)[39m
    at HTMLUnknownElement.callTheUserObjectsOperation 
[90m(C:\Users\damat\_REPOS\Astral Turf\[39mnode_modules\[4m
jsdom[24m\lib\jsdom\living\generated\EventListener.js:26:30[
90m)[39m
    at innerInvokeEventListeners 
[90m(C:\Users\damat\_REPOS\Astral Turf\[39mnode_modules\[4m
jsdom[24m\lib\jsdom\living\events\EventTarget-impl.js:350:25
[90m)[39m
    at invokeEventListeners 
[90m(C:\Users\damat\_REPOS\Astral Turf\[39mnode_modules\[4m
jsdom[24m\lib\jsdom\living\events\EventTarget-impl.js:286:3[
90m)[39m
    at HTMLUnknownElementImpl._dispatch 
[90m(C:\Users\damat\_REPOS\Astral Turf\[39mnode_modules\[4m
jsdom[24m\lib\jsdom\living\events\EventTarget-impl.js:233:9[
90m)[39m
    at HTMLUnknownElementImpl.dispatchEvent 
[90m(C:\Users\damat\_REPOS\Astral Turf\[39mnode_modules\[4m
jsdom[24m\lib\jsdom\living\events\EventTarget-impl.js:104:17
[90m)[39m

[90mstderr[2m | 
src/__tests__/integration/ErrorBoundaryMinimal.test.tsx[2m > 
[22m[2mMinimal Error Boundary Test[2m > [22m[2mshould 
show retry button with correct text
[22m[39mError: Uncaught [Error: Test error]
    at reportException (C:\Users\damat\_REPOS\Astral Turf\node
_modules\jsdom\lib\jsdom\living\helpers\runtime-script-errors.
js:66:24)
    at innerInvokeEventListeners 
(C:\Users\damat\_REPOS\Astral Turf\node_modules\jsdom\lib\jsdo
m\living\events\EventTarget-impl.js:353:9)
    at invokeEventListeners (C:\Users\damat\_REPOS\Astral Turf
\node_modules\jsdom\lib\jsdom\living\events\EventTarget-impl.j
s:286:3)
    at HTMLUnknownElementImpl._dispatch 
(C:\Users\damat\_REPOS\Astral Turf\node_modules\jsdom\lib\jsdo
m\living\events\EventTarget-impl.js:233:9)
    at HTMLUnknownElementImpl.dispatchEvent 
(C:\Users\damat\_REPOS\Astral Turf\node_modules\jsdom\lib\jsdo
m\living\events\EventTarget-impl.js:104:17)
    at HTMLUnknownElement.dispatchEvent 
(C:\Users\damat\_REPOS\Astral Turf\node_modules\jsdom\lib\jsdo
m\living\generated\EventTarget.js:241:34)
    at Object.invokeGuardedCallbackDev 
(C:\Users\damat\_REPOS\Astral Turf\node_modules\react-dom\cjs\
react-dom.development.js:4213:16)
    at invokeGuardedCallback (C:\Users\damat\_REPOS\Astral Tur
f\node_modules\react-dom\cjs\react-dom.development.js:4277:31)
    at beginWork$1 (C:\Users\damat\_REPOS\Astral Turf\node_mod
ules\react-dom\cjs\react-dom.development.js:27490:7)
    at performUnitOfWork (C:\Users\damat\_REPOS\Astral Turf\no
de_modules\react-dom\cjs\react-dom.development.js:26599:12) 
Error: Test error
    at FailingComp [90m(C:\Users\damat\_REPOS\Astral Turf\[3
9msrc\__tests__\integration\ErrorBoundaryMinimal.test.tsx:30:1
3[90m)[39m
    at renderWithHooks [90m(C:\Users\damat\_REPOS\Astral Turf
\[39mnode_modules\[4mreact-dom[24m\cjs\react-dom.developmen
t.js:15486:18[90m)[39m
    at mountIndeterminateComponent 
[90m(C:\Users\damat\_REPOS\Astral Turf\[39mnode_modules\[4m
react-dom[24m\cjs\react-dom.development.js:20103:13[90m)[39
m
    at beginWork [90m(C:\Users\damat\_REPOS\Astral Turf\[39m
node_modules\[4mreact-dom[24m\cjs\react-dom.development.js:2
1626:16[90m)[39m
    at HTMLUnknownElement.callCallback 
[90m(C:\Users\damat\_REPOS\Astral Turf\[39mnode_modules\[4m
react-dom[24m\cjs\react-dom.development.js:4164:14[90m)[39m
    at HTMLUnknownElement.callTheUserObjectsOperation 
[90m(C:\Users\damat\_REPOS\Astral Turf\[39mnode_modules\[4m
jsdom[24m\lib\jsdom\living\generated\EventListener.js:26:30[
90m)[39m
    at innerInvokeEventListeners 
[90m(C:\Users\damat\_REPOS\Astral Turf\[39mnode_modules\[4m
jsdom[24m\lib\jsdom\living\events\EventTarget-impl.js:350:25
[90m)[39m
    at invokeEventListeners 
[90m(C:\Users\damat\_REPOS\Astral Turf\[39mnode_modules\[4m
jsdom[24m\lib\jsdom\living\events\EventTarget-impl.js:286:3[
90m)[39m
    at HTMLUnknownElementImpl._dispatch 
[90m(C:\Users\damat\_REPOS\Astral Turf\[39mnode_modules\[4m
jsdom[24m\lib\jsdom\living\events\EventTarget-impl.js:233:9[
90m)[39m
    at HTMLUnknownElementImpl.dispatchEvent 
[90m(C:\Users\damat\_REPOS\Astral Turf\[39mnode_modules\[4m
jsdom[24m\lib\jsdom\living\events\EventTarget-impl.js:104:17
[90m)[39m
Error: Uncaught [Error: Test error]
    at reportException (C:\Users\damat\_REPOS\Astral Turf\node
_modules\jsdom\lib\jsdom\living\helpers\runtime-script-errors.
js:66:24)
    at innerInvokeEventListeners 
(C:\Users\damat\_REPOS\Astral Turf\node_modules\jsdom\lib\jsdo
m\living\events\EventTarget-impl.js:353:9)
    at invokeEventListeners (C:\Users\damat\_REPOS\Astral Turf
\node_modules\jsdom\lib\jsdom\living\events\EventTarget-impl.j
s:286:3)
    at HTMLUnknownElementImpl._dispatch 
(C:\Users\damat\_REPOS\Astral Turf\node_modules\jsdom\lib\jsdo
m\living\events\EventTarget-impl.js:233:9)
    at HTMLUnknownElementImpl.dispatchEvent 
(C:\Users\damat\_REPOS\Astral Turf\node_modules\jsdom\lib\jsdo
m\living\events\EventTarget-impl.js:104:17)
    at HTMLUnknownElement.dispatchEvent 
(C:\Users\damat\_REPOS\Astral Turf\node_modules\jsdom\lib\jsdo
m\living\generated\EventTarget.js:241:34)
    at Object.invokeGuardedCallbackDev 
(C:\Users\damat\_REPOS\Astral Turf\node_modules\react-dom\cjs\
react-dom.development.js:4213:16)
    at invokeGuardedCallback (C:\Users\damat\_REPOS\Astral Tur
f\node_modules\react-dom\cjs\react-dom.development.js:4277:31)
    at beginWork$1 (C:\Users\damat\_REPOS\Astral Turf\node_mod
ules\react-dom\cjs\react-dom.development.js:27490:7)
    at performUnitOfWork (C:\Users\damat\_REPOS\Astral Turf\no
de_modules\react-dom\cjs\react-dom.development.js:26599:12) 
Error: Test error
    at FailingComp [90m(C:\Users\damat\_REPOS\Astral Turf\[3
9msrc\__tests__\integration\ErrorBoundaryMinimal.test.tsx:30:1
3[90m)[39m
    at renderWithHooks [90m(C:\Users\damat\_REPOS\Astral Turf
\[39mnode_modules\[4mreact-dom[24m\cjs\react-dom.developmen
t.js:15486:18[90m)[39m
    at mountIndeterminateComponent 
[90m(C:\Users\damat\_REPOS\Astral Turf\[39mnode_modules\[4m
react-dom[24m\cjs\react-dom.development.js:20103:13[90m)[39
m
    at beginWork [90m(C:\Users\damat\_REPOS\Astral Turf\[39m
node_modules\[4mreact-dom[24m\cjs\react-dom.development.js:2
1626:16[90m)[39m
    at HTMLUnknownElement.callCallback 
[90m(C:\Users\damat\_REPOS\Astral Turf\[39mnode_modules\[4m
react-dom[24m\cjs\react-dom.development.js:4164:14[90m)[39m
    at HTMLUnknownElement.callTheUserObjectsOperation 
[90m(C:\Users\damat\_REPOS\Astral Turf\[39mnode_modules\[4m
jsdom[24m\lib\jsdom\living\generated\EventListener.js:26:30[
90m)[39m
    at innerInvokeEventListeners 
[90m(C:\Users\damat\_REPOS\Astral Turf\[39mnode_modules\[4m
jsdom[24m\lib\jsdom\living\events\EventTarget-impl.js:350:25
[90m)[39m
    at invokeEventListeners 
[90m(C:\Users\damat\_REPOS\Astral Turf\[39mnode_modules\[4m
jsdom[24m\lib\jsdom\living\events\EventTarget-impl.js:286:3[
90m)[39m
    at HTMLUnknownElementImpl._dispatch 
[90m(C:\Users\damat\_REPOS\Astral Turf\[39mnode_modules\[4m
jsdom[24m\lib\jsdom\living\events\EventTarget-impl.js:233:9[
90m)[39m
    at HTMLUnknownElementImpl.dispatchEvent 
[90m(C:\Users\damat\_REPOS\Astral Turf\[39mnode_modules\[4m
jsdom[24m\lib\jsdom\living\events\EventTarget-impl.js:104:17
[90m)[39m

 [31m├ù[39m src/__tests__/integration/ErrorBoundaryMinimal.test.tsx[2m > [22mMinimal Error Boundary Test[2m > [22mshould show retry button with correct text[32m 84[2mms[22m[39m[35m 56 MB heap used[39m
[31m   ΓåÆ [2mexpect([22m[31mreceived[31m[2m).toBeInTheDocument()[22m

[31mreceived[31m value must be an HTMLElement or an SVGElement.
Received has type:  Null
Received has value: [31mnull[31m[39m
[31m   ΓåÆ [2mexpect([22m[31mreceived[31m[2m).toBeInTheDocument()[22m

[31mreceived[31m value must be an HTMLElement or an SVGElement.
Received has type:  Null
Received has value: [31mnull[31m[39m
[31m   ΓåÆ [2mexpect([22m[31mreceived[31m[2m).toBeInTheDocument()[22m

[31mreceived[31m value must be an HTMLElement or an SVGElement.
Received has type:  Null
Received has value: [31mnull[31m[39m
 [31mΓ¥»[39m src/__tests__/integration/ErrorBoundaryMinimal.test.tsx [2m([22m[2m1 test[22m[2m | [22m[31m1 failed[39m[2m)[22m[32m 89[2mms[22m[39m[35m 56 MB heap used[39m
[31m   [31m├ù[31m Minimal Error Boundary Test[2m > [22mshould show retry button with correct text[39m[32m 84[2mms[22m[39m[33m (retry x2)[39m
[31m     ΓåÆ [2mexpect([22m[31mreceived[31m[2m).toBeInTheDocument()[22m

[31mreceived[31m value must be an HTMLElement or an SVGElement.
Received has type:  Null
Received has value: [31mnull[31m[39m
[31m     ΓåÆ [2mexpect([22m[31mreceived[31m[2m).toBeInTheDocument()[22m

[31mreceived[31m value must be an HTMLElement or an SVGElement.
Received has type:  Null
Received has value: [31mnull[31m[39m
[31m     ΓåÆ [2mexpect([22m[31mreceived[31m[2m).toBeInTheDocument()[22m

[31mreceived[31m value must be an HTMLElement or an SVGElement.
Received has type:  Null
Received has value: [31mnull[31m[39m
[90mstdout[2m | src/__tests__/integration/TacticalBoardComprehensive.test.tsx[2m > [22m[2mZENITH Tactical Board Comprehensive Tests[2m > [22m[2m1. UNDEFINED/NULL DATA SCENARIOS - CRITICAL P1 TESTS[2m > [22m[2mshould handle players with missing position data
[22m[39m≡ƒ¢í∩╕Å Tactical Error Boundary: Position Data Test

[90mstdout[2m | src/__tests__/integration/TacticalBoardComprehensive.test.tsx[2m > [22m[2mZENITH Tactical Board Comprehensive Tests[2m > [22m[2m1. UNDEFINED/NULL DATA SCENARIOS - CRITICAL P1 TESTS[2m > [22m[2mshould handle players with missing position data
[22m[39m≡ƒ¢í∩╕Å Tactical Error Boundary: Position Data Test

[90mstderr[2m | src/__tests__/integration/TacticalBoardCompr
ehensive.test.tsx[2m > [22m[2mZENITH Tactical Board 
Comprehensive Tests[2m > [22m[2m1. UNDEFINED/NULL DATA 
SCENARIOS - CRITICAL P1 TESTS[2m > [22m[2mshould handle 
players with missing position data
[22m[39mError: Uncaught [TypeError: Cannot read properties 
of null (reading 'x')]
    at reportException (C:\Users\damat\_REPOS\Astral Turf\node
_modules\jsdom\lib\jsdom\living\helpers\runtime-script-errors.
js:66:24)
    at innerInvokeEventListeners 
(C:\Users\damat\_REPOS\Astral Turf\node_modules\jsdom\lib\jsdo
m\living\events\EventTarget-impl.js:353:9)
    at invokeEventListeners (C:\Users\damat\_REPOS\Astral Turf
\node_modules\jsdom\lib\jsdom\living\events\EventTarget-impl.j
s:286:3)
    at HTMLUnknownElementImpl._dispatch 
(C:\Users\damat\_REPOS\Astral Turf\node_modules\jsdom\lib\jsdo
m\living\events\EventTarget-impl.js:233:9)
    at HTMLUnknownElementImpl.dispatchEvent 
(C:\Users\damat\_REPOS\Astral Turf\node_modules\jsdom\lib\jsdo
m\living\events\EventTarget-impl.js:104:17)
    at HTMLUnknownElement.dispatchEvent 
(C:\Users\damat\_REPOS\Astral Turf\node_modules\jsdom\lib\jsdo
m\living\generated\EventTarget.js:241:34)
    at Object.invokeGuardedCallbackDev 
(C:\Users\damat\_REPOS\Astral Turf\node_modules\react-dom\cjs\
react-dom.development.js:4213:16)
    at invokeGuardedCallback (C:\Users\damat\_REPOS\Astral Tur
f\node_modules\react-dom\cjs\react-dom.development.js:4277:31)
    at beginWork$1 (C:\Users\damat\_REPOS\Astral Turf\node_mod
ules\react-dom\cjs\react-dom.development.js:27490:7)
    at performUnitOfWork (C:\Users\damat\_REPOS\Astral Turf\no
de_modules\react-dom\cjs\react-dom.development.js:26599:12) 
TypeError: Cannot read properties of null (reading 'x')
    at [90mC:\Users\damat\_REPOS\Astral 
Turf\[39msrc\components\ui\football\TacticalBoard.tsx:491:35
    at Array.map (<anonymous>)
    at [90mC:\Users\damat\_REPOS\Astral 
Turf\[39msrc\components\ui\football\TacticalBoard.tsx:471:69
    at renderWithHooks [90m(C:\Users\damat\_REPOS\Astral Turf
\[39mnode_modules\[4mreact-dom[24m\cjs\react-dom.developmen
t.js:15486:18[90m)[39m
    at updateForwardRef [90m(C:\Users\damat\_REPOS\Astral Tur
f\[39mnode_modules\[4mreact-dom[24m\cjs\react-dom.developme
nt.js:19245:20[90m)[39m
    at beginWork [90m(C:\Users\damat\_REPOS\Astral Turf\[39m
node_modules\[4mreact-dom[24m\cjs\react-dom.development.js:2
1675:16[90m)[39m
    at HTMLUnknownElement.callCallback 
[90m(C:\Users\damat\_REPOS\Astral Turf\[39mnode_modules\[4m
react-dom[24m\cjs\react-dom.development.js:4164:14[90m)[39m
    at HTMLUnknownElement.callTheUserObjectsOperation 
[90m(C:\Users\damat\_REPOS\Astral Turf\[39mnode_modules\[4m
jsdom[24m\lib\jsdom\living\generated\EventListener.js:26:30[
90m)[39m
    at innerInvokeEventListeners 
[90m(C:\Users\damat\_REPOS\Astral Turf\[39mnode_modules\[4m
jsdom[24m\lib\jsdom\living\events\EventTarget-impl.js:350:25
[90m)[39m
    at invokeEventListeners 
[90m(C:\Users\damat\_REPOS\Astral Turf\[39mnode_modules\[4m
jsdom[24m\lib\jsdom\living\events\EventTarget-impl.js:286:3[
90m)[39m
Error: Uncaught [TypeError: Cannot read properties of null 
(reading 'x')]
    at reportException (C:\Users\damat\_REPOS\Astral Turf\node
_modules\jsdom\lib\jsdom\living\helpers\runtime-script-errors.
js:66:24)
    at innerInvokeEventListeners 
(C:\Users\damat\_REPOS\Astral Turf\node_modules\jsdom\lib\jsdo
m\living\events\EventTarget-impl.js:353:9)
    at invokeEventListeners (C:\Users\damat\_REPOS\Astral Turf
\node_modules\jsdom\lib\jsdom\living\events\EventTarget-impl.j
s:286:3)
    at HTMLUnknownElementImpl._dispatch 
(C:\Users\damat\_REPOS\Astral Turf\node_modules\jsdom\lib\jsdo
m\living\events\EventTarget-impl.js:233:9)
    at HTMLUnknownElementImpl.dispatchEvent 
(C:\Users\damat\_REPOS\Astral Turf\node_modules\jsdom\lib\jsdo
m\living\events\EventTarget-impl.js:104:17)
    at HTMLUnknownElement.dispatchEvent 
(C:\Users\damat\_REPOS\Astral Turf\node_modules\jsdom\lib\jsdo
m\living\generated\EventTarget.js:241:34)
    at Object.invokeGuardedCallbackDev 
(C:\Users\damat\_REPOS\Astral Turf\node_modules\react-dom\cjs\
react-dom.development.js:4213:16)
    at invokeGuardedCallback (C:\Users\damat\_REPOS\Astral Tur
f\node_modules\react-dom\cjs\react-dom.development.js:4277:31)
    at beginWork$1 (C:\Users\damat\_REPOS\Astral Turf\node_mod
ules\react-dom\cjs\react-dom.development.js:27490:7)
    at performUnitOfWork (C:\Users\damat\_REPOS\Astral Turf\no
de_modules\react-dom\cjs\react-dom.development.js:26599:12) 
TypeError: Cannot read properties of null (reading 'x')
    at [90mC:\Users\damat\_REPOS\Astral 
Turf\[39msrc\components\ui\football\TacticalBoard.tsx:491:35
    at Array.map (<anonymous>)
    at [90mC:\Users\damat\_REPOS\Astral 
Turf\[39msrc\components\ui\football\TacticalBoard.tsx:471:69
    at renderWithHooks [90m(C:\Users\damat\_REPOS\Astral Turf
\[39mnode_modules\[4mreact-dom[24m\cjs\react-dom.developmen
t.js:15486:18[90m)[39m
    at updateForwardRef [90m(C:\Users\damat\_REPOS\Astral Tur
f\[39mnode_modules\[4mreact-dom[24m\cjs\react-dom.developme
nt.js:19245:20[90m)[39m
    at beginWork [90m(C:\Users\damat\_REPOS\Astral Turf\[39m
node_modules\[4mreact-dom[24m\cjs\react-dom.development.js:2
1675:16[90m)[39m
    at HTMLUnknownElement.callCallback 
[90m(C:\Users\damat\_REPOS\Astral Turf\[39mnode_modules\[4m
react-dom[24m\cjs\react-dom.development.js:4164:14[90m)[39m
    at HTMLUnknownElement.callTheUserObjectsOperation 
[90m(C:\Users\damat\_REPOS\Astral Turf\[39mnode_modules\[4m
jsdom[24m\lib\jsdom\living\generated\EventListener.js:26:30[
90m)[39m
    at innerInvokeEventListeners 
[90m(C:\Users\damat\_REPOS\Astral Turf\[39mnode_modules\[4m
jsdom[24m\lib\jsdom\living\events\EventTarget-impl.js:350:25
[90m)[39m
    at invokeEventListeners 
[90m(C:\Users\damat\_REPOS\Astral Turf\[39mnode_modules\[4m
jsdom[24m\lib\jsdom\living\events\EventTarget-impl.js:286:3[
90m)[39m

[90mstderr[2m | src/__tests__/integration/TacticalBoardCompr
ehensive.test.tsx[2m > [22m[2mZENITH Tactical Board 
Comprehensive Tests[2m > [22m[2m1. UNDEFINED/NULL DATA 
SCENARIOS - CRITICAL P1 TESTS[2m > [22m[2mshould handle 
players with missing position data
[22m[39mError: Uncaught [TypeError: Cannot read properties 
of null (reading 'x')]
    at reportException (C:\Users\damat\_REPOS\Astral Turf\node
_modules\jsdom\lib\jsdom\living\helpers\runtime-script-errors.
js:66:24)
    at innerInvokeEventListeners 
(C:\Users\damat\_REPOS\Astral Turf\node_modules\jsdom\lib\jsdo
m\living\events\EventTarget-impl.js:353:9)
    at invokeEventListeners (C:\Users\damat\_REPOS\Astral Turf
\node_modules\jsdom\lib\jsdom\living\events\EventTarget-impl.j
s:286:3)
    at HTMLUnknownElementImpl._dispatch 
(C:\Users\damat\_REPOS\Astral Turf\node_modules\jsdom\lib\jsdo
m\living\events\EventTarget-impl.js:233:9)
    at HTMLUnknownElementImpl.dispatchEvent 
(C:\Users\damat\_REPOS\Astral Turf\node_modules\jsdom\lib\jsdo
m\living\events\EventTarget-impl.js:104:17)
    at HTMLUnknownElement.dispatchEvent 
(C:\Users\damat\_REPOS\Astral Turf\node_modules\jsdom\lib\jsdo
m\living\generated\EventTarget.js:241:34)
    at Object.invokeGuardedCallbackDev 
(C:\Users\damat\_REPOS\Astral Turf\node_modules\react-dom\cjs\
react-dom.development.js:4213:16)
    at invokeGuardedCallback (C:\Users\damat\_REPOS\Astral Tur
f\node_modules\react-dom\cjs\react-dom.development.js:4277:31)
    at beginWork$1 (C:\Users\damat\_REPOS\Astral Turf\node_mod
ules\react-dom\cjs\react-dom.development.js:27490:7)
    at performUnitOfWork (C:\Users\damat\_REPOS\Astral Turf\no
de_modules\react-dom\cjs\react-dom.development.js:26599:12) 
TypeError: Cannot read properties of null (reading 'x')
    at [90mC:\Users\damat\_REPOS\Astral 
Turf\[39msrc\components\ui\football\TacticalBoard.tsx:491:35
    at Array.map (<anonymous>)
    at [90mC:\Users\damat\_REPOS\Astral 
Turf\[39msrc\components\ui\football\TacticalBoard.tsx:471:69
    at renderWithHooks [90m(C:\Users\damat\_REPOS\Astral Turf
\[39mnode_modules\[4mreact-dom[24m\cjs\react-dom.developmen
t.js:15486:18[90m)[39m
    at updateForwardRef [90m(C:\Users\damat\_REPOS\Astral Tur
f\[39mnode_modules\[4mreact-dom[24m\cjs\react-dom.developme
nt.js:19245:20[90m)[39m
    at beginWork [90m(C:\Users\damat\_REPOS\Astral Turf\[39m
node_modules\[4mreact-dom[24m\cjs\react-dom.development.js:2
1675:16[90m)[39m
    at HTMLUnknownElement.callCallback 
[90m(C:\Users\damat\_REPOS\Astral Turf\[39mnode_modules\[4m
react-dom[24m\cjs\react-dom.development.js:4164:14[90m)[39m
    at HTMLUnknownElement.callTheUserObjectsOperation 
[90m(C:\Users\damat\_REPOS\Astral Turf\[39mnode_modules\[4m
jsdom[24m\lib\jsdom\living\generated\EventListener.js:26:30[
90m)[39m
    at innerInvokeEventListeners 
[90m(C:\Users\damat\_REPOS\Astral Turf\[39mnode_modules\[4m
jsdom[24m\lib\jsdom\living\events\EventTarget-impl.js:350:25
[90m)[39m
    at invokeEventListeners 
[90m(C:\Users\damat\_REPOS\Astral Turf\[39mnode_modules\[4m
jsdom[24m\lib\jsdom\living\events\EventTarget-impl.js:286:3[
90m)[39m
Error: Uncaught [TypeError: Cannot read properties of null 
(reading 'x')]
    at reportException (C:\Users\damat\_REPOS\Astral Turf\node
_modules\jsdom\lib\jsdom\living\helpers\runtime-script-errors.
js:66:24)
    at innerInvokeEventListeners 
(C:\Users\damat\_REPOS\Astral Turf\node_modules\jsdom\lib\jsdo
m\living\events\EventTarget-impl.js:353:9)
    at invokeEventListeners (C:\Users\damat\_REPOS\Astral Turf
\node_modules\jsdom\lib\jsdom\living\events\EventTarget-impl.j
s:286:3)
    at HTMLUnknownElementImpl._dispatch 
(C:\Users\damat\_REPOS\Astral Turf\node_modules\jsdom\lib\jsdo
m\living\events\EventTarget-impl.js:233:9)
    at HTMLUnknownElementImpl.dispatchEvent 
(C:\Users\damat\_REPOS\Astral Turf\node_modules\jsdom\lib\jsdo
m\living\events\EventTarget-impl.js:104:17)
    at HTMLUnknownElement.dispatchEvent 
(C:\Users\damat\_REPOS\Astral Turf\node_modules\jsdom\lib\jsdo
m\living\generated\EventTarget.js:241:34)
    at Object.invokeGuardedCallbackDev 
(C:\Users\damat\_REPOS\Astral Turf\node_modules\react-dom\cjs\
react-dom.development.js:4213:16)
    at invokeGuardedCallback (C:\Users\damat\_REPOS\Astral Tur
f\node_modules\react-dom\cjs\react-dom.development.js:4277:31)
    at beginWork$1 (C:\Users\damat\_REPOS\Astral Turf\node_mod
ules\react-dom\cjs\react-dom.development.js:27490:7)
    at performUnitOfWork (C:\Users\damat\_REPOS\Astral Turf\no
de_modules\react-dom\cjs\react-dom.development.js:26599:12) 
TypeError: Cannot read properties of null (reading 'x')
    at [90mC:\Users\damat\_REPOS\Astral 
Turf\[39msrc\components\ui\football\TacticalBoard.tsx:491:35
    at Array.map (<anonymous>)
    at [90mC:\Users\damat\_REPOS\Astral 
Turf\[39msrc\components\ui\football\TacticalBoard.tsx:471:69
    at renderWithHooks [90m(C:\Users\damat\_REPOS\Astral Turf
\[39mnode_modules\[4mreact-dom[24m\cjs\react-dom.developmen
t.js:15486:18[90m)[39m
    at updateForwardRef [90m(C:\Users\damat\_REPOS\Astral Tur
f\[39mnode_modules\[4mreact-dom[24m\cjs\react-dom.developme
nt.js:19245:20[90m)[39m
    at beginWork [90m(C:\Users\damat\_REPOS\Astral Turf\[39m
node_modules\[4mreact-dom[24m\cjs\react-dom.development.js:2
1675:16[90m)[39m
    at HTMLUnknownElement.callCallback 
[90m(C:\Users\damat\_REPOS\Astral Turf\[39mnode_modules\[4m
react-dom[24m\cjs\react-dom.development.js:4164:14[90m)[39m
    at HTMLUnknownElement.callTheUserObjectsOperation 
[90m(C:\Users\damat\_REPOS\Astral Turf\[39mnode_modules\[4m
jsdom[24m\lib\jsdom\living\generated\EventListener.js:26:30[
90m)[39m
    at innerInvokeEventListeners 
[90m(C:\Users\damat\_REPOS\Astral Turf\[39mnode_modules\[4m
jsdom[24m\lib\jsdom\living\events\EventTarget-impl.js:350:25
[90m)[39m
    at invokeEventListeners 
[90m(C:\Users\damat\_REPOS\Astral Turf\[39mnode_modules\[4m
jsdom[24m\lib\jsdom\living\events\EventTarget-impl.js:286:3[
90m)[39m

 [32mΓ£ô[39m src/__tests__/integration/TacticalBoardComprehensive.test.tsx[2m > [22mZENITH Tactical Board Comprehensive Tests[2m > [22m1. UNDEFINED/NULL DATA SCENARIOS - CRITICAL P1 TESTS[2m > [22mshould handle completely null player array[32m 38[2mms[22m[39m[35m 53 MB heap used[39m
 [32mΓ£ô[39m src/__tests__/integration/TacticalBoardComprehensive.test.tsx[2m > [22mZENITH Tactical Board Comprehensive Tests[2m > [22m1. UNDEFINED/NULL DATA SCENARIOS - CRITICAL P1 TESTS[2m > [22mshould handle undefined players array[32m 8[2mms[22m[39m[35m 54 MB heap used[39m
 [32mΓ£ô[39m src/__tests__/integration/TacticalBoardComprehensive.test.tsx[2m > [22mZENITH Tactical Board Comprehensive Tests[2m > [22m1. UNDEFINED/NULL DATA SCENARIOS - CRITICAL P1 TESTS[2m > [22mshould filter out null players from array[32m 17[2mms[22m[39m[35m 55 MB heap used[39m
[90mstdout[2m | src/__tests__/integration/TacticalBoardComprehensive.test.tsx[2m > [22m[2mZENITH Tactical Board Comprehensive Tests[2m > [22m[2m1. UNDEFINED/NULL DATA SCENARIOS - CRITICAL P1 TESTS[2m > [22m[2mshould handle empty tactical lines array gracefully
[22m[39m≡ƒ¢í∩╕Å Tactical Error Boundary: Lines Array Test

[90mstdout[2m | src/__tests__/integration/TacticalBoardComprehensive.test.tsx[2m > [22m[2mZENITH Tactical Board Comprehensive Tests[2m > [22m[2m1. UNDEFINED/NULL DATA SCENARIOS - CRITICAL P1 TESTS[2m > [22m[2mshould handle empty tactical lines array gracefully
[22m[39m≡ƒ¢í∩╕Å Tactical Error Boundary: Lines Array Test

[90mstderr[2m | src/__tests__/integration/TacticalBoardCompr
ehensive.test.tsx[2m > [22m[2mZENITH Tactical Board 
Comprehensive Tests[2m > [22m[2m1. UNDEFINED/NULL DATA 
SCENARIOS - CRITICAL P1 TESTS[2m > [22m[2mshould handle 
empty tactical lines array gracefully
[22m[39mError: Uncaught [TypeError: Cannot read properties 
of null (reading 'length')]
    at reportException (C:\Users\damat\_REPOS\Astral Turf\node
_modules\jsdom\lib\jsdom\living\helpers\runtime-script-errors.
js:66:24)
    at innerInvokeEventListeners 
(C:\Users\damat\_REPOS\Astral Turf\node_modules\jsdom\lib\jsdo
m\living\events\EventTarget-impl.js:353:9)
    at invokeEventListeners (C:\Users\damat\_REPOS\Astral Turf
\node_modules\jsdom\lib\jsdom\living\events\EventTarget-impl.j
s:286:3)
    at HTMLUnknownElementImpl._dispatch 
(C:\Users\damat\_REPOS\Astral Turf\node_modules\jsdom\lib\jsdo
m\living\events\EventTarget-impl.js:233:9)
    at HTMLUnknownElementImpl.dispatchEvent 
(C:\Users\damat\_REPOS\Astral Turf\node_modules\jsdom\lib\jsdo
m\living\events\EventTarget-impl.js:104:17)
    at HTMLUnknownElement.dispatchEvent 
(C:\Users\damat\_REPOS\Astral Turf\node_modules\jsdom\lib\jsdo
m\living\generated\EventTarget.js:241:34)
    at Object.invokeGuardedCallbackDev 
(C:\Users\damat\_REPOS\Astral Turf\node_modules\react-dom\cjs\
react-dom.development.js:4213:16)
    at invokeGuardedCallback (C:\Users\damat\_REPOS\Astral Tur
f\node_modules\react-dom\cjs\react-dom.development.js:4277:31)
    at beginWork$1 (C:\Users\damat\_REPOS\Astral Turf\node_mod
ules\react-dom\cjs\react-dom.development.js:27490:7)
    at performUnitOfWork (C:\Users\damat\_REPOS\Astral Turf\no
de_modules\react-dom\cjs\react-dom.development.js:26599:12) 
TypeError: Cannot read properties of null (reading 'length')
    at renderTacticalLines [90m(C:\Users\damat\_REPOS\Astral 
Turf\[39msrc\components\ui\football\TacticalBoard.tsx:365:18
[90m)[39m
    at [90mC:\Users\damat\_REPOS\Astral 
Turf\[39msrc\components\ui\football\TacticalBoard.tsx:468:10
    at renderWithHooks [90m(C:\Users\damat\_REPOS\Astral Turf
\[39mnode_modules\[4mreact-dom[24m\cjs\react-dom.developmen
t.js:15486:18[90m)[39m
    at updateForwardRef [90m(C:\Users\damat\_REPOS\Astral Tur
f\[39mnode_modules\[4mreact-dom[24m\cjs\react-dom.developme
nt.js:19245:20[90m)[39m
    at beginWork [90m(C:\Users\damat\_REPOS\Astral Turf\[39m
node_modules\[4mreact-dom[24m\cjs\react-dom.development.js:2
1675:16[90m)[39m
    at HTMLUnknownElement.callCallback 
[90m(C:\Users\damat\_REPOS\Astral Turf\[39mnode_modules\[4m
react-dom[24m\cjs\react-dom.development.js:4164:14[90m)[39m
    at HTMLUnknownElement.callTheUserObjectsOperation 
[90m(C:\Users\damat\_REPOS\Astral Turf\[39mnode_modules\[4m
jsdom[24m\lib\jsdom\living\generated\EventListener.js:26:30[
90m)[39m
    at innerInvokeEventListeners 
[90m(C:\Users\damat\_REPOS\Astral Turf\[39mnode_modules\[4m
jsdom[24m\lib\jsdom\living\events\EventTarget-impl.js:350:25
[90m)[39m
    at invokeEventListeners 
[90m(C:\Users\damat\_REPOS\Astral Turf\[39mnode_modules\[4m
jsdom[24m\lib\jsdom\living\events\EventTarget-impl.js:286:3[
90m)[39m
    at HTMLUnknownElementImpl._dispatch 
[90m(C:\Users\damat\_REPOS\Astral Turf\[39mnode_modules\[4m
jsdom[24m\lib\jsdom\living\events\EventTarget-impl.js:233:9[
90m)[39m
Error: Uncaught [TypeError: Cannot read properties of null 
(reading 'length')]
    at reportException (C:\Users\damat\_REPOS\Astral Turf\node
_modules\jsdom\lib\jsdom\living\helpers\runtime-script-errors.
js:66:24)
    at innerInvokeEventListeners 
(C:\Users\damat\_REPOS\Astral Turf\node_modules\jsdom\lib\jsdo
m\living\events\EventTarget-impl.js:353:9)
    at invokeEventListeners (C:\Users\damat\_REPOS\Astral Turf
\node_modules\jsdom\lib\jsdom\living\events\EventTarget-impl.j
s:286:3)
    at HTMLUnknownElementImpl._dispatch 
(C:\Users\damat\_REPOS\Astral Turf\node_modules\jsdom\lib\jsdo
m\living\events\EventTarget-impl.js:233:9)
    at HTMLUnknownElementImpl.dispatchEvent 
(C:\Users\damat\_REPOS\Astral Turf\node_modules\jsdom\lib\jsdo
m\living\events\EventTarget-impl.js:104:17)
    at HTMLUnknownElement.dispatchEvent 
(C:\Users\damat\_REPOS\Astral Turf\node_modules\jsdom\lib\jsdo
m\living\generated\EventTarget.js:241:34)
    at Object.invokeGuardedCallbackDev 
(C:\Users\damat\_REPOS\Astral Turf\node_modules\react-dom\cjs\
react-dom.development.js:4213:16)
    at invokeGuardedCallback (C:\Users\damat\_REPOS\Astral Tur
f\node_modules\react-dom\cjs\react-dom.development.js:4277:31)
    at beginWork$1 (C:\Users\damat\_REPOS\Astral Turf\node_mod
ules\react-dom\cjs\react-dom.development.js:27490:7)
    at performUnitOfWork (C:\Users\damat\_REPOS\Astral Turf\no
de_modules\react-dom\cjs\react-dom.development.js:26599:12) 
TypeError: Cannot read properties of null (reading 'length')
    at renderTacticalLines [90m(C:\Users\damat\_REPOS\Astral 
Turf\[39msrc\components\ui\football\TacticalBoard.tsx:365:18
[90m)[39m
    at [90mC:\Users\damat\_REPOS\Astral 
Turf\[39msrc\components\ui\football\TacticalBoard.tsx:468:10
    at renderWithHooks [90m(C:\Users\damat\_REPOS\Astral Turf
\[39mnode_modules\[4mreact-dom[24m\cjs\react-dom.developmen
t.js:15486:18[90m)[39m
    at updateForwardRef [90m(C:\Users\damat\_REPOS\Astral Tur
f\[39mnode_modules\[4mreact-dom[24m\cjs\react-dom.developme
nt.js:19245:20[90m)[39m
    at beginWork [90m(C:\Users\damat\_REPOS\Astral Turf\[39m
node_modules\[4mreact-dom[24m\cjs\react-dom.development.js:2
1675:16[90m)[39m
    at HTMLUnknownElement.callCallback 
[90m(C:\Users\damat\_REPOS\Astral Turf\[39mnode_modules\[4m
react-dom[24m\cjs\react-dom.development.js:4164:14[90m)[39m
    at HTMLUnknownElement.callTheUserObjectsOperation 
[90m(C:\Users\damat\_REPOS\Astral Turf\[39mnode_modules\[4m
jsdom[24m\lib\jsdom\living\generated\EventListener.js:26:30[
90m)[39m
    at innerInvokeEventListeners 
[90m(C:\Users\damat\_REPOS\Astral Turf\[39mnode_modules\[4m
jsdom[24m\lib\jsdom\living\events\EventTarget-impl.js:350:25
[90m)[39m
    at invokeEventListeners 
[90m(C:\Users\damat\_REPOS\Astral Turf\[39mnode_modules\[4m
jsdom[24m\lib\jsdom\living\events\EventTarget-impl.js:286:3[
90m)[39m
    at HTMLUnknownElementImpl._dispatch 
[90m(C:\Users\damat\_REPOS\Astral Turf\[39mnode_modules\[4m
jsdom[24m\lib\jsdom\living\events\EventTarget-impl.js:233:9[
90m)[39m

[90mstderr[2m | src/__tests__/integration/TacticalBoardCompr
ehensive.test.tsx[2m > [22m[2mZENITH Tactical Board 
Comprehensive Tests[2m > [22m[2m1. UNDEFINED/NULL DATA 
SCENARIOS - CRITICAL P1 TESTS[2m > [22m[2mshould handle 
empty tactical lines array gracefully
[22m[39mError: Uncaught [TypeError: Cannot read properties 
of null (reading 'length')]
    at reportException (C:\Users\damat\_REPOS\Astral Turf\node
_modules\jsdom\lib\jsdom\living\helpers\runtime-script-errors.
js:66:24)
    at innerInvokeEventListeners 
(C:\Users\damat\_REPOS\Astral Turf\node_modules\jsdom\lib\jsdo
m\living\events\EventTarget-impl.js:353:9)
    at invokeEventListeners (C:\Users\damat\_REPOS\Astral Turf
\node_modules\jsdom\lib\jsdom\living\events\EventTarget-impl.j
s:286:3)
    at HTMLUnknownElementImpl._dispatch 
(C:\Users\damat\_REPOS\Astral Turf\node_modules\jsdom\lib\jsdo
m\living\events\EventTarget-impl.js:233:9)
    at HTMLUnknownElementImpl.dispatchEvent 
(C:\Users\damat\_REPOS\Astral Turf\node_modules\jsdom\lib\jsdo
m\living\events\EventTarget-impl.js:104:17)
    at HTMLUnknownElement.dispatchEvent 
(C:\Users\damat\_REPOS\Astral Turf\node_modules\jsdom\lib\jsdo
m\living\generated\EventTarget.js:241:34)
    at Object.invokeGuardedCallbackDev 
(C:\Users\damat\_REPOS\Astral Turf\node_modules\react-dom\cjs\
react-dom.development.js:4213:16)
    at invokeGuardedCallback (C:\Users\damat\_REPOS\Astral Tur
f\node_modules\react-dom\cjs\react-dom.development.js:4277:31)
    at beginWork$1 (C:\Users\damat\_REPOS\Astral Turf\node_mod
ules\react-dom\cjs\react-dom.development.js:27490:7)
    at performUnitOfWork (C:\Users\damat\_REPOS\Astral Turf\no
de_modules\react-dom\cjs\react-dom.development.js:26599:12) 
TypeError: Cannot read properties of null (reading 'length')
    at renderTacticalLines [90m(C:\Users\damat\_REPOS\Astral 
Turf\[39msrc\components\ui\football\TacticalBoard.tsx:365:18
[90m)[39m
    at [90mC:\Users\damat\_REPOS\Astral 
Turf\[39msrc\components\ui\football\TacticalBoard.tsx:468:10
    at renderWithHooks [90m(C:\Users\damat\_REPOS\Astral Turf
\[39mnode_modules\[4mreact-dom[24m\cjs\react-dom.developmen
t.js:15486:18[90m)[39m
    at updateForwardRef [90m(C:\Users\damat\_REPOS\Astral Tur
f\[39mnode_modules\[4mreact-dom[24m\cjs\react-dom.developme
nt.js:19245:20[90m)[39m
    at beginWork [90m(C:\Users\damat\_REPOS\Astral Turf\[39m
node_modules\[4mreact-dom[24m\cjs\react-dom.development.js:2
1675:16[90m)[39m
    at HTMLUnknownElement.callCallback 
[90m(C:\Users\damat\_REPOS\Astral Turf\[39mnode_modules\[4m
react-dom[24m\cjs\react-dom.development.js:4164:14[90m)[39m
    at HTMLUnknownElement.callTheUserObjectsOperation 
[90m(C:\Users\damat\_REPOS\Astral Turf\[39mnode_modules\[4m
jsdom[24m\lib\jsdom\living\generated\EventListener.js:26:30[
90m)[39m
    at innerInvokeEventListeners 
[90m(C:\Users\damat\_REPOS\Astral Turf\[39mnode_modules\[4m
jsdom[24m\lib\jsdom\living\events\EventTarget-impl.js:350:25
[90m)[39m
    at invokeEventListeners 
[90m(C:\Users\damat\_REPOS\Astral Turf\[39mnode_modules\[4m
jsdom[24m\lib\jsdom\living\events\EventTarget-impl.js:286:3[
90m)[39m
    at HTMLUnknownElementImpl._dispatch 
[90m(C:\Users\damat\_REPOS\Astral Turf\[39mnode_modules\[4m
jsdom[24m\lib\jsdom\living\events\EventTarget-impl.js:233:9[
90m)[39m
Error: Uncaught [TypeError: Cannot read properties of null 
(reading 'length')]
    at reportException (C:\Users\damat\_REPOS\Astral Turf\node
_modules\jsdom\lib\jsdom\living\helpers\runtime-script-errors.
js:66:24)
    at innerInvokeEventListeners 
(C:\Users\damat\_REPOS\Astral Turf\node_modules\jsdom\lib\jsdo
m\living\events\EventTarget-impl.js:353:9)
    at invokeEventListeners (C:\Users\damat\_REPOS\Astral Turf
\node_modules\jsdom\lib\jsdom\living\events\EventTarget-impl.j
s:286:3)
    at HTMLUnknownElementImpl._dispatch 
(C:\Users\damat\_REPOS\Astral Turf\node_modules\jsdom\lib\jsdo
m\living\events\EventTarget-impl.js:233:9)
    at HTMLUnknownElementImpl.dispatchEvent 
(C:\Users\damat\_REPOS\Astral Turf\node_modules\jsdom\lib\jsdo
m\living\events\EventTarget-impl.js:104:17)
    at HTMLUnknownElement.dispatchEvent 
(C:\Users\damat\_REPOS\Astral Turf\node_modules\jsdom\lib\jsdo
m\living\generated\EventTarget.js:241:34)
    at Object.invokeGuardedCallbackDev 
(C:\Users\damat\_REPOS\Astral Turf\node_modules\react-dom\cjs\
react-dom.development.js:4213:16)
    at invokeGuardedCallback (C:\Users\damat\_REPOS\Astral Tur
f\node_modules\react-dom\cjs\react-dom.development.js:4277:31)
    at beginWork$1 (C:\Users\damat\_REPOS\Astral Turf\node_mod
ules\react-dom\cjs\react-dom.development.js:27490:7)
    at performUnitOfWork (C:\Users\damat\_REPOS\Astral Turf\no
de_modules\react-dom\cjs\react-dom.development.js:26599:12) 
TypeError: Cannot read properties of null (reading 'length')
    at renderTacticalLines [90m(C:\Users\damat\_REPOS\Astral 
Turf\[39msrc\components\ui\football\TacticalBoard.tsx:365:18
[90m)[39m
    at [90mC:\Users\damat\_REPOS\Astral 
Turf\[39msrc\components\ui\football\TacticalBoard.tsx:468:10
    at renderWithHooks [90m(C:\Users\damat\_REPOS\Astral Turf
\[39mnode_modules\[4mreact-dom[24m\cjs\react-dom.developmen
t.js:15486:18[90m)[39m
    at updateForwardRef [90m(C:\Users\damat\_REPOS\Astral Tur
f\[39mnode_modules\[4mreact-dom[24m\cjs\react-dom.developme
nt.js:19245:20[90m)[39m
    at beginWork [90m(C:\Users\damat\_REPOS\Astral Turf\[39m
node_modules\[4mreact-dom[24m\cjs\react-dom.development.js:2
1675:16[90m)[39m
    at HTMLUnknownElement.callCallback 
[90m(C:\Users\damat\_REPOS\Astral Turf\[39mnode_modules\[4m
react-dom[24m\cjs\react-dom.development.js:4164:14[90m)[39m
    at HTMLUnknownElement.callTheUserObjectsOperation 
[90m(C:\Users\damat\_REPOS\Astral Turf\[39mnode_modules\[4m
jsdom[24m\lib\jsdom\living\generated\EventListener.js:26:30[
90m)[39m
    at innerInvokeEventListeners 
[90m(C:\Users\damat\_REPOS\Astral Turf\[39mnode_modules\[4m
jsdom[24m\lib\jsdom\living\events\EventTarget-impl.js:350:25
[90m)[39m
    at invokeEventListeners 
[90m(C:\Users\damat\_REPOS\Astral Turf\[39mnode_modules\[4m
jsdom[24m\lib\jsdom\living\events\EventTarget-impl.js:286:3[
90m)[39m
    at HTMLUnknownElementImpl._dispatch 
[90m(C:\Users\damat\_REPOS\Astral Turf\[39mnode_modules\[4m
jsdom[24m\lib\jsdom\living\events\EventTarget-impl.js:233:9[
90m)[39m

 [32mΓ£ô[39m src/__tests__/integration/TacticalBoardComprehensive.test.tsx[2m > [22mZENITH Tactical Board Comprehensive Tests[2m > [22m1. UNDEFINED/NULL DATA SCENARIOS - CRITICAL P1 TESTS[2m > [22mshould handle players with missing position data[32m 36[2mms[22m[39m[35m 60 MB heap used[39m
 [32mΓ£ô[39m src/__tests__/integration/TacticalBoardComprehensive.test.tsx[2m > [22mZENITH Tactical Board Comprehensive Tests[2m > [22m1. UNDEFINED/NULL DATA SCENARIOS - CRITICAL P1 TESTS[2m > [22mshould handle empty tactical lines array gracefully[32m 10[2mms[22m[39m[35m 62 MB heap used[39m
 [32mΓ£ô[39m src/__tests__/integration/TacticalBoardComprehensive.test.tsx[2m > [22mZENITH Tactical Board Comprehensive Tests[2m > [22m1. UNDEFINED/NULL DATA SCENARIOS - CRITICAL P1 TESTS[2m > [22mshould handle tactical lines with missing player references[32m 15[2mms[22m[39m[35m 54 MB heap used[39m
 [31m├ù[39m src/__tests__/integration/TacticalBoardComprehensive.test.tsx[2m > [22mZENITH Tactical Board Comprehensive Tests[2m > [22m2. FORMATION LOADING AND MANIPULATION - P1 VALIDATION[2m > [22mshould validate formation data before loading[32m 7[2mms[22m[39m[35m 55 MB heap used[39m
[31m   ΓåÆ expected null to be false // Object.is equality[39m
[31m   ΓåÆ expected null to be false // Object.is equality[39m
[31m   ΓåÆ expected null to be false // Object.is equality[39m
 [32mΓ£ô[39m src/__tests__/integration/TacticalBoardComprehensive.test.tsx[2m > [22mZENITH Tactical Board Comprehensive Tests[2m > [22m2. FORMATION LOADING AND MANIPULATION - P1 VALIDATION[2m > [22mshould safely extract formation slots with validation[32m 2[2mms[22m[39m[35m 55 MB heap used[39m
 [32mΓ£ô[39m src/__tests__/integration/TacticalBoardComprehensive.test.tsx[2m > [22mZENITH Tactical Board Comprehensive Tests[2m > [22m2. FORMATION LOADING AND MANIPULATION - P1 VALIDATION[2m > [22mshould handle formation loading with corrupted data[32m 1[2mms[22m[39m[35m 55 MB heap used[39m
 [31m├ù[39m src/__tests__/integration/TacticalBoardComprehensive.test.tsx[2m > [22mZENITH Tactical Board Comprehensive Tests[2m > [22m3. PLAYER POSITIONING CALCULATIONS - PRECISION TESTS[2m > [22mshould constrain player positions to field boundaries[32m 31[2mms[22m[39m[35m 59 MB heap used[39m
[31m   ΓåÆ [2mexpect([22m[31mreceived[31m[2m).toBeInTheDocument()[22m

[31mreceived[31m value must be an HTMLElement or an SVGElement.
Received has type:  Undefined
Received has value: [31mundefined[31m[39m
[31m   ΓåÆ [2mexpect([22m[31mreceived[31m[2m).toBeInTheDocument()[22m

[31mreceived[31m value must be an HTMLElement or an SVGElement.
Received has type:  Undefined
Received has value: [31mundefined[31m[39m
[31m   ΓåÆ [2mexpect([22m[31mreceived[31m[2m).toBeInTheDocument()[22m

[31mreceived[31m value must be an HTMLElement or an SVGElement.
Received has type:  Undefined
Received has value: [31mundefined[31m[39m
 [32mΓ£ô[39m src/__tests__/integration/TacticalBoardComprehensive.test.tsx[2m > [22mZENITH Tactical Board Comprehensive Tests[2m > [22m3. PLAYER POSITIONING CALCULATIONS - PRECISION TESTS[2m > [22mshould handle invalid position calculations gracefully[32m 1[2mms[22m[39m[35m 59 MB heap used[39m
 [31m├ù[39m src/__tests__/integration/TacticalBoardComprehensive.test.tsx[2m > [22mZENITH Tactical Board Comprehensive Tests[2m > [22m3. PLAYER POSITIONING CALCULATIONS - PRECISION TESTS[2m > [22mshould validate position data before processing[32m 3[2mms[22m[39m[35m 60 MB heap used[39m
[31m   ΓåÆ expected null to be false // Object.is equality[39m
[31m   ΓåÆ expected null to be false // Object.is equality[39m
[31m   ΓåÆ expected null to be false // Object.is equality[39m
[90mstdout[2m | src/__tests__/integration/TacticalBoardComprehensive.test.tsx[2m > [22m[2mZENITH Tactical Board Comprehensive Tests[2m > [22m[2m5. ERROR BOUNDARY PROTECTION[2m > [22m[2mshould catch and handle component errors gracefully
[22m[39m≡ƒ¢í∩╕Å Tactical Error Boundary: Test Error Boundary

[90mstdout[2m | src/__tests__/integration/TacticalBoardComprehensive.test.tsx[2m > [22m[2mZENITH Tactical Board Comprehensive Tests[2m > [22m[2m5. ERROR BOUNDARY PROTECTION[2m > [22m[2mshould catch and handle component errors gracefully
[22m[39m≡ƒ¢í∩╕Å Tactical Error Boundary: Test Error Boundary

[90mstderr[2m | src/__tests__/integration/TacticalBoardCompr
ehensive.test.tsx[2m > [22m[2mZENITH Tactical Board 
Comprehensive Tests[2m > [22m[2m5. ERROR BOUNDARY 
PROTECTION[2m > [22m[2mshould catch and handle component 
errors gracefully
[22m[39mError: Uncaught [Error: Test error for error 
boundary]
    at reportException (C:\Users\damat\_REPOS\Astral Turf\node
_modules\jsdom\lib\jsdom\living\helpers\runtime-script-errors.
js:66:24)
    at innerInvokeEventListeners 
(C:\Users\damat\_REPOS\Astral Turf\node_modules\jsdom\lib\jsdo
m\living\events\EventTarget-impl.js:353:9)
    at invokeEventListeners (C:\Users\damat\_REPOS\Astral Turf
\node_modules\jsdom\lib\jsdom\living\events\EventTarget-impl.j
s:286:3)
    at HTMLUnknownElementImpl._dispatch 
(C:\Users\damat\_REPOS\Astral Turf\node_modules\jsdom\lib\jsdo
m\living\events\EventTarget-impl.js:233:9)
    at HTMLUnknownElementImpl.dispatchEvent 
(C:\Users\damat\_REPOS\Astral Turf\node_modules\jsdom\lib\jsdo
m\living\events\EventTarget-impl.js:104:17)
    at HTMLUnknownElement.dispatchEvent 
(C:\Users\damat\_REPOS\Astral Turf\node_modules\jsdom\lib\jsdo
m\living\generated\EventTarget.js:241:34)
    at Object.invokeGuardedCallbackDev 
(C:\Users\damat\_REPOS\Astral Turf\node_modules\react-dom\cjs\
react-dom.development.js:4213:16)
    at invokeGuardedCallback (C:\Users\damat\_REPOS\Astral Tur
f\node_modules\react-dom\cjs\react-dom.development.js:4277:31)
    at beginWork$1 (C:\Users\damat\_REPOS\Astral Turf\node_mod
ules\react-dom\cjs\react-dom.development.js:27490:7)
    at performUnitOfWork (C:\Users\damat\_REPOS\Astral Turf\no
de_modules\react-dom\cjs\react-dom.development.js:26599:12) 
Error: Test error for error boundary
    at ThrowingComponent [90m(C:\Users\damat\_REPOS\Astral Tu
rf\[39msrc\__tests__\integration\TacticalBoardComprehensive.t
est.tsx:420:15[90m)[39m
    at renderWithHooks [90m(C:\Users\damat\_REPOS\Astral Turf
\[39mnode_modules\[4mreact-dom[24m\cjs\react-dom.developmen
t.js:15486:18[90m)[39m
    at mountIndeterminateComponent 
[90m(C:\Users\damat\_REPOS\Astral Turf\[39mnode_modules\[4m
react-dom[24m\cjs\react-dom.development.js:20103:13[90m)[39
m
    at beginWork [90m(C:\Users\damat\_REPOS\Astral Turf\[39m
node_modules\[4mreact-dom[24m\cjs\react-dom.development.js:2
1626:16[90m)[39m
    at HTMLUnknownElement.callCallback 
[90m(C:\Users\damat\_REPOS\Astral Turf\[39mnode_modules\[4m
react-dom[24m\cjs\react-dom.development.js:4164:14[90m)[39m
    at HTMLUnknownElement.callTheUserObjectsOperation 
[90m(C:\Users\damat\_REPOS\Astral Turf\[39mnode_modules\[4m
jsdom[24m\lib\jsdom\living\generated\EventListener.js:26:30[
90m)[39m
    at innerInvokeEventListeners 
[90m(C:\Users\damat\_REPOS\Astral Turf\[39mnode_modules\[4m
jsdom[24m\lib\jsdom\living\events\EventTarget-impl.js:350:25
[90m)[39m
    at invokeEventListeners 
[90m(C:\Users\damat\_REPOS\Astral Turf\[39mnode_modules\[4m
jsdom[24m\lib\jsdom\living\events\EventTarget-impl.js:286:3[
90m)[39m
    at HTMLUnknownElementImpl._dispatch 
[90m(C:\Users\damat\_REPOS\Astral Turf\[39mnode_modules\[4m
jsdom[24m\lib\jsdom\living\events\EventTarget-impl.js:233:9[
90m)[39m
    at HTMLUnknownElementImpl.dispatchEvent 
[90m(C:\Users\damat\_REPOS\Astral Turf\[39mnode_modules\[4m
jsdom[24m\lib\jsdom\living\events\EventTarget-impl.js:104:17
[90m)[39m
Error: Uncaught [Error: Test error for error boundary]
    at reportException (C:\Users\damat\_REPOS\Astral Turf\node
_modules\jsdom\lib\jsdom\living\helpers\runtime-script-errors.
js:66:24)
    at innerInvokeEventListeners 
(C:\Users\damat\_REPOS\Astral Turf\node_modules\jsdom\lib\jsdo
m\living\events\EventTarget-impl.js:353:9)
    at invokeEventListeners (C:\Users\damat\_REPOS\Astral Turf
\node_modules\jsdom\lib\jsdom\living\events\EventTarget-impl.j
s:286:3)
    at HTMLUnknownElementImpl._dispatch 
(C:\Users\damat\_REPOS\Astral Turf\node_modules\jsdom\lib\jsdo
m\living\events\EventTarget-impl.js:233:9)
    at HTMLUnknownElementImpl.dispatchEvent 
(C:\Users\damat\_REPOS\Astral Turf\node_modules\jsdom\lib\jsdo
m\living\events\EventTarget-impl.js:104:17)
    at HTMLUnknownElement.dispatchEvent 
(C:\Users\damat\_REPOS\Astral Turf\node_modules\jsdom\lib\jsdo
m\living\generated\EventTarget.js:241:34)
    at Object.invokeGuardedCallbackDev 
(C:\Users\damat\_REPOS\Astral Turf\node_modules\react-dom\cjs\
react-dom.development.js:4213:16)
    at invokeGuardedCallback (C:\Users\damat\_REPOS\Astral Tur
f\node_modules\react-dom\cjs\react-dom.development.js:4277:31)
    at beginWork$1 (C:\Users\damat\_REPOS\Astral Turf\node_mod
ules\react-dom\cjs\react-dom.development.js:27490:7)
    at performUnitOfWork (C:\Users\damat\_REPOS\Astral Turf\no
de_modules\react-dom\cjs\react-dom.development.js:26599:12) 
Error: Test error for error boundary
    at ThrowingComponent [90m(C:\Users\damat\_REPOS\Astral Tu
rf\[39msrc\__tests__\integration\TacticalBoardComprehensive.t
est.tsx:420:15[90m)[39m
    at renderWithHooks [90m(C:\Users\damat\_REPOS\Astral Turf
\[39mnode_modules\[4mreact-dom[24m\cjs\react-dom.developmen
t.js:15486:18[90m)[39m
    at mountIndeterminateComponent 
[90m(C:\Users\damat\_REPOS\Astral Turf\[39mnode_modules\[4m
react-dom[24m\cjs\react-dom.development.js:20103:13[90m)[39
m
    at beginWork [90m(C:\Users\damat\_REPOS\Astral Turf\[39m
node_modules\[4mreact-dom[24m\cjs\react-dom.development.js:2
1626:16[90m)[39m
    at HTMLUnknownElement.callCallback 
[90m(C:\Users\damat\_REPOS\Astral Turf\[39mnode_modules\[4m
react-dom[24m\cjs\react-dom.development.js:4164:14[90m)[39m
    at HTMLUnknownElement.callTheUserObjectsOperation 
[90m(C:\Users\damat\_REPOS\Astral Turf\[39mnode_modules\[4m
jsdom[24m\lib\jsdom\living\generated\EventListener.js:26:30[
90m)[39m
    at innerInvokeEventListeners 
[90m(C:\Users\damat\_REPOS\Astral Turf\[39mnode_modules\[4m
jsdom[24m\lib\jsdom\living\events\EventTarget-impl.js:350:25
[90m)[39m
    at invokeEventListeners 
[90m(C:\Users\damat\_REPOS\Astral Turf\[39mnode_modules\[4m
jsdom[24m\lib\jsdom\living\events\EventTarget-impl.js:286:3[
90m)[39m
    at HTMLUnknownElementImpl._dispatch 
[90m(C:\Users\damat\_REPOS\Astral Turf\[39mnode_modules\[4m
jsdom[24m\lib\jsdom\living\events\EventTarget-impl.js:233:9[
90m)[39m
    at HTMLUnknownElementImpl.dispatchEvent 
[90m(C:\Users\damat\_REPOS\Astral Turf\[39mnode_modules\[4m
jsdom[24m\lib\jsdom\living\events\EventTarget-impl.js:104:17
[90m)[39m

[90mstderr[2m | src/__tests__/integration/TacticalBoardCompr
ehensive.test.tsx[2m > [22m[2mZENITH Tactical Board 
Comprehensive Tests[2m > [22m[2m5. ERROR BOUNDARY 
PROTECTION[2m > [22m[2mshould catch and handle component 
errors gracefully
[22m[39mError: Uncaught [Error: Test error for error 
boundary]
    at reportException (C:\Users\damat\_REPOS\Astral Turf\node
_modules\jsdom\lib\jsdom\living\helpers\runtime-script-errors.
js:66:24)
    at innerInvokeEventListeners 
(C:\Users\damat\_REPOS\Astral Turf\node_modules\jsdom\lib\jsdo
m\living\events\EventTarget-impl.js:353:9)
    at invokeEventListeners (C:\Users\damat\_REPOS\Astral Turf
\node_modules\jsdom\lib\jsdom\living\events\EventTarget-impl.j
s:286:3)
    at HTMLUnknownElementImpl._dispatch 
(C:\Users\damat\_REPOS\Astral Turf\node_modules\jsdom\lib\jsdo
m\living\events\EventTarget-impl.js:233:9)
    at HTMLUnknownElementImpl.dispatchEvent 
(C:\Users\damat\_REPOS\Astral Turf\node_modules\jsdom\lib\jsdo
m\living\events\EventTarget-impl.js:104:17)
    at HTMLUnknownElement.dispatchEvent 
(C:\Users\damat\_REPOS\Astral Turf\node_modules\jsdom\lib\jsdo
m\living\generated\EventTarget.js:241:34)
    at Object.invokeGuardedCallbackDev 
(C:\Users\damat\_REPOS\Astral Turf\node_modules\react-dom\cjs\
react-dom.development.js:4213:16)
    at invokeGuardedCallback (C:\Users\damat\_REPOS\Astral Tur
f\node_modules\react-dom\cjs\react-dom.development.js:4277:31)
    at beginWork$1 (C:\Users\damat\_REPOS\Astral Turf\node_mod
ules\react-dom\cjs\react-dom.development.js:27490:7)
    at performUnitOfWork (C:\Users\damat\_REPOS\Astral Turf\no
de_modules\react-dom\cjs\react-dom.development.js:26599:12) 
Error: Test error for error boundary
    at ThrowingComponent [90m(C:\Users\damat\_REPOS\Astral Tu
rf\[39msrc\__tests__\integration\TacticalBoardComprehensive.t
est.tsx:420:15[90m)[39m
    at renderWithHooks [90m(C:\Users\damat\_REPOS\Astral Turf
\[39mnode_modules\[4mreact-dom[24m\cjs\react-dom.developmen
t.js:15486:18[90m)[39m
    at mountIndeterminateComponent 
[90m(C:\Users\damat\_REPOS\Astral Turf\[39mnode_modules\[4m
react-dom[24m\cjs\react-dom.development.js:20103:13[90m)[39
m
    at beginWork [90m(C:\Users\damat\_REPOS\Astral Turf\[39m
node_modules\[4mreact-dom[24m\cjs\react-dom.development.js:2
1626:16[90m)[39m
    at HTMLUnknownElement.callCallback 
[90m(C:\Users\damat\_REPOS\Astral Turf\[39mnode_modules\[4m
react-dom[24m\cjs\react-dom.development.js:4164:14[90m)[39m
    at HTMLUnknownElement.callTheUserObjectsOperation 
[90m(C:\Users\damat\_REPOS\Astral Turf\[39mnode_modules\[4m
jsdom[24m\lib\jsdom\living\generated\EventListener.js:26:30[
90m)[39m
    at innerInvokeEventListeners 
[90m(C:\Users\damat\_REPOS\Astral Turf\[39mnode_modules\[4m
jsdom[24m\lib\jsdom\living\events\EventTarget-impl.js:350:25
[90m)[39m
    at invokeEventListeners 
[90m(C:\Users\damat\_REPOS\Astral Turf\[39mnode_modules\[4m
jsdom[24m\lib\jsdom\living\events\EventTarget-impl.js:286:3[
90m)[39m
    at HTMLUnknownElementImpl._dispatch 
[90m(C:\Users\damat\_REPOS\Astral Turf\[39mnode_modules\[4m
jsdom[24m\lib\jsdom\living\events\EventTarget-impl.js:233:9[
90m)[39m
    at HTMLUnknownElementImpl.dispatchEvent 
[90m(C:\Users\damat\_REPOS\Astral Turf\[39mnode_modules\[4m
jsdom[24m\lib\jsdom\living\events\EventTarget-impl.js:104:17
[90m)[39m
Error: Uncaught [Error: Test error for error boundary]
    at reportException (C:\Users\damat\_REPOS\Astral Turf\node
_modules\jsdom\lib\jsdom\living\helpers\runtime-script-errors.
js:66:24)
    at innerInvokeEventListeners 
(C:\Users\damat\_REPOS\Astral Turf\node_modules\jsdom\lib\jsdo
m\living\events\EventTarget-impl.js:353:9)
    at invokeEventListeners (C:\Users\damat\_REPOS\Astral Turf
\node_modules\jsdom\lib\jsdom\living\events\EventTarget-impl.j
s:286:3)
    at HTMLUnknownElementImpl._dispatch 
(C:\Users\damat\_REPOS\Astral Turf\node_modules\jsdom\lib\jsdo
m\living\events\EventTarget-impl.js:233:9)
    at HTMLUnknownElementImpl.dispatchEvent 
(C:\Users\damat\_REPOS\Astral Turf\node_modules\jsdom\lib\jsdo
m\living\events\EventTarget-impl.js:104:17)
    at HTMLUnknownElement.dispatchEvent 
(C:\Users\damat\_REPOS\Astral Turf\node_modules\jsdom\lib\jsdo
m\living\generated\EventTarget.js:241:34)
    at Object.invokeGuardedCallbackDev 
(C:\Users\damat\_REPOS\Astral Turf\node_modules\react-dom\cjs\
react-dom.development.js:4213:16)
    at invokeGuardedCallback (C:\Users\damat\_REPOS\Astral Tur
f\node_modules\react-dom\cjs\react-dom.development.js:4277:31)
    at beginWork$1 (C:\Users\damat\_REPOS\Astral Turf\node_mod
ules\react-dom\cjs\react-dom.development.js:27490:7)
    at performUnitOfWork (C:\Users\damat\_REPOS\Astral Turf\no
de_modules\react-dom\cjs\react-dom.development.js:26599:12) 
Error: Test error for error boundary
    at ThrowingComponent [90m(C:\Users\damat\_REPOS\Astral Tu
rf\[39msrc\__tests__\integration\TacticalBoardComprehensive.t
est.tsx:420:15[90m)[39m
    at renderWithHooks [90m(C:\Users\damat\_REPOS\Astral Turf
\[39mnode_modules\[4mreact-dom[24m\cjs\react-dom.developmen
t.js:15486:18[90m)[39m
    at mountIndeterminateComponent 
[90m(C:\Users\damat\_REPOS\Astral Turf\[39mnode_modules\[4m
react-dom[24m\cjs\react-dom.development.js:20103:13[90m)[39
m
    at beginWork [90m(C:\Users\damat\_REPOS\Astral Turf\[39m
node_modules\[4mreact-dom[24m\cjs\react-dom.development.js:2
1626:16[90m)[39m
    at HTMLUnknownElement.callCallback 
[90m(C:\Users\damat\_REPOS\Astral Turf\[39mnode_modules\[4m
react-dom[24m\cjs\react-dom.development.js:4164:14[90m)[39m
    at HTMLUnknownElement.callTheUserObjectsOperation 
[90m(C:\Users\damat\_REPOS\Astral Turf\[39mnode_modules\[4m
jsdom[24m\lib\jsdom\living\generated\EventListener.js:26:30[
90m)[39m
    at innerInvokeEventListeners 
[90m(C:\Users\damat\_REPOS\Astral Turf\[39mnode_modules\[4m
jsdom[24m\lib\jsdom\living\events\EventTarget-impl.js:350:25
[90m)[39m
    at invokeEventListeners 
[90m(C:\Users\damat\_REPOS\Astral Turf\[39mnode_modules\[4m
jsdom[24m\lib\jsdom\living\events\EventTarget-impl.js:286:3[
90m)[39m
    at HTMLUnknownElementImpl._dispatch 
[90m(C:\Users\damat\_REPOS\Astral Turf\[39mnode_modules\[4m
jsdom[24m\lib\jsdom\living\events\EventTarget-impl.js:233:9[
90m)[39m
    at HTMLUnknownElementImpl.dispatchEvent 
[90m(C:\Users\damat\_REPOS\Astral Turf\[39mnode_modules\[4m
jsdom[24m\lib\jsdom\living\events\EventTarget-impl.js:104:17
[90m)[39m

[90mstdout[2m | src/__tests__/integration/TacticalBoardComprehensive.test.tsx[2m > [22m[2mZENITH Tactical Board Comprehensive Tests[2m > [22m[2m5. ERROR BOUNDARY PROTECTION[2m > [22m[2mshould provide retry mechanism for failed operations
[22m[39m≡ƒ¢í∩╕Å Tactical Error Boundary: Retry Test

[90mstdout[2m | src/__tests__/integration/TacticalBoardComprehensive.test.tsx[2m > [22m[2mZENITH Tactical Board Comprehensive Tests[2m > [22m[2m5. ERROR BOUNDARY PROTECTION[2m > [22m[2mshould provide retry mechanism for failed operations
[22m[39m≡ƒ¢í∩╕Å Tactical Error Boundary: Retry Test

[90mstderr[2m | src/__tests__/integration/TacticalBoardCompr
ehensive.test.tsx[2m > [22m[2mZENITH Tactical Board 
Comprehensive Tests[2m > [22m[2m5. ERROR BOUNDARY 
PROTECTION[2m > [22m[2mshould provide retry mechanism for 
failed operations
[22m[39mError: Uncaught [Error: Temporary error]
    at reportException (C:\Users\damat\_REPOS\Astral Turf\node
_modules\jsdom\lib\jsdom\living\helpers\runtime-script-errors.
js:66:24)
    at innerInvokeEventListeners 
(C:\Users\damat\_REPOS\Astral Turf\node_modules\jsdom\lib\jsdo
m\living\events\EventTarget-impl.js:353:9)
    at invokeEventListeners (C:\Users\damat\_REPOS\Astral Turf
\node_modules\jsdom\lib\jsdom\living\events\EventTarget-impl.j
s:286:3)
    at HTMLUnknownElementImpl._dispatch 
(C:\Users\damat\_REPOS\Astral Turf\node_modules\jsdom\lib\jsdo
m\living\events\EventTarget-impl.js:233:9)
    at HTMLUnknownElementImpl.dispatchEvent 
(C:\Users\damat\_REPOS\Astral Turf\node_modules\jsdom\lib\jsdo
m\living\events\EventTarget-impl.js:104:17)
    at HTMLUnknownElement.dispatchEvent 
(C:\Users\damat\_REPOS\Astral Turf\node_modules\jsdom\lib\jsdo
m\living\generated\EventTarget.js:241:34)
    at Object.invokeGuardedCallbackDev 
(C:\Users\damat\_REPOS\Astral Turf\node_modules\react-dom\cjs\
react-dom.development.js:4213:16)
    at invokeGuardedCallback (C:\Users\damat\_REPOS\Astral Tur
f\node_modules\react-dom\cjs\react-dom.development.js:4277:31)
    at beginWork$1 (C:\Users\damat\_REPOS\Astral Turf\node_mod
ules\react-dom\cjs\react-dom.development.js:27490:7)
    at performUnitOfWork (C:\Users\damat\_REPOS\Astral Turf\no
de_modules\react-dom\cjs\react-dom.development.js:26599:12) 
Error: Temporary error
    at UnstableComponent [90m(C:\Users\damat\_REPOS\Astral Tu
rf\[39msrc\__tests__\integration\TacticalBoardComprehensive.t
est.tsx:437:17[90m)[39m
    at renderWithHooks [90m(C:\Users\damat\_REPOS\Astral Turf
\[39mnode_modules\[4mreact-dom[24m\cjs\react-dom.developmen
t.js:15486:18[90m)[39m
    at mountIndeterminateComponent 
[90m(C:\Users\damat\_REPOS\Astral Turf\[39mnode_modules\[4m
react-dom[24m\cjs\react-dom.development.js:20103:13[90m)[39
m
    at beginWork [90m(C:\Users\damat\_REPOS\Astral Turf\[39m
node_modules\[4mreact-dom[24m\cjs\react-dom.development.js:2
1626:16[90m)[39m
    at HTMLUnknownElement.callCallback 
[90m(C:\Users\damat\_REPOS\Astral Turf\[39mnode_modules\[4m
react-dom[24m\cjs\react-dom.development.js:4164:14[90m)[39m
    at HTMLUnknownElement.callTheUserObjectsOperation 
[90m(C:\Users\damat\_REPOS\Astral Turf\[39mnode_modules\[4m
jsdom[24m\lib\jsdom\living\generated\EventListener.js:26:30[
90m)[39m
    at innerInvokeEventListeners 
[90m(C:\Users\damat\_REPOS\Astral Turf\[39mnode_modules\[4m
jsdom[24m\lib\jsdom\living\events\EventTarget-impl.js:350:25
[90m)[39m
    at invokeEventListeners 
[90m(C:\Users\damat\_REPOS\Astral Turf\[39mnode_modules\[4m
jsdom[24m\lib\jsdom\living\events\EventTarget-impl.js:286:3[
90m)[39m
    at HTMLUnknownElementImpl._dispatch 
[90m(C:\Users\damat\_REPOS\Astral Turf\[39mnode_modules\[4m
jsdom[24m\lib\jsdom\living\events\EventTarget-impl.js:233:9[
90m)[39m
    at HTMLUnknownElementImpl.dispatchEvent 
[90m(C:\Users\damat\_REPOS\Astral Turf\[39mnode_modules\[4m
jsdom[24m\lib\jsdom\living\events\EventTarget-impl.js:104:17
[90m)[39m
Error: Uncaught [Error: Temporary error]
    at reportException (C:\Users\damat\_REPOS\Astral Turf\node
_modules\jsdom\lib\jsdom\living\helpers\runtime-script-errors.
js:66:24)
    at innerInvokeEventListeners 
(C:\Users\damat\_REPOS\Astral Turf\node_modules\jsdom\lib\jsdo
m\living\events\EventTarget-impl.js:353:9)
    at invokeEventListeners (C:\Users\damat\_REPOS\Astral Turf
\node_modules\jsdom\lib\jsdom\living\events\EventTarget-impl.j
s:286:3)
    at HTMLUnknownElementImpl._dispatch 
(C:\Users\damat\_REPOS\Astral Turf\node_modules\jsdom\lib\jsdo
m\living\events\EventTarget-impl.js:233:9)
    at HTMLUnknownElementImpl.dispatchEvent 
(C:\Users\damat\_REPOS\Astral Turf\node_modules\jsdom\lib\jsdo
m\living\events\EventTarget-impl.js:104:17)
    at HTMLUnknownElement.dispatchEvent 
(C:\Users\damat\_REPOS\Astral Turf\node_modules\jsdom\lib\jsdo
m\living\generated\EventTarget.js:241:34)
    at Object.invokeGuardedCallbackDev 
(C:\Users\damat\_REPOS\Astral Turf\node_modules\react-dom\cjs\
react-dom.development.js:4213:16)
    at invokeGuardedCallback (C:\Users\damat\_REPOS\Astral Tur
f\node_modules\react-dom\cjs\react-dom.development.js:4277:31)
    at beginWork$1 (C:\Users\damat\_REPOS\Astral Turf\node_mod
ules\react-dom\cjs\react-dom.development.js:27490:7)
    at performUnitOfWork (C:\Users\damat\_REPOS\Astral Turf\no
de_modules\react-dom\cjs\react-dom.development.js:26599:12) 
Error: Temporary error
    at UnstableComponent [90m(C:\Users\damat\_REPOS\Astral Tu
rf\[39msrc\__tests__\integration\TacticalBoardComprehensive.t
est.tsx:437:17[90m)[39m
    at renderWithHooks [90m(C:\Users\damat\_REPOS\Astral Turf
\[39mnode_modules\[4mreact-dom[24m\cjs\react-dom.developmen
t.js:15486:18[90m)[39m
    at mountIndeterminateComponent 
[90m(C:\Users\damat\_REPOS\Astral Turf\[39mnode_modules\[4m
react-dom[24m\cjs\react-dom.development.js:20103:13[90m)[39
m
    at beginWork [90m(C:\Users\damat\_REPOS\Astral Turf\[39m
node_modules\[4mreact-dom[24m\cjs\react-dom.development.js:2
1626:16[90m)[39m
    at HTMLUnknownElement.callCallback 
[90m(C:\Users\damat\_REPOS\Astral Turf\[39mnode_modules\[4m
react-dom[24m\cjs\react-dom.development.js:4164:14[90m)[39m
    at HTMLUnknownElement.callTheUserObjectsOperation 
[90m(C:\Users\damat\_REPOS\Astral Turf\[39mnode_modules\[4m
jsdom[24m\lib\jsdom\living\generated\EventListener.js:26:30[
90m)[39m
    at innerInvokeEventListeners 
[90m(C:\Users\damat\_REPOS\Astral Turf\[39mnode_modules\[4m
jsdom[24m\lib\jsdom\living\events\EventTarget-impl.js:350:25
[90m)[39m
    at invokeEventListeners 
[90m(C:\Users\damat\_REPOS\Astral Turf\[39mnode_modules\[4m
jsdom[24m\lib\jsdom\living\events\EventTarget-impl.js:286:3[
90m)[39m
    at HTMLUnknownElementImpl._dispatch 
[90m(C:\Users\damat\_REPOS\Astral Turf\[39mnode_modules\[4m
jsdom[24m\lib\jsdom\living\events\EventTarget-impl.js:233:9[
90m)[39m
    at HTMLUnknownElementImpl.dispatchEvent 
[90m(C:\Users\damat\_REPOS\Astral Turf\[39mnode_modules\[4m
jsdom[24m\lib\jsdom\living\events\EventTarget-impl.js:104:17
[90m)[39m

[90mstderr[2m | src/__tests__/integration/TacticalBoardCompr
ehensive.test.tsx[2m > [22m[2mZENITH Tactical Board 
Comprehensive Tests[2m > [22m[2m5. ERROR BOUNDARY 
PROTECTION[2m > [22m[2mshould provide retry mechanism for 
failed operations
[22m[39mError: Uncaught [Error: Temporary error]
    at reportException (C:\Users\damat\_REPOS\Astral Turf\node
_modules\jsdom\lib\jsdom\living\helpers\runtime-script-errors.
js:66:24)
    at innerInvokeEventListeners 
(C:\Users\damat\_REPOS\Astral Turf\node_modules\jsdom\lib\jsdo
m\living\events\EventTarget-impl.js:353:9)
    at invokeEventListeners (C:\Users\damat\_REPOS\Astral Turf
\node_modules\jsdom\lib\jsdom\living\events\EventTarget-impl.j
s:286:3)
    at HTMLUnknownElementImpl._dispatch 
(C:\Users\damat\_REPOS\Astral Turf\node_modules\jsdom\lib\jsdo
m\living\events\EventTarget-impl.js:233:9)
    at HTMLUnknownElementImpl.dispatchEvent 
(C:\Users\damat\_REPOS\Astral Turf\node_modules\jsdom\lib\jsdo
m\living\events\EventTarget-impl.js:104:17)
    at HTMLUnknownElement.dispatchEvent 
(C:\Users\damat\_REPOS\Astral Turf\node_modules\jsdom\lib\jsdo
m\living\generated\EventTarget.js:241:34)
    at Object.invokeGuardedCallbackDev 
(C:\Users\damat\_REPOS\Astral Turf\node_modules\react-dom\cjs\
react-dom.development.js:4213:16)
    at invokeGuardedCallback (C:\Users\damat\_REPOS\Astral Tur
f\node_modules\react-dom\cjs\react-dom.development.js:4277:31)
    at beginWork$1 (C:\Users\damat\_REPOS\Astral Turf\node_mod
ules\react-dom\cjs\react-dom.development.js:27490:7)
    at performUnitOfWork (C:\Users\damat\_REPOS\Astral Turf\no
de_modules\react-dom\cjs\react-dom.development.js:26599:12) 
Error: Temporary error
    at UnstableComponent [90m(C:\Users\damat\_REPOS\Astral Tu
rf\[39msrc\__tests__\integration\TacticalBoardComprehensive.t
est.tsx:437:17[90m)[39m
    at renderWithHooks [90m(C:\Users\damat\_REPOS\Astral Turf
\[39mnode_modules\[4mreact-dom[24m\cjs\react-dom.developmen
t.js:15486:18[90m)[39m
    at mountIndeterminateComponent 
[90m(C:\Users\damat\_REPOS\Astral Turf\[39mnode_modules\[4m
react-dom[24m\cjs\react-dom.development.js:20103:13[90m)[39
m
    at beginWork [90m(C:\Users\damat\_REPOS\Astral Turf\[39m
node_modules\[4mreact-dom[24m\cjs\react-dom.development.js:2
1626:16[90m)[39m
    at HTMLUnknownElement.callCallback 
[90m(C:\Users\damat\_REPOS\Astral Turf\[39mnode_modules\[4m
react-dom[24m\cjs\react-dom.development.js:4164:14[90m)[39m
    at HTMLUnknownElement.callTheUserObjectsOperation 
[90m(C:\Users\damat\_REPOS\Astral Turf\[39mnode_modules\[4m
jsdom[24m\lib\jsdom\living\generated\EventListener.js:26:30[
90m)[39m
    at innerInvokeEventListeners 
[90m(C:\Users\damat\_REPOS\Astral Turf\[39mnode_modules\[4m
jsdom[24m\lib\jsdom\living\events\EventTarget-impl.js:350:25
[90m)[39m
    at invokeEventListeners 
[90m(C:\Users\damat\_REPOS\Astral Turf\[39mnode_modules\[4m
jsdom[24m\lib\jsdom\living\events\EventTarget-impl.js:286:3[
90m)[39m
    at HTMLUnknownElementImpl._dispatch 
[90m(C:\Users\damat\_REPOS\Astral Turf\[39mnode_modules\[4m
jsdom[24m\lib\jsdom\living\events\EventTarget-impl.js:233:9[
90m)[39m
    at HTMLUnknownElementImpl.dispatchEvent 
[90m(C:\Users\damat\_REPOS\Astral Turf\[39mnode_modules\[4m
jsdom[24m\lib\jsdom\living\events\EventTarget-impl.js:104:17
[90m)[39m
Error: Uncaught [Error: Temporary error]
    at reportException (C:\Users\damat\_REPOS\Astral Turf\node
_modules\jsdom\lib\jsdom\living\helpers\runtime-script-errors.
js:66:24)
    at innerInvokeEventListeners 
(C:\Users\damat\_REPOS\Astral Turf\node_modules\jsdom\lib\jsdo
m\living\events\EventTarget-impl.js:353:9)
    at invokeEventListeners (C:\Users\damat\_REPOS\Astral Turf
\node_modules\jsdom\lib\jsdom\living\events\EventTarget-impl.j
s:286:3)
    at HTMLUnknownElementImpl._dispatch 
(C:\Users\damat\_REPOS\Astral Turf\node_modules\jsdom\lib\jsdo
m\living\events\EventTarget-impl.js:233:9)
    at HTMLUnknownElementImpl.dispatchEvent 
(C:\Users\damat\_REPOS\Astral Turf\node_modules\jsdom\lib\jsdo
m\living\events\EventTarget-impl.js:104:17)
    at HTMLUnknownElement.dispatchEvent 
(C:\Users\damat\_REPOS\Astral Turf\node_modules\jsdom\lib\jsdo
m\living\generated\EventTarget.js:241:34)
    at Object.invokeGuardedCallbackDev 
(C:\Users\damat\_REPOS\Astral Turf\node_modules\react-dom\cjs\
react-dom.development.js:4213:16)
    at invokeGuardedCallback (C:\Users\damat\_REPOS\Astral Tur
f\node_modules\react-dom\cjs\react-dom.development.js:4277:31)
    at beginWork$1 (C:\Users\damat\_REPOS\Astral Turf\node_mod
ules\react-dom\cjs\react-dom.development.js:27490:7)
    at performUnitOfWork (C:\Users\damat\_REPOS\Astral Turf\no
de_modules\react-dom\cjs\react-dom.development.js:26599:12) 
Error: Temporary error
    at UnstableComponent [90m(C:\Users\damat\_REPOS\Astral Tu
rf\[39msrc\__tests__\integration\TacticalBoardComprehensive.t
est.tsx:437:17[90m)[39m
    at renderWithHooks [90m(C:\Users\damat\_REPOS\Astral Turf
\[39mnode_modules\[4mreact-dom[24m\cjs\react-dom.developmen
t.js:15486:18[90m)[39m
    at mountIndeterminateComponent 
[90m(C:\Users\damat\_REPOS\Astral Turf\[39mnode_modules\[4m
react-dom[24m\cjs\react-dom.development.js:20103:13[90m)[39
m
    at beginWork [90m(C:\Users\damat\_REPOS\Astral Turf\[39m
node_modules\[4mreact-dom[24m\cjs\react-dom.development.js:2
1626:16[90m)[39m
    at HTMLUnknownElement.callCallback 
[90m(C:\Users\damat\_REPOS\Astral Turf\[39mnode_modules\[4m
react-dom[24m\cjs\react-dom.development.js:4164:14[90m)[39m
    at HTMLUnknownElement.callTheUserObjectsOperation 
[90m(C:\Users\damat\_REPOS\Astral Turf\[39mnode_modules\[4m
jsdom[24m\lib\jsdom\living\generated\EventListener.js:26:30[
90m)[39m
    at innerInvokeEventListeners 
[90m(C:\Users\damat\_REPOS\Astral Turf\[39mnode_modules\[4m
jsdom[24m\lib\jsdom\living\events\EventTarget-impl.js:350:25
[90m)[39m
    at invokeEventListeners 
[90m(C:\Users\damat\_REPOS\Astral Turf\[39mnode_modules\[4m
jsdom[24m\lib\jsdom\living\events\EventTarget-impl.js:286:3[
90m)[39m
    at HTMLUnknownElementImpl._dispatch 
[90m(C:\Users\damat\_REPOS\Astral Turf\[39mnode_modules\[4m
jsdom[24m\lib\jsdom\living\events\EventTarget-impl.js:233:9[
90m)[39m
    at HTMLUnknownElementImpl.dispatchEvent 
[90m(C:\Users\damat\_REPOS\Astral Turf\[39mnode_modules\[4m
jsdom[24m\lib\jsdom\living\events\EventTarget-impl.js:104:17
[90m)[39m

 [31m├ù[39m src/__tests__/integration/TacticalBoardComprehensive.test.tsx[2m > [22mZENITH Tactical Board Comprehensive Tests[2m > [22m4. DRAWING CANVAS OPERATIONS - STRESS TESTS[2m > [22mshould handle rapid drawing operations without errors[32m 192[2mms[22m[39m[35m 69 MB heap used[39m
[31m   ΓåÆ expected "spy" to be called at least once[39m
[31m   ΓåÆ expected "spy" to be called at least once[39m
[31m   ΓåÆ expected "spy" to be called at least once[39m
 [32mΓ£ô[39m src/__tests__/integration/TacticalBoardComprehensive.test.tsx[2m > [22mZENITH Tactical Board Comprehensive Tests[2m > [22m4. DRAWING CANVAS OPERATIONS - STRESS TESTS[2m > [22mshould handle drawing with invalid coordinates[32m 4[2mms[22m[39m[35m 70 MB heap used[39m
 [32mΓ£ô[39m src/__tests__/integration/TacticalBoardComprehensive.test.tsx[2m > [22mZENITH Tactical Board Comprehensive Tests[2m > [22m5. ERROR BOUNDARY PROTECTION[2m > [22mshould catch and handle component errors gracefully[32m 13[2mms[22m[39m[35m 62 MB heap used[39m
[90mstderr[2m | src/__tests__/integration/TacticalBoardCompr
ehensive.test.tsx[2m > [22m[2mZENITH Tactical Board 
Comprehensive Tests[2m > [22m[2m5. ERROR BOUNDARY 
PROTECTION[2m > [22m[2mshould provide retry mechanism for 
failed operations
[22m[39mError: Uncaught [Error: Temporary error]
    at reportException (C:\Users\damat\_REPOS\Astral Turf\node
_modules\jsdom\lib\jsdom\living\helpers\runtime-script-errors.
js:66:24)
    at innerInvokeEventListeners 
(C:\Users\damat\_REPOS\Astral Turf\node_modules\jsdom\lib\jsdo
m\living\events\EventTarget-impl.js:353:9)
    at invokeEventListeners (C:\Users\damat\_REPOS\Astral Turf
\node_modules\jsdom\lib\jsdom\living\events\EventTarget-impl.j
s:286:3)
    at HTMLUnknownElementImpl._dispatch 
(C:\Users\damat\_REPOS\Astral Turf\node_modules\jsdom\lib\jsdo
m\living\events\EventTarget-impl.js:233:9)
    at HTMLUnknownElementImpl.dispatchEvent 
(C:\Users\damat\_REPOS\Astral Turf\node_modules\jsdom\lib\jsdo
m\living\events\EventTarget-impl.js:104:17)
    at HTMLUnknownElement.dispatchEvent 
(C:\Users\damat\_REPOS\Astral Turf\node_modules\jsdom\lib\jsdo
m\living\generated\EventTarget.js:241:34)
    at Object.invokeGuardedCallbackDev 
(C:\Users\damat\_REPOS\Astral Turf\node_modules\react-dom\cjs\
react-dom.development.js:4213:16)
    at invokeGuardedCallback (C:\Users\damat\_REPOS\Astral Tur
f\node_modules\react-dom\cjs\react-dom.development.js:4277:31)
    at beginWork$1 (C:\Users\damat\_REPOS\Astral Turf\node_mod
ules\react-dom\cjs\react-dom.development.js:27490:7)
    at performUnitOfWork (C:\Users\damat\_REPOS\Astral Turf\no
de_modules\react-dom\cjs\react-dom.development.js:26599:12) 
Error: Temporary error
    at UnstableComponent [90m(C:\Users\damat\_REPOS\Astral Tu
rf\[39msrc\__tests__\integration\TacticalBoardComprehensive.t
est.tsx:437:17[90m)[39m
    at renderWithHooks [90m(C:\Users\damat\_REPOS\Astral Turf
\[39mnode_modules\[4mreact-dom[24m\cjs\react-dom.developmen
t.js:15486:18[90m)[39m
    at mountIndeterminateComponent 
[90m(C:\Users\damat\_REPOS\Astral Turf\[39mnode_modules\[4m
react-dom[24m\cjs\react-dom.development.js:20103:13[90m)[39
m
    at beginWork [90m(C:\Users\damat\_REPOS\Astral Turf\[39m
node_modules\[4mreact-dom[24m\cjs\react-dom.development.js:2
1626:16[90m)[39m
    at HTMLUnknownElement.callCallback 
[90m(C:\Users\damat\_REPOS\Astral Turf\[39mnode_modules\[4m
react-dom[24m\cjs\react-dom.development.js:4164:14[90m)[39m
    at HTMLUnknownElement.callTheUserObjectsOperation 
[90m(C:\Users\damat\_REPOS\Astral Turf\[39mnode_modules\[4m
jsdom[24m\lib\jsdom\living\generated\EventListener.js:26:30[
90m)[39m
    at innerInvokeEventListeners 
[90m(C:\Users\damat\_REPOS\Astral Turf\[39mnode_modules\[4m
jsdom[24m\lib\jsdom\living\events\EventTarget-impl.js:350:25
[90m)[39m
    at invokeEventListeners 
[90m(C:\Users\damat\_REPOS\Astral Turf\[39mnode_modules\[4m
jsdom[24m\lib\jsdom\living\events\EventTarget-impl.js:286:3[
90m)[39m
    at HTMLUnknownElementImpl._dispatch 
[90m(C:\Users\damat\_REPOS\Astral Turf\[39mnode_modules\[4m
jsdom[24m\lib\jsdom\living\events\EventTarget-impl.js:233:9[
90m)[39m
    at HTMLUnknownElementImpl.dispatchEvent 
[90m(C:\Users\damat\_REPOS\Astral Turf\[39mnode_modules\[4m
jsdom[24m\lib\jsdom\living\events\EventTarget-impl.js:104:17
[90m)[39m
Error: Uncaught [Error: Temporary error]
    at reportException (C:\Users\damat\_REPOS\Astral Turf\node
_modules\jsdom\lib\jsdom\living\helpers\runtime-script-errors.
js:66:24)
    at innerInvokeEventListeners 
(C:\Users\damat\_REPOS\Astral Turf\node_modules\jsdom\lib\jsdo
m\living\events\EventTarget-impl.js:353:9)
    at invokeEventListeners (C:\Users\damat\_REPOS\Astral Turf
\node_modules\jsdom\lib\jsdom\living\events\EventTarget-impl.j
s:286:3)
    at HTMLUnknownElementImpl._dispatch 
(C:\Users\damat\_REPOS\Astral Turf\node_modules\jsdom\lib\jsdo
m\living\events\EventTarget-impl.js:233:9)
    at HTMLUnknownElementImpl.dispatchEvent 
(C:\Users\damat\_REPOS\Astral Turf\node_modules\jsdom\lib\jsdo
m\living\events\EventTarget-impl.js:104:17)
    at HTMLUnknownElement.dispatchEvent 
(C:\Users\damat\_REPOS\Astral Turf\node_modules\jsdom\lib\jsdo
m\living\generated\EventTarget.js:241:34)
    at Object.invokeGuardedCallbackDev 
(C:\Users\damat\_REPOS\Astral Turf\node_modules\react-dom\cjs\
react-dom.development.js:4213:16)
    at invokeGuardedCallback (C:\Users\damat\_REPOS\Astral Tur
f\node_modules\react-dom\cjs\react-dom.development.js:4277:31)
    at beginWork$1 (C:\Users\damat\_REPOS\Astral Turf\node_mod
ules\react-dom\cjs\react-dom.development.js:27490:7)
    at performUnitOfWork (C:\Users\damat\_REPOS\Astral Turf\no
de_modules\react-dom\cjs\react-dom.development.js:26599:12) 
Error: Temporary error
    at UnstableComponent [90m(C:\Users\damat\_REPOS\Astral Tu
rf\[39msrc\__tests__\integration\TacticalBoardComprehensive.t
est.tsx:437:17[90m)[39m
    at renderWithHooks [90m(C:\Users\damat\_REPOS\Astral Turf
\[39mnode_modules\[4mreact-dom[24m\cjs\react-dom.developmen
t.js:15486:18[90m)[39m
    at mountIndeterminateComponent 
[90m(C:\Users\damat\_REPOS\Astral Turf\[39mnode_modules\[4m
react-dom[24m\cjs\react-dom.development.js:20103:13[90m)[39
m
    at beginWork [90m(C:\Users\damat\_REPOS\Astral Turf\[39m
node_modules\[4mreact-dom[24m\cjs\react-dom.development.js:2
1626:16[90m)[39m
    at HTMLUnknownElement.callCallback 
[90m(C:\Users\damat\_REPOS\Astral Turf\[39mnode_modules\[4m
react-dom[24m\cjs\react-dom.development.js:4164:14[90m)[39m
    at HTMLUnknownElement.callTheUserObjectsOperation 
[90m(C:\Users\damat\_REPOS\Astral Turf\[39mnode_modules\[4m
jsdom[24m\lib\jsdom\living\generated\EventListener.js:26:30[
90m)[39m
    at innerInvokeEventListeners 
[90m(C:\Users\damat\_REPOS\Astral Turf\[39mnode_modules\[4m
jsdom[24m\lib\jsdom\living\events\EventTarget-impl.js:350:25
[90m)[39m
    at invokeEventListeners 
[90m(C:\Users\damat\_REPOS\Astral Turf\[39mnode_modules\[4m
jsdom[24m\lib\jsdom\living\events\EventTarget-impl.js:286:3[
90m)[39m
    at HTMLUnknownElementImpl._dispatch 
[90m(C:\Users\damat\_REPOS\Astral Turf\[39mnode_modules\[4m
jsdom[24m\lib\jsdom\living\events\EventTarget-impl.js:233:9[
90m)[39m
    at HTMLUnknownElementImpl.dispatchEvent 
[90m(C:\Users\damat\_REPOS\Astral Turf\[39mnode_modules\[4m
jsdom[24m\lib\jsdom\living\events\EventTarget-impl.js:104:17
[90m)[39m

[90mstderr[2m | src/__tests__/integration/TacticalBoardCompr
ehensive.test.tsx[2m > [22m[2mZENITH Tactical Board 
Comprehensive Tests[2m > [22m[2m5. ERROR BOUNDARY 
PROTECTION[2m > [22m[2mshould provide retry mechanism for 
failed operations
[22m[39mError: Uncaught [Error: Temporary error]
    at reportException (C:\Users\damat\_REPOS\Astral Turf\node
_modules\jsdom\lib\jsdom\living\helpers\runtime-script-errors.
js:66:24)
    at innerInvokeEventListeners 
(C:\Users\damat\_REPOS\Astral Turf\node_modules\jsdom\lib\jsdo
m\living\events\EventTarget-impl.js:353:9)
    at invokeEventListeners (C:\Users\damat\_REPOS\Astral Turf
\node_modules\jsdom\lib\jsdom\living\events\EventTarget-impl.j
s:286:3)
    at HTMLUnknownElementImpl._dispatch 
(C:\Users\damat\_REPOS\Astral Turf\node_modules\jsdom\lib\jsdo
m\living\events\EventTarget-impl.js:233:9)
    at HTMLUnknownElementImpl.dispatchEvent 
(C:\Users\damat\_REPOS\Astral Turf\node_modules\jsdom\lib\jsdo
m\living\events\EventTarget-impl.js:104:17)
    at HTMLUnknownElement.dispatchEvent 
(C:\Users\damat\_REPOS\Astral Turf\node_modules\jsdom\lib\jsdo
m\living\generated\EventTarget.js:241:34)
    at Object.invokeGuardedCallbackDev 
(C:\Users\damat\_REPOS\Astral Turf\node_modules\react-dom\cjs\
react-dom.development.js:4213:16)
    at invokeGuardedCallback (C:\Users\damat\_REPOS\Astral Tur
f\node_modules\react-dom\cjs\react-dom.development.js:4277:31)
    at beginWork$1 (C:\Users\damat\_REPOS\Astral Turf\node_mod
ules\react-dom\cjs\react-dom.development.js:27490:7)
    at performUnitOfWork (C:\Users\damat\_REPOS\Astral Turf\no
de_modules\react-dom\cjs\react-dom.development.js:26599:12) 
Error: Temporary error
    at UnstableComponent [90m(C:\Users\damat\_REPOS\Astral Tu
rf\[39msrc\__tests__\integration\TacticalBoardComprehensive.t
est.tsx:437:17[90m)[39m
    at renderWithHooks [90m(C:\Users\damat\_REPOS\Astral Turf
\[39mnode_modules\[4mreact-dom[24m\cjs\react-dom.developmen
t.js:15486:18[90m)[39m
    at mountIndeterminateComponent 
[90m(C:\Users\damat\_REPOS\Astral Turf\[39mnode_modules\[4m
react-dom[24m\cjs\react-dom.development.js:20103:13[90m)[39
m
    at beginWork [90m(C:\Users\damat\_REPOS\Astral Turf\[39m
node_modules\[4mreact-dom[24m\cjs\react-dom.development.js:2
1626:16[90m)[39m
    at HTMLUnknownElement.callCallback 
[90m(C:\Users\damat\_REPOS\Astral Turf\[39mnode_modules\[4m
react-dom[24m\cjs\react-dom.development.js:4164:14[90m)[39m
    at HTMLUnknownElement.callTheUserObjectsOperation 
[90m(C:\Users\damat\_REPOS\Astral Turf\[39mnode_modules\[4m
jsdom[24m\lib\jsdom\living\generated\EventListener.js:26:30[
90m)[39m
    at innerInvokeEventListeners 
[90m(C:\Users\damat\_REPOS\Astral Turf\[39mnode_modules\[4m
jsdom[24m\lib\jsdom\living\events\EventTarget-impl.js:350:25
[90m)[39m
    at invokeEventListeners 
[90m(C:\Users\damat\_REPOS\Astral Turf\[39mnode_modules\[4m
jsdom[24m\lib\jsdom\living\events\EventTarget-impl.js:286:3[
90m)[39m
    at HTMLUnknownElementImpl._dispatch 
[90m(C:\Users\damat\_REPOS\Astral Turf\[39mnode_modules\[4m
jsdom[24m\lib\jsdom\living\events\EventTarget-impl.js:233:9[
90m)[39m
    at HTMLUnknownElementImpl.dispatchEvent 
[90m(C:\Users\damat\_REPOS\Astral Turf\[39mnode_modules\[4m
jsdom[24m\lib\jsdom\living\events\EventTarget-impl.js:104:17
[90m)[39m
Error: Uncaught [Error: Temporary error]
    at reportException (C:\Users\damat\_REPOS\Astral Turf\node
_modules\jsdom\lib\jsdom\living\helpers\runtime-script-errors.
js:66:24)
    at innerInvokeEventListeners 
(C:\Users\damat\_REPOS\Astral Turf\node_modules\jsdom\lib\jsdo
m\living\events\EventTarget-impl.js:353:9)
    at invokeEventListeners (C:\Users\damat\_REPOS\Astral Turf
\node_modules\jsdom\lib\jsdom\living\events\EventTarget-impl.j
s:286:3)
    at HTMLUnknownElementImpl._dispatch 
(C:\Users\damat\_REPOS\Astral Turf\node_modules\jsdom\lib\jsdo
m\living\events\EventTarget-impl.js:233:9)
    at HTMLUnknownElementImpl.dispatchEvent 
(C:\Users\damat\_REPOS\Astral Turf\node_modules\jsdom\lib\jsdo
m\living\events\EventTarget-impl.js:104:17)
    at HTMLUnknownElement.dispatchEvent 
(C:\Users\damat\_REPOS\Astral Turf\node_modules\jsdom\lib\jsdo
m\living\generated\EventTarget.js:241:34)
    at Object.invokeGuardedCallbackDev 
(C:\Users\damat\_REPOS\Astral Turf\node_modules\react-dom\cjs\
react-dom.development.js:4213:16)
    at invokeGuardedCallback (C:\Users\damat\_REPOS\Astral Tur
f\node_modules\react-dom\cjs\react-dom.development.js:4277:31)
    at beginWork$1 (C:\Users\damat\_REPOS\Astral Turf\node_mod
ules\react-dom\cjs\react-dom.development.js:27490:7)
    at performUnitOfWork (C:\Users\damat\_REPOS\Astral Turf\no
de_modules\react-dom\cjs\react-dom.development.js:26599:12) 
Error: Temporary error
    at UnstableComponent [90m(C:\Users\damat\_REPOS\Astral Tu
rf\[39msrc\__tests__\integration\TacticalBoardComprehensive.t
est.tsx:437:17[90m)[39m
    at renderWithHooks [90m(C:\Users\damat\_REPOS\Astral Turf
\[39mnode_modules\[4mreact-dom[24m\cjs\react-dom.developmen
t.js:15486:18[90m)[39m
    at mountIndeterminateComponent 
[90m(C:\Users\damat\_REPOS\Astral Turf\[39mnode_modules\[4m
react-dom[24m\cjs\react-dom.development.js:20103:13[90m)[39
m
    at beginWork [90m(C:\Users\damat\_REPOS\Astral Turf\[39m
node_modules\[4mreact-dom[24m\cjs\react-dom.development.js:2
1626:16[90m)[39m
    at HTMLUnknownElement.callCallback 
[90m(C:\Users\damat\_REPOS\Astral Turf\[39mnode_modules\[4m
react-dom[24m\cjs\react-dom.development.js:4164:14[90m)[39m
    at HTMLUnknownElement.callTheUserObjectsOperation 
[90m(C:\Users\damat\_REPOS\Astral Turf\[39mnode_modules\[4m
jsdom[24m\lib\jsdom\living\generated\EventListener.js:26:30[
90m)[39m
    at innerInvokeEventListeners 
[90m(C:\Users\damat\_REPOS\Astral Turf\[39mnode_modules\[4m
jsdom[24m\lib\jsdom\living\events\EventTarget-impl.js:350:25
[90m)[39m
    at invokeEventListeners 
[90m(C:\Users\damat\_REPOS\Astral Turf\[39mnode_modules\[4m
jsdom[24m\lib\jsdom\living\events\EventTarget-impl.js:286:3[
90m)[39m
    at HTMLUnknownElementImpl._dispatch 
[90m(C:\Users\damat\_REPOS\Astral Turf\[39mnode_modules\[4m
jsdom[24m\lib\jsdom\living\events\EventTarget-impl.js:233:9[
90m)[39m
    at HTMLUnknownElementImpl.dispatchEvent 
[90m(C:\Users\damat\_REPOS\Astral Turf\[39mnode_modules\[4m
jsdom[24m\lib\jsdom\living\events\EventTarget-impl.js:104:17
[90m)[39m

[90mstdout[2m | src/__tests__/integration/TacticalBoardComprehensive.test.tsx[2m > [22m[2mZENITH Tactical Board Comprehensive Tests[2m > [22m[2m5. ERROR BOUNDARY PROTECTION[2m > [22m[2mshould provide retry mechanism for failed operations
[22m[39m≡ƒ¢í∩╕Å Tactical Error Boundary: Retry Test

[90mstdout[2m | src/__tests__/integration/TacticalBoardComprehensive.test.tsx[2m > [22m[2mZENITH Tactical Board Comprehensive Tests[2m > [22m[2m5. ERROR BOUNDARY PROTECTION[2m > [22m[2mshould provide retry mechanism for failed operations
[22m[39m≡ƒ¢í∩╕Å Tactical Error Boundary: Retry Test

[90mstderr[2m | src/__tests__/integration/TacticalBoardCompr
ehensive.test.tsx[2m > [22m[2mZENITH Tactical Board 
Comprehensive Tests[2m > [22m[2m5. ERROR BOUNDARY 
PROTECTION[2m > [22m[2mshould provide retry mechanism for 
failed operations
[22m[39mError: Uncaught [Error: Temporary error]
    at reportException (C:\Users\damat\_REPOS\Astral Turf\node
_modules\jsdom\lib\jsdom\living\helpers\runtime-script-errors.
js:66:24)
    at innerInvokeEventListeners 
(C:\Users\damat\_REPOS\Astral Turf\node_modules\jsdom\lib\jsdo
m\living\events\EventTarget-impl.js:353:9)
    at invokeEventListeners (C:\Users\damat\_REPOS\Astral Turf
\node_modules\jsdom\lib\jsdom\living\events\EventTarget-impl.j
s:286:3)
    at HTMLUnknownElementImpl._dispatch 
(C:\Users\damat\_REPOS\Astral Turf\node_modules\jsdom\lib\jsdo
m\living\events\EventTarget-impl.js:233:9)
    at HTMLUnknownElementImpl.dispatchEvent 
(C:\Users\damat\_REPOS\Astral Turf\node_modules\jsdom\lib\jsdo
m\living\events\EventTarget-impl.js:104:17)
    at HTMLUnknownElement.dispatchEvent 
(C:\Users\damat\_REPOS\Astral Turf\node_modules\jsdom\lib\jsdo
m\living\generated\EventTarget.js:241:34)
    at Object.invokeGuardedCallbackDev 
(C:\Users\damat\_REPOS\Astral Turf\node_modules\react-dom\cjs\
react-dom.development.js:4213:16)
    at invokeGuardedCallback (C:\Users\damat\_REPOS\Astral Tur
f\node_modules\react-dom\cjs\react-dom.development.js:4277:31)
    at beginWork$1 (C:\Users\damat\_REPOS\Astral Turf\node_mod
ules\react-dom\cjs\react-dom.development.js:27490:7)
    at performUnitOfWork (C:\Users\damat\_REPOS\Astral Turf\no
de_modules\react-dom\cjs\react-dom.development.js:26599:12) 
Error: Temporary error
    at UnstableComponent [90m(C:\Users\damat\_REPOS\Astral Tu
rf\[39msrc\__tests__\integration\TacticalBoardComprehensive.t
est.tsx:437:17[90m)[39m
    at renderWithHooks [90m(C:\Users\damat\_REPOS\Astral Turf
\[39mnode_modules\[4mreact-dom[24m\cjs\react-dom.developmen
t.js:15486:18[90m)[39m
    at mountIndeterminateComponent 
[90m(C:\Users\damat\_REPOS\Astral Turf\[39mnode_modules\[4m
react-dom[24m\cjs\react-dom.development.js:20103:13[90m)[39
m
    at beginWork [90m(C:\Users\damat\_REPOS\Astral Turf\[39m
node_modules\[4mreact-dom[24m\cjs\react-dom.development.js:2
1626:16[90m)[39m
    at HTMLUnknownElement.callCallback 
[90m(C:\Users\damat\_REPOS\Astral Turf\[39mnode_modules\[4m
react-dom[24m\cjs\react-dom.development.js:4164:14[90m)[39m
    at HTMLUnknownElement.callTheUserObjectsOperation 
[90m(C:\Users\damat\_REPOS\Astral Turf\[39mnode_modules\[4m
jsdom[24m\lib\jsdom\living\generated\EventListener.js:26:30[
90m)[39m
    at innerInvokeEventListeners 
[90m(C:\Users\damat\_REPOS\Astral Turf\[39mnode_modules\[4m
jsdom[24m\lib\jsdom\living\events\EventTarget-impl.js:350:25
[90m)[39m
    at invokeEventListeners 
[90m(C:\Users\damat\_REPOS\Astral Turf\[39mnode_modules\[4m
jsdom[24m\lib\jsdom\living\events\EventTarget-impl.js:286:3[
90m)[39m
    at HTMLUnknownElementImpl._dispatch 
[90m(C:\Users\damat\_REPOS\Astral Turf\[39mnode_modules\[4m
jsdom[24m\lib\jsdom\living\events\EventTarget-impl.js:233:9[
90m)[39m
    at HTMLUnknownElementImpl.dispatchEvent 
[90m(C:\Users\damat\_REPOS\Astral Turf\[39mnode_modules\[4m
jsdom[24m\lib\jsdom\living\events\EventTarget-impl.js:104:17
[90m)[39m
Error: Uncaught [Error: Temporary error]
    at reportException (C:\Users\damat\_REPOS\Astral Turf\node
_modules\jsdom\lib\jsdom\living\helpers\runtime-script-errors.
js:66:24)
    at innerInvokeEventListeners 
(C:\Users\damat\_REPOS\Astral Turf\node_modules\jsdom\lib\jsdo
m\living\events\EventTarget-impl.js:353:9)
    at invokeEventListeners (C:\Users\damat\_REPOS\Astral Turf
\node_modules\jsdom\lib\jsdom\living\events\EventTarget-impl.j
s:286:3)
    at HTMLUnknownElementImpl._dispatch 
(C:\Users\damat\_REPOS\Astral Turf\node_modules\jsdom\lib\jsdo
m\living\events\EventTarget-impl.js:233:9)
    at HTMLUnknownElementImpl.dispatchEvent 
(C:\Users\damat\_REPOS\Astral Turf\node_modules\jsdom\lib\jsdo
m\living\events\EventTarget-impl.js:104:17)
    at HTMLUnknownElement.dispatchEvent 
(C:\Users\damat\_REPOS\Astral Turf\node_modules\jsdom\lib\jsdo
m\living\generated\EventTarget.js:241:34)
    at Object.invokeGuardedCallbackDev 
(C:\Users\damat\_REPOS\Astral Turf\node_modules\react-dom\cjs\
react-dom.development.js:4213:16)
    at invokeGuardedCallback (C:\Users\damat\_REPOS\Astral Tur
f\node_modules\react-dom\cjs\react-dom.development.js:4277:31)
    at beginWork$1 (C:\Users\damat\_REPOS\Astral Turf\node_mod
ules\react-dom\cjs\react-dom.development.js:27490:7)
    at performUnitOfWork (C:\Users\damat\_REPOS\Astral Turf\no
de_modules\react-dom\cjs\react-dom.development.js:26599:12) 
Error: Temporary error
    at UnstableComponent [90m(C:\Users\damat\_REPOS\Astral Tu
rf\[39msrc\__tests__\integration\TacticalBoardComprehensive.t
est.tsx:437:17[90m)[39m
    at renderWithHooks [90m(C:\Users\damat\_REPOS\Astral Turf
\[39mnode_modules\[4mreact-dom[24m\cjs\react-dom.developmen
t.js:15486:18[90m)[39m
    at mountIndeterminateComponent 
[90m(C:\Users\damat\_REPOS\Astral Turf\[39mnode_modules\[4m
react-dom[24m\cjs\react-dom.development.js:20103:13[90m)[39
m
    at beginWork [90m(C:\Users\damat\_REPOS\Astral Turf\[39m
node_modules\[4mreact-dom[24m\cjs\react-dom.development.js:2
1626:16[90m)[39m
    at HTMLUnknownElement.callCallback 
[90m(C:\Users\damat\_REPOS\Astral Turf\[39mnode_modules\[4m
react-dom[24m\cjs\react-dom.development.js:4164:14[90m)[39m
    at HTMLUnknownElement.callTheUserObjectsOperation 
[90m(C:\Users\damat\_REPOS\Astral Turf\[39mnode_modules\[4m
jsdom[24m\lib\jsdom\living\generated\EventListener.js:26:30[
90m)[39m
    at innerInvokeEventListeners 
[90m(C:\Users\damat\_REPOS\Astral Turf\[39mnode_modules\[4m
jsdom[24m\lib\jsdom\living\events\EventTarget-impl.js:350:25
[90m)[39m
    at invokeEventListeners 
[90m(C:\Users\damat\_REPOS\Astral Turf\[39mnode_modules\[4m
jsdom[24m\lib\jsdom\living\events\EventTarget-impl.js:286:3[
90m)[39m
    at HTMLUnknownElementImpl._dispatch 
[90m(C:\Users\damat\_REPOS\Astral Turf\[39mnode_modules\[4m
jsdom[24m\lib\jsdom\living\events\EventTarget-impl.js:233:9[
90m)[39m
    at HTMLUnknownElementImpl.dispatchEvent 
[90m(C:\Users\damat\_REPOS\Astral Turf\[39mnode_modules\[4m
jsdom[24m\lib\jsdom\living\events\EventTarget-impl.js:104:17
[90m)[39m

[90mstderr[2m | src/__tests__/integration/TacticalBoardCompr
ehensive.test.tsx[2m > [22m[2mZENITH Tactical Board 
Comprehensive Tests[2m > [22m[2m5. ERROR BOUNDARY 
PROTECTION[2m > [22m[2mshould provide retry mechanism for 
failed operations
[22m[39mError: Uncaught [Error: Temporary error]
    at reportException (C:\Users\damat\_REPOS\Astral Turf\node
_modules\jsdom\lib\jsdom\living\helpers\runtime-script-errors.
js:66:24)
    at innerInvokeEventListeners 
(C:\Users\damat\_REPOS\Astral Turf\node_modules\jsdom\lib\jsdo
m\living\events\EventTarget-impl.js:353:9)
    at invokeEventListeners (C:\Users\damat\_REPOS\Astral Turf
\node_modules\jsdom\lib\jsdom\living\events\EventTarget-impl.j
s:286:3)
    at HTMLUnknownElementImpl._dispatch 
(C:\Users\damat\_REPOS\Astral Turf\node_modules\jsdom\lib\jsdo
m\living\events\EventTarget-impl.js:233:9)
    at HTMLUnknownElementImpl.dispatchEvent 
(C:\Users\damat\_REPOS\Astral Turf\node_modules\jsdom\lib\jsdo
m\living\events\EventTarget-impl.js:104:17)
    at HTMLUnknownElement.dispatchEvent 
(C:\Users\damat\_REPOS\Astral Turf\node_modules\jsdom\lib\jsdo
m\living\generated\EventTarget.js:241:34)
    at Object.invokeGuardedCallbackDev 
(C:\Users\damat\_REPOS\Astral Turf\node_modules\react-dom\cjs\
react-dom.development.js:4213:16)
    at invokeGuardedCallback (C:\Users\damat\_REPOS\Astral Tur
f\node_modules\react-dom\cjs\react-dom.development.js:4277:31)
    at beginWork$1 (C:\Users\damat\_REPOS\Astral Turf\node_mod
ules\react-dom\cjs\react-dom.development.js:27490:7)
    at performUnitOfWork (C:\Users\damat\_REPOS\Astral Turf\no
de_modules\react-dom\cjs\react-dom.development.js:26599:12) 
Error: Temporary error
    at UnstableComponent [90m(C:\Users\damat\_REPOS\Astral Tu
rf\[39msrc\__tests__\integration\TacticalBoardComprehensive.t
est.tsx:437:17[90m)[39m
    at renderWithHooks [90m(C:\Users\damat\_REPOS\Astral Turf
\[39mnode_modules\[4mreact-dom[24m\cjs\react-dom.developmen
t.js:15486:18[90m)[39m
    at mountIndeterminateComponent 
[90m(C:\Users\damat\_REPOS\Astral Turf\[39mnode_modules\[4m
react-dom[24m\cjs\react-dom.development.js:20103:13[90m)[39
m
    at beginWork [90m(C:\Users\damat\_REPOS\Astral Turf\[39m
node_modules\[4mreact-dom[24m\cjs\react-dom.development.js:2
1626:16[90m)[39m
    at HTMLUnknownElement.callCallback 
[90m(C:\Users\damat\_REPOS\Astral Turf\[39mnode_modules\[4m
react-dom[24m\cjs\react-dom.development.js:4164:14[90m)[39m
    at HTMLUnknownElement.callTheUserObjectsOperation 
[90m(C:\Users\damat\_REPOS\Astral Turf\[39mnode_modules\[4m
jsdom[24m\lib\jsdom\living\generated\EventListener.js:26:30[
90m)[39m
    at innerInvokeEventListeners 
[90m(C:\Users\damat\_REPOS\Astral Turf\[39mnode_modules\[4m
jsdom[24m\lib\jsdom\living\events\EventTarget-impl.js:350:25
[90m)[39m
    at invokeEventListeners 
[90m(C:\Users\damat\_REPOS\Astral Turf\[39mnode_modules\[4m
jsdom[24m\lib\jsdom\living\events\EventTarget-impl.js:286:3[
90m)[39m
    at HTMLUnknownElementImpl._dispatch 
[90m(C:\Users\damat\_REPOS\Astral Turf\[39mnode_modules\[4m
jsdom[24m\lib\jsdom\living\events\EventTarget-impl.js:233:9[
90m)[39m
    at HTMLUnknownElementImpl.dispatchEvent 
[90m(C:\Users\damat\_REPOS\Astral Turf\[39mnode_modules\[4m
jsdom[24m\lib\jsdom\living\events\EventTarget-impl.js:104:17
[90m)[39m
Error: Uncaught [Error: Temporary error]
    at reportException (C:\Users\damat\_REPOS\Astral Turf\node
_modules\jsdom\lib\jsdom\living\helpers\runtime-script-errors.
js:66:24)
    at innerInvokeEventListeners 
(C:\Users\damat\_REPOS\Astral Turf\node_modules\jsdom\lib\jsdo
m\living\events\EventTarget-impl.js:353:9)
    at invokeEventListeners (C:\Users\damat\_REPOS\Astral Turf
\node_modules\jsdom\lib\jsdom\living\events\EventTarget-impl.j
s:286:3)
    at HTMLUnknownElementImpl._dispatch 
(C:\Users\damat\_REPOS\Astral Turf\node_modules\jsdom\lib\jsdo
m\living\events\EventTarget-impl.js:233:9)
    at HTMLUnknownElementImpl.dispatchEvent 
(C:\Users\damat\_REPOS\Astral Turf\node_modules\jsdom\lib\jsdo
m\living\events\EventTarget-impl.js:104:17)
    at HTMLUnknownElement.dispatchEvent 
(C:\Users\damat\_REPOS\Astral Turf\node_modules\jsdom\lib\jsdo
m\living\generated\EventTarget.js:241:34)
    at Object.invokeGuardedCallbackDev 
(C:\Users\damat\_REPOS\Astral Turf\node_modules\react-dom\cjs\
react-dom.development.js:4213:16)
    at invokeGuardedCallback (C:\Users\damat\_REPOS\Astral Tur
f\node_modules\react-dom\cjs\react-dom.development.js:4277:31)
    at beginWork$1 (C:\Users\damat\_REPOS\Astral Turf\node_mod
ules\react-dom\cjs\react-dom.development.js:27490:7)
    at performUnitOfWork (C:\Users\damat\_REPOS\Astral Turf\no
de_modules\react-dom\cjs\react-dom.development.js:26599:12) 
Error: Temporary error
    at UnstableComponent [90m(C:\Users\damat\_REPOS\Astral Tu
rf\[39msrc\__tests__\integration\TacticalBoardComprehensive.t
est.tsx:437:17[90m)[39m
    at renderWithHooks [90m(C:\Users\damat\_REPOS\Astral Turf
\[39mnode_modules\[4mreact-dom[24m\cjs\react-dom.developmen
t.js:15486:18[90m)[39m
    at mountIndeterminateComponent 
[90m(C:\Users\damat\_REPOS\Astral Turf\[39mnode_modules\[4m
react-dom[24m\cjs\react-dom.development.js:20103:13[90m)[39
m
    at beginWork [90m(C:\Users\damat\_REPOS\Astral Turf\[39m
node_modules\[4mreact-dom[24m\cjs\react-dom.development.js:2
1626:16[90m)[39m
    at HTMLUnknownElement.callCallback 
[90m(C:\Users\damat\_REPOS\Astral Turf\[39mnode_modules\[4m
react-dom[24m\cjs\react-dom.development.js:4164:14[90m)[39m
    at HTMLUnknownElement.callTheUserObjectsOperation 
[90m(C:\Users\damat\_REPOS\Astral Turf\[39mnode_modules\[4m
jsdom[24m\lib\jsdom\living\generated\EventListener.js:26:30[
90m)[39m
    at innerInvokeEventListeners 
[90m(C:\Users\damat\_REPOS\Astral Turf\[39mnode_modules\[4m
jsdom[24m\lib\jsdom\living\events\EventTarget-impl.js:350:25
[90m)[39m
    at invokeEventListeners 
[90m(C:\Users\damat\_REPOS\Astral Turf\[39mnode_modules\[4m
jsdom[24m\lib\jsdom\living\events\EventTarget-impl.js:286:3[
90m)[39m
    at HTMLUnknownElementImpl._dispatch 
[90m(C:\Users\damat\_REPOS\Astral Turf\[39mnode_modules\[4m
jsdom[24m\lib\jsdom\living\events\EventTarget-impl.js:233:9[
90m)[39m
    at HTMLUnknownElementImpl.dispatchEvent 
[90m(C:\Users\damat\_REPOS\Astral Turf\[39mnode_modules\[4m
jsdom[24m\lib\jsdom\living\events\EventTarget-impl.js:104:17
[90m)[39m

[90mstdout[2m | src/__tests__/integration/TacticalBoardComprehensive.test.tsx[2m > [22m[2mZENITH Tactical Board Comprehensive Tests[2m > [22m[2m5. ERROR BOUNDARY PROTECTION[2m > [22m[2mshould provide retry mechanism for failed operations
[22m[39m≡ƒ¢í∩╕Å Tactical Error Boundary: Retry Test

[90mstdout[2m | src/__tests__/integration/TacticalBoardComprehensive.test.tsx[2m > [22m[2mZENITH Tactical Board Comprehensive Tests[2m > [22m[2m5. ERROR BOUNDARY PROTECTION[2m > [22m[2mshould provide retry mechanism for failed operations
[22m[39m≡ƒ¢í∩╕Å Tactical Error Boundary: Retry Test

[90mstdout[2m | src/__tests__/integration/TacticalBoardComprehensive.test.tsx[2m > [22m[2mZENITH Tactical Board Comprehensive Tests[2m > [22m[2m5. ERROR BOUNDARY PROTECTION[2m > [22m[2mshould log error details for debugging
[22m[39m≡ƒ¢í∩╕Å Tactical Error Boundary: Logging Test

[90mstdout[2m | src/__tests__/integration/TacticalBoardComprehensive.test.tsx[2m > [22m[2mZENITH Tactical Board Comprehensive Tests[2m > [22m[2m5. ERROR BOUNDARY PROTECTION[2m > [22m[2mshould log error details for debugging
[22m[39m≡ƒ¢í∩╕Å Tactical Error Boundary: Logging Test

[90mstderr[2m | src/__tests__/integration/TacticalBoardCompr
ehensive.test.tsx[2m > [22m[2mZENITH Tactical Board 
Comprehensive Tests[2m > [22m[2m5. ERROR BOUNDARY 
PROTECTION[2m > [22m[2mshould log error details for 
debugging
[22m[39mError: Uncaught [Error: Detailed error for logging]
    at reportException (C:\Users\damat\_REPOS\Astral Turf\node
_modules\jsdom\lib\jsdom\living\helpers\runtime-script-errors.
js:66:24)
    at innerInvokeEventListeners 
(C:\Users\damat\_REPOS\Astral Turf\node_modules\jsdom\lib\jsdo
m\living\events\EventTarget-impl.js:353:9)
    at invokeEventListeners (C:\Users\damat\_REPOS\Astral Turf
\node_modules\jsdom\lib\jsdom\living\events\EventTarget-impl.j
s:286:3)
    at HTMLUnknownElementImpl._dispatch 
(C:\Users\damat\_REPOS\Astral Turf\node_modules\jsdom\lib\jsdo
m\living\events\EventTarget-impl.js:233:9)
    at HTMLUnknownElementImpl.dispatchEvent 
(C:\Users\damat\_REPOS\Astral Turf\node_modules\jsdom\lib\jsdo
m\living\events\EventTarget-impl.js:104:17)
    at HTMLUnknownElement.dispatchEvent 
(C:\Users\damat\_REPOS\Astral Turf\node_modules\jsdom\lib\jsdo
m\living\generated\EventTarget.js:241:34)
    at Object.invokeGuardedCallbackDev 
(C:\Users\damat\_REPOS\Astral Turf\node_modules\react-dom\cjs\
react-dom.development.js:4213:16)
    at invokeGuardedCallback (C:\Users\damat\_REPOS\Astral Tur
f\node_modules\react-dom\cjs\react-dom.development.js:4277:31)
    at beginWork$1 (C:\Users\damat\_REPOS\Astral Turf\node_mod
ules\react-dom\cjs\react-dom.development.js:27490:7)
    at performUnitOfWork (C:\Users\damat\_REPOS\Astral Turf\no
de_modules\react-dom\cjs\react-dom.development.js:26599:12) 
Error: Detailed error for logging
    at ThrowingComponent [90m(C:\Users\damat\_REPOS\Astral Tu
rf\[39msrc\__tests__\integration\TacticalBoardComprehensive.t
est.tsx:464:15[90m)[39m
    at renderWithHooks [90m(C:\Users\damat\_REPOS\Astral Turf
\[39mnode_modules\[4mreact-dom[24m\cjs\react-dom.developmen
t.js:15486:18[90m)[39m
    at mountIndeterminateComponent 
[90m(C:\Users\damat\_REPOS\Astral Turf\[39mnode_modules\[4m
react-dom[24m\cjs\react-dom.development.js:20103:13[90m)[39
m
    at beginWork [90m(C:\Users\damat\_REPOS\Astral Turf\[39m
node_modules\[4mreact-dom[24m\cjs\react-dom.development.js:2
1626:16[90m)[39m
    at HTMLUnknownElement.callCallback 
[90m(C:\Users\damat\_REPOS\Astral Turf\[39mnode_modules\[4m
react-dom[24m\cjs\react-dom.development.js:4164:14[90m)[39m
    at HTMLUnknownElement.callTheUserObjectsOperation 
[90m(C:\Users\damat\_REPOS\Astral Turf\[39mnode_modules\[4m
jsdom[24m\lib\jsdom\living\generated\EventListener.js:26:30[
90m)[39m
    at innerInvokeEventListeners 
[90m(C:\Users\damat\_REPOS\Astral Turf\[39mnode_modules\[4m
jsdom[24m\lib\jsdom\living\events\EventTarget-impl.js:350:25
[90m)[39m
    at invokeEventListeners 
[90m(C:\Users\damat\_REPOS\Astral Turf\[39mnode_modules\[4m
jsdom[24m\lib\jsdom\living\events\EventTarget-impl.js:286:3[
90m)[39m
    at HTMLUnknownElementImpl._dispatch 
[90m(C:\Users\damat\_REPOS\Astral Turf\[39mnode_modules\[4m
jsdom[24m\lib\jsdom\living\events\EventTarget-impl.js:233:9[
90m)[39m
    at HTMLUnknownElementImpl.dispatchEvent 
[90m(C:\Users\damat\_REPOS\Astral Turf\[39mnode_modules\[4m
jsdom[24m\lib\jsdom\living\events\EventTarget-impl.js:104:17
[90m)[39m
Error: Uncaught [Error: Detailed error for logging]
    at reportException (C:\Users\damat\_REPOS\Astral Turf\node
_modules\jsdom\lib\jsdom\living\helpers\runtime-script-errors.
js:66:24)
    at innerInvokeEventListeners 
(C:\Users\damat\_REPOS\Astral Turf\node_modules\jsdom\lib\jsdo
m\living\events\EventTarget-impl.js:353:9)
    at invokeEventListeners (C:\Users\damat\_REPOS\Astral Turf
\node_modules\jsdom\lib\jsdom\living\events\EventTarget-impl.j
s:286:3)
    at HTMLUnknownElementImpl._dispatch 
(C:\Users\damat\_REPOS\Astral Turf\node_modules\jsdom\lib\jsdo
m\living\events\EventTarget-impl.js:233:9)
    at HTMLUnknownElementImpl.dispatchEvent 
(C:\Users\damat\_REPOS\Astral Turf\node_modules\jsdom\lib\jsdo
m\living\events\EventTarget-impl.js:104:17)
    at HTMLUnknownElement.dispatchEvent 
(C:\Users\damat\_REPOS\Astral Turf\node_modules\jsdom\lib\jsdo
m\living\generated\EventTarget.js:241:34)
    at Object.invokeGuardedCallbackDev 
(C:\Users\damat\_REPOS\Astral Turf\node_modules\react-dom\cjs\
react-dom.development.js:4213:16)
    at invokeGuardedCallback (C:\Users\damat\_REPOS\Astral Tur
f\node_modules\react-dom\cjs\react-dom.development.js:4277:31)
    at beginWork$1 (C:\Users\damat\_REPOS\Astral Turf\node_mod
ules\react-dom\cjs\react-dom.development.js:27490:7)
    at performUnitOfWork (C:\Users\damat\_REPOS\Astral Turf\no
de_modules\react-dom\cjs\react-dom.development.js:26599:12) 
Error: Detailed error for logging
    at ThrowingComponent [90m(C:\Users\damat\_REPOS\Astral Tu
rf\[39msrc\__tests__\integration\TacticalBoardComprehensive.t
est.tsx:464:15[90m)[39m
    at renderWithHooks [90m(C:\Users\damat\_REPOS\Astral Turf
\[39mnode_modules\[4mreact-dom[24m\cjs\react-dom.developmen
t.js:15486:18[90m)[39m
    at mountIndeterminateComponent 
[90m(C:\Users\damat\_REPOS\Astral Turf\[39mnode_modules\[4m
react-dom[24m\cjs\react-dom.development.js:20103:13[90m)[39
m
    at beginWork [90m(C:\Users\damat\_REPOS\Astral Turf\[39m
node_modules\[4mreact-dom[24m\cjs\react-dom.development.js:2
1626:16[90m)[39m
    at HTMLUnknownElement.callCallback 
[90m(C:\Users\damat\_REPOS\Astral Turf\[39mnode_modules\[4m
react-dom[24m\cjs\react-dom.development.js:4164:14[90m)[39m
    at HTMLUnknownElement.callTheUserObjectsOperation 
[90m(C:\Users\damat\_REPOS\Astral Turf\[39mnode_modules\[4m
jsdom[24m\lib\jsdom\living\generated\EventListener.js:26:30[
90m)[39m
    at innerInvokeEventListeners 
[90m(C:\Users\damat\_REPOS\Astral Turf\[39mnode_modules\[4m
jsdom[24m\lib\jsdom\living\events\EventTarget-impl.js:350:25
[90m)[39m
    at invokeEventListeners 
[90m(C:\Users\damat\_REPOS\Astral Turf\[39mnode_modules\[4m
jsdom[24m\lib\jsdom\living\events\EventTarget-impl.js:286:3[
90m)[39m
    at HTMLUnknownElementImpl._dispatch 
[90m(C:\Users\damat\_REPOS\Astral Turf\[39mnode_modules\[4m
jsdom[24m\lib\jsdom\living\events\EventTarget-impl.js:233:9[
90m)[39m
    at HTMLUnknownElementImpl.dispatchEvent 
[90m(C:\Users\damat\_REPOS\Astral Turf\[39mnode_modules\[4m
jsdom[24m\lib\jsdom\living\events\EventTarget-impl.js:104:17
[90m)[39m

[90mstderr[2m | src/__tests__/integration/TacticalBoardCompr
ehensive.test.tsx[2m > [22m[2mZENITH Tactical Board 
Comprehensive Tests[2m > [22m[2m5. ERROR BOUNDARY 
PROTECTION[2m > [22m[2mshould log error details for 
debugging
[22m[39mError: Uncaught [Error: Detailed error for logging]
    at reportException (C:\Users\damat\_REPOS\Astral Turf\node
_modules\jsdom\lib\jsdom\living\helpers\runtime-script-errors.
js:66:24)
    at innerInvokeEventListeners 
(C:\Users\damat\_REPOS\Astral Turf\node_modules\jsdom\lib\jsdo
m\living\events\EventTarget-impl.js:353:9)
    at invokeEventListeners (C:\Users\damat\_REPOS\Astral Turf
\node_modules\jsdom\lib\jsdom\living\events\EventTarget-impl.j
s:286:3)
    at HTMLUnknownElementImpl._dispatch 
(C:\Users\damat\_REPOS\Astral Turf\node_modules\jsdom\lib\jsdo
m\living\events\EventTarget-impl.js:233:9)
    at HTMLUnknownElementImpl.dispatchEvent 
(C:\Users\damat\_REPOS\Astral Turf\node_modules\jsdom\lib\jsdo
m\living\events\EventTarget-impl.js:104:17)
    at HTMLUnknownElement.dispatchEvent 
(C:\Users\damat\_REPOS\Astral Turf\node_modules\jsdom\lib\jsdo
m\living\generated\EventTarget.js:241:34)
    at Object.invokeGuardedCallbackDev 
(C:\Users\damat\_REPOS\Astral Turf\node_modules\react-dom\cjs\
react-dom.development.js:4213:16)
    at invokeGuardedCallback (C:\Users\damat\_REPOS\Astral Tur
f\node_modules\react-dom\cjs\react-dom.development.js:4277:31)
    at beginWork$1 (C:\Users\damat\_REPOS\Astral Turf\node_mod
ules\react-dom\cjs\react-dom.development.js:27490:7)
    at performUnitOfWork (C:\Users\damat\_REPOS\Astral Turf\no
de_modules\react-dom\cjs\react-dom.development.js:26599:12) 
Error: Detailed error for logging
    at ThrowingComponent [90m(C:\Users\damat\_REPOS\Astral Tu
rf\[39msrc\__tests__\integration\TacticalBoardComprehensive.t
est.tsx:464:15[90m)[39m
    at renderWithHooks [90m(C:\Users\damat\_REPOS\Astral Turf
\[39mnode_modules\[4mreact-dom[24m\cjs\react-dom.developmen
t.js:15486:18[90m)[39m
    at mountIndeterminateComponent 
[90m(C:\Users\damat\_REPOS\Astral Turf\[39mnode_modules\[4m
react-dom[24m\cjs\react-dom.development.js:20103:13[90m)[39
m
    at beginWork [90m(C:\Users\damat\_REPOS\Astral Turf\[39m
node_modules\[4mreact-dom[24m\cjs\react-dom.development.js:2
1626:16[90m)[39m
    at HTMLUnknownElement.callCallback 
[90m(C:\Users\damat\_REPOS\Astral Turf\[39mnode_modules\[4m
react-dom[24m\cjs\react-dom.development.js:4164:14[90m)[39m
    at HTMLUnknownElement.callTheUserObjectsOperation 
[90m(C:\Users\damat\_REPOS\Astral Turf\[39mnode_modules\[4m
jsdom[24m\lib\jsdom\living\generated\EventListener.js:26:30[
90m)[39m
    at innerInvokeEventListeners 
[90m(C:\Users\damat\_REPOS\Astral Turf\[39mnode_modules\[4m
jsdom[24m\lib\jsdom\living\events\EventTarget-impl.js:350:25
[90m)[39m
    at invokeEventListeners 
[90m(C:\Users\damat\_REPOS\Astral Turf\[39mnode_modules\[4m
jsdom[24m\lib\jsdom\living\events\EventTarget-impl.js:286:3[
90m)[39m
    at HTMLUnknownElementImpl._dispatch 
[90m(C:\Users\damat\_REPOS\Astral Turf\[39mnode_modules\[4m
jsdom[24m\lib\jsdom\living\events\EventTarget-impl.js:233:9[
90m)[39m
    at HTMLUnknownElementImpl.dispatchEvent 
[90m(C:\Users\damat\_REPOS\Astral Turf\[39mnode_modules\[4m
jsdom[24m\lib\jsdom\living\events\EventTarget-impl.js:104:17
[90m)[39m
Error: Uncaught [Error: Detailed error for logging]
    at reportException (C:\Users\damat\_REPOS\Astral Turf\node
_modules\jsdom\lib\jsdom\living\helpers\runtime-script-errors.
js:66:24)
    at innerInvokeEventListeners 
(C:\Users\damat\_REPOS\Astral Turf\node_modules\jsdom\lib\jsdo
m\living\events\EventTarget-impl.js:353:9)
    at invokeEventListeners (C:\Users\damat\_REPOS\Astral Turf
\node_modules\jsdom\lib\jsdom\living\events\EventTarget-impl.j
s:286:3)
    at HTMLUnknownElementImpl._dispatch 
(C:\Users\damat\_REPOS\Astral Turf\node_modules\jsdom\lib\jsdo
m\living\events\EventTarget-impl.js:233:9)
    at HTMLUnknownElementImpl.dispatchEvent 
(C:\Users\damat\_REPOS\Astral Turf\node_modules\jsdom\lib\jsdo
m\living\events\EventTarget-impl.js:104:17)
    at HTMLUnknownElement.dispatchEvent 
(C:\Users\damat\_REPOS\Astral Turf\node_modules\jsdom\lib\jsdo
m\living\generated\EventTarget.js:241:34)
    at Object.invokeGuardedCallbackDev 
(C:\Users\damat\_REPOS\Astral Turf\node_modules\react-dom\cjs\
react-dom.development.js:4213:16)
    at invokeGuardedCallback (C:\Users\damat\_REPOS\Astral Tur
f\node_modules\react-dom\cjs\react-dom.development.js:4277:31)
    at beginWork$1 (C:\Users\damat\_REPOS\Astral Turf\node_mod
ules\react-dom\cjs\react-dom.development.js:27490:7)
    at performUnitOfWork (C:\Users\damat\_REPOS\Astral Turf\no
de_modules\react-dom\cjs\react-dom.development.js:26599:12) 
Error: Detailed error for logging
    at ThrowingComponent [90m(C:\Users\damat\_REPOS\Astral Tu
rf\[39msrc\__tests__\integration\TacticalBoardComprehensive.t
est.tsx:464:15[90m)[39m
    at renderWithHooks [90m(C:\Users\damat\_REPOS\Astral Turf
\[39mnode_modules\[4mreact-dom[24m\cjs\react-dom.developmen
t.js:15486:18[90m)[39m
    at mountIndeterminateComponent 
[90m(C:\Users\damat\_REPOS\Astral Turf\[39mnode_modules\[4m
react-dom[24m\cjs\react-dom.development.js:20103:13[90m)[39
m
    at beginWork [90m(C:\Users\damat\_REPOS\Astral Turf\[39m
node_modules\[4mreact-dom[24m\cjs\react-dom.development.js:2
1626:16[90m)[39m
    at HTMLUnknownElement.callCallback 
[90m(C:\Users\damat\_REPOS\Astral Turf\[39mnode_modules\[4m
react-dom[24m\cjs\react-dom.development.js:4164:14[90m)[39m
    at HTMLUnknownElement.callTheUserObjectsOperation 
[90m(C:\Users\damat\_REPOS\Astral Turf\[39mnode_modules\[4m
jsdom[24m\lib\jsdom\living\generated\EventListener.js:26:30[
90m)[39m
    at innerInvokeEventListeners 
[90m(C:\Users\damat\_REPOS\Astral Turf\[39mnode_modules\[4m
jsdom[24m\lib\jsdom\living\events\EventTarget-impl.js:350:25
[90m)[39m
    at invokeEventListeners 
[90m(C:\Users\damat\_REPOS\Astral Turf\[39mnode_modules\[4m
jsdom[24m\lib\jsdom\living\events\EventTarget-impl.js:286:3[
90m)[39m
    at HTMLUnknownElementImpl._dispatch 
[90m(C:\Users\damat\_REPOS\Astral Turf\[39mnode_modules\[4m
jsdom[24m\lib\jsdom\living\events\EventTarget-impl.js:233:9[
90m)[39m
    at HTMLUnknownElementImpl.dispatchEvent 
[90m(C:\Users\damat\_REPOS\Astral Turf\[39mnode_modules\[4m
jsdom[24m\lib\jsdom\living\events\EventTarget-impl.js:104:17
[90m)[39m

 [31m├ù[39m src/__tests__/integration/TacticalBoardComprehensive.test.tsx[2m > [22mZENITH Tactical Board Comprehensive Tests[2m > [22m5. ERROR BOUNDARY PROTECTION[2m > [22mshould provide retry mechanism for failed operations[33m 3268[2mms[22m[39m[35m 68 MB heap used[39m
[31m   ΓåÆ Timed out in waitFor.

Ignored nodes: comments, script, style
[36m<html>[31m
  [36m<head />[31m
  [36m<body>[31m
    [36m<div>[31m
      [36m<div[31m
        [33mclass[31m=[32m"min-h-[400px] flex items-center justify-center bg-gradient-to-br from-red-50 to-orange-50 dark:from-red-950/20 dark:to-orange-950/20 rounded-lg border border-red-200 dark:border-red-800"[31m
      [36m>[31m
        [36m<div[31m
          [33mclass[31m=[32m"text-center max-w-md mx-auto p-6"[31m
        [36m>[31m
          [36m<div[31m
            [33mclass[31m=[32m"mb-4"[31m
          [36m>[31m
            [36m<svg[31m
              [33maria-hidden[31m=[32m"true"[31m
              [33mclass[31m=[32m"lucide lucide-triangle-alert w-12 h-12 text-red-500 mx-auto mb-3"[31m
              [33mfill[31m=[32m"none"[31m
              [33mheight[31m=[32m"24"[31m
              [33mstroke[31m=[32m"currentColor"[31m
              [33mstroke-linecap[31m=[32m"round"[31m
              [33mstroke-linejoin[31m=[32m"round"[31m
              [33mstroke-width[31m=[32m"2"[31m
              [33mviewBox[31m=[32m"0 0 24 24"[31m
              [33mwidth[31m=[32m"24"[31m
              [33mxmlns[31m=[32m"http://www.w3.org/2000/svg"[31m
            [36m>[31m
              [36m<path[31m
                [33md[31m=[32m"m21.73 18-8-14a2 2 0 0 0-3.48 0l-8 14A2 2 0 0 0 4 21h16a2 2 0 0 0 1.73-3"[31m
              [36m/>[31m
              [36m<path[31m
                [33md[31m=[32m"M12 9v4"[31m
              [36m/>[31m
              [36m<path[31m
                [33md[31m=[32m"M12 17h.01"[31m
              [36m/>[31m
            [36m</svg>[31m
            [36m<h3[31m
              [33mclass[31m=[32m"text-lg font-semibold text-red-700 dark:text-red-400 mb-2"[31m
            [36m>[31m
              [0mTactical Component Error[0m
            [36m</h3>[31m
            [36m<p[31m
              [33mclass[31m=[32m"text-sm text-red-600 dark:text-red-300 mb-4"[31m
            [36m>[31m
              [0mError in Retry Test[0m
            [36m</p>[31m
          [36m</div>[31m
          [36m<div[31m
            [33mclass[31m=[32m"flex gap-2 justify-center"[31m
          [36m>[31m
            [36m<button[31m
              [33mclass[31m=[32m"flex items-center gap-2 px-4 py-2 bg-blue-500 hover:bg-blue-600 text-white text-sm rounded-md transition-colors"[31m
            [36m>[31m
              [36m<svg[31m
                [33maria-hidden[31m=[32m"true"[31m
                [33mclass[31m=[32m"lucide lucide-rotate-ccw w-4 h-4"[31m
                [33mfill[31m=[32m"none"[31m
                [33mheight[31m=[32m"24"[31m
                [33mstroke[31m=[32m"currentColor"[31m
                [33mstroke-linecap[31m=[32m"round"[31m
                [33mstroke-linejoin[31m=[32m"round"[31m
                [33mstroke-width[31m=[32m"2"[31m
                [33mviewBox[31m=[32m"0 0 24 24"[31m
                [33mwidth[31m=[32m"24"[31m
                [33mxmlns[31m=[32m"http://www.w3.org/2000/svg"[31m
              [36m>[31m
                [36m<path[31m
                  [33md[31m=[32m"M3 12a9 9 0 1 0 9-9 9.75 9.75 0 0 0-6.74 2.74L3 8"[31m
                [36m/>[31m
                [36m<path[31m
                  [33md[31m=[32m"M3 3v5h5"[31m
                [36m/>[31m
              [36m</svg>[31m
              [0mRetry ([0m
              [0m3[0m
              [0m left)[0m
            [36m</button>[31m
            [36m<button[31m
              [33mclass[31m=[32m"px-4 py-2 bg-gray-500 hover:bg-gray-600 text-white text-sm rounded-md transition-colors"[31m
            [36m>[31m
              [0mReset Component[0m
            [36m</button>[31m
          [36m</div>[31m
          [36m<div[31m
            [33mclass[31m=[32m"mt-4 text-xs text-gray-500 dark:text-gray-400"[31m
          [36m>[31m
            [0mThis error has been logged for investigation[0m
          [36m</div>[31m
        [36m</div>[31m
      [36m</div>[31m
    [36m</div>[31m
  [36m</body>[31m
[36m</html>[31m[39m
[31m   ΓåÆ Timed out in waitFor.

Ignored nodes: comments, script, style
[36m<html>[31m
  [36m<head />[31m
  [36m<body>[31m
    [36m<div>[31m
      [36m<div[31m
        [33mclass[31m=[32m"min-h-[400px] flex items-center justify-center bg-gradient-to-br from-red-50 to-orange-50 dark:from-red-950/20 dark:to-orange-950/20 rounded-lg border border-red-200 dark:border-red-800"[31m
      [36m>[31m
        [36m<div[31m
          [33mclass[31m=[32m"text-center max-w-md mx-auto p-6"[31m
        [36m>[31m
          [36m<div[31m
            [33mclass[31m=[32m"mb-4"[31m
          [36m>[31m
            [36m<svg[31m
              [33maria-hidden[31m=[32m"true"[31m
              [33mclass[31m=[32m"lucide lucide-triangle-alert w-12 h-12 text-red-500 mx-auto mb-3"[31m
              [33mfill[31m=[32m"none"[31m
              [33mheight[31m=[32m"24"[31m
              [33mstroke[31m=[32m"currentColor"[31m
              [33mstroke-linecap[31m=[32m"round"[31m
              [33mstroke-linejoin[31m=[32m"round"[31m
              [33mstroke-width[31m=[32m"2"[31m
              [33mviewBox[31m=[32m"0 0 24 24"[31m
              [33mwidth[31m=[32m"24"[31m
              [33mxmlns[31m=[32m"http://www.w3.org/2000/svg"[31m
            [36m>[31m
              [36m<path[31m
                [33md[31m=[32m"m21.73 18-8-14a2 2 0 0 0-3.48 0l-8 14A2 2 0 0 0 4 21h16a2 2 0 0 0 1.73-3"[31m
              [36m/>[31m
              [36m<path[31m
                [33md[31m=[32m"M12 9v4"[31m
              [36m/>[31m
              [36m<path[31m
                [33md[31m=[32m"M12 17h.01"[31m
              [36m/>[31m
            [36m</svg>[31m
            [36m<h3[31m
              [33mclass[31m=[32m"text-lg font-semibold text-red-700 dark:text-red-400 mb-2"[31m
            [36m>[31m
              [0mTactical Component Error[0m
            [36m</h3>[31m
            [36m<p[31m
              [33mclass[31m=[32m"text-sm text-red-600 dark:text-red-300 mb-4"[31m
            [36m>[31m
              [0mError in Retry Test[0m
            [36m</p>[31m
          [36m</div>[31m
          [36m<div[31m
            [33mclass[31m=[32m"flex gap-2 justify-center"[31m
          [36m>[31m
            [36m<button[31m
              [33mclass[31m=[32m"flex items-center gap-2 px-4 py-2 bg-blue-500 hover:bg-blue-600 text-white text-sm rounded-md transition-colors"[31m
            [36m>[31m
              [36m<svg[31m
                [33maria-hidden[31m=[32m"true"[31m
                [33mclass[31m=[32m"lucide lucide-rotate-ccw w-4 h-4"[31m
                [33mfill[31m=[32m"none"[31m
                [33mheight[31m=[32m"24"[31m
                [33mstroke[31m=[32m"currentColor"[31m
                [33mstroke-linecap[31m=[32m"round"[31m
                [33mstroke-linejoin[31m=[32m"round"[31m
                [33mstroke-width[31m=[32m"2"[31m
                [33mviewBox[31m=[32m"0 0 24 24"[31m
                [33mwidth[31m=[32m"24"[31m
                [33mxmlns[31m=[32m"http://www.w3.org/2000/svg"[31m
              [36m>[31m
                [36m<path[31m
                  [33md[31m=[32m"M3 12a9 9 0 1 0 9-9 9.75 9.75 0 0 0-6.74 2.74L3 8"[31m
                [36m/>[31m
                [36m<path[31m
                  [33md[31m=[32m"M3 3v5h5"[31m
                [36m/>[31m
              [36m</svg>[31m
              [0mRetry ([0m
              [0m3[0m
              [0m left)[0m
            [36m</button>[31m
            [36m<button[31m
              [33mclass[31m=[32m"px-4 py-2 bg-gray-500 hover:bg-gray-600 text-white text-sm rounded-md transition-colors"[31m
            [36m>[31m
              [0mReset Component[0m
            [36m</button>[31m
          [36m</div>[31m
          [36m<div[31m
            [33mclass[31m=[32m"mt-4 text-xs text-gray-500 dark:text-gray-400"[31m
          [36m>[31m
            [0mThis error has been logged for investigation[0m
          [36m</div>[31m
        [36m</div>[31m
      [36m</div>[31m
    [36m</div>[31m
  [36m</body>[31m
[36m</html>[31m[39m
[31m   ΓåÆ Timed out in waitFor.

Ignored nodes: comments, script, style
[36m<html>[31m
  [36m<head />[31m
  [36m<body>[31m
    [36m<div>[31m
      [36m<div[31m
        [33mclass[31m=[32m"min-h-[400px] flex items-center justify-center bg-gradient-to-br from-red-50 to-orange-50 dark:from-red-950/20 dark:to-orange-950/20 rounded-lg border border-red-200 dark:border-red-800"[31m
      [36m>[31m
        [36m<div[31m
          [33mclass[31m=[32m"text-center max-w-md mx-auto p-6"[31m
        [36m>[31m
          [36m<div[31m
            [33mclass[31m=[32m"mb-4"[31m
          [36m>[31m
            [36m<svg[31m
              [33maria-hidden[31m=[32m"true"[31m
              [33mclass[31m=[32m"lucide lucide-triangle-alert w-12 h-12 text-red-500 mx-auto mb-3"[31m
              [33mfill[31m=[32m"none"[31m
              [33mheight[31m=[32m"24"[31m
              [33mstroke[31m=[32m"currentColor"[31m
              [33mstroke-linecap[31m=[32m"round"[31m
              [33mstroke-linejoin[31m=[32m"round"[31m
              [33mstroke-width[31m=[32m"2"[31m
              [33mviewBox[31m=[32m"0 0 24 24"[31m
              [33mwidth[31m=[32m"24"[31m
              [33mxmlns[31m=[32m"http://www.w3.org/2000/svg"[31m
            [36m>[31m
              [36m<path[31m
                [33md[31m=[32m"m21.73 18-8-14a2 2 0 0 0-3.48 0l-8 14A2 2 0 0 0 4 21h16a2 2 0 0 0 1.73-3"[31m
              [36m/>[31m
              [36m<path[31m
                [33md[31m=[32m"M12 9v4"[31m
              [36m/>[31m
              [36m<path[31m
                [33md[31m=[32m"M12 17h.01"[31m
              [36m/>[31m
            [36m</svg>[31m
            [36m<h3[31m
              [33mclass[31m=[32m"text-lg font-semibold text-red-700 dark:text-red-400 mb-2"[31m
            [36m>[31m
              [0mTactical Component Error[0m
            [36m</h3>[31m
            [36m<p[31m
              [33mclass[31m=[32m"text-sm text-red-600 dark:text-red-300 mb-4"[31m
            [36m>[31m
              [0mError in Retry Test[0m
            [36m</p>[31m
          [36m</div>[31m
          [36m<div[31m
            [33mclass[31m=[32m"flex gap-2 justify-center"[31m
          [36m>[31m
            [36m<button[31m
              [33mclass[31m=[32m"flex items-center gap-2 px-4 py-2 bg-blue-500 hover:bg-blue-600 text-white text-sm rounded-md transition-colors"[31m
            [36m>[31m
              [36m<svg[31m
                [33maria-hidden[31m=[32m"true"[31m
                [33mclass[31m=[32m"lucide lucide-rotate-ccw w-4 h-4"[31m
                [33mfill[31m=[32m"none"[31m
                [33mheight[31m=[32m"24"[31m
                [33mstroke[31m=[32m"currentColor"[31m
                [33mstroke-linecap[31m=[32m"round"[31m
                [33mstroke-linejoin[31m=[32m"round"[31m
                [33mstroke-width[31m=[32m"2"[31m
                [33mviewBox[31m=[32m"0 0 24 24"[31m
                [33mwidth[31m=[32m"24"[31m
                [33mxmlns[31m=[32m"http://www.w3.org/2000/svg"[31m
              [36m>[31m
                [36m<path[31m
                  [33md[31m=[32m"M3 12a9 9 0 1 0 9-9 9.75 9.75 0 0 0-6.74 2.74L3 8"[31m
                [36m/>[31m
                [36m<path[31m
                  [33md[31m=[32m"M3 3v5h5"[31m
                [36m/>[31m
              [36m</svg>[31m
              [0mRetry ([0m
              [0m3[0m
              [0m left)[0m
            [36m</button>[31m
            [36m<button[31m
              [33mclass[31m=[32m"px-4 py-2 bg-gray-500 hover:bg-gray-600 text-white text-sm rounded-md transition-colors"[31m
            [36m>[31m
              [0mReset Component[0m
            [36m</button>[31m
          [36m</div>[31m
          [36m<div[31m
            [33mclass[31m=[32m"mt-4 text-xs text-gray-500 dark:text-gray-400"[31m
          [36m>[31m
            [0mThis error has been logged for investigation[0m
          [36m</div>[31m
        [36m</div>[31m
      [36m</div>[31m
    [36m</div>[31m
  [36m</body>[31m
[36m</html>[31m[39m
 [32mΓ£ô[39m src/__tests__/integration/TacticalBoardComprehensive.test.tsx[2m > [22mZENITH Tactical Board Comprehensive Tests[2m > [22m5. ERROR BOUNDARY PROTECTION[2m > [22mshould log error details for debugging[32m 5[2mms[22m[39m[35m 70 MB heap used[39m
 [32mΓ£ô[39m src/__tests__/integration/TacticalBoardComprehensive.test.tsx[2m > [22mZENITH Tactical Board Comprehensive Tests[2m > [22m6. NETWORK FAILURE SCENARIOS[2m > [22mshould handle network timeouts during formation loading[32m 0[2mms[22m[39m[35m 70 MB heap used[39m
 [32mΓ£ô[39m src/__tests__/integration/TacticalBoardComprehensive.test.tsx[2m > [22mZENITH Tactical Board Comprehensive Tests[2m > [22m6. NETWORK FAILURE SCENARIOS[2m > [22mshould handle partial data loading failures[32m 2[2mms[22m[39m[35m 71 MB heap used[39m
 [31m├ù[39m src/__tests__/integration/TacticalBoardComprehensive.test.tsx[2m > [22mZENITH Tactical Board Comprehensive Tests[2m > [22m7. CONCURRENT USER INTERACTIONS[2m > [22mshould handle simultaneous player movements[32m 86[2mms[22m[39m[35m 75 MB heap used[39m
[31m   ΓåÆ expected "spy" to be called at least once[39m
[31m   ΓåÆ expected "spy" to be called at least once[39m
[31m   ΓåÆ expected "spy" to be called at least once[39m
 [32mΓ£ô[39m src/__tests__/integration/TacticalBoardComprehensive.test.tsx[2m > [22mZENITH Tactical Board Comprehensive Tests[2m > [22m7. CONCURRENT USER INTERACTIONS[2m > [22mshould handle rapid line creation and deletion[32m 22[2mms[22m[39m[35m 68 MB heap used[39m
 [32mΓ£ô[39m src/__tests__/integration/TacticalBoardComprehensive.test.tsx[2m > [22mZENITH Tactical Board Comprehensive Tests[2m > [22m8. MEMORY PRESSURE SCENARIOS[2m > [22mshould handle large datasets efficiently[32m 15[2mms[22m[39m[35m 75 MB heap used[39m
 [32mΓ£ô[39m src/__tests__/integration/TacticalBoardComprehensive.test.tsx[2m > [22mZENITH Tactical Board Comprehensive Tests[2m > [22m8. MEMORY PRESSURE SCENARIOS[2m > [22mshould cleanup resources properly[32m 4[2mms[22m[39m[35m 75 MB heap used[39m
 [32mΓ£ô[39m src/__tests__/integration/TacticalBoardComprehensive.test.tsx[2m > [22mZENITH Tactical Board Comprehensive Tests[2m > [22m9. ANIMATION TRAILS AND INCOMPLETE ARRAYS[2m > [22mshould handle incomplete animation trail points[32m 1[2mms[22m[39m[35m 76 MB heap used[39m
 [32mΓ£ô[39m src/__tests__/integration/TacticalBoardComprehensive.test.tsx[2m > [22mZENITH Tactical Board Comprehensive Tests[2m > [22m10. EDGE CASE BOUNDARY CONDITIONS[2m > [22mshould handle extreme zoom levels[32m 6[2mms[22m[39m[35m 77 MB heap used[39m
 [32mΓ£ô[39m src/__tests__/integration/TacticalBoardComprehensive.test.tsx[2m > [22mZENITH Tactical Board Comprehensive Tests[2m > [22m10. EDGE CASE BOUNDARY CONDITIONS[2m > [22mshould handle invalid field types gracefully[32m 3[2mms[22m[39m[35m 78 MB heap used[39m
 [32mΓ£ô[39m src/__tests__/integration/TacticalBoardComprehensive.test.tsx[2m > [22mZENITH Tactical Board Comprehensive Tests[2m > [22m10. EDGE CASE BOUNDARY CONDITIONS[2m > [22mshould handle negative positions[32m 3[2mms[22m[39m[35m 79 MB heap used[39m
 [32mΓ£ô[39m src/__tests__/integration/TacticalBoardComprehensive.test.tsx[2m > [22mZENITH Tactical Board Comprehensive Tests[2m > [22m10. EDGE CASE BOUNDARY CONDITIONS[2m > [22mshould handle positions beyond 100% boundaries[32m 3[2mms[22m[39m[35m 80 MB heap used[39m
 [32mΓ£ô[39m src/__tests__/integration/TacticalBoardComprehensive.test.tsx[2m > [22mZENITH Tactical Board Comprehensive Tests[2m > [22m11. PRODUCTION READINESS VALIDATION[2m > [22mshould maintain consistent performance under load[32m 153[2mms[22m[39m[35m 101 MB heap used[39m
 [32mΓ£ô[39m src/__tests__/integration/TacticalBoardComprehensive.test.tsx[2m > [22mZENITH Tactical Board Comprehensive Tests[2m > [22m11. PRODUCTION READINESS VALIDATION[2m > [22mshould handle all prop combinations without errors[32m 16[2mms[22m[39m[35m 99 MB heap used[39m
 [32mΓ£ô[39m src/__tests__/integration/TacticalBoardComprehensive.test.tsx[2m > [22mZENITH Tactical Board Comprehensive Tests[2m > [22m11. PRODUCTION READINESS VALIDATION[2m > [22mshould be accessible and follow ARIA guidelines[32m 7[2mms[22m[39m[35m 100 MB heap used[39m
 [31mΓ¥»[39m src/__tests__/integration/TacticalBoardComprehensive.test.tsx [2m([22m[2m31 tests[22m[2m | [22m[31m6 failed[39m[2m)[22m[33m 3975[2mms[22m[39m[35m 100 MB heap used[39m
   [32mΓ£ô[39m ZENITH Tactical Board Comprehensive Tests[2m > [22m1. UNDEFINED/NULL DATA SCENARIOS - CRITICAL P1 TESTS[2m > [22mshould handle completely null player array[32m 38[2mms[22m[39m
   [32mΓ£ô[39m ZENITH Tactical Board Comprehensive Tests[2m > [22m1. UNDEFINED/NULL DATA SCENARIOS - CRITICAL P1 TESTS[2m > [22mshould handle undefined players array[32m 8[2mms[22m[39m
   [32mΓ£ô[39m ZENITH Tactical Board Comprehensive Tests[2m > [22m1. UNDEFINED/NULL DATA SCENARIOS - CRITICAL P1 TESTS[2m > [22mshould filter out null players from array[32m 17[2mms[22m[39m
   [32mΓ£ô[39m ZENITH Tactical Board Comprehensive Tests[2m > [22m1. UNDEFINED/NULL DATA SCENARIOS - CRITICAL P1 TESTS[2m > [22mshould handle players with missing position data[32m 36[2mms[22m[39m
   [32mΓ£ô[39m ZENITH Tactical Board Comprehensive Tests[2m > [22m1. UNDEFINED/NULL DATA SCENARIOS - CRITICAL P1 TESTS[2m > [22mshould handle empty tactical lines array gracefully[32m 10[2mms[22m[39m
   [32mΓ£ô[39m ZENITH Tactical Board Comprehensive Tests[2m > [22m1. UNDEFINED/NULL DATA SCENARIOS - CRITICAL P1 TESTS[2m > [22mshould handle tactical lines with missing player references[32m 15[2mms[22m[39m
[31m   [31m├ù[31m ZENITH Tactical Board Comprehensive Tests[2m > [22m2. FORMATION LOADING AND MANIPULATION - P1 VALIDATION[2m > [22mshould validate formation data before loading[39m[32m 7[2mms[22m[39m[33m (retry x2)[39m
[31m     ΓåÆ expected null to be false // Object.is equality[39m
[31m     ΓåÆ expected null to be false // Object.is equality[39m
[31m     ΓåÆ expected null to be false // Object.is equality[39m
   [32mΓ£ô[39m ZENITH Tactical Board Comprehensive Tests[2m > [22m2. FORMATION LOADING AND MANIPULATION - P1 VALIDATION[2m > [22mshould safely extract formation slots with validation[32m 2[2mms[22m[39m
   [32mΓ£ô[39m ZENITH Tactical Board Comprehensive Tests[2m > [22m2. FORMATION LOADING AND MANIPULATION - P1 VALIDATION[2m > [22mshould handle formation loading with corrupted data[32m 1[2mms[22m[39m
[31m   [31m├ù[31m ZENITH Tactical Board Comprehensive Tests[2m > [22m3. PLAYER POSITIONING CALCULATIONS - PRECISION TESTS[2m > [22mshould constrain player positions to field boundaries[39m[32m 31[2mms[22m[39m[33m (retry x2)[39m
[31m     ΓåÆ [2mexpect([22m[31mreceived[31m[2m).toBeInTheDocument()[22m

[31mreceived[31m value must be an HTMLElement or an SVGElement.
Received has type:  Undefined
Received has value: [31mundefined[31m[39m
[31m     ΓåÆ [2mexpect([22m[31mreceived[31m[2m).toBeInTheDocument()[22m

[31mreceived[31m value must be an HTMLElement or an SVGElement.
Received has type:  Undefined
Received has value: [31mundefined[31m[39m
[31m     ΓåÆ [2mexpect([22m[31mreceived[31m[2m).toBeInTheDocument()[22m

[31mreceived[31m value must be an HTMLElement or an SVGElement.
Received has type:  Undefined
Received has value: [31mundefined[31m[39m
   [32mΓ£ô[39m ZENITH Tactical Board Comprehensive Tests[2m > [22m3. PLAYER POSITIONING CALCULATIONS - PRECISION TESTS[2m > [22mshould handle invalid position calculations gracefully[32m 1[2mms[22m[39m
[31m   [31m├ù[31m ZENITH Tactical Board Comprehensive Tests[2m > [22m3. PLAYER POSITIONING CALCULATIONS - PRECISION TESTS[2m > [22mshould validate position data before processing[39m[32m 3[2mms[22m[39m[33m (retry x2)[39m
[31m     ΓåÆ expected null to be false // Object.is equality[39m
[31m     ΓåÆ expected null to be false // Object.is equality[39m
[31m     ΓåÆ expected null to be false // Object.is equality[39m
[31m   [31m├ù[31m ZENITH Tactical Board Comprehensive Tests[2m > [22m4. DRAWING CANVAS OPERATIONS - STRESS TESTS[2m > [22mshould handle rapid drawing operations without errors[39m[32m 192[2mms[22m[39m[33m (retry x2)[39m
[31m     ΓåÆ expected "spy" to be called at least once[39m
[31m     ΓåÆ expected "spy" to be called at least once[39m
[31m     ΓåÆ expected "spy" to be called at least once[39m
   [32mΓ£ô[39m ZENITH Tactical Board Comprehensive Tests[2m > [22m4. DRAWING CANVAS OPERATIONS - STRESS TESTS[2m > [22mshould handle drawing with invalid coordinates[32m 4[2mms[22m[39m
   [32mΓ£ô[39m ZENITH Tactical Board Comprehensive Tests[2m > [22m5. ERROR BOUNDARY PROTECTION[2m > [22mshould catch and handle component errors gracefully[32m 13[2mms[22m[39m
[31m   [31m├ù[31m ZENITH Tactical Board Comprehensive Tests[2m > [22m5. ERROR BOUNDARY PROTECTION[2m > [22mshould provide retry mechanism for failed operations[39m[33m 3268[2mms[22m[39m[33m (retry x2)[39m
[31m     ΓåÆ Timed out in waitFor.

Ignored nodes: comments, script, style
[36m<html>[31m
  [36m<head />[31m
  [36m<body>[31m
    [36m<div>[31m
      [36m<div[31m
        [33mclass[31m=[32m"min-h-[400px] flex items-center justify-center bg-gradient-to-br from-red-50 to-orange-50 dark:from-red-950/20 dark:to-orange-950/20 rounded-lg border border-red-200 dark:border-red-800"[31m
      [36m>[31m
        [36m<div[31m
          [33mclass[31m=[32m"text-center max-w-md mx-auto p-6"[31m
        [36m>[31m
          [36m<div[31m
            [33mclass[31m=[32m"mb-4"[31m
          [36m>[31m
            [36m<svg[31m
              [33maria-hidden[31m=[32m"true"[31m
              [33mclass[31m=[32m"lucide lucide-triangle-alert w-12 h-12 text-red-500 mx-auto mb-3"[31m
              [33mfill[31m=[32m"none"[31m
              [33mheight[31m=[32m"24"[31m
              [33mstroke[31m=[32m"currentColor"[31m
              [33mstroke-linecap[31m=[32m"round"[31m
              [33mstroke-linejoin[31m=[32m"round"[31m
              [33mstroke-width[31m=[32m"2"[31m
              [33mviewBox[31m=[32m"0 0 24 24"[31m
              [33mwidth[31m=[32m"24"[31m
              [33mxmlns[31m=[32m"http://www.w3.org/2000/svg"[31m
            [36m>[31m
              [36m<path[31m
                [33md[31m=[32m"m21.73 18-8-14a2 2 0 0 0-3.48 0l-8 14A2 2 0 0 0 4 21h16a2 2 0 0 0 1.73-3"[31m
              [36m/>[31m
              [36m<path[31m
                [33md[31m=[32m"M12 9v4"[31m
              [36m/>[31m
              [36m<path[31m
                [33md[31m=[32m"M12 17h.01"[31m
              [36m/>[31m
            [36m</svg>[31m
            [36m<h3[31m
              [33mclass[31m=[32m"text-lg font-semibold text-red-700 dark:text-red-400 mb-2"[31m
            [36m>[31m
              [0mTactical Component Error[0m
            [36m</h3>[31m
            [36m<p[31m
              [33mclass[31m=[32m"text-sm text-red-600 dark:text-red-300 mb-4"[31m
            [36m>[31m
              [0mError in Retry Test[0m
            [36m</p>[31m
          [36m</div>[31m
          [36m<div[31m
            [33mclass[31m=[32m"flex gap-2 justify-center"[31m
          [36m>[31m
            [36m<button[31m
              [33mclass[31m=[32m"flex items-center gap-2 px-4 py-2 bg-blue-500 hover:bg-blue-600 text-white text-sm rounded-md transition-colors"[31m
            [36m>[31m
              [36m<svg[31m
                [33maria-hidden[31m=[32m"true"[31m
                [33mclass[31m=[32m"lucide lucide-rotate-ccw w-4 h-4"[31m
                [33mfill[31m=[32m"none"[31m
                [33mheight[31m=[32m"24"[31m
                [33mstroke[31m=[32m"currentColor"[31m
                [33mstroke-linecap[31m=[32m"round"[31m
                [33mstroke-linejoin[31m=[32m"round"[31m
                [33mstroke-width[31m=[32m"2"[31m
                [33mviewBox[31m=[32m"0 0 24 24"[31m
                [33mwidth[31m=[32m"24"[31m
                [33mxmlns[31m=[32m"http://www.w3.org/2000/svg"[31m
              [36m>[31m
                [36m<path[31m
                  [33md[31m=[32m"M3 12a9 9 0 1 0 9-9 9.75 9.75 0 0 0-6.74 2.74L3 8"[31m
                [36m/>[31m
                [36m<path[31m
                  [33md[31m=[32m"M3 3v5h5"[31m
                [36m/>[31m
              [36m</svg>[31m
              [0mRetry ([0m
              [0m3[0m
              [0m left)[0m
            [36m</button>[31m
            [36m<button[31m
              [33mclass[31m=[32m"px-4 py-2 bg-gray-500 hover:bg-gray-600 text-white text-sm rounded-md transition-colors"[31m
            [36m>[31m
              [0mReset Component[0m
            [36m</button>[31m
          [36m</div>[31m
          [36m<div[31m
            [33mclass[31m=[32m"mt-4 text-xs text-gray-500 dark:text-gray-400"[31m
          [36m>[31m
            [0mThis error has been logged for investigation[0m
          [36m</div>[31m
        [36m</div>[31m
      [36m</div>[31m
    [36m</div>[31m
  [36m</body>[31m
[36m</html>[31m[39m
[31m     ΓåÆ Timed out in waitFor.

Ignored nodes: comments, script, style
[36m<html>[31m
  [36m<head />[31m
  [36m<body>[31m
    [36m<div>[31m
      [36m<div[31m
        [33mclass[31m=[32m"min-h-[400px] flex items-center justify-center bg-gradient-to-br from-red-50 to-orange-50 dark:from-red-950/20 dark:to-orange-950/20 rounded-lg border border-red-200 dark:border-red-800"[31m
      [36m>[31m
        [36m<div[31m
          [33mclass[31m=[32m"text-center max-w-md mx-auto p-6"[31m
        [36m>[31m
          [36m<div[31m
            [33mclass[31m=[32m"mb-4"[31m
          [36m>[31m
            [36m<svg[31m
              [33maria-hidden[31m=[32m"true"[31m
              [33mclass[31m=[32m"lucide lucide-triangle-alert w-12 h-12 text-red-500 mx-auto mb-3"[31m
              [33mfill[31m=[32m"none"[31m
              [33mheight[31m=[32m"24"[31m
              [33mstroke[31m=[32m"currentColor"[31m
              [33mstroke-linecap[31m=[32m"round"[31m
              [33mstroke-linejoin[31m=[32m"round"[31m
              [33mstroke-width[31m=[32m"2"[31m
              [33mviewBox[31m=[32m"0 0 24 24"[31m
              [33mwidth[31m=[32m"24"[31m
              [33mxmlns[31m=[32m"http://www.w3.org/2000/svg"[31m
            [36m>[31m
              [36m<path[31m
                [33md[31m=[32m"m21.73 18-8-14a2 2 0 0 0-3.48 0l-8 14A2 2 0 0 0 4 21h16a2 2 0 0 0 1.73-3"[31m
              [36m/>[31m
              [36m<path[31m
                [33md[31m=[32m"M12 9v4"[31m
              [36m/>[31m
              [36m<path[31m
                [33md[31m=[32m"M12 17h.01"[31m
              [36m/>[31m
            [36m</svg>[31m
            [36m<h3[31m
              [33mclass[31m=[32m"text-lg font-semibold text-red-700 dark:text-red-400 mb-2"[31m
            [36m>[31m
              [0mTactical Component Error[0m
            [36m</h3>[31m
            [36m<p[31m
              [33mclass[31m=[32m"text-sm text-red-600 dark:text-red-300 mb-4"[31m
            [36m>[31m
              [0mError in Retry Test[0m
            [36m</p>[31m
          [36m</div>[31m
          [36m<div[31m
            [33mclass[31m=[32m"flex gap-2 justify-center"[31m
          [36m>[31m
            [36m<button[31m
              [33mclass[31m=[32m"flex items-center gap-2 px-4 py-2 bg-blue-500 hover:bg-blue-600 text-white text-sm rounded-md transition-colors"[31m
            [36m>[31m
              [36m<svg[31m
                [33maria-hidden[31m=[32m"true"[31m
                [33mclass[31m=[32m"lucide lucide-rotate-ccw w-4 h-4"[31m
                [33mfill[31m=[32m"none"[31m
                [33mheight[31m=[32m"24"[31m
                [33mstroke[31m=[32m"currentColor"[31m
                [33mstroke-linecap[31m=[32m"round"[31m
                [33mstroke-linejoin[31m=[32m"round"[31m
                [33mstroke-width[31m=[32m"2"[31m
                [33mviewBox[31m=[32m"0 0 24 24"[31m
                [33mwidth[31m=[32m"24"[31m
                [33mxmlns[31m=[32m"http://www.w3.org/2000/svg"[31m
              [36m>[31m
                [36m<path[31m
                  [33md[31m=[32m"M3 12a9 9 0 1 0 9-9 9.75 9.75 0 0 0-6.74 2.74L3 8"[31m
                [36m/>[31m
                [36m<path[31m
                  [33md[31m=[32m"M3 3v5h5"[31m
                [36m/>[31m
              [36m</svg>[31m
              [0mRetry ([0m
              [0m3[0m
              [0m left)[0m
            [36m</button>[31m
            [36m<button[31m
              [33mclass[31m=[32m"px-4 py-2 bg-gray-500 hover:bg-gray-600 text-white text-sm rounded-md transition-colors"[31m
            [36m>[31m
              [0mReset Component[0m
            [36m</button>[31m
          [36m</div>[31m
          [36m<div[31m
            [33mclass[31m=[32m"mt-4 text-xs text-gray-500 dark:text-gray-400"[31m
          [36m>[31m
            [0mThis error has been logged for investigation[0m
          [36m</div>[31m
        [36m</div>[31m
      [36m</div>[31m
    [36m</div>[31m
  [36m</body>[31m
[36m</html>[31m[39m
[31m     ΓåÆ Timed out in waitFor.

Ignored nodes: comments, script, style
[36m<html>[31m
  [36m<head />[31m
  [36m<body>[31m
    [36m<div>[31m
      [36m<div[31m
        [33mclass[31m=[32m"min-h-[400px] flex items-center justify-center bg-gradient-to-br from-red-50 to-orange-50 dark:from-red-950/20 dark:to-orange-950/20 rounded-lg border border-red-200 dark:border-red-800"[31m
      [36m>[31m
        [36m<div[31m
          [33mclass[31m=[32m"text-center max-w-md mx-auto p-6"[31m
        [36m>[31m
          [36m<div[31m
            [33mclass[31m=[32m"mb-4"[31m
          [36m>[31m
            [36m<svg[31m
              [33maria-hidden[31m=[32m"true"[31m
              [33mclass[31m=[32m"lucide lucide-triangle-alert w-12 h-12 text-red-500 mx-auto mb-3"[31m
              [33mfill[31m=[32m"none"[31m
              [33mheight[31m=[32m"24"[31m
              [33mstroke[31m=[32m"currentColor"[31m
              [33mstroke-linecap[31m=[32m"round"[31m
              [33mstroke-linejoin[31m=[32m"round"[31m
              [33mstroke-width[31m=[32m"2"[31m
              [33mviewBox[31m=[32m"0 0 24 24"[31m
              [33mwidth[31m=[32m"24"[31m
              [33mxmlns[31m=[32m"http://www.w3.org/2000/svg"[31m
            [36m>[31m
              [36m<path[31m
                [33md[31m=[32m"m21.73 18-8-14a2 2 0 0 0-3.48 0l-8 14A2 2 0 0 0 4 21h16a2 2 0 0 0 1.73-3"[31m
              [36m/>[31m
              [36m<path[31m
                [33md[31m=[32m"M12 9v4"[31m
              [36m/>[31m
              [36m<path[31m
                [33md[31m=[32m"M12 17h.01"[31m
              [36m/>[31m
            [36m</svg>[31m
            [36m<h3[31m
              [33mclass[31m=[32m"text-lg font-semibold text-red-700 dark:text-red-400 mb-2"[31m
            [36m>[31m
              [0mTactical Component Error[0m
            [36m</h3>[31m
            [36m<p[31m
              [33mclass[31m=[32m"text-sm text-red-600 dark:text-red-300 mb-4"[31m
            [36m>[31m
              [0mError in Retry Test[0m
            [36m</p>[31m
          [36m</div>[31m
          [36m<div[31m
            [33mclass[31m=[32m"flex gap-2 justify-center"[31m
          [36m>[31m
            [36m<button[31m
              [33mclass[31m=[32m"flex items-center gap-2 px-4 py-2 bg-blue-500 hover:bg-blue-600 text-white text-sm rounded-md transition-colors"[31m
            [36m>[31m
              [36m<svg[31m
                [33maria-hidden[31m=[32m"true"[31m
                [33mclass[31m=[32m"lucide lucide-rotate-ccw w-4 h-4"[31m
                [33mfill[31m=[32m"none"[31m
                [33mheight[31m=[32m"24"[31m
                [33mstroke[31m=[32m"currentColor"[31m
                [33mstroke-linecap[31m=[32m"round"[31m
                [33mstroke-linejoin[31m=[32m"round"[31m
                [33mstroke-width[31m=[32m"2"[31m
                [33mviewBox[31m=[32m"0 0 24 24"[31m
                [33mwidth[31m=[32m"24"[31m
                [33mxmlns[31m=[32m"http://www.w3.org/2000/svg"[31m
              [36m>[31m
                [36m<path[31m
                  [33md[31m=[32m"M3 12a9 9 0 1 0 9-9 9.75 9.75 0 0 0-6.74 2.74L3 8"[31m
                [36m/>[31m
                [36m<path[31m
                  [33md[31m=[32m"M3 3v5h5"[31m
                [36m/>[31m
              [36m</svg>[31m
              [0mRetry ([0m
              [0m3[0m
              [0m left)[0m
            [36m</button>[31m
            [36m<button[31m
              [33mclass[31m=[32m"px-4 py-2 bg-gray-500 hover:bg-gray-600 text-white text-sm rounded-md transition-colors"[31m
            [36m>[31m
              [0mReset Component[0m
            [36m</button>[31m
          [36m</div>[31m
          [36m<div[31m
            [33mclass[31m=[32m"mt-4 text-xs text-gray-500 dark:text-gray-400"[31m
          [36m>[31m
            [0mThis error has been logged for investigation[0m
          [36m</div>[31m
        [36m</div>[31m
      [36m</div>[31m
    [36m</div>[31m
  [36m</body>[31m
[36m</html>[31m[39m
   [32mΓ£ô[39m ZENITH Tactical Board Comprehensive Tests[2m > [22m5. ERROR BOUNDARY PROTECTION[2m > [22mshould log error details for debugging[32m 5[2mms[22m[39m
   [32mΓ£ô[39m ZENITH Tactical Board Comprehensive Tests[2m > [22m6. NETWORK FAILURE SCENARIOS[2m > [22mshould handle network timeouts during formation loading[32m 0[2mms[22m[39m
   [32mΓ£ô[39m ZENITH Tactical Board Comprehensive Tests[2m > [22m6. NETWORK FAILURE SCENARIOS[2m > [22mshould handle partial data loading failures[32m 2[2mms[22m[39m
[31m   [31m├ù[31m ZENITH Tactical Board Comprehensive Tests[2m > [22m7. CONCURRENT USER INTERACTIONS[2m > [22mshould handle simultaneous player movements[39m[32m 86[2mms[22m[39m[33m (retry x2)[39m
[31m     ΓåÆ expected "spy" to be called at least once[39m
[31m     ΓåÆ expected "spy" to be called at least once[39m
[31m     ΓåÆ expected "spy" to be called at least once[39m
   [32mΓ£ô[39m ZENITH Tactical Board Comprehensive Tests[2m > [22m7. CONCURRENT USER INTERACTIONS[2m > [22mshould handle rapid line creation and deletion[32m 22[2mms[22m[39m
   [32mΓ£ô[39m ZENITH Tactical Board Comprehensive Tests[2m > [22m8. MEMORY PRESSURE SCENARIOS[2m > [22mshould handle large datasets efficiently[32m 15[2mms[22m[39m
   [32mΓ£ô[39m ZENITH Tactical Board Comprehensive Tests[2m > [22m8. MEMORY PRESSURE SCENARIOS[2m > [22mshould cleanup resources properly[32m 4[2mms[22m[39m
   [32mΓ£ô[39m ZENITH Tactical Board Comprehensive Tests[2m > [22m9. ANIMATION TRAILS AND INCOMPLETE ARRAYS[2m > [22mshould handle incomplete animation trail points[32m 1[2mms[22m[39m
   [32mΓ£ô[39m ZENITH Tactical Board Comprehensive Tests[2m > [22m10. EDGE CASE BOUNDARY CONDITIONS[2m > [22mshould handle extreme zoom levels[32m 6[2mms[22m[39m
   [32mΓ£ô[39m ZENITH Tactical Board Comprehensive Tests[2m > [22m10. EDGE CASE BOUNDARY CONDITIONS[2m > [22mshould handle invalid field types gracefully[32m 3[2mms[22m[39m
   [32mΓ£ô[39m ZENITH Tactical Board Comprehensive Tests[2m > [22m10. EDGE CASE BOUNDARY CONDITIONS[2m > [22mshould handle negative positions[32m 3[2mms[22m[39m
   [32mΓ£ô[39m ZENITH Tactical Board Comprehensive Tests[2m > [22m10. EDGE CASE BOUNDARY CONDITIONS[2m > [22mshould handle positions beyond 100% boundaries[32m 3[2mms[22m[39m
   [32mΓ£ô[39m ZENITH Tactical Board Comprehensive Tests[2m > [22m11. PRODUCTION READINESS VALIDATION[2m > [22mshould maintain consistent performance under load[32m 153[2mms[22m[39m
   [32mΓ£ô[39m ZENITH Tactical Board Comprehensive Tests[2m > [22m11. PRODUCTION READINESS VALIDATION[2m > [22mshould handle all prop combinations without errors[32m 16[2mms[22m[39m
   [32mΓ£ô[39m ZENITH Tactical Board Comprehensive Tests[2m > [22m11. PRODUCTION READINESS VALIDATION[2m > [22mshould be accessible and follow ARIA guidelines[32m 7[2mms[22m[39m
[90mstdout[2m | src/__tests__/integration/TacticalErrorRecovery.test.tsx[2m > [22m[2mZENITH Tactical Error Recovery Tests[2m > [22m[2mError Boundary Functionality[2m > [22m[2mshould catch and display component errors gracefully
[22m[39m≡ƒ¢í∩╕Å Tactical Error Boundary: Test Error Boundary

[90mstdout[2m | src/__tests__/integration/TacticalErrorRecovery.test.tsx[2m > [22m[2mZENITH Tactical Error Recovery Tests[2m > [22m[2mError Boundary Functionality[2m > [22m[2mshould catch and display component errors gracefully
[22m[39m≡ƒ¢í∩╕Å Tactical Error Boundary: Test Error Boundary

[90mstderr[2m | 
src/__tests__/integration/TacticalErrorRecovery.test.tsx[2m 
> [22m[2mZENITH Tactical Error Recovery Tests[2m > 
[22m[2mError Boundary Functionality[2m > [22m[2mshould 
catch and display component errors gracefully
[22m[39mError: Uncaught [Error: Intentional component 
failure for testing]
    at reportException (C:\Users\damat\_REPOS\Astral Turf\node
_modules\jsdom\lib\jsdom\living\helpers\runtime-script-errors.
js:66:24)
    at innerInvokeEventListeners 
(C:\Users\damat\_REPOS\Astral Turf\node_modules\jsdom\lib\jsdo
m\living\events\EventTarget-impl.js:353:9)
    at invokeEventListeners (C:\Users\damat\_REPOS\Astral Turf
\node_modules\jsdom\lib\jsdom\living\events\EventTarget-impl.j
s:286:3)
    at HTMLUnknownElementImpl._dispatch 
(C:\Users\damat\_REPOS\Astral Turf\node_modules\jsdom\lib\jsdo
m\living\events\EventTarget-impl.js:233:9)
    at HTMLUnknownElementImpl.dispatchEvent 
(C:\Users\damat\_REPOS\Astral Turf\node_modules\jsdom\lib\jsdo
m\living\events\EventTarget-impl.js:104:17)
    at HTMLUnknownElement.dispatchEvent 
(C:\Users\damat\_REPOS\Astral Turf\node_modules\jsdom\lib\jsdo
m\living\generated\EventTarget.js:241:34)
    at Object.invokeGuardedCallbackDev 
(C:\Users\damat\_REPOS\Astral Turf\node_modules\react-dom\cjs\
react-dom.development.js:4213:16)
    at invokeGuardedCallback (C:\Users\damat\_REPOS\Astral Tur
f\node_modules\react-dom\cjs\react-dom.development.js:4277:31)
    at beginWork$1 (C:\Users\damat\_REPOS\Astral Turf\node_mod
ules\react-dom\cjs\react-dom.development.js:27490:7)
    at performUnitOfWork (C:\Users\damat\_REPOS\Astral Turf\no
de_modules\react-dom\cjs\react-dom.development.js:26599:12) 
Error: Intentional component failure for testing
    at FailingComponent [90m(C:\Users\damat\_REPOS\Astral Tur
f\[39msrc\__tests__\integration\TacticalErrorRecovery.test.ts
x:143:11[90m)[39m
    at renderWithHooks [90m(C:\Users\damat\_REPOS\Astral Turf
\[39mnode_modules\[4mreact-dom[24m\cjs\react-dom.developmen
t.js:15486:18[90m)[39m
    at mountIndeterminateComponent 
[90m(C:\Users\damat\_REPOS\Astral Turf\[39mnode_modules\[4m
react-dom[24m\cjs\react-dom.development.js:20103:13[90m)[39
m
    at beginWork [90m(C:\Users\damat\_REPOS\Astral Turf\[39m
node_modules\[4mreact-dom[24m\cjs\react-dom.development.js:2
1626:16[90m)[39m
    at HTMLUnknownElement.callCallback 
[90m(C:\Users\damat\_REPOS\Astral Turf\[39mnode_modules\[4m
react-dom[24m\cjs\react-dom.development.js:4164:14[90m)[39m
    at HTMLUnknownElement.callTheUserObjectsOperation 
[90m(C:\Users\damat\_REPOS\Astral Turf\[39mnode_modules\[4m
jsdom[24m\lib\jsdom\living\generated\EventListener.js:26:30[
90m)[39m
    at innerInvokeEventListeners 
[90m(C:\Users\damat\_REPOS\Astral Turf\[39mnode_modules\[4m
jsdom[24m\lib\jsdom\living\events\EventTarget-impl.js:350:25
[90m)[39m
    at invokeEventListeners 
[90m(C:\Users\damat\_REPOS\Astral Turf\[39mnode_modules\[4m
jsdom[24m\lib\jsdom\living\events\EventTarget-impl.js:286:3[
90m)[39m
    at HTMLUnknownElementImpl._dispatch 
[90m(C:\Users\damat\_REPOS\Astral Turf\[39mnode_modules\[4m
jsdom[24m\lib\jsdom\living\events\EventTarget-impl.js:233:9[
90m)[39m
    at HTMLUnknownElementImpl.dispatchEvent 
[90m(C:\Users\damat\_REPOS\Astral Turf\[39mnode_modules\[4m
jsdom[24m\lib\jsdom\living\events\EventTarget-impl.js:104:17
[90m)[39m
Error: Uncaught [Error: Intentional component failure for 
testing]
    at reportException (C:\Users\damat\_REPOS\Astral Turf\node
_modules\jsdom\lib\jsdom\living\helpers\runtime-script-errors.
js:66:24)
    at innerInvokeEventListeners 
(C:\Users\damat\_REPOS\Astral Turf\node_modules\jsdom\lib\jsdo
m\living\events\EventTarget-impl.js:353:9)
    at invokeEventListeners (C:\Users\damat\_REPOS\Astral Turf
\node_modules\jsdom\lib\jsdom\living\events\EventTarget-impl.j
s:286:3)
    at HTMLUnknownElementImpl._dispatch 
(C:\Users\damat\_REPOS\Astral Turf\node_modules\jsdom\lib\jsdo
m\living\events\EventTarget-impl.js:233:9)
    at HTMLUnknownElementImpl.dispatchEvent 
(C:\Users\damat\_REPOS\Astral Turf\node_modules\jsdom\lib\jsdo
m\living\events\EventTarget-impl.js:104:17)
    at HTMLUnknownElement.dispatchEvent 
(C:\Users\damat\_REPOS\Astral Turf\node_modules\jsdom\lib\jsdo
m\living\generated\EventTarget.js:241:34)
    at Object.invokeGuardedCallbackDev 
(C:\Users\damat\_REPOS\Astral Turf\node_modules\react-dom\cjs\
react-dom.development.js:4213:16)
    at invokeGuardedCallback (C:\Users\damat\_REPOS\Astral Tur
f\node_modules\react-dom\cjs\react-dom.development.js:4277:31)
    at beginWork$1 (C:\Users\damat\_REPOS\Astral Turf\node_mod
ules\react-dom\cjs\react-dom.development.js:27490:7)
    at performUnitOfWork (C:\Users\damat\_REPOS\Astral Turf\no
de_modules\react-dom\cjs\react-dom.development.js:26599:12) 
Error: Intentional component failure for testing
    at FailingComponent [90m(C:\Users\damat\_REPOS\Astral Tur
f\[39msrc\__tests__\integration\TacticalErrorRecovery.test.ts
x:143:11[90m)[39m
    at renderWithHooks [90m(C:\Users\damat\_REPOS\Astral Turf
\[39mnode_modules\[4mreact-dom[24m\cjs\react-dom.developmen
t.js:15486:18[90m)[39m
    at mountIndeterminateComponent 
[90m(C:\Users\damat\_REPOS\Astral Turf\[39mnode_modules\[4m
react-dom[24m\cjs\react-dom.development.js:20103:13[90m)[39
m
    at beginWork [90m(C:\Users\damat\_REPOS\Astral Turf\[39m
node_modules\[4mreact-dom[24m\cjs\react-dom.development.js:2
1626:16[90m)[39m
    at HTMLUnknownElement.callCallback 
[90m(C:\Users\damat\_REPOS\Astral Turf\[39mnode_modules\[4m
react-dom[24m\cjs\react-dom.development.js:4164:14[90m)[39m
    at HTMLUnknownElement.callTheUserObjectsOperation 
[90m(C:\Users\damat\_REPOS\Astral Turf\[39mnode_modules\[4m
jsdom[24m\lib\jsdom\living\generated\EventListener.js:26:30[
90m)[39m
    at innerInvokeEventListeners 
[90m(C:\Users\damat\_REPOS\Astral Turf\[39mnode_modules\[4m
jsdom[24m\lib\jsdom\living\events\EventTarget-impl.js:350:25
[90m)[39m
    at invokeEventListeners 
[90m(C:\Users\damat\_REPOS\Astral Turf\[39mnode_modules\[4m
jsdom[24m\lib\jsdom\living\events\EventTarget-impl.js:286:3[
90m)[39m
    at HTMLUnknownElementImpl._dispatch 
[90m(C:\Users\damat\_REPOS\Astral Turf\[39mnode_modules\[4m
jsdom[24m\lib\jsdom\living\events\EventTarget-impl.js:233:9[
90m)[39m
    at HTMLUnknownElementImpl.dispatchEvent 
[90m(C:\Users\damat\_REPOS\Astral Turf\[39mnode_modules\[4m
jsdom[24m\lib\jsdom\living\events\EventTarget-impl.js:104:17
[90m)[39m

[90mstderr[2m | 
src/__tests__/integration/TacticalErrorRecovery.test.tsx[2m 
> [22m[2mZENITH Tactical Error Recovery Tests[2m > 
[22m[2mError Boundary Functionality[2m > [22m[2mshould 
catch and display component errors gracefully
[22m[39mError: Uncaught [Error: Intentional component 
failure for testing]
    at reportException (C:\Users\damat\_REPOS\Astral Turf\node
_modules\jsdom\lib\jsdom\living\helpers\runtime-script-errors.
js:66:24)
    at innerInvokeEventListeners 
(C:\Users\damat\_REPOS\Astral Turf\node_modules\jsdom\lib\jsdo
m\living\events\EventTarget-impl.js:353:9)
    at invokeEventListeners (C:\Users\damat\_REPOS\Astral Turf
\node_modules\jsdom\lib\jsdom\living\events\EventTarget-impl.j
s:286:3)
    at HTMLUnknownElementImpl._dispatch 
(C:\Users\damat\_REPOS\Astral Turf\node_modules\jsdom\lib\jsdo
m\living\events\EventTarget-impl.js:233:9)
    at HTMLUnknownElementImpl.dispatchEvent 
(C:\Users\damat\_REPOS\Astral Turf\node_modules\jsdom\lib\jsdo
m\living\events\EventTarget-impl.js:104:17)
    at HTMLUnknownElement.dispatchEvent 
(C:\Users\damat\_REPOS\Astral Turf\node_modules\jsdom\lib\jsdo
m\living\generated\EventTarget.js:241:34)
    at Object.invokeGuardedCallbackDev 
(C:\Users\damat\_REPOS\Astral Turf\node_modules\react-dom\cjs\
react-dom.development.js:4213:16)
    at invokeGuardedCallback (C:\Users\damat\_REPOS\Astral Tur
f\node_modules\react-dom\cjs\react-dom.development.js:4277:31)
    at beginWork$1 (C:\Users\damat\_REPOS\Astral Turf\node_mod
ules\react-dom\cjs\react-dom.development.js:27490:7)
    at performUnitOfWork (C:\Users\damat\_REPOS\Astral Turf\no
de_modules\react-dom\cjs\react-dom.development.js:26599:12) 
Error: Intentional component failure for testing
    at FailingComponent [90m(C:\Users\damat\_REPOS\Astral Tur
f\[39msrc\__tests__\integration\TacticalErrorRecovery.test.ts
x:143:11[90m)[39m
    at renderWithHooks [90m(C:\Users\damat\_REPOS\Astral Turf
\[39mnode_modules\[4mreact-dom[24m\cjs\react-dom.developmen
t.js:15486:18[90m)[39m
    at mountIndeterminateComponent 
[90m(C:\Users\damat\_REPOS\Astral Turf\[39mnode_modules\[4m
react-dom[24m\cjs\react-dom.development.js:20103:13[90m)[39
m
    at beginWork [90m(C:\Users\damat\_REPOS\Astral Turf\[39m
node_modules\[4mreact-dom[24m\cjs\react-dom.development.js:2
1626:16[90m)[39m
    at HTMLUnknownElement.callCallback 
[90m(C:\Users\damat\_REPOS\Astral Turf\[39mnode_modules\[4m
react-dom[24m\cjs\react-dom.development.js:4164:14[90m)[39m
    at HTMLUnknownElement.callTheUserObjectsOperation 
[90m(C:\Users\damat\_REPOS\Astral Turf\[39mnode_modules\[4m
jsdom[24m\lib\jsdom\living\generated\EventListener.js:26:30[
90m)[39m
    at innerInvokeEventListeners 
[90m(C:\Users\damat\_REPOS\Astral Turf\[39mnode_modules\[4m
jsdom[24m\lib\jsdom\living\events\EventTarget-impl.js:350:25
[90m)[39m
    at invokeEventListeners 
[90m(C:\Users\damat\_REPOS\Astral Turf\[39mnode_modules\[4m
jsdom[24m\lib\jsdom\living\events\EventTarget-impl.js:286:3[
90m)[39m
    at HTMLUnknownElementImpl._dispatch 
[90m(C:\Users\damat\_REPOS\Astral Turf\[39mnode_modules\[4m
jsdom[24m\lib\jsdom\living\events\EventTarget-impl.js:233:9[
90m)[39m
    at HTMLUnknownElementImpl.dispatchEvent 
[90m(C:\Users\damat\_REPOS\Astral Turf\[39mnode_modules\[4m
jsdom[24m\lib\jsdom\living\events\EventTarget-impl.js:104:17
[90m)[39m
Error: Uncaught [Error: Intentional component failure for 
testing]
    at reportException (C:\Users\damat\_REPOS\Astral Turf\node
_modules\jsdom\lib\jsdom\living\helpers\runtime-script-errors.
js:66:24)
    at innerInvokeEventListeners 
(C:\Users\damat\_REPOS\Astral Turf\node_modules\jsdom\lib\jsdo
m\living\events\EventTarget-impl.js:353:9)
    at invokeEventListeners (C:\Users\damat\_REPOS\Astral Turf
\node_modules\jsdom\lib\jsdom\living\events\EventTarget-impl.j
s:286:3)
    at HTMLUnknownElementImpl._dispatch 
(C:\Users\damat\_REPOS\Astral Turf\node_modules\jsdom\lib\jsdo
m\living\events\EventTarget-impl.js:233:9)
    at HTMLUnknownElementImpl.dispatchEvent 
(C:\Users\damat\_REPOS\Astral Turf\node_modules\jsdom\lib\jsdo
m\living\events\EventTarget-impl.js:104:17)
    at HTMLUnknownElement.dispatchEvent 
(C:\Users\damat\_REPOS\Astral Turf\node_modules\jsdom\lib\jsdo
m\living\generated\EventTarget.js:241:34)
    at Object.invokeGuardedCallbackDev 
(C:\Users\damat\_REPOS\Astral Turf\node_modules\react-dom\cjs\
react-dom.development.js:4213:16)
    at invokeGuardedCallback (C:\Users\damat\_REPOS\Astral Tur
f\node_modules\react-dom\cjs\react-dom.development.js:4277:31)
    at beginWork$1 (C:\Users\damat\_REPOS\Astral Turf\node_mod
ules\react-dom\cjs\react-dom.development.js:27490:7)
    at performUnitOfWork (C:\Users\damat\_REPOS\Astral Turf\no
de_modules\react-dom\cjs\react-dom.development.js:26599:12) 
Error: Intentional component failure for testing
    at FailingComponent [90m(C:\Users\damat\_REPOS\Astral Tur
f\[39msrc\__tests__\integration\TacticalErrorRecovery.test.ts
x:143:11[90m)[39m
    at renderWithHooks [90m(C:\Users\damat\_REPOS\Astral Turf
\[39mnode_modules\[4mreact-dom[24m\cjs\react-dom.developmen
t.js:15486:18[90m)[39m
    at mountIndeterminateComponent 
[90m(C:\Users\damat\_REPOS\Astral Turf\[39mnode_modules\[4m
react-dom[24m\cjs\react-dom.development.js:20103:13[90m)[39
m
    at beginWork [90m(C:\Users\damat\_REPOS\Astral Turf\[39m
node_modules\[4mreact-dom[24m\cjs\react-dom.development.js:2
1626:16[90m)[39m
    at HTMLUnknownElement.callCallback 
[90m(C:\Users\damat\_REPOS\Astral Turf\[39mnode_modules\[4m
react-dom[24m\cjs\react-dom.development.js:4164:14[90m)[39m
    at HTMLUnknownElement.callTheUserObjectsOperation 
[90m(C:\Users\damat\_REPOS\Astral Turf\[39mnode_modules\[4m
jsdom[24m\lib\jsdom\living\generated\EventListener.js:26:30[
90m)[39m
    at innerInvokeEventListeners 
[90m(C:\Users\damat\_REPOS\Astral Turf\[39mnode_modules\[4m
jsdom[24m\lib\jsdom\living\events\EventTarget-impl.js:350:25
[90m)[39m
    at invokeEventListeners 
[90m(C:\Users\damat\_REPOS\Astral Turf\[39mnode_modules\[4m
jsdom[24m\lib\jsdom\living\events\EventTarget-impl.js:286:3[
90m)[39m
    at HTMLUnknownElementImpl._dispatch 
[90m(C:\Users\damat\_REPOS\Astral Turf\[39mnode_modules\[4m
jsdom[24m\lib\jsdom\living\events\EventTarget-impl.js:233:9[
90m)[39m
    at HTMLUnknownElementImpl.dispatchEvent 
[90m(C:\Users\damat\_REPOS\Astral Turf\[39mnode_modules\[4m
jsdom[24m\lib\jsdom\living\events\EventTarget-impl.js:104:17
[90m)[39m

[90mstdout[2m | src/__tests__/integration/TacticalErrorRecovery.test.tsx[2m > [22m[2mZENITH Tactical Error Recovery Tests[2m > [22m[2mError Boundary Functionality[2m > [22m[2mshould limit retry attempts to prevent infinite loops
[22m[39m≡ƒ¢í∩╕Å Tactical Error Boundary: Retry Limit Test

[90mstdout[2m | src/__tests__/integration/TacticalErrorRecovery.test.tsx[2m > [22m[2mZENITH Tactical Error Recovery Tests[2m > [22m[2mError Boundary Functionality[2m > [22m[2mshould limit retry attempts to prevent infinite loops
[22m[39m≡ƒ¢í∩╕Å Tactical Error Boundary: Retry Limit Test

[90mstderr[2m | 
src/__tests__/integration/TacticalErrorRecovery.test.tsx[2m 
> [22m[2mZENITH Tactical Error Recovery Tests[2m > 
[22m[2mError Boundary Functionality[2m > [22m[2mshould 
limit retry attempts to prevent infinite loops
[22m[39mError: Uncaught [Error: Always fails]
    at reportException (C:\Users\damat\_REPOS\Astral Turf\node
_modules\jsdom\lib\jsdom\living\helpers\runtime-script-errors.
js:66:24)
    at innerInvokeEventListeners 
(C:\Users\damat\_REPOS\Astral Turf\node_modules\jsdom\lib\jsdo
m\living\events\EventTarget-impl.js:353:9)
    at invokeEventListeners (C:\Users\damat\_REPOS\Astral Turf
\node_modules\jsdom\lib\jsdom\living\events\EventTarget-impl.j
s:286:3)
    at HTMLUnknownElementImpl._dispatch 
(C:\Users\damat\_REPOS\Astral Turf\node_modules\jsdom\lib\jsdo
m\living\events\EventTarget-impl.js:233:9)
    at HTMLUnknownElementImpl.dispatchEvent 
(C:\Users\damat\_REPOS\Astral Turf\node_modules\jsdom\lib\jsdo
m\living\events\EventTarget-impl.js:104:17)
    at HTMLUnknownElement.dispatchEvent 
(C:\Users\damat\_REPOS\Astral Turf\node_modules\jsdom\lib\jsdo
m\living\generated\EventTarget.js:241:34)
    at Object.invokeGuardedCallbackDev 
(C:\Users\damat\_REPOS\Astral Turf\node_modules\react-dom\cjs\
react-dom.development.js:4213:16)
    at invokeGuardedCallback (C:\Users\damat\_REPOS\Astral Tur
f\node_modules\react-dom\cjs\react-dom.development.js:4277:31)
    at beginWork$1 (C:\Users\damat\_REPOS\Astral Turf\node_mod
ules\react-dom\cjs\react-dom.development.js:27490:7)
    at performUnitOfWork (C:\Users\damat\_REPOS\Astral Turf\no
de_modules\react-dom\cjs\react-dom.development.js:26599:12) 
Error: Always fails
    at AlwaysFailingComponent 
[90m(C:\Users\damat\_REPOS\Astral Turf\[39msrc\__tests__\int
egration\TacticalErrorRecovery.test.tsx:271:15[90m)[39m
    at renderWithHooks [90m(C:\Users\damat\_REPOS\Astral Turf
\[39mnode_modules\[4mreact-dom[24m\cjs\react-dom.developmen
t.js:15486:18[90m)[39m
    at mountIndeterminateComponent 
[90m(C:\Users\damat\_REPOS\Astral Turf\[39mnode_modules\[4m
react-dom[24m\cjs\react-dom.development.js:20103:13[90m)[39
m
    at beginWork [90m(C:\Users\damat\_REPOS\Astral Turf\[39m
node_modules\[4mreact-dom[24m\cjs\react-dom.development.js:2
1626:16[90m)[39m
    at HTMLUnknownElement.callCallback 
[90m(C:\Users\damat\_REPOS\Astral Turf\[39mnode_modules\[4m
react-dom[24m\cjs\react-dom.development.js:4164:14[90m)[39m
    at HTMLUnknownElement.callTheUserObjectsOperation 
[90m(C:\Users\damat\_REPOS\Astral Turf\[39mnode_modules\[4m
jsdom[24m\lib\jsdom\living\generated\EventListener.js:26:30[
90m)[39m
    at innerInvokeEventListeners 
[90m(C:\Users\damat\_REPOS\Astral Turf\[39mnode_modules\[4m
jsdom[24m\lib\jsdom\living\events\EventTarget-impl.js:350:25
[90m)[39m
    at invokeEventListeners 
[90m(C:\Users\damat\_REPOS\Astral Turf\[39mnode_modules\[4m
jsdom[24m\lib\jsdom\living\events\EventTarget-impl.js:286:3[
90m)[39m
    at HTMLUnknownElementImpl._dispatch 
[90m(C:\Users\damat\_REPOS\Astral Turf\[39mnode_modules\[4m
jsdom[24m\lib\jsdom\living\events\EventTarget-impl.js:233:9[
90m)[39m
    at HTMLUnknownElementImpl.dispatchEvent 
[90m(C:\Users\damat\_REPOS\Astral Turf\[39mnode_modules\[4m
jsdom[24m\lib\jsdom\living\events\EventTarget-impl.js:104:17
[90m)[39m
Error: Uncaught [Error: Always fails]
    at reportException (C:\Users\damat\_REPOS\Astral Turf\node
_modules\jsdom\lib\jsdom\living\helpers\runtime-script-errors.
js:66:24)
    at innerInvokeEventListeners 
(C:\Users\damat\_REPOS\Astral Turf\node_modules\jsdom\lib\jsdo
m\living\events\EventTarget-impl.js:353:9)
    at invokeEventListeners (C:\Users\damat\_REPOS\Astral Turf
\node_modules\jsdom\lib\jsdom\living\events\EventTarget-impl.j
s:286:3)
    at HTMLUnknownElementImpl._dispatch 
(C:\Users\damat\_REPOS\Astral Turf\node_modules\jsdom\lib\jsdo
m\living\events\EventTarget-impl.js:233:9)
    at HTMLUnknownElementImpl.dispatchEvent 
(C:\Users\damat\_REPOS\Astral Turf\node_modules\jsdom\lib\jsdo
m\living\events\EventTarget-impl.js:104:17)
    at HTMLUnknownElement.dispatchEvent 
(C:\Users\damat\_REPOS\Astral Turf\node_modules\jsdom\lib\jsdo
m\living\generated\EventTarget.js:241:34)
    at Object.invokeGuardedCallbackDev 
(C:\Users\damat\_REPOS\Astral Turf\node_modules\react-dom\cjs\
react-dom.development.js:4213:16)
    at invokeGuardedCallback (C:\Users\damat\_REPOS\Astral Tur
f\node_modules\react-dom\cjs\react-dom.development.js:4277:31)
    at beginWork$1 (C:\Users\damat\_REPOS\Astral Turf\node_mod
ules\react-dom\cjs\react-dom.development.js:27490:7)
    at performUnitOfWork (C:\Users\damat\_REPOS\Astral Turf\no
de_modules\react-dom\cjs\react-dom.development.js:26599:12) 
Error: Always fails
    at AlwaysFailingComponent 
[90m(C:\Users\damat\_REPOS\Astral Turf\[39msrc\__tests__\int
egration\TacticalErrorRecovery.test.tsx:271:15[90m)[39m
    at renderWithHooks [90m(C:\Users\damat\_REPOS\Astral Turf
\[39mnode_modules\[4mreact-dom[24m\cjs\react-dom.developmen
t.js:15486:18[90m)[39m
    at mountIndeterminateComponent 
[90m(C:\Users\damat\_REPOS\Astral Turf\[39mnode_modules\[4m
react-dom[24m\cjs\react-dom.development.js:20103:13[90m)[39
m
    at beginWork [90m(C:\Users\damat\_REPOS\Astral Turf\[39m
node_modules\[4mreact-dom[24m\cjs\react-dom.development.js:2
1626:16[90m)[39m
    at HTMLUnknownElement.callCallback 
[90m(C:\Users\damat\_REPOS\Astral Turf\[39mnode_modules\[4m
react-dom[24m\cjs\react-dom.development.js:4164:14[90m)[39m
    at HTMLUnknownElement.callTheUserObjectsOperation 
[90m(C:\Users\damat\_REPOS\Astral Turf\[39mnode_modules\[4m
jsdom[24m\lib\jsdom\living\generated\EventListener.js:26:30[
90m)[39m
    at innerInvokeEventListeners 
[90m(C:\Users\damat\_REPOS\Astral Turf\[39mnode_modules\[4m
jsdom[24m\lib\jsdom\living\events\EventTarget-impl.js:350:25
[90m)[39m
    at invokeEventListeners 
[90m(C:\Users\damat\_REPOS\Astral Turf\[39mnode_modules\[4m
jsdom[24m\lib\jsdom\living\events\EventTarget-impl.js:286:3[
90m)[39m
    at HTMLUnknownElementImpl._dispatch 
[90m(C:\Users\damat\_REPOS\Astral Turf\[39mnode_modules\[4m
jsdom[24m\lib\jsdom\living\events\EventTarget-impl.js:233:9[
90m)[39m
    at HTMLUnknownElementImpl.dispatchEvent 
[90m(C:\Users\damat\_REPOS\Astral Turf\[39mnode_modules\[4m
jsdom[24m\lib\jsdom\living\events\EventTarget-impl.js:104:17
[90m)[39m

[90mstderr[2m | 
src/__tests__/integration/TacticalErrorRecovery.test.tsx[2m 
> [22m[2mZENITH Tactical Error Recovery Tests[2m > 
[22m[2mError Boundary Functionality[2m > [22m[2mshould 
limit retry attempts to prevent infinite loops
[22m[39mError: Uncaught [Error: Always fails]
    at reportException (C:\Users\damat\_REPOS\Astral Turf\node
_modules\jsdom\lib\jsdom\living\helpers\runtime-script-errors.
js:66:24)
    at innerInvokeEventListeners 
(C:\Users\damat\_REPOS\Astral Turf\node_modules\jsdom\lib\jsdo
m\living\events\EventTarget-impl.js:353:9)
    at invokeEventListeners (C:\Users\damat\_REPOS\Astral Turf
\node_modules\jsdom\lib\jsdom\living\events\EventTarget-impl.j
s:286:3)
    at HTMLUnknownElementImpl._dispatch 
(C:\Users\damat\_REPOS\Astral Turf\node_modules\jsdom\lib\jsdo
m\living\events\EventTarget-impl.js:233:9)
    at HTMLUnknownElementImpl.dispatchEvent 
(C:\Users\damat\_REPOS\Astral Turf\node_modules\jsdom\lib\jsdo
m\living\events\EventTarget-impl.js:104:17)
    at HTMLUnknownElement.dispatchEvent 
(C:\Users\damat\_REPOS\Astral Turf\node_modules\jsdom\lib\jsdo
m\living\generated\EventTarget.js:241:34)
    at Object.invokeGuardedCallbackDev 
(C:\Users\damat\_REPOS\Astral Turf\node_modules\react-dom\cjs\
react-dom.development.js:4213:16)
    at invokeGuardedCallback (C:\Users\damat\_REPOS\Astral Tur
f\node_modules\react-dom\cjs\react-dom.development.js:4277:31)
    at beginWork$1 (C:\Users\damat\_REPOS\Astral Turf\node_mod
ules\react-dom\cjs\react-dom.development.js:27490:7)
    at performUnitOfWork (C:\Users\damat\_REPOS\Astral Turf\no
de_modules\react-dom\cjs\react-dom.development.js:26599:12) 
Error: Always fails
    at AlwaysFailingComponent 
[90m(C:\Users\damat\_REPOS\Astral Turf\[39msrc\__tests__\int
egration\TacticalErrorRecovery.test.tsx:271:15[90m)[39m
    at renderWithHooks [90m(C:\Users\damat\_REPOS\Astral Turf
\[39mnode_modules\[4mreact-dom[24m\cjs\react-dom.developmen
t.js:15486:18[90m)[39m
    at mountIndeterminateComponent 
[90m(C:\Users\damat\_REPOS\Astral Turf\[39mnode_modules\[4m
react-dom[24m\cjs\react-dom.development.js:20103:13[90m)[39
m
    at beginWork [90m(C:\Users\damat\_REPOS\Astral Turf\[39m
node_modules\[4mreact-dom[24m\cjs\react-dom.development.js:2
1626:16[90m)[39m
    at HTMLUnknownElement.callCallback 
[90m(C:\Users\damat\_REPOS\Astral Turf\[39mnode_modules\[4m
react-dom[24m\cjs\react-dom.development.js:4164:14[90m)[39m
    at HTMLUnknownElement.callTheUserObjectsOperation 
[90m(C:\Users\damat\_REPOS\Astral Turf\[39mnode_modules\[4m
jsdom[24m\lib\jsdom\living\generated\EventListener.js:26:30[
90m)[39m
    at innerInvokeEventListeners 
[90m(C:\Users\damat\_REPOS\Astral Turf\[39mnode_modules\[4m
jsdom[24m\lib\jsdom\living\events\EventTarget-impl.js:350:25
[90m)[39m
    at invokeEventListeners 
[90m(C:\Users\damat\_REPOS\Astral Turf\[39mnode_modules\[4m
jsdom[24m\lib\jsdom\living\events\EventTarget-impl.js:286:3[
90m)[39m
    at HTMLUnknownElementImpl._dispatch 
[90m(C:\Users\damat\_REPOS\Astral Turf\[39mnode_modules\[4m
jsdom[24m\lib\jsdom\living\events\EventTarget-impl.js:233:9[
90m)[39m
    at HTMLUnknownElementImpl.dispatchEvent 
[90m(C:\Users\damat\_REPOS\Astral Turf\[39mnode_modules\[4m
jsdom[24m\lib\jsdom\living\events\EventTarget-impl.js:104:17
[90m)[39m
Error: Uncaught [Error: Always fails]
    at reportException (C:\Users\damat\_REPOS\Astral Turf\node
_modules\jsdom\lib\jsdom\living\helpers\runtime-script-errors.
js:66:24)
    at innerInvokeEventListeners 
(C:\Users\damat\_REPOS\Astral Turf\node_modules\jsdom\lib\jsdo
m\living\events\EventTarget-impl.js:353:9)
    at invokeEventListeners (C:\Users\damat\_REPOS\Astral Turf
\node_modules\jsdom\lib\jsdom\living\events\EventTarget-impl.j
s:286:3)
    at HTMLUnknownElementImpl._dispatch 
(C:\Users\damat\_REPOS\Astral Turf\node_modules\jsdom\lib\jsdo
m\living\events\EventTarget-impl.js:233:9)
    at HTMLUnknownElementImpl.dispatchEvent 
(C:\Users\damat\_REPOS\Astral Turf\node_modules\jsdom\lib\jsdo
m\living\events\EventTarget-impl.js:104:17)
    at HTMLUnknownElement.dispatchEvent 
(C:\Users\damat\_REPOS\Astral Turf\node_modules\jsdom\lib\jsdo
m\living\generated\EventTarget.js:241:34)
    at Object.invokeGuardedCallbackDev 
(C:\Users\damat\_REPOS\Astral Turf\node_modules\react-dom\cjs\
react-dom.development.js:4213:16)
    at invokeGuardedCallback (C:\Users\damat\_REPOS\Astral Tur
f\node_modules\react-dom\cjs\react-dom.development.js:4277:31)
    at beginWork$1 (C:\Users\damat\_REPOS\Astral Turf\node_mod
ules\react-dom\cjs\react-dom.development.js:27490:7)
    at performUnitOfWork (C:\Users\damat\_REPOS\Astral Turf\no
de_modules\react-dom\cjs\react-dom.development.js:26599:12) 
Error: Always fails
    at AlwaysFailingComponent 
[90m(C:\Users\damat\_REPOS\Astral Turf\[39msrc\__tests__\int
egration\TacticalErrorRecovery.test.tsx:271:15[90m)[39m
    at renderWithHooks [90m(C:\Users\damat\_REPOS\Astral Turf
\[39mnode_modules\[4mreact-dom[24m\cjs\react-dom.developmen
t.js:15486:18[90m)[39m
    at mountIndeterminateComponent 
[90m(C:\Users\damat\_REPOS\Astral Turf\[39mnode_modules\[4m
react-dom[24m\cjs\react-dom.development.js:20103:13[90m)[39
m
    at beginWork [90m(C:\Users\damat\_REPOS\Astral Turf\[39m
node_modules\[4mreact-dom[24m\cjs\react-dom.development.js:2
1626:16[90m)[39m
    at HTMLUnknownElement.callCallback 
[90m(C:\Users\damat\_REPOS\Astral Turf\[39mnode_modules\[4m
react-dom[24m\cjs\react-dom.development.js:4164:14[90m)[39m
    at HTMLUnknownElement.callTheUserObjectsOperation 
[90m(C:\Users\damat\_REPOS\Astral Turf\[39mnode_modules\[4m
jsdom[24m\lib\jsdom\living\generated\EventListener.js:26:30[
90m)[39m
    at innerInvokeEventListeners 
[90m(C:\Users\damat\_REPOS\Astral Turf\[39mnode_modules\[4m
jsdom[24m\lib\jsdom\living\events\EventTarget-impl.js:350:25
[90m)[39m
    at invokeEventListeners 
[90m(C:\Users\damat\_REPOS\Astral Turf\[39mnode_modules\[4m
jsdom[24m\lib\jsdom\living\events\EventTarget-impl.js:286:3[
90m)[39m
    at HTMLUnknownElementImpl._dispatch 
[90m(C:\Users\damat\_REPOS\Astral Turf\[39mnode_modules\[4m
jsdom[24m\lib\jsdom\living\events\EventTarget-impl.js:233:9[
90m)[39m
    at HTMLUnknownElementImpl.dispatchEvent 
[90m(C:\Users\damat\_REPOS\Astral Turf\[39mnode_modules\[4m
jsdom[24m\lib\jsdom\living\events\EventTarget-impl.js:104:17
[90m)[39m

[90mstderr[2m | 
src/__tests__/integration/TacticalErrorRecovery.test.tsx[2m 
> [22m[2mZENITH Tactical Error Recovery Tests[2m > 
[22m[2mError Boundary Functionality[2m > [22m[2mshould 
limit retry attempts to prevent infinite loops
[22m[39mError: Uncaught [Error: Always fails]
    at reportException (C:\Users\damat\_REPOS\Astral Turf\node
_modules\jsdom\lib\jsdom\living\helpers\runtime-script-errors.
js:66:24)
    at innerInvokeEventListeners 
(C:\Users\damat\_REPOS\Astral Turf\node_modules\jsdom\lib\jsdo
m\living\events\EventTarget-impl.js:353:9)
    at invokeEventListeners (C:\Users\damat\_REPOS\Astral Turf
\node_modules\jsdom\lib\jsdom\living\events\EventTarget-impl.j
s:286:3)
    at HTMLUnknownElementImpl._dispatch 
(C:\Users\damat\_REPOS\Astral Turf\node_modules\jsdom\lib\jsdo
m\living\events\EventTarget-impl.js:233:9)
    at HTMLUnknownElementImpl.dispatchEvent 
(C:\Users\damat\_REPOS\Astral Turf\node_modules\jsdom\lib\jsdo
m\living\events\EventTarget-impl.js:104:17)
    at HTMLUnknownElement.dispatchEvent 
(C:\Users\damat\_REPOS\Astral Turf\node_modules\jsdom\lib\jsdo
m\living\generated\EventTarget.js:241:34)
    at Object.invokeGuardedCallbackDev 
(C:\Users\damat\_REPOS\Astral Turf\node_modules\react-dom\cjs\
react-dom.development.js:4213:16)
    at invokeGuardedCallback (C:\Users\damat\_REPOS\Astral Tur
f\node_modules\react-dom\cjs\react-dom.development.js:4277:31)
    at beginWork$1 (C:\Users\damat\_REPOS\Astral Turf\node_mod
ules\react-dom\cjs\react-dom.development.js:27490:7)
    at performUnitOfWork (C:\Users\damat\_REPOS\Astral Turf\no
de_modules\react-dom\cjs\react-dom.development.js:26599:12) 
Error: Always fails
    at AlwaysFailingComponent 
[90m(C:\Users\damat\_REPOS\Astral Turf\[39msrc\__tests__\int
egration\TacticalErrorRecovery.test.tsx:271:15[90m)[39m
    at renderWithHooks [90m(C:\Users\damat\_REPOS\Astral Turf
\[39mnode_modules\[4mreact-dom[24m\cjs\react-dom.developmen
t.js:15486:18[90m)[39m
    at mountIndeterminateComponent 
[90m(C:\Users\damat\_REPOS\Astral Turf\[39mnode_modules\[4m
react-dom[24m\cjs\react-dom.development.js:20103:13[90m)[39
m
    at beginWork [90m(C:\Users\damat\_REPOS\Astral Turf\[39m
node_modules\[4mreact-dom[24m\cjs\react-dom.development.js:2
1626:16[90m)[39m
    at HTMLUnknownElement.callCallback 
[90m(C:\Users\damat\_REPOS\Astral Turf\[39mnode_modules\[4m
react-dom[24m\cjs\react-dom.development.js:4164:14[90m)[39m
    at HTMLUnknownElement.callTheUserObjectsOperation 
[90m(C:\Users\damat\_REPOS\Astral Turf\[39mnode_modules\[4m
jsdom[24m\lib\jsdom\living\generated\EventListener.js:26:30[
90m)[39m
    at innerInvokeEventListeners 
[90m(C:\Users\damat\_REPOS\Astral Turf\[39mnode_modules\[4m
jsdom[24m\lib\jsdom\living\events\EventTarget-impl.js:350:25
[90m)[39m
    at invokeEventListeners 
[90m(C:\Users\damat\_REPOS\Astral Turf\[39mnode_modules\[4m
jsdom[24m\lib\jsdom\living\events\EventTarget-impl.js:286:3[
90m)[39m
    at HTMLUnknownElementImpl._dispatch 
[90m(C:\Users\damat\_REPOS\Astral Turf\[39mnode_modules\[4m
jsdom[24m\lib\jsdom\living\events\EventTarget-impl.js:233:9[
90m)[39m
    at HTMLUnknownElementImpl.dispatchEvent 
[90m(C:\Users\damat\_REPOS\Astral Turf\[39mnode_modules\[4m
jsdom[24m\lib\jsdom\living\events\EventTarget-impl.js:104:17
[90m)[39m
Error: Uncaught [Error: Always fails]
    at reportException (C:\Users\damat\_REPOS\Astral Turf\node
_modules\jsdom\lib\jsdom\living\helpers\runtime-script-errors.
js:66:24)
    at innerInvokeEventListeners 
(C:\Users\damat\_REPOS\Astral Turf\node_modules\jsdom\lib\jsdo
m\living\events\EventTarget-impl.js:353:9)
    at invokeEventListeners (C:\Users\damat\_REPOS\Astral Turf
\node_modules\jsdom\lib\jsdom\living\events\EventTarget-impl.j
s:286:3)
    at HTMLUnknownElementImpl._dispatch 
(C:\Users\damat\_REPOS\Astral Turf\node_modules\jsdom\lib\jsdo
m\living\events\EventTarget-impl.js:233:9)
    at HTMLUnknownElementImpl.dispatchEvent 
(C:\Users\damat\_REPOS\Astral Turf\node_modules\jsdom\lib\jsdo
m\living\events\EventTarget-impl.js:104:17)
    at HTMLUnknownElement.dispatchEvent 
(C:\Users\damat\_REPOS\Astral Turf\node_modules\jsdom\lib\jsdo
m\living\generated\EventTarget.js:241:34)
    at Object.invokeGuardedCallbackDev 
(C:\Users\damat\_REPOS\Astral Turf\node_modules\react-dom\cjs\
react-dom.development.js:4213:16)
    at invokeGuardedCallback (C:\Users\damat\_REPOS\Astral Tur
f\node_modules\react-dom\cjs\react-dom.development.js:4277:31)
    at beginWork$1 (C:\Users\damat\_REPOS\Astral Turf\node_mod
ules\react-dom\cjs\react-dom.development.js:27490:7)
    at performUnitOfWork (C:\Users\damat\_REPOS\Astral Turf\no
de_modules\react-dom\cjs\react-dom.development.js:26599:12) 
Error: Always fails
    at AlwaysFailingComponent 
[90m(C:\Users\damat\_REPOS\Astral Turf\[39msrc\__tests__\int
egration\TacticalErrorRecovery.test.tsx:271:15[90m)[39m
    at renderWithHooks [90m(C:\Users\damat\_REPOS\Astral Turf
\[39mnode_modules\[4mreact-dom[24m\cjs\react-dom.developmen
t.js:15486:18[90m)[39m
    at mountIndeterminateComponent 
[90m(C:\Users\damat\_REPOS\Astral Turf\[39mnode_modules\[4m
react-dom[24m\cjs\react-dom.development.js:20103:13[90m)[39
m
    at beginWork [90m(C:\Users\damat\_REPOS\Astral Turf\[39m
node_modules\[4mreact-dom[24m\cjs\react-dom.development.js:2
1626:16[90m)[39m
    at HTMLUnknownElement.callCallback 
[90m(C:\Users\damat\_REPOS\Astral Turf\[39mnode_modules\[4m
react-dom[24m\cjs\react-dom.development.js:4164:14[90m)[39m
    at HTMLUnknownElement.callTheUserObjectsOperation 
[90m(C:\Users\damat\_REPOS\Astral Turf\[39mnode_modules\[4m
jsdom[24m\lib\jsdom\living\generated\EventListener.js:26:30[
90m)[39m
    at innerInvokeEventListeners 
[90m(C:\Users\damat\_REPOS\Astral Turf\[39mnode_modules\[4m
jsdom[24m\lib\jsdom\living\events\EventTarget-impl.js:350:25
[90m)[39m
    at invokeEventListeners 
[90m(C:\Users\damat\_REPOS\Astral Turf\[39mnode_modules\[4m
jsdom[24m\lib\jsdom\living\events\EventTarget-impl.js:286:3[
90m)[39m
    at HTMLUnknownElementImpl._dispatch 
[90m(C:\Users\damat\_REPOS\Astral Turf\[39mnode_modules\[4m
jsdom[24m\lib\jsdom\living\events\EventTarget-impl.js:233:9[
90m)[39m
    at HTMLUnknownElementImpl.dispatchEvent 
[90m(C:\Users\damat\_REPOS\Astral Turf\[39mnode_modules\[4m
jsdom[24m\lib\jsdom\living\events\EventTarget-impl.js:104:17
[90m)[39m

[90mstderr[2m | 
src/__tests__/integration/TacticalErrorRecovery.test.tsx[2m 
> [22m[2mZENITH Tactical Error Recovery Tests[2m > 
[22m[2mError Boundary Functionality[2m > [22m[2mshould 
limit retry attempts to prevent infinite loops
[22m[39mError: Uncaught [Error: Always fails]
    at reportException (C:\Users\damat\_REPOS\Astral Turf\node
_modules\jsdom\lib\jsdom\living\helpers\runtime-script-errors.
js:66:24)
    at innerInvokeEventListeners 
(C:\Users\damat\_REPOS\Astral Turf\node_modules\jsdom\lib\jsdo
m\living\events\EventTarget-impl.js:353:9)
    at invokeEventListeners (C:\Users\damat\_REPOS\Astral Turf
\node_modules\jsdom\lib\jsdom\living\events\EventTarget-impl.j
s:286:3)
    at HTMLUnknownElementImpl._dispatch 
(C:\Users\damat\_REPOS\Astral Turf\node_modules\jsdom\lib\jsdo
m\living\events\EventTarget-impl.js:233:9)
    at HTMLUnknownElementImpl.dispatchEvent 
(C:\Users\damat\_REPOS\Astral Turf\node_modules\jsdom\lib\jsdo
m\living\events\EventTarget-impl.js:104:17)
    at HTMLUnknownElement.dispatchEvent 
(C:\Users\damat\_REPOS\Astral Turf\node_modules\jsdom\lib\jsdo
m\living\generated\EventTarget.js:241:34)
    at Object.invokeGuardedCallbackDev 
(C:\Users\damat\_REPOS\Astral Turf\node_modules\react-dom\cjs\
react-dom.development.js:4213:16)
    at invokeGuardedCallback (C:\Users\damat\_REPOS\Astral Tur
f\node_modules\react-dom\cjs\react-dom.development.js:4277:31)
    at beginWork$1 (C:\Users\damat\_REPOS\Astral Turf\node_mod
ules\react-dom\cjs\react-dom.development.js:27490:7)
    at performUnitOfWork (C:\Users\damat\_REPOS\Astral Turf\no
de_modules\react-dom\cjs\react-dom.development.js:26599:12) 
Error: Always fails
    at AlwaysFailingComponent 
[90m(C:\Users\damat\_REPOS\Astral Turf\[39msrc\__tests__\int
egration\TacticalErrorRecovery.test.tsx:271:15[90m)[39m
    at renderWithHooks [90m(C:\Users\damat\_REPOS\Astral Turf
\[39mnode_modules\[4mreact-dom[24m\cjs\react-dom.developmen
t.js:15486:18[90m)[39m
    at mountIndeterminateComponent 
[90m(C:\Users\damat\_REPOS\Astral Turf\[39mnode_modules\[4m
react-dom[24m\cjs\react-dom.development.js:20103:13[90m)[39
m
    at beginWork [90m(C:\Users\damat\_REPOS\Astral Turf\[39m
node_modules\[4mreact-dom[24m\cjs\react-dom.development.js:2
1626:16[90m)[39m
    at HTMLUnknownElement.callCallback 
[90m(C:\Users\damat\_REPOS\Astral Turf\[39mnode_modules\[4m
react-dom[24m\cjs\react-dom.development.js:4164:14[90m)[39m
    at HTMLUnknownElement.callTheUserObjectsOperation 
[90m(C:\Users\damat\_REPOS\Astral Turf\[39mnode_modules\[4m
jsdom[24m\lib\jsdom\living\generated\EventListener.js:26:30[
90m)[39m
    at innerInvokeEventListeners 
[90m(C:\Users\damat\_REPOS\Astral Turf\[39mnode_modules\[4m
jsdom[24m\lib\jsdom\living\events\EventTarget-impl.js:350:25
[90m)[39m
    at invokeEventListeners 
[90m(C:\Users\damat\_REPOS\Astral Turf\[39mnode_modules\[4m
jsdom[24m\lib\jsdom\living\events\EventTarget-impl.js:286:3[
90m)[39m
    at HTMLUnknownElementImpl._dispatch 
[90m(C:\Users\damat\_REPOS\Astral Turf\[39mnode_modules\[4m
jsdom[24m\lib\jsdom\living\events\EventTarget-impl.js:233:9[
90m)[39m
    at HTMLUnknownElementImpl.dispatchEvent 
[90m(C:\Users\damat\_REPOS\Astral Turf\[39mnode_modules\[4m
jsdom[24m\lib\jsdom\living\events\EventTarget-impl.js:104:17
[90m)[39m
Error: Uncaught [Error: Always fails]
    at reportException (C:\Users\damat\_REPOS\Astral Turf\node
_modules\jsdom\lib\jsdom\living\helpers\runtime-script-errors.
js:66:24)
    at innerInvokeEventListeners 
(C:\Users\damat\_REPOS\Astral Turf\node_modules\jsdom\lib\jsdo
m\living\events\EventTarget-impl.js:353:9)
    at invokeEventListeners (C:\Users\damat\_REPOS\Astral Turf
\node_modules\jsdom\lib\jsdom\living\events\EventTarget-impl.j
s:286:3)
    at HTMLUnknownElementImpl._dispatch 
(C:\Users\damat\_REPOS\Astral Turf\node_modules\jsdom\lib\jsdo
m\living\events\EventTarget-impl.js:233:9)
    at HTMLUnknownElementImpl.dispatchEvent 
(C:\Users\damat\_REPOS\Astral Turf\node_modules\jsdom\lib\jsdo
m\living\events\EventTarget-impl.js:104:17)
    at HTMLUnknownElement.dispatchEvent 
(C:\Users\damat\_REPOS\Astral Turf\node_modules\jsdom\lib\jsdo
m\living\generated\EventTarget.js:241:34)
    at Object.invokeGuardedCallbackDev 
(C:\Users\damat\_REPOS\Astral Turf\node_modules\react-dom\cjs\
react-dom.development.js:4213:16)
    at invokeGuardedCallback (C:\Users\damat\_REPOS\Astral Tur
f\node_modules\react-dom\cjs\react-dom.development.js:4277:31)
    at beginWork$1 (C:\Users\damat\_REPOS\Astral Turf\node_mod
ules\react-dom\cjs\react-dom.development.js:27490:7)
    at performUnitOfWork (C:\Users\damat\_REPOS\Astral Turf\no
de_modules\react-dom\cjs\react-dom.development.js:26599:12) 
Error: Always fails
    at AlwaysFailingComponent 
[90m(C:\Users\damat\_REPOS\Astral Turf\[39msrc\__tests__\int
egration\TacticalErrorRecovery.test.tsx:271:15[90m)[39m
    at renderWithHooks [90m(C:\Users\damat\_REPOS\Astral Turf
\[39mnode_modules\[4mreact-dom[24m\cjs\react-dom.developmen
t.js:15486:18[90m)[39m
    at mountIndeterminateComponent 
[90m(C:\Users\damat\_REPOS\Astral Turf\[39mnode_modules\[4m
react-dom[24m\cjs\react-dom.development.js:20103:13[90m)[39
m
    at beginWork [90m(C:\Users\damat\_REPOS\Astral Turf\[39m
node_modules\[4mreact-dom[24m\cjs\react-dom.development.js:2
1626:16[90m)[39m
    at HTMLUnknownElement.callCallback 
[90m(C:\Users\damat\_REPOS\Astral Turf\[39mnode_modules\[4m
react-dom[24m\cjs\react-dom.development.js:4164:14[90m)[39m
    at HTMLUnknownElement.callTheUserObjectsOperation 
[90m(C:\Users\damat\_REPOS\Astral Turf\[39mnode_modules\[4m
jsdom[24m\lib\jsdom\living\generated\EventListener.js:26:30[
90m)[39m
    at innerInvokeEventListeners 
[90m(C:\Users\damat\_REPOS\Astral Turf\[39mnode_modules\[4m
jsdom[24m\lib\jsdom\living\events\EventTarget-impl.js:350:25
[90m)[39m
    at invokeEventListeners 
[90m(C:\Users\damat\_REPOS\Astral Turf\[39mnode_modules\[4m
jsdom[24m\lib\jsdom\living\events\EventTarget-impl.js:286:3[
90m)[39m
    at HTMLUnknownElementImpl._dispatch 
[90m(C:\Users\damat\_REPOS\Astral Turf\[39mnode_modules\[4m
jsdom[24m\lib\jsdom\living\events\EventTarget-impl.js:233:9[
90m)[39m
    at HTMLUnknownElementImpl.dispatchEvent 
[90m(C:\Users\damat\_REPOS\Astral Turf\[39mnode_modules\[4m
jsdom[24m\lib\jsdom\living\events\EventTarget-impl.js:104:17
[90m)[39m

[90mstdout[2m | src/__tests__/integration/TacticalErrorRecovery.test.tsx[2m > [22m[2mZENITH Tactical Error Recovery Tests[2m > [22m[2mError Boundary Functionality[2m > [22m[2mshould limit retry attempts to prevent infinite loops
[22m[39m≡ƒ¢í∩╕Å Tactical Error Boundary: Retry Limit Test

[90mstdout[2m | src/__tests__/integration/TacticalErrorRecovery.test.tsx[2m > [22m[2mZENITH Tactical Error Recovery Tests[2m > [22m[2mError Boundary Functionality[2m > [22m[2mshould limit retry attempts to prevent infinite loops
[22m[39m≡ƒ¢í∩╕Å Tactical Error Boundary: Retry Limit Test

 [32mΓ£ô[39m src/__tests__/integration/TacticalErrorRecovery.test.tsx[2m > [22mZENITH Tactical Error Recovery Tests[2m > [22mError Boundary Functionality[2m > [22mshould catch and display component errors gracefully[32m 42[2mms[22m[39m[35m 73 MB heap used[39m
 [32mΓ£ô[39m src/__tests__/integration/TacticalErrorRecovery.test.tsx[2m > [22mZENITH Tactical Error Recovery Tests[2m > [22mError Boundary Functionality[2m > [22mshould render children normally when no errors occur[32m 2[2mms[22m[39m[35m 74 MB heap used[39m
 [2m[90mΓåô[39m[22m src/__tests__/integration/TacticalErrorRecovery.test.tsx[2m > [22mZENITH Tactical Error Recovery Tests[2m > [22mError Boundary Functionality[2m > [22mshould provide retry functionality for recoverable errors
[90mstderr[2m | 
src/__tests__/integration/TacticalErrorRecovery.test.tsx[2m 
> [22m[2mZENITH Tactical Error Recovery Tests[2m > 
[22m[2mError Boundary Functionality[2m > [22m[2mshould 
limit retry attempts to prevent infinite loops
[22m[39mError: Uncaught [Error: Always fails]
    at reportException (C:\Users\damat\_REPOS\Astral Turf\node
_modules\jsdom\lib\jsdom\living\helpers\runtime-script-errors.
js:66:24)
    at innerInvokeEventListeners 
(C:\Users\damat\_REPOS\Astral Turf\node_modules\jsdom\lib\jsdo
m\living\events\EventTarget-impl.js:353:9)
    at invokeEventListeners (C:\Users\damat\_REPOS\Astral Turf
\node_modules\jsdom\lib\jsdom\living\events\EventTarget-impl.j
s:286:3)
    at HTMLUnknownElementImpl._dispatch 
(C:\Users\damat\_REPOS\Astral Turf\node_modules\jsdom\lib\jsdo
m\living\events\EventTarget-impl.js:233:9)
    at HTMLUnknownElementImpl.dispatchEvent 
(C:\Users\damat\_REPOS\Astral Turf\node_modules\jsdom\lib\jsdo
m\living\events\EventTarget-impl.js:104:17)
    at HTMLUnknownElement.dispatchEvent 
(C:\Users\damat\_REPOS\Astral Turf\node_modules\jsdom\lib\jsdo
m\living\generated\EventTarget.js:241:34)
    at Object.invokeGuardedCallbackDev 
(C:\Users\damat\_REPOS\Astral Turf\node_modules\react-dom\cjs\
react-dom.development.js:4213:16)
    at invokeGuardedCallback (C:\Users\damat\_REPOS\Astral Tur
f\node_modules\react-dom\cjs\react-dom.development.js:4277:31)
    at beginWork$1 (C:\Users\damat\_REPOS\Astral Turf\node_mod
ules\react-dom\cjs\react-dom.development.js:27490:7)
    at performUnitOfWork (C:\Users\damat\_REPOS\Astral Turf\no
de_modules\react-dom\cjs\react-dom.development.js:26599:12) 
Error: Always fails
    at AlwaysFailingComponent 
[90m(C:\Users\damat\_REPOS\Astral Turf\[39msrc\__tests__\int
egration\TacticalErrorRecovery.test.tsx:271:15[90m)[39m
    at renderWithHooks [90m(C:\Users\damat\_REPOS\Astral Turf
\[39mnode_modules\[4mreact-dom[24m\cjs\react-dom.developmen
t.js:15486:18[90m)[39m
    at mountIndeterminateComponent 
[90m(C:\Users\damat\_REPOS\Astral Turf\[39mnode_modules\[4m
react-dom[24m\cjs\react-dom.development.js:20103:13[90m)[39
m
    at beginWork [90m(C:\Users\damat\_REPOS\Astral Turf\[39m
node_modules\[4mreact-dom[24m\cjs\react-dom.development.js:2
1626:16[90m)[39m
    at HTMLUnknownElement.callCallback 
[90m(C:\Users\damat\_REPOS\Astral Turf\[39mnode_modules\[4m
react-dom[24m\cjs\react-dom.development.js:4164:14[90m)[39m
    at HTMLUnknownElement.callTheUserObjectsOperation 
[90m(C:\Users\damat\_REPOS\Astral Turf\[39mnode_modules\[4m
jsdom[24m\lib\jsdom\living\generated\EventListener.js:26:30[
90m)[39m
    at innerInvokeEventListeners 
[90m(C:\Users\damat\_REPOS\Astral Turf\[39mnode_modules\[4m
jsdom[24m\lib\jsdom\living\events\EventTarget-impl.js:350:25
[90m)[39m
    at invokeEventListeners 
[90m(C:\Users\damat\_REPOS\Astral Turf\[39mnode_modules\[4m
jsdom[24m\lib\jsdom\living\events\EventTarget-impl.js:286:3[
90m)[39m
    at HTMLUnknownElementImpl._dispatch 
[90m(C:\Users\damat\_REPOS\Astral Turf\[39mnode_modules\[4m
jsdom[24m\lib\jsdom\living\events\EventTarget-impl.js:233:9[
90m)[39m
    at HTMLUnknownElementImpl.dispatchEvent 
[90m(C:\Users\damat\_REPOS\Astral Turf\[39mnode_modules\[4m
jsdom[24m\lib\jsdom\living\events\EventTarget-impl.js:104:17
[90m)[39m
Error: Uncaught [Error: Always fails]
    at reportException (C:\Users\damat\_REPOS\Astral Turf\node
_modules\jsdom\lib\jsdom\living\helpers\runtime-script-errors.
js:66:24)
    at innerInvokeEventListeners 
(C:\Users\damat\_REPOS\Astral Turf\node_modules\jsdom\lib\jsdo
m\living\events\EventTarget-impl.js:353:9)
    at invokeEventListeners (C:\Users\damat\_REPOS\Astral Turf
\node_modules\jsdom\lib\jsdom\living\events\EventTarget-impl.j
s:286:3)
    at HTMLUnknownElementImpl._dispatch 
(C:\Users\damat\_REPOS\Astral Turf\node_modules\jsdom\lib\jsdo
m\living\events\EventTarget-impl.js:233:9)
    at HTMLUnknownElementImpl.dispatchEvent 
(C:\Users\damat\_REPOS\Astral Turf\node_modules\jsdom\lib\jsdo
m\living\events\EventTarget-impl.js:104:17)
    at HTMLUnknownElement.dispatchEvent 
(C:\Users\damat\_REPOS\Astral Turf\node_modules\jsdom\lib\jsdo
m\living\generated\EventTarget.js:241:34)
    at Object.invokeGuardedCallbackDev 
(C:\Users\damat\_REPOS\Astral Turf\node_modules\react-dom\cjs\
react-dom.development.js:4213:16)
    at invokeGuardedCallback (C:\Users\damat\_REPOS\Astral Tur
f\node_modules\react-dom\cjs\react-dom.development.js:4277:31)
    at beginWork$1 (C:\Users\damat\_REPOS\Astral Turf\node_mod
ules\react-dom\cjs\react-dom.development.js:27490:7)
    at performUnitOfWork (C:\Users\damat\_REPOS\Astral Turf\no
de_modules\react-dom\cjs\react-dom.development.js:26599:12) 
Error: Always fails
    at AlwaysFailingComponent 
[90m(C:\Users\damat\_REPOS\Astral Turf\[39msrc\__tests__\int
egration\TacticalErrorRecovery.test.tsx:271:15[90m)[39m
    at renderWithHooks [90m(C:\Users\damat\_REPOS\Astral Turf
\[39mnode_modules\[4mreact-dom[24m\cjs\react-dom.developmen
t.js:15486:18[90m)[39m
    at mountIndeterminateComponent 
[90m(C:\Users\damat\_REPOS\Astral Turf\[39mnode_modules\[4m
react-dom[24m\cjs\react-dom.development.js:20103:13[90m)[39
m
    at beginWork [90m(C:\Users\damat\_REPOS\Astral Turf\[39m
node_modules\[4mreact-dom[24m\cjs\react-dom.development.js:2
1626:16[90m)[39m
    at HTMLUnknownElement.callCallback 
[90m(C:\Users\damat\_REPOS\Astral Turf\[39mnode_modules\[4m
react-dom[24m\cjs\react-dom.development.js:4164:14[90m)[39m
    at HTMLUnknownElement.callTheUserObjectsOperation 
[90m(C:\Users\damat\_REPOS\Astral Turf\[39mnode_modules\[4m
jsdom[24m\lib\jsdom\living\generated\EventListener.js:26:30[
90m)[39m
    at innerInvokeEventListeners 
[90m(C:\Users\damat\_REPOS\Astral Turf\[39mnode_modules\[4m
jsdom[24m\lib\jsdom\living\events\EventTarget-impl.js:350:25
[90m)[39m
    at invokeEventListeners 
[90m(C:\Users\damat\_REPOS\Astral Turf\[39mnode_modules\[4m
jsdom[24m\lib\jsdom\living\events\EventTarget-impl.js:286:3[
90m)[39m
    at HTMLUnknownElementImpl._dispatch 
[90m(C:\Users\damat\_REPOS\Astral Turf\[39mnode_modules\[4m
jsdom[24m\lib\jsdom\living\events\EventTarget-impl.js:233:9[
90m)[39m
    at HTMLUnknownElementImpl.dispatchEvent 
[90m(C:\Users\damat\_REPOS\Astral Turf\[39mnode_modules\[4m
jsdom[24m\lib\jsdom\living\events\EventTarget-impl.js:104:17
[90m)[39m

[90mstderr[2m | 
src/__tests__/integration/TacticalErrorRecovery.test.tsx[2m 
> [22m[2mZENITH Tactical Error Recovery Tests[2m > 
[22m[2mError Boundary Functionality[2m > [22m[2mshould 
limit retry attempts to prevent infinite loops
[22m[39mError: Uncaught [Error: Always fails]
    at reportException (C:\Users\damat\_REPOS\Astral Turf\node
_modules\jsdom\lib\jsdom\living\helpers\runtime-script-errors.
js:66:24)
    at innerInvokeEventListeners 
(C:\Users\damat\_REPOS\Astral Turf\node_modules\jsdom\lib\jsdo
m\living\events\EventTarget-impl.js:353:9)
    at invokeEventListeners (C:\Users\damat\_REPOS\Astral Turf
\node_modules\jsdom\lib\jsdom\living\events\EventTarget-impl.j
s:286:3)
    at HTMLUnknownElementImpl._dispatch 
(C:\Users\damat\_REPOS\Astral Turf\node_modules\jsdom\lib\jsdo
m\living\events\EventTarget-impl.js:233:9)
    at HTMLUnknownElementImpl.dispatchEvent 
(C:\Users\damat\_REPOS\Astral Turf\node_modules\jsdom\lib\jsdo
m\living\events\EventTarget-impl.js:104:17)
    at HTMLUnknownElement.dispatchEvent 
(C:\Users\damat\_REPOS\Astral Turf\node_modules\jsdom\lib\jsdo
m\living\generated\EventTarget.js:241:34)
    at Object.invokeGuardedCallbackDev 
(C:\Users\damat\_REPOS\Astral Turf\node_modules\react-dom\cjs\
react-dom.development.js:4213:16)
    at invokeGuardedCallback (C:\Users\damat\_REPOS\Astral Tur
f\node_modules\react-dom\cjs\react-dom.development.js:4277:31)
    at beginWork$1 (C:\Users\damat\_REPOS\Astral Turf\node_mod
ules\react-dom\cjs\react-dom.development.js:27490:7)
    at performUnitOfWork (C:\Users\damat\_REPOS\Astral Turf\no
de_modules\react-dom\cjs\react-dom.development.js:26599:12) 
Error: Always fails
    at AlwaysFailingComponent 
[90m(C:\Users\damat\_REPOS\Astral Turf\[39msrc\__tests__\int
egration\TacticalErrorRecovery.test.tsx:271:15[90m)[39m
    at renderWithHooks [90m(C:\Users\damat\_REPOS\Astral Turf
\[39mnode_modules\[4mreact-dom[24m\cjs\react-dom.developmen
t.js:15486:18[90m)[39m
    at mountIndeterminateComponent 
[90m(C:\Users\damat\_REPOS\Astral Turf\[39mnode_modules\[4m
react-dom[24m\cjs\react-dom.development.js:20103:13[90m)[39
m
    at beginWork [90m(C:\Users\damat\_REPOS\Astral Turf\[39m
node_modules\[4mreact-dom[24m\cjs\react-dom.development.js:2
1626:16[90m)[39m
    at HTMLUnknownElement.callCallback 
[90m(C:\Users\damat\_REPOS\Astral Turf\[39mnode_modules\[4m
react-dom[24m\cjs\react-dom.development.js:4164:14[90m)[39m
    at HTMLUnknownElement.callTheUserObjectsOperation 
[90m(C:\Users\damat\_REPOS\Astral Turf\[39mnode_modules\[4m
jsdom[24m\lib\jsdom\living\generated\EventListener.js:26:30[
90m)[39m
    at innerInvokeEventListeners 
[90m(C:\Users\damat\_REPOS\Astral Turf\[39mnode_modules\[4m
jsdom[24m\lib\jsdom\living\events\EventTarget-impl.js:350:25
[90m)[39m
    at invokeEventListeners 
[90m(C:\Users\damat\_REPOS\Astral Turf\[39mnode_modules\[4m
jsdom[24m\lib\jsdom\living\events\EventTarget-impl.js:286:3[
90m)[39m
    at HTMLUnknownElementImpl._dispatch 
[90m(C:\Users\damat\_REPOS\Astral Turf\[39mnode_modules\[4m
jsdom[24m\lib\jsdom\living\events\EventTarget-impl.js:233:9[
90m)[39m
    at HTMLUnknownElementImpl.dispatchEvent 
[90m(C:\Users\damat\_REPOS\Astral Turf\[39mnode_modules\[4m
jsdom[24m\lib\jsdom\living\events\EventTarget-impl.js:104:17
[90m)[39m
Error: Uncaught [Error: Always fails]
    at reportException (C:\Users\damat\_REPOS\Astral Turf\node
_modules\jsdom\lib\jsdom\living\helpers\runtime-script-errors.
js:66:24)
    at innerInvokeEventListeners 
(C:\Users\damat\_REPOS\Astral Turf\node_modules\jsdom\lib\jsdo
m\living\events\EventTarget-impl.js:353:9)
    at invokeEventListeners (C:\Users\damat\_REPOS\Astral Turf
\node_modules\jsdom\lib\jsdom\living\events\EventTarget-impl.j
s:286:3)
    at HTMLUnknownElementImpl._dispatch 
(C:\Users\damat\_REPOS\Astral Turf\node_modules\jsdom\lib\jsdo
m\living\events\EventTarget-impl.js:233:9)
    at HTMLUnknownElementImpl.dispatchEvent 
(C:\Users\damat\_REPOS\Astral Turf\node_modules\jsdom\lib\jsdo
m\living\events\EventTarget-impl.js:104:17)
    at HTMLUnknownElement.dispatchEvent 
(C:\Users\damat\_REPOS\Astral Turf\node_modules\jsdom\lib\jsdo
m\living\generated\EventTarget.js:241:34)
    at Object.invokeGuardedCallbackDev 
(C:\Users\damat\_REPOS\Astral Turf\node_modules\react-dom\cjs\
react-dom.development.js:4213:16)
    at invokeGuardedCallback (C:\Users\damat\_REPOS\Astral Tur
f\node_modules\react-dom\cjs\react-dom.development.js:4277:31)
    at beginWork$1 (C:\Users\damat\_REPOS\Astral Turf\node_mod
ules\react-dom\cjs\react-dom.development.js:27490:7)
    at performUnitOfWork (C:\Users\damat\_REPOS\Astral Turf\no
de_modules\react-dom\cjs\react-dom.development.js:26599:12) 
Error: Always fails
    at AlwaysFailingComponent 
[90m(C:\Users\damat\_REPOS\Astral Turf\[39msrc\__tests__\int
egration\TacticalErrorRecovery.test.tsx:271:15[90m)[39m
    at renderWithHooks [90m(C:\Users\damat\_REPOS\Astral Turf
\[39mnode_modules\[4mreact-dom[24m\cjs\react-dom.developmen
t.js:15486:18[90m)[39m
    at mountIndeterminateComponent 
[90m(C:\Users\damat\_REPOS\Astral Turf\[39mnode_modules\[4m
react-dom[24m\cjs\react-dom.development.js:20103:13[90m)[39
m
    at beginWork [90m(C:\Users\damat\_REPOS\Astral Turf\[39m
node_modules\[4mreact-dom[24m\cjs\react-dom.development.js:2
1626:16[90m)[39m
    at HTMLUnknownElement.callCallback 
[90m(C:\Users\damat\_REPOS\Astral Turf\[39mnode_modules\[4m
react-dom[24m\cjs\react-dom.development.js:4164:14[90m)[39m
    at HTMLUnknownElement.callTheUserObjectsOperation 
[90m(C:\Users\damat\_REPOS\Astral Turf\[39mnode_modules\[4m
jsdom[24m\lib\jsdom\living\generated\EventListener.js:26:30[
90m)[39m
    at innerInvokeEventListeners 
[90m(C:\Users\damat\_REPOS\Astral Turf\[39mnode_modules\[4m
jsdom[24m\lib\jsdom\living\events\EventTarget-impl.js:350:25
[90m)[39m
    at invokeEventListeners 
[90m(C:\Users\damat\_REPOS\Astral Turf\[39mnode_modules\[4m
jsdom[24m\lib\jsdom\living\events\EventTarget-impl.js:286:3[
90m)[39m
    at HTMLUnknownElementImpl._dispatch 
[90m(C:\Users\damat\_REPOS\Astral Turf\[39mnode_modules\[4m
jsdom[24m\lib\jsdom\living\events\EventTarget-impl.js:233:9[
90m)[39m
    at HTMLUnknownElementImpl.dispatchEvent 
[90m(C:\Users\damat\_REPOS\Astral Turf\[39mnode_modules\[4m
jsdom[24m\lib\jsdom\living\events\EventTarget-impl.js:104:17
[90m)[39m

[90mstdout[2m | src/__tests__/integration/TacticalErrorRecovery.test.tsx[2m > [22m[2mZENITH Tactical Error Recovery Tests[2m > [22m[2mError Boundary Functionality[2m > [22m[2mshould limit retry attempts to prevent infinite loops
[22m[39m≡ƒ¢í∩╕Å Tactical Error Boundary: Retry Limit Test

[90mstdout[2m | src/__tests__/integration/TacticalErrorRecovery.test.tsx[2m > [22m[2mZENITH Tactical Error Recovery Tests[2m > [22m[2mError Boundary Functionality[2m > [22m[2mshould limit retry attempts to prevent infinite loops
[22m[39m≡ƒ¢í∩╕Å Tactical Error Boundary: Retry Limit Test

[90mstderr[2m | 
src/__tests__/integration/TacticalErrorRecovery.test.tsx[2m 
> [22m[2mZENITH Tactical Error Recovery Tests[2m > 
[22m[2mError Boundary Functionality[2m > [22m[2mshould 
limit retry attempts to prevent infinite loops
[22m[39mError: Uncaught [Error: Always fails]
    at reportException (C:\Users\damat\_REPOS\Astral Turf\node
_modules\jsdom\lib\jsdom\living\helpers\runtime-script-errors.
js:66:24)
    at innerInvokeEventListeners 
(C:\Users\damat\_REPOS\Astral Turf\node_modules\jsdom\lib\jsdo
m\living\events\EventTarget-impl.js:353:9)
    at invokeEventListeners (C:\Users\damat\_REPOS\Astral Turf
\node_modules\jsdom\lib\jsdom\living\events\EventTarget-impl.j
s:286:3)
    at HTMLUnknownElementImpl._dispatch 
(C:\Users\damat\_REPOS\Astral Turf\node_modules\jsdom\lib\jsdo
m\living\events\EventTarget-impl.js:233:9)
    at HTMLUnknownElementImpl.dispatchEvent 
(C:\Users\damat\_REPOS\Astral Turf\node_modules\jsdom\lib\jsdo
m\living\events\EventTarget-impl.js:104:17)
    at HTMLUnknownElement.dispatchEvent 
(C:\Users\damat\_REPOS\Astral Turf\node_modules\jsdom\lib\jsdo
m\living\generated\EventTarget.js:241:34)
    at Object.invokeGuardedCallbackDev 
(C:\Users\damat\_REPOS\Astral Turf\node_modules\react-dom\cjs\
react-dom.development.js:4213:16)
    at invokeGuardedCallback (C:\Users\damat\_REPOS\Astral Tur
f\node_modules\react-dom\cjs\react-dom.development.js:4277:31)
    at beginWork$1 (C:\Users\damat\_REPOS\Astral Turf\node_mod
ules\react-dom\cjs\react-dom.development.js:27490:7)
    at performUnitOfWork (C:\Users\damat\_REPOS\Astral Turf\no
de_modules\react-dom\cjs\react-dom.development.js:26599:12) 
Error: Always fails
    at AlwaysFailingComponent 
[90m(C:\Users\damat\_REPOS\Astral Turf\[39msrc\__tests__\int
egration\TacticalErrorRecovery.test.tsx:271:15[90m)[39m
    at renderWithHooks [90m(C:\Users\damat\_REPOS\Astral Turf
\[39mnode_modules\[4mreact-dom[24m\cjs\react-dom.developmen
t.js:15486:18[90m)[39m
    at mountIndeterminateComponent 
[90m(C:\Users\damat\_REPOS\Astral Turf\[39mnode_modules\[4m
react-dom[24m\cjs\react-dom.development.js:20103:13[90m)[39
m
    at beginWork [90m(C:\Users\damat\_REPOS\Astral Turf\[39m
node_modules\[4mreact-dom[24m\cjs\react-dom.development.js:2
1626:16[90m)[39m
    at HTMLUnknownElement.callCallback 
[90m(C:\Users\damat\_REPOS\Astral Turf\[39mnode_modules\[4m
react-dom[24m\cjs\react-dom.development.js:4164:14[90m)[39m
    at HTMLUnknownElement.callTheUserObjectsOperation 
[90m(C:\Users\damat\_REPOS\Astral Turf\[39mnode_modules\[4m
jsdom[24m\lib\jsdom\living\generated\EventListener.js:26:30[
90m)[39m
    at innerInvokeEventListeners 
[90m(C:\Users\damat\_REPOS\Astral Turf\[39mnode_modules\[4m
jsdom[24m\lib\jsdom\living\events\EventTarget-impl.js:350:25
[90m)[39m
    at invokeEventListeners 
[90m(C:\Users\damat\_REPOS\Astral Turf\[39mnode_modules\[4m
jsdom[24m\lib\jsdom\living\events\EventTarget-impl.js:286:3[
90m)[39m
    at HTMLUnknownElementImpl._dispatch 
[90m(C:\Users\damat\_REPOS\Astral Turf\[39mnode_modules\[4m
jsdom[24m\lib\jsdom\living\events\EventTarget-impl.js:233:9[
90m)[39m
    at HTMLUnknownElementImpl.dispatchEvent 
[90m(C:\Users\damat\_REPOS\Astral Turf\[39mnode_modules\[4m
jsdom[24m\lib\jsdom\living\events\EventTarget-impl.js:104:17
[90m)[39m
Error: Uncaught [Error: Always fails]
    at reportException (C:\Users\damat\_REPOS\Astral Turf\node
_modules\jsdom\lib\jsdom\living\helpers\runtime-script-errors.
js:66:24)
    at innerInvokeEventListeners 
(C:\Users\damat\_REPOS\Astral Turf\node_modules\jsdom\lib\jsdo
m\living\events\EventTarget-impl.js:353:9)
    at invokeEventListeners (C:\Users\damat\_REPOS\Astral Turf
\node_modules\jsdom\lib\jsdom\living\events\EventTarget-impl.j
s:286:3)
    at HTMLUnknownElementImpl._dispatch 
(C:\Users\damat\_REPOS\Astral Turf\node_modules\jsdom\lib\jsdo
m\living\events\EventTarget-impl.js:233:9)
    at HTMLUnknownElementImpl.dispatchEvent 
(C:\Users\damat\_REPOS\Astral Turf\node_modules\jsdom\lib\jsdo
m\living\events\EventTarget-impl.js:104:17)
    at HTMLUnknownElement.dispatchEvent 
(C:\Users\damat\_REPOS\Astral Turf\node_modules\jsdom\lib\jsdo
m\living\generated\EventTarget.js:241:34)
    at Object.invokeGuardedCallbackDev 
(C:\Users\damat\_REPOS\Astral Turf\node_modules\react-dom\cjs\
react-dom.development.js:4213:16)
    at invokeGuardedCallback (C:\Users\damat\_REPOS\Astral Tur
f\node_modules\react-dom\cjs\react-dom.development.js:4277:31)
    at beginWork$1 (C:\Users\damat\_REPOS\Astral Turf\node_mod
ules\react-dom\cjs\react-dom.development.js:27490:7)
    at performUnitOfWork (C:\Users\damat\_REPOS\Astral Turf\no
de_modules\react-dom\cjs\react-dom.development.js:26599:12) 
Error: Always fails
    at AlwaysFailingComponent 
[90m(C:\Users\damat\_REPOS\Astral Turf\[39msrc\__tests__\int
egration\TacticalErrorRecovery.test.tsx:271:15[90m)[39m
    at renderWithHooks [90m(C:\Users\damat\_REPOS\Astral Turf
\[39mnode_modules\[4mreact-dom[24m\cjs\react-dom.developmen
t.js:15486:18[90m)[39m
    at mountIndeterminateComponent 
[90m(C:\Users\damat\_REPOS\Astral Turf\[39mnode_modules\[4m
react-dom[24m\cjs\react-dom.development.js:20103:13[90m)[39
m
    at beginWork [90m(C:\Users\damat\_REPOS\Astral Turf\[39m
node_modules\[4mreact-dom[24m\cjs\react-dom.development.js:2
1626:16[90m)[39m
    at HTMLUnknownElement.callCallback 
[90m(C:\Users\damat\_REPOS\Astral Turf\[39mnode_modules\[4m
react-dom[24m\cjs\react-dom.development.js:4164:14[90m)[39m
    at HTMLUnknownElement.callTheUserObjectsOperation 
[90m(C:\Users\damat\_REPOS\Astral Turf\[39mnode_modules\[4m
jsdom[24m\lib\jsdom\living\generated\EventListener.js:26:30[
90m)[39m
    at innerInvokeEventListeners 
[90m(C:\Users\damat\_REPOS\Astral Turf\[39mnode_modules\[4m
jsdom[24m\lib\jsdom\living\events\EventTarget-impl.js:350:25
[90m)[39m
    at invokeEventListeners 
[90m(C:\Users\damat\_REPOS\Astral Turf\[39mnode_modules\[4m
jsdom[24m\lib\jsdom\living\events\EventTarget-impl.js:286:3[
90m)[39m
    at HTMLUnknownElementImpl._dispatch 
[90m(C:\Users\damat\_REPOS\Astral Turf\[39mnode_modules\[4m
jsdom[24m\lib\jsdom\living\events\EventTarget-impl.js:233:9[
90m)[39m
    at HTMLUnknownElementImpl.dispatchEvent 
[90m(C:\Users\damat\_REPOS\Astral Turf\[39mnode_modules\[4m
jsdom[24m\lib\jsdom\living\events\EventTarget-impl.js:104:17
[90m)[39m

[90mstderr[2m | 
src/__tests__/integration/TacticalErrorRecovery.test.tsx[2m 
> [22m[2mZENITH Tactical Error Recovery Tests[2m > 
[22m[2mError Boundary Functionality[2m > [22m[2mshould 
limit retry attempts to prevent infinite loops
[22m[39mError: Uncaught [Error: Always fails]
    at reportException (C:\Users\damat\_REPOS\Astral Turf\node
_modules\jsdom\lib\jsdom\living\helpers\runtime-script-errors.
js:66:24)
    at innerInvokeEventListeners 
(C:\Users\damat\_REPOS\Astral Turf\node_modules\jsdom\lib\jsdo
m\living\events\EventTarget-impl.js:353:9)
    at invokeEventListeners (C:\Users\damat\_REPOS\Astral Turf
\node_modules\jsdom\lib\jsdom\living\events\EventTarget-impl.j
s:286:3)
    at HTMLUnknownElementImpl._dispatch 
(C:\Users\damat\_REPOS\Astral Turf\node_modules\jsdom\lib\jsdo
m\living\events\EventTarget-impl.js:233:9)
    at HTMLUnknownElementImpl.dispatchEvent 
(C:\Users\damat\_REPOS\Astral Turf\node_modules\jsdom\lib\jsdo
m\living\events\EventTarget-impl.js:104:17)
    at HTMLUnknownElement.dispatchEvent 
(C:\Users\damat\_REPOS\Astral Turf\node_modules\jsdom\lib\jsdo
m\living\generated\EventTarget.js:241:34)
    at Object.invokeGuardedCallbackDev 
(C:\Users\damat\_REPOS\Astral Turf\node_modules\react-dom\cjs\
react-dom.development.js:4213:16)
    at invokeGuardedCallback (C:\Users\damat\_REPOS\Astral Tur
f\node_modules\react-dom\cjs\react-dom.development.js:4277:31)
    at beginWork$1 (C:\Users\damat\_REPOS\Astral Turf\node_mod
ules\react-dom\cjs\react-dom.development.js:27490:7)
    at performUnitOfWork (C:\Users\damat\_REPOS\Astral Turf\no
de_modules\react-dom\cjs\react-dom.development.js:26599:12) 
Error: Always fails
    at AlwaysFailingComponent 
[90m(C:\Users\damat\_REPOS\Astral Turf\[39msrc\__tests__\int
egration\TacticalErrorRecovery.test.tsx:271:15[90m)[39m
    at renderWithHooks [90m(C:\Users\damat\_REPOS\Astral Turf
\[39mnode_modules\[4mreact-dom[24m\cjs\react-dom.developmen
t.js:15486:18[90m)[39m
    at mountIndeterminateComponent 
[90m(C:\Users\damat\_REPOS\Astral Turf\[39mnode_modules\[4m
react-dom[24m\cjs\react-dom.development.js:20103:13[90m)[39
m
    at beginWork [90m(C:\Users\damat\_REPOS\Astral Turf\[39m
node_modules\[4mreact-dom[24m\cjs\react-dom.development.js:2
1626:16[90m)[39m
    at HTMLUnknownElement.callCallback 
[90m(C:\Users\damat\_REPOS\Astral Turf\[39mnode_modules\[4m
react-dom[24m\cjs\react-dom.development.js:4164:14[90m)[39m
    at HTMLUnknownElement.callTheUserObjectsOperation 
[90m(C:\Users\damat\_REPOS\Astral Turf\[39mnode_modules\[4m
jsdom[24m\lib\jsdom\living\generated\EventListener.js:26:30[
90m)[39m
    at innerInvokeEventListeners 
[90m(C:\Users\damat\_REPOS\Astral Turf\[39mnode_modules\[4m
jsdom[24m\lib\jsdom\living\events\EventTarget-impl.js:350:25
[90m)[39m
    at invokeEventListeners 
[90m(C:\Users\damat\_REPOS\Astral Turf\[39mnode_modules\[4m
jsdom[24m\lib\jsdom\living\events\EventTarget-impl.js:286:3[
90m)[39m
    at HTMLUnknownElementImpl._dispatch 
[90m(C:\Users\damat\_REPOS\Astral Turf\[39mnode_modules\[4m
jsdom[24m\lib\jsdom\living\events\EventTarget-impl.js:233:9[
90m)[39m
    at HTMLUnknownElementImpl.dispatchEvent 
[90m(C:\Users\damat\_REPOS\Astral Turf\[39mnode_modules\[4m
jsdom[24m\lib\jsdom\living\events\EventTarget-impl.js:104:17
[90m)[39m
Error: Uncaught [Error: Always fails]
    at reportException (C:\Users\damat\_REPOS\Astral Turf\node
_modules\jsdom\lib\jsdom\living\helpers\runtime-script-errors.
js:66:24)
    at innerInvokeEventListeners 
(C:\Users\damat\_REPOS\Astral Turf\node_modules\jsdom\lib\jsdo
m\living\events\EventTarget-impl.js:353:9)
    at invokeEventListeners (C:\Users\damat\_REPOS\Astral Turf
\node_modules\jsdom\lib\jsdom\living\events\EventTarget-impl.j
s:286:3)
    at HTMLUnknownElementImpl._dispatch 
(C:\Users\damat\_REPOS\Astral Turf\node_modules\jsdom\lib\jsdo
m\living\events\EventTarget-impl.js:233:9)
    at HTMLUnknownElementImpl.dispatchEvent 
(C:\Users\damat\_REPOS\Astral Turf\node_modules\jsdom\lib\jsdo
m\living\events\EventTarget-impl.js:104:17)
    at HTMLUnknownElement.dispatchEvent 
(C:\Users\damat\_REPOS\Astral Turf\node_modules\jsdom\lib\jsdo
m\living\generated\EventTarget.js:241:34)
    at Object.invokeGuardedCallbackDev 
(C:\Users\damat\_REPOS\Astral Turf\node_modules\react-dom\cjs\
react-dom.development.js:4213:16)
    at invokeGuardedCallback (C:\Users\damat\_REPOS\Astral Tur
f\node_modules\react-dom\cjs\react-dom.development.js:4277:31)
    at beginWork$1 (C:\Users\damat\_REPOS\Astral Turf\node_mod
ules\react-dom\cjs\react-dom.development.js:27490:7)
    at performUnitOfWork (C:\Users\damat\_REPOS\Astral Turf\no
de_modules\react-dom\cjs\react-dom.development.js:26599:12) 
Error: Always fails
    at AlwaysFailingComponent 
[90m(C:\Users\damat\_REPOS\Astral Turf\[39msrc\__tests__\int
egration\TacticalErrorRecovery.test.tsx:271:15[90m)[39m
    at renderWithHooks [90m(C:\Users\damat\_REPOS\Astral Turf
\[39mnode_modules\[4mreact-dom[24m\cjs\react-dom.developmen
t.js:15486:18[90m)[39m
    at mountIndeterminateComponent 
[90m(C:\Users\damat\_REPOS\Astral Turf\[39mnode_modules\[4m
react-dom[24m\cjs\react-dom.development.js:20103:13[90m)[39
m
    at beginWork [90m(C:\Users\damat\_REPOS\Astral Turf\[39m
node_modules\[4mreact-dom[24m\cjs\react-dom.development.js:2
1626:16[90m)[39m
    at HTMLUnknownElement.callCallback 
[90m(C:\Users\damat\_REPOS\Astral Turf\[39mnode_modules\[4m
react-dom[24m\cjs\react-dom.development.js:4164:14[90m)[39m
    at HTMLUnknownElement.callTheUserObjectsOperation 
[90m(C:\Users\damat\_REPOS\Astral Turf\[39mnode_modules\[4m
jsdom[24m\lib\jsdom\living\generated\EventListener.js:26:30[
90m)[39m
    at innerInvokeEventListeners 
[90m(C:\Users\damat\_REPOS\Astral Turf\[39mnode_modules\[4m
jsdom[24m\lib\jsdom\living\events\EventTarget-impl.js:350:25
[90m)[39m
    at invokeEventListeners 
[90m(C:\Users\damat\_REPOS\Astral Turf\[39mnode_modules\[4m
jsdom[24m\lib\jsdom\living\events\EventTarget-impl.js:286:3[
90m)[39m
    at HTMLUnknownElementImpl._dispatch 
[90m(C:\Users\damat\_REPOS\Astral Turf\[39mnode_modules\[4m
jsdom[24m\lib\jsdom\living\events\EventTarget-impl.js:233:9[
90m)[39m
    at HTMLUnknownElementImpl.dispatchEvent 
[90m(C:\Users\damat\_REPOS\Astral Turf\[39mnode_modules\[4m
jsdom[24m\lib\jsdom\living\events\EventTarget-impl.js:104:17
[90m)[39m

[90mstdout[2m | src/__tests__/integration/TacticalErrorRecovery.test.tsx[2m > [22m[2mZENITH Tactical Error Recovery Tests[2m > [22m[2mError Boundary Functionality[2m > [22m[2mshould limit retry attempts to prevent infinite loops
[22m[39m≡ƒ¢í∩╕Å Tactical Error Boundary: Retry Limit Test

[90mstdout[2m | src/__tests__/integration/TacticalErrorRecovery.test.tsx[2m > [22m[2mZENITH Tactical Error Recovery Tests[2m > [22m[2mError Boundary Functionality[2m > [22m[2mshould limit retry attempts to prevent infinite loops
[22m[39m≡ƒ¢í∩╕Å Tactical Error Boundary: Retry Limit Test

[90mstdout[2m | src/__tests__/integration/TacticalErrorRecovery.test.tsx[2m > [22m[2mZENITH Tactical Error Recovery Tests[2m > [22m[2mError Boundary Functionality[2m > [22m[2mshould reset component state when reset button is clicked
[22m[39m≡ƒ¢í∩╕Å Tactical Error Boundary: Reset Test

[90mstdout[2m | src/__tests__/integration/TacticalErrorRecovery.test.tsx[2m > [22m[2mZENITH Tactical Error Recovery Tests[2m > [22m[2mError Boundary Functionality[2m > [22m[2mshould reset component state when reset button is clicked
[22m[39m≡ƒ¢í∩╕Å Tactical Error Boundary: Reset Test

[90mstderr[2m | 
src/__tests__/integration/TacticalErrorRecovery.test.tsx[2m 
> [22m[2mZENITH Tactical Error Recovery Tests[2m > 
[22m[2mError Boundary Functionality[2m > [22m[2mshould 
reset component state when reset button is clicked
[22m[39mError: Uncaught [Error: Initial failure]
    at reportException (C:\Users\damat\_REPOS\Astral Turf\node
_modules\jsdom\lib\jsdom\living\helpers\runtime-script-errors.
js:66:24)
    at innerInvokeEventListeners 
(C:\Users\damat\_REPOS\Astral Turf\node_modules\jsdom\lib\jsdo
m\living\events\EventTarget-impl.js:353:9)
    at invokeEventListeners (C:\Users\damat\_REPOS\Astral Turf
\node_modules\jsdom\lib\jsdom\living\events\EventTarget-impl.j
s:286:3)
    at HTMLUnknownElementImpl._dispatch 
(C:\Users\damat\_REPOS\Astral Turf\node_modules\jsdom\lib\jsdo
m\living\events\EventTarget-impl.js:233:9)
    at HTMLUnknownElementImpl.dispatchEvent 
(C:\Users\damat\_REPOS\Astral Turf\node_modules\jsdom\lib\jsdo
m\living\events\EventTarget-impl.js:104:17)
    at HTMLUnknownElement.dispatchEvent 
(C:\Users\damat\_REPOS\Astral Turf\node_modules\jsdom\lib\jsdo
m\living\generated\EventTarget.js:241:34)
    at Object.invokeGuardedCallbackDev 
(C:\Users\damat\_REPOS\Astral Turf\node_modules\react-dom\cjs\
react-dom.development.js:4213:16)
    at invokeGuardedCallback (C:\Users\damat\_REPOS\Astral Tur
f\node_modules\react-dom\cjs\react-dom.development.js:4277:31)
    at beginWork$1 (C:\Users\damat\_REPOS\Astral Turf\node_mod
ules\react-dom\cjs\react-dom.development.js:27490:7)
    at performUnitOfWork (C:\Users\damat\_REPOS\Astral Turf\no
de_modules\react-dom\cjs\react-dom.development.js:26599:12) 
Error: Initial failure
    at ResettableComponent [90m(C:\Users\damat\_REPOS\Astral 
Turf\[39msrc\__tests__\integration\TacticalErrorRecovery.test
.tsx:312:17[90m)[39m
    at renderWithHooks [90m(C:\Users\damat\_REPOS\Astral Turf
\[39mnode_modules\[4mreact-dom[24m\cjs\react-dom.developmen
t.js:15486:18[90m)[39m
    at mountIndeterminateComponent 
[90m(C:\Users\damat\_REPOS\Astral Turf\[39mnode_modules\[4m
react-dom[24m\cjs\react-dom.development.js:20103:13[90m)[39
m
    at beginWork [90m(C:\Users\damat\_REPOS\Astral Turf\[39m
node_modules\[4mreact-dom[24m\cjs\react-dom.development.js:2
1626:16[90m)[39m
    at HTMLUnknownElement.callCallback 
[90m(C:\Users\damat\_REPOS\Astral Turf\[39mnode_modules\[4m
react-dom[24m\cjs\react-dom.development.js:4164:14[90m)[39m
    at HTMLUnknownElement.callTheUserObjectsOperation 
[90m(C:\Users\damat\_REPOS\Astral Turf\[39mnode_modules\[4m
jsdom[24m\lib\jsdom\living\generated\EventListener.js:26:30[
90m)[39m
    at innerInvokeEventListeners 
[90m(C:\Users\damat\_REPOS\Astral Turf\[39mnode_modules\[4m
jsdom[24m\lib\jsdom\living\events\EventTarget-impl.js:350:25
[90m)[39m
    at invokeEventListeners 
[90m(C:\Users\damat\_REPOS\Astral Turf\[39mnode_modules\[4m
jsdom[24m\lib\jsdom\living\events\EventTarget-impl.js:286:3[
90m)[39m
    at HTMLUnknownElementImpl._dispatch 
[90m(C:\Users\damat\_REPOS\Astral Turf\[39mnode_modules\[4m
jsdom[24m\lib\jsdom\living\events\EventTarget-impl.js:233:9[
90m)[39m
    at HTMLUnknownElementImpl.dispatchEvent 
[90m(C:\Users\damat\_REPOS\Astral Turf\[39mnode_modules\[4m
jsdom[24m\lib\jsdom\living\events\EventTarget-impl.js:104:17
[90m)[39m
Error: Uncaught [Error: Initial failure]
    at reportException (C:\Users\damat\_REPOS\Astral Turf\node
_modules\jsdom\lib\jsdom\living\helpers\runtime-script-errors.
js:66:24)
    at innerInvokeEventListeners 
(C:\Users\damat\_REPOS\Astral Turf\node_modules\jsdom\lib\jsdo
m\living\events\EventTarget-impl.js:353:9)
    at invokeEventListeners (C:\Users\damat\_REPOS\Astral Turf
\node_modules\jsdom\lib\jsdom\living\events\EventTarget-impl.j
s:286:3)
    at HTMLUnknownElementImpl._dispatch 
(C:\Users\damat\_REPOS\Astral Turf\node_modules\jsdom\lib\jsdo
m\living\events\EventTarget-impl.js:233:9)
    at HTMLUnknownElementImpl.dispatchEvent 
(C:\Users\damat\_REPOS\Astral Turf\node_modules\jsdom\lib\jsdo
m\living\events\EventTarget-impl.js:104:17)
    at HTMLUnknownElement.dispatchEvent 
(C:\Users\damat\_REPOS\Astral Turf\node_modules\jsdom\lib\jsdo
m\living\generated\EventTarget.js:241:34)
    at Object.invokeGuardedCallbackDev 
(C:\Users\damat\_REPOS\Astral Turf\node_modules\react-dom\cjs\
react-dom.development.js:4213:16)
    at invokeGuardedCallback (C:\Users\damat\_REPOS\Astral Tur
f\node_modules\react-dom\cjs\react-dom.development.js:4277:31)
    at beginWork$1 (C:\Users\damat\_REPOS\Astral Turf\node_mod
ules\react-dom\cjs\react-dom.development.js:27490:7)
    at performUnitOfWork (C:\Users\damat\_REPOS\Astral Turf\no
de_modules\react-dom\cjs\react-dom.development.js:26599:12) 
Error: Initial failure
    at ResettableComponent [90m(C:\Users\damat\_REPOS\Astral 
Turf\[39msrc\__tests__\integration\TacticalErrorRecovery.test
.tsx:312:17[90m)[39m
    at renderWithHooks [90m(C:\Users\damat\_REPOS\Astral Turf
\[39mnode_modules\[4mreact-dom[24m\cjs\react-dom.developmen
t.js:15486:18[90m)[39m
    at mountIndeterminateComponent 
[90m(C:\Users\damat\_REPOS\Astral Turf\[39mnode_modules\[4m
react-dom[24m\cjs\react-dom.development.js:20103:13[90m)[39
m
    at beginWork [90m(C:\Users\damat\_REPOS\Astral Turf\[39m
node_modules\[4mreact-dom[24m\cjs\react-dom.development.js:2
1626:16[90m)[39m
    at HTMLUnknownElement.callCallback 
[90m(C:\Users\damat\_REPOS\Astral Turf\[39mnode_modules\[4m
react-dom[24m\cjs\react-dom.development.js:4164:14[90m)[39m
    at HTMLUnknownElement.callTheUserObjectsOperation 
[90m(C:\Users\damat\_REPOS\Astral Turf\[39mnode_modules\[4m
jsdom[24m\lib\jsdom\living\generated\EventListener.js:26:30[
90m)[39m
    at innerInvokeEventListeners 
[90m(C:\Users\damat\_REPOS\Astral Turf\[39mnode_modules\[4m
jsdom[24m\lib\jsdom\living\events\EventTarget-impl.js:350:25
[90m)[39m
    at invokeEventListeners 
[90m(C:\Users\damat\_REPOS\Astral Turf\[39mnode_modules\[4m
jsdom[24m\lib\jsdom\living\events\EventTarget-impl.js:286:3[
90m)[39m
    at HTMLUnknownElementImpl._dispatch 
[90m(C:\Users\damat\_REPOS\Astral Turf\[39mnode_modules\[4m
jsdom[24m\lib\jsdom\living\events\EventTarget-impl.js:233:9[
90m)[39m
    at HTMLUnknownElementImpl.dispatchEvent 
[90m(C:\Users\damat\_REPOS\Astral Turf\[39mnode_modules\[4m
jsdom[24m\lib\jsdom\living\events\EventTarget-impl.js:104:17
[90m)[39m

[90mstderr[2m | 
src/__tests__/integration/TacticalErrorRecovery.test.tsx[2m 
> [22m[2mZENITH Tactical Error Recovery Tests[2m > 
[22m[2mError Boundary Functionality[2m > [22m[2mshould 
reset component state when reset button is clicked
[22m[39mError: Uncaught [Error: Initial failure]
    at reportException (C:\Users\damat\_REPOS\Astral Turf\node
_modules\jsdom\lib\jsdom\living\helpers\runtime-script-errors.
js:66:24)
    at innerInvokeEventListeners 
(C:\Users\damat\_REPOS\Astral Turf\node_modules\jsdom\lib\jsdo
m\living\events\EventTarget-impl.js:353:9)
    at invokeEventListeners (C:\Users\damat\_REPOS\Astral Turf
\node_modules\jsdom\lib\jsdom\living\events\EventTarget-impl.j
s:286:3)
    at HTMLUnknownElementImpl._dispatch 
(C:\Users\damat\_REPOS\Astral Turf\node_modules\jsdom\lib\jsdo
m\living\events\EventTarget-impl.js:233:9)
    at HTMLUnknownElementImpl.dispatchEvent 
(C:\Users\damat\_REPOS\Astral Turf\node_modules\jsdom\lib\jsdo
m\living\events\EventTarget-impl.js:104:17)
    at HTMLUnknownElement.dispatchEvent 
(C:\Users\damat\_REPOS\Astral Turf\node_modules\jsdom\lib\jsdo
m\living\generated\EventTarget.js:241:34)
    at Object.invokeGuardedCallbackDev 
(C:\Users\damat\_REPOS\Astral Turf\node_modules\react-dom\cjs\
react-dom.development.js:4213:16)
    at invokeGuardedCallback (C:\Users\damat\_REPOS\Astral Tur
f\node_modules\react-dom\cjs\react-dom.development.js:4277:31)
    at beginWork$1 (C:\Users\damat\_REPOS\Astral Turf\node_mod
ules\react-dom\cjs\react-dom.development.js:27490:7)
    at performUnitOfWork (C:\Users\damat\_REPOS\Astral Turf\no
de_modules\react-dom\cjs\react-dom.development.js:26599:12) 
Error: Initial failure
    at ResettableComponent [90m(C:\Users\damat\_REPOS\Astral 
Turf\[39msrc\__tests__\integration\TacticalErrorRecovery.test
.tsx:312:17[90m)[39m
    at renderWithHooks [90m(C:\Users\damat\_REPOS\Astral Turf
\[39mnode_modules\[4mreact-dom[24m\cjs\react-dom.developmen
t.js:15486:18[90m)[39m
    at mountIndeterminateComponent 
[90m(C:\Users\damat\_REPOS\Astral Turf\[39mnode_modules\[4m
react-dom[24m\cjs\react-dom.development.js:20103:13[90m)[39
m
    at beginWork [90m(C:\Users\damat\_REPOS\Astral Turf\[39m
node_modules\[4mreact-dom[24m\cjs\react-dom.development.js:2
1626:16[90m)[39m
    at HTMLUnknownElement.callCallback 
[90m(C:\Users\damat\_REPOS\Astral Turf\[39mnode_modules\[4m
react-dom[24m\cjs\react-dom.development.js:4164:14[90m)[39m
    at HTMLUnknownElement.callTheUserObjectsOperation 
[90m(C:\Users\damat\_REPOS\Astral Turf\[39mnode_modules\[4m
jsdom[24m\lib\jsdom\living\generated\EventListener.js:26:30[
90m)[39m
    at innerInvokeEventListeners 
[90m(C:\Users\damat\_REPOS\Astral Turf\[39mnode_modules\[4m
jsdom[24m\lib\jsdom\living\events\EventTarget-impl.js:350:25
[90m)[39m
    at invokeEventListeners 
[90m(C:\Users\damat\_REPOS\Astral Turf\[39mnode_modules\[4m
jsdom[24m\lib\jsdom\living\events\EventTarget-impl.js:286:3[
90m)[39m
    at HTMLUnknownElementImpl._dispatch 
[90m(C:\Users\damat\_REPOS\Astral Turf\[39mnode_modules\[4m
jsdom[24m\lib\jsdom\living\events\EventTarget-impl.js:233:9[
90m)[39m
    at HTMLUnknownElementImpl.dispatchEvent 
[90m(C:\Users\damat\_REPOS\Astral Turf\[39mnode_modules\[4m
jsdom[24m\lib\jsdom\living\events\EventTarget-impl.js:104:17
[90m)[39m
Error: Uncaught [Error: Initial failure]
    at reportException (C:\Users\damat\_REPOS\Astral Turf\node
_modules\jsdom\lib\jsdom\living\helpers\runtime-script-errors.
js:66:24)
    at innerInvokeEventListeners 
(C:\Users\damat\_REPOS\Astral Turf\node_modules\jsdom\lib\jsdo
m\living\events\EventTarget-impl.js:353:9)
    at invokeEventListeners (C:\Users\damat\_REPOS\Astral Turf
\node_modules\jsdom\lib\jsdom\living\events\EventTarget-impl.j
s:286:3)
    at HTMLUnknownElementImpl._dispatch 
(C:\Users\damat\_REPOS\Astral Turf\node_modules\jsdom\lib\jsdo
m\living\events\EventTarget-impl.js:233:9)
    at HTMLUnknownElementImpl.dispatchEvent 
(C:\Users\damat\_REPOS\Astral Turf\node_modules\jsdom\lib\jsdo
m\living\events\EventTarget-impl.js:104:17)
    at HTMLUnknownElement.dispatchEvent 
(C:\Users\damat\_REPOS\Astral Turf\node_modules\jsdom\lib\jsdo
m\living\generated\EventTarget.js:241:34)
    at Object.invokeGuardedCallbackDev 
(C:\Users\damat\_REPOS\Astral Turf\node_modules\react-dom\cjs\
react-dom.development.js:4213:16)
    at invokeGuardedCallback (C:\Users\damat\_REPOS\Astral Tur
f\node_modules\react-dom\cjs\react-dom.development.js:4277:31)
    at beginWork$1 (C:\Users\damat\_REPOS\Astral Turf\node_mod
ules\react-dom\cjs\react-dom.development.js:27490:7)
    at performUnitOfWork (C:\Users\damat\_REPOS\Astral Turf\no
de_modules\react-dom\cjs\react-dom.development.js:26599:12) 
Error: Initial failure
    at ResettableComponent [90m(C:\Users\damat\_REPOS\Astral 
Turf\[39msrc\__tests__\integration\TacticalErrorRecovery.test
.tsx:312:17[90m)[39m
    at renderWithHooks [90m(C:\Users\damat\_REPOS\Astral Turf
\[39mnode_modules\[4mreact-dom[24m\cjs\react-dom.developmen
t.js:15486:18[90m)[39m
    at mountIndeterminateComponent 
[90m(C:\Users\damat\_REPOS\Astral Turf\[39mnode_modules\[4m
react-dom[24m\cjs\react-dom.development.js:20103:13[90m)[39
m
    at beginWork [90m(C:\Users\damat\_REPOS\Astral Turf\[39m
node_modules\[4mreact-dom[24m\cjs\react-dom.development.js:2
1626:16[90m)[39m
    at HTMLUnknownElement.callCallback 
[90m(C:\Users\damat\_REPOS\Astral Turf\[39mnode_modules\[4m
react-dom[24m\cjs\react-dom.development.js:4164:14[90m)[39m
    at HTMLUnknownElement.callTheUserObjectsOperation 
[90m(C:\Users\damat\_REPOS\Astral Turf\[39mnode_modules\[4m
jsdom[24m\lib\jsdom\living\generated\EventListener.js:26:30[
90m)[39m
    at innerInvokeEventListeners 
[90m(C:\Users\damat\_REPOS\Astral Turf\[39mnode_modules\[4m
jsdom[24m\lib\jsdom\living\events\EventTarget-impl.js:350:25
[90m)[39m
    at invokeEventListeners 
[90m(C:\Users\damat\_REPOS\Astral Turf\[39mnode_modules\[4m
jsdom[24m\lib\jsdom\living\events\EventTarget-impl.js:286:3[
90m)[39m
    at HTMLUnknownElementImpl._dispatch 
[90m(C:\Users\damat\_REPOS\Astral Turf\[39mnode_modules\[4m
jsdom[24m\lib\jsdom\living\events\EventTarget-impl.js:233:9[
90m)[39m
    at HTMLUnknownElementImpl.dispatchEvent 
[90m(C:\Users\damat\_REPOS\Astral Turf\[39mnode_modules\[4m
jsdom[24m\lib\jsdom\living\events\EventTarget-impl.js:104:17
[90m)[39m

[90mstdout[2m | src/__tests__/integration/TacticalErrorRecovery.test.tsx[2m > [22m[2mZENITH Tactical Error Recovery Tests[2m > [22m[2mError Boundary Functionality[2m > [22m[2mshould log detailed error information for debugging
[22m[39m≡ƒ¢í∩╕Å Tactical Error Boundary: Logging Test

[90mstdout[2m | src/__tests__/integration/TacticalErrorRecovery.test.tsx[2m > [22m[2mZENITH Tactical Error Recovery Tests[2m > [22m[2mError Boundary Functionality[2m > [22m[2mshould log detailed error information for debugging
[22m[39m≡ƒ¢í∩╕Å Tactical Error Boundary: Logging Test

[90mstderr[2m | 
src/__tests__/integration/TacticalErrorRecovery.test.tsx[2m 
> [22m[2mZENITH Tactical Error Recovery Tests[2m > 
[22m[2mError Boundary Functionality[2m > [22m[2mshould 
log detailed error information for debugging
[22m[39mError: Uncaught [Error: Detailed test error]
    at reportException (C:\Users\damat\_REPOS\Astral Turf\node
_modules\jsdom\lib\jsdom\living\helpers\runtime-script-errors.
js:66:24)
    at innerInvokeEventListeners 
(C:\Users\damat\_REPOS\Astral Turf\node_modules\jsdom\lib\jsdo
m\living\events\EventTarget-impl.js:353:9)
    at invokeEventListeners (C:\Users\damat\_REPOS\Astral Turf
\node_modules\jsdom\lib\jsdom\living\events\EventTarget-impl.j
s:286:3)
    at HTMLUnknownElementImpl._dispatch 
(C:\Users\damat\_REPOS\Astral Turf\node_modules\jsdom\lib\jsdo
m\living\events\EventTarget-impl.js:233:9)
    at HTMLUnknownElementImpl.dispatchEvent 
(C:\Users\damat\_REPOS\Astral Turf\node_modules\jsdom\lib\jsdo
m\living\events\EventTarget-impl.js:104:17)
    at HTMLUnknownElement.dispatchEvent 
(C:\Users\damat\_REPOS\Astral Turf\node_modules\jsdom\lib\jsdo
m\living\generated\EventTarget.js:241:34)
    at Object.invokeGuardedCallbackDev 
(C:\Users\damat\_REPOS\Astral Turf\node_modules\react-dom\cjs\
react-dom.development.js:4213:16)
    at invokeGuardedCallback (C:\Users\damat\_REPOS\Astral Tur
f\node_modules\react-dom\cjs\react-dom.development.js:4277:31)
    at beginWork$1 (C:\Users\damat\_REPOS\Astral Turf\node_mod
ules\react-dom\cjs\react-dom.development.js:27490:7)
    at performUnitOfWork (C:\Users\damat\_REPOS\Astral Turf\no
de_modules\react-dom\cjs\react-dom.development.js:26599:12) 
[Mock stack trace]
Error: Uncaught [Error: Detailed test error]
    at reportException (C:\Users\damat\_REPOS\Astral Turf\node
_modules\jsdom\lib\jsdom\living\helpers\runtime-script-errors.
js:66:24)
    at innerInvokeEventListeners 
(C:\Users\damat\_REPOS\Astral Turf\node_modules\jsdom\lib\jsdo
m\living\events\EventTarget-impl.js:353:9)
    at invokeEventListeners (C:\Users\damat\_REPOS\Astral Turf
\node_modules\jsdom\lib\jsdom\living\events\EventTarget-impl.j
s:286:3)
    at HTMLUnknownElementImpl._dispatch 
(C:\Users\damat\_REPOS\Astral Turf\node_modules\jsdom\lib\jsdo
m\living\events\EventTarget-impl.js:233:9)
    at HTMLUnknownElementImpl.dispatchEvent 
(C:\Users\damat\_REPOS\Astral Turf\node_modules\jsdom\lib\jsdo
m\living\events\EventTarget-impl.js:104:17)
    at HTMLUnknownElement.dispatchEvent 
(C:\Users\damat\_REPOS\Astral Turf\node_modules\jsdom\lib\jsdo
m\living\generated\EventTarget.js:241:34)
    at Object.invokeGuardedCallbackDev 
(C:\Users\damat\_REPOS\Astral Turf\node_modules\react-dom\cjs\
react-dom.development.js:4213:16)
    at invokeGuardedCallback (C:\Users\damat\_REPOS\Astral Tur
f\node_modules\react-dom\cjs\react-dom.development.js:4277:31)
    at beginWork$1 (C:\Users\damat\_REPOS\Astral Turf\node_mod
ules\react-dom\cjs\react-dom.development.js:27490:7)
    at performUnitOfWork (C:\Users\damat\_REPOS\Astral Turf\no
de_modules\react-dom\cjs\react-dom.development.js:26599:12) 
[Mock stack trace]

[90mstderr[2m | 
src/__tests__/integration/TacticalErrorRecovery.test.tsx[2m 
> [22m[2mZENITH Tactical Error Recovery Tests[2m > 
[22m[2mError Boundary Functionality[2m > [22m[2mshould 
log detailed error information for debugging
[22m[39mError: Uncaught [Error: Detailed test error]
    at reportException (C:\Users\damat\_REPOS\Astral Turf\node
_modules\jsdom\lib\jsdom\living\helpers\runtime-script-errors.
js:66:24)
    at innerInvokeEventListeners 
(C:\Users\damat\_REPOS\Astral Turf\node_modules\jsdom\lib\jsdo
m\living\events\EventTarget-impl.js:353:9)
    at invokeEventListeners (C:\Users\damat\_REPOS\Astral Turf
\node_modules\jsdom\lib\jsdom\living\events\EventTarget-impl.j
s:286:3)
    at HTMLUnknownElementImpl._dispatch 
(C:\Users\damat\_REPOS\Astral Turf\node_modules\jsdom\lib\jsdo
m\living\events\EventTarget-impl.js:233:9)
    at HTMLUnknownElementImpl.dispatchEvent 
(C:\Users\damat\_REPOS\Astral Turf\node_modules\jsdom\lib\jsdo
m\living\events\EventTarget-impl.js:104:17)
    at HTMLUnknownElement.dispatchEvent 
(C:\Users\damat\_REPOS\Astral Turf\node_modules\jsdom\lib\jsdo
m\living\generated\EventTarget.js:241:34)
    at Object.invokeGuardedCallbackDev 
(C:\Users\damat\_REPOS\Astral Turf\node_modules\react-dom\cjs\
react-dom.development.js:4213:16)
    at invokeGuardedCallback (C:\Users\damat\_REPOS\Astral Tur
f\node_modules\react-dom\cjs\react-dom.development.js:4277:31)
    at beginWork$1 (C:\Users\damat\_REPOS\Astral Turf\node_mod
ules\react-dom\cjs\react-dom.development.js:27490:7)
    at performUnitOfWork (C:\Users\damat\_REPOS\Astral Turf\no
de_modules\react-dom\cjs\react-dom.development.js:26599:12) 
[Mock stack trace]
Error: Uncaught [Error: Detailed test error]
    at reportException (C:\Users\damat\_REPOS\Astral Turf\node
_modules\jsdom\lib\jsdom\living\helpers\runtime-script-errors.
js:66:24)
    at innerInvokeEventListeners 
(C:\Users\damat\_REPOS\Astral Turf\node_modules\jsdom\lib\jsdo
m\living\events\EventTarget-impl.js:353:9)
    at invokeEventListeners (C:\Users\damat\_REPOS\Astral Turf
\node_modules\jsdom\lib\jsdom\living\events\EventTarget-impl.j
s:286:3)
    at HTMLUnknownElementImpl._dispatch 
(C:\Users\damat\_REPOS\Astral Turf\node_modules\jsdom\lib\jsdo
m\living\events\EventTarget-impl.js:233:9)
    at HTMLUnknownElementImpl.dispatchEvent 
(C:\Users\damat\_REPOS\Astral Turf\node_modules\jsdom\lib\jsdo
m\living\events\EventTarget-impl.js:104:17)
    at HTMLUnknownElement.dispatchEvent 
(C:\Users\damat\_REPOS\Astral Turf\node_modules\jsdom\lib\jsdo
m\living\generated\EventTarget.js:241:34)
    at Object.invokeGuardedCallbackDev 
(C:\Users\damat\_REPOS\Astral Turf\node_modules\react-dom\cjs\
react-dom.development.js:4213:16)
    at invokeGuardedCallback (C:\Users\damat\_REPOS\Astral Tur
f\node_modules\react-dom\cjs\react-dom.development.js:4277:31)
    at beginWork$1 (C:\Users\damat\_REPOS\Astral Turf\node_mod
ules\react-dom\cjs\react-dom.development.js:27490:7)
    at performUnitOfWork (C:\Users\damat\_REPOS\Astral Turf\no
de_modules\react-dom\cjs\react-dom.development.js:26599:12) 
[Mock stack trace]

[90mstdout[2m | src/__tests__/integration/TacticalErrorRecovery.test.tsx[2m > [22m[2mZENITH Tactical Error Recovery Tests[2m > [22m[2mError Boundary Functionality[2m > [22m[2mshould handle nested error boundaries correctly
[22m[39m≡ƒ¢í∩╕Å Tactical Error Boundary: Inner Boundary

[90mstdout[2m | src/__tests__/integration/TacticalErrorRecovery.test.tsx[2m > [22m[2mZENITH Tactical Error Recovery Tests[2m > [22m[2mError Boundary Functionality[2m > [22m[2mshould handle nested error boundaries correctly
[22m[39m≡ƒ¢í∩╕Å Tactical Error Boundary: Inner Boundary

[90mstderr[2m | 
src/__tests__/integration/TacticalErrorRecovery.test.tsx[2m 
> [22m[2mZENITH Tactical Error Recovery Tests[2m > 
[22m[2mError Boundary Functionality[2m > [22m[2mshould 
handle nested error boundaries correctly
[22m[39mError: Uncaught [Error: Intentional component 
failure for testing]
    at reportException (C:\Users\damat\_REPOS\Astral Turf\node
_modules\jsdom\lib\jsdom\living\helpers\runtime-script-errors.
js:66:24)
    at innerInvokeEventListeners 
(C:\Users\damat\_REPOS\Astral Turf\node_modules\jsdom\lib\jsdo
m\living\events\EventTarget-impl.js:353:9)
    at invokeEventListeners (C:\Users\damat\_REPOS\Astral Turf
\node_modules\jsdom\lib\jsdom\living\events\EventTarget-impl.j
s:286:3)
    at HTMLUnknownElementImpl._dispatch 
(C:\Users\damat\_REPOS\Astral Turf\node_modules\jsdom\lib\jsdo
m\living\events\EventTarget-impl.js:233:9)
    at HTMLUnknownElementImpl.dispatchEvent 
(C:\Users\damat\_REPOS\Astral Turf\node_modules\jsdom\lib\jsdo
m\living\events\EventTarget-impl.js:104:17)
    at HTMLUnknownElement.dispatchEvent 
(C:\Users\damat\_REPOS\Astral Turf\node_modules\jsdom\lib\jsdo
m\living\generated\EventTarget.js:241:34)
    at Object.invokeGuardedCallbackDev 
(C:\Users\damat\_REPOS\Astral Turf\node_modules\react-dom\cjs\
react-dom.development.js:4213:16)
    at invokeGuardedCallback (C:\Users\damat\_REPOS\Astral Tur
f\node_modules\react-dom\cjs\react-dom.development.js:4277:31)
    at beginWork$1 (C:\Users\damat\_REPOS\Astral Turf\node_mod
ules\react-dom\cjs\react-dom.development.js:27490:7)
    at performUnitOfWork (C:\Users\damat\_REPOS\Astral Turf\no
de_modules\react-dom\cjs\react-dom.development.js:26599:12) 
Error: Intentional component failure for testing
    at FailingComponent [90m(C:\Users\damat\_REPOS\Astral Tur
f\[39msrc\__tests__\integration\TacticalErrorRecovery.test.ts
x:143:11[90m)[39m
    at renderWithHooks [90m(C:\Users\damat\_REPOS\Astral Turf
\[39mnode_modules\[4mreact-dom[24m\cjs\react-dom.developmen
t.js:15486:18[90m)[39m
    at mountIndeterminateComponent 
[90m(C:\Users\damat\_REPOS\Astral Turf\[39mnode_modules\[4m
react-dom[24m\cjs\react-dom.development.js:20103:13[90m)[39
m
    at beginWork [90m(C:\Users\damat\_REPOS\Astral Turf\[39m
node_modules\[4mreact-dom[24m\cjs\react-dom.development.js:2
1626:16[90m)[39m
    at HTMLUnknownElement.callCallback 
[90m(C:\Users\damat\_REPOS\Astral Turf\[39mnode_modules\[4m
react-dom[24m\cjs\react-dom.development.js:4164:14[90m)[39m
    at HTMLUnknownElement.callTheUserObjectsOperation 
[90m(C:\Users\damat\_REPOS\Astral Turf\[39mnode_modules\[4m
jsdom[24m\lib\jsdom\living\generated\EventListener.js:26:30[
90m)[39m
    at innerInvokeEventListeners 
[90m(C:\Users\damat\_REPOS\Astral Turf\[39mnode_modules\[4m
jsdom[24m\lib\jsdom\living\events\EventTarget-impl.js:350:25
[90m)[39m
    at invokeEventListeners 
[90m(C:\Users\damat\_REPOS\Astral Turf\[39mnode_modules\[4m
jsdom[24m\lib\jsdom\living\events\EventTarget-impl.js:286:3[
90m)[39m
    at HTMLUnknownElementImpl._dispatch 
[90m(C:\Users\damat\_REPOS\Astral Turf\[39mnode_modules\[4m
jsdom[24m\lib\jsdom\living\events\EventTarget-impl.js:233:9[
90m)[39m
    at HTMLUnknownElementImpl.dispatchEvent 
[90m(C:\Users\damat\_REPOS\Astral Turf\[39mnode_modules\[4m
jsdom[24m\lib\jsdom\living\events\EventTarget-impl.js:104:17
[90m)[39m
Error: Uncaught [Error: Intentional component failure for 
testing]
    at reportException (C:\Users\damat\_REPOS\Astral Turf\node
_modules\jsdom\lib\jsdom\living\helpers\runtime-script-errors.
js:66:24)
    at innerInvokeEventListeners 
(C:\Users\damat\_REPOS\Astral Turf\node_modules\jsdom\lib\jsdo
m\living\events\EventTarget-impl.js:353:9)
    at invokeEventListeners (C:\Users\damat\_REPOS\Astral Turf
\node_modules\jsdom\lib\jsdom\living\events\EventTarget-impl.j
s:286:3)
    at HTMLUnknownElementImpl._dispatch 
(C:\Users\damat\_REPOS\Astral Turf\node_modules\jsdom\lib\jsdo
m\living\events\EventTarget-impl.js:233:9)
    at HTMLUnknownElementImpl.dispatchEvent 
(C:\Users\damat\_REPOS\Astral Turf\node_modules\jsdom\lib\jsdo
m\living\events\EventTarget-impl.js:104:17)
    at HTMLUnknownElement.dispatchEvent 
(C:\Users\damat\_REPOS\Astral Turf\node_modules\jsdom\lib\jsdo
m\living\generated\EventTarget.js:241:34)
    at Object.invokeGuardedCallbackDev 
(C:\Users\damat\_REPOS\Astral Turf\node_modules\react-dom\cjs\
react-dom.development.js:4213:16)
    at invokeGuardedCallback (C:\Users\damat\_REPOS\Astral Tur
f\node_modules\react-dom\cjs\react-dom.development.js:4277:31)
    at beginWork$1 (C:\Users\damat\_REPOS\Astral Turf\node_mod
ules\react-dom\cjs\react-dom.development.js:27490:7)
    at performUnitOfWork (C:\Users\damat\_REPOS\Astral Turf\no
de_modules\react-dom\cjs\react-dom.development.js:26599:12) 
Error: Intentional component failure for testing
    at FailingComponent [90m(C:\Users\damat\_REPOS\Astral Tur
f\[39msrc\__tests__\integration\TacticalErrorRecovery.test.ts
x:143:11[90m)[39m
    at renderWithHooks [90m(C:\Users\damat\_REPOS\Astral Turf
\[39mnode_modules\[4mreact-dom[24m\cjs\react-dom.developmen
t.js:15486:18[90m)[39m
    at mountIndeterminateComponent 
[90m(C:\Users\damat\_REPOS\Astral Turf\[39mnode_modules\[4m
react-dom[24m\cjs\react-dom.development.js:20103:13[90m)[39
m
    at beginWork [90m(C:\Users\damat\_REPOS\Astral Turf\[39m
node_modules\[4mreact-dom[24m\cjs\react-dom.development.js:2
1626:16[90m)[39m
    at HTMLUnknownElement.callCallback 
[90m(C:\Users\damat\_REPOS\Astral Turf\[39mnode_modules\[4m
react-dom[24m\cjs\react-dom.development.js:4164:14[90m)[39m
    at HTMLUnknownElement.callTheUserObjectsOperation 
[90m(C:\Users\damat\_REPOS\Astral Turf\[39mnode_modules\[4m
jsdom[24m\lib\jsdom\living\generated\EventListener.js:26:30[
90m)[39m
    at innerInvokeEventListeners 
[90m(C:\Users\damat\_REPOS\Astral Turf\[39mnode_modules\[4m
jsdom[24m\lib\jsdom\living\events\EventTarget-impl.js:350:25
[90m)[39m
    at invokeEventListeners 
[90m(C:\Users\damat\_REPOS\Astral Turf\[39mnode_modules\[4m
jsdom[24m\lib\jsdom\living\events\EventTarget-impl.js:286:3[
90m)[39m
    at HTMLUnknownElementImpl._dispatch 
[90m(C:\Users\damat\_REPOS\Astral Turf\[39mnode_modules\[4m
jsdom[24m\lib\jsdom\living\events\EventTarget-impl.js:233:9[
90m)[39m
    at HTMLUnknownElementImpl.dispatchEvent 
[90m(C:\Users\damat\_REPOS\Astral Turf\[39mnode_modules\[4m
jsdom[24m\lib\jsdom\living\events\EventTarget-impl.js:104:17
[90m)[39m

[90mstderr[2m | 
src/__tests__/integration/TacticalErrorRecovery.test.tsx[2m 
> [22m[2mZENITH Tactical Error Recovery Tests[2m > 
[22m[2mError Boundary Functionality[2m > [22m[2mshould 
handle nested error boundaries correctly
[22m[39mError: Uncaught [Error: Intentional component 
failure for testing]
    at reportException (C:\Users\damat\_REPOS\Astral Turf\node
_modules\jsdom\lib\jsdom\living\helpers\runtime-script-errors.
js:66:24)
    at innerInvokeEventListeners 
(C:\Users\damat\_REPOS\Astral Turf\node_modules\jsdom\lib\jsdo
m\living\events\EventTarget-impl.js:353:9)
    at invokeEventListeners (C:\Users\damat\_REPOS\Astral Turf
\node_modules\jsdom\lib\jsdom\living\events\EventTarget-impl.j
s:286:3)
    at HTMLUnknownElementImpl._dispatch 
(C:\Users\damat\_REPOS\Astral Turf\node_modules\jsdom\lib\jsdo
m\living\events\EventTarget-impl.js:233:9)
    at HTMLUnknownElementImpl.dispatchEvent 
(C:\Users\damat\_REPOS\Astral Turf\node_modules\jsdom\lib\jsdo
m\living\events\EventTarget-impl.js:104:17)
    at HTMLUnknownElement.dispatchEvent 
(C:\Users\damat\_REPOS\Astral Turf\node_modules\jsdom\lib\jsdo
m\living\generated\EventTarget.js:241:34)
    at Object.invokeGuardedCallbackDev 
(C:\Users\damat\_REPOS\Astral Turf\node_modules\react-dom\cjs\
react-dom.development.js:4213:16)
    at invokeGuardedCallback (C:\Users\damat\_REPOS\Astral Tur
f\node_modules\react-dom\cjs\react-dom.development.js:4277:31)
    at beginWork$1 (C:\Users\damat\_REPOS\Astral Turf\node_mod
ules\react-dom\cjs\react-dom.development.js:27490:7)
    at performUnitOfWork (C:\Users\damat\_REPOS\Astral Turf\no
de_modules\react-dom\cjs\react-dom.development.js:26599:12) 
Error: Intentional component failure for testing
    at FailingComponent [90m(C:\Users\damat\_REPOS\Astral Tur
f\[39msrc\__tests__\integration\TacticalErrorRecovery.test.ts
x:143:11[90m)[39m
    at renderWithHooks [90m(C:\Users\damat\_REPOS\Astral Turf
\[39mnode_modules\[4mreact-dom[24m\cjs\react-dom.developmen
t.js:15486:18[90m)[39m
    at mountIndeterminateComponent 
[90m(C:\Users\damat\_REPOS\Astral Turf\[39mnode_modules\[4m
react-dom[24m\cjs\react-dom.development.js:20103:13[90m)[39
m
    at beginWork [90m(C:\Users\damat\_REPOS\Astral Turf\[39m
node_modules\[4mreact-dom[24m\cjs\react-dom.development.js:2
1626:16[90m)[39m
    at HTMLUnknownElement.callCallback 
[90m(C:\Users\damat\_REPOS\Astral Turf\[39mnode_modules\[4m
react-dom[24m\cjs\react-dom.development.js:4164:14[90m)[39m
    at HTMLUnknownElement.callTheUserObjectsOperation 
[90m(C:\Users\damat\_REPOS\Astral Turf\[39mnode_modules\[4m
jsdom[24m\lib\jsdom\living\generated\EventListener.js:26:30[
90m)[39m
    at innerInvokeEventListeners 
[90m(C:\Users\damat\_REPOS\Astral Turf\[39mnode_modules\[4m
jsdom[24m\lib\jsdom\living\events\EventTarget-impl.js:350:25
[90m)[39m
    at invokeEventListeners 
[90m(C:\Users\damat\_REPOS\Astral Turf\[39mnode_modules\[4m
jsdom[24m\lib\jsdom\living\events\EventTarget-impl.js:286:3[
90m)[39m
    at HTMLUnknownElementImpl._dispatch 
[90m(C:\Users\damat\_REPOS\Astral Turf\[39mnode_modules\[4m
jsdom[24m\lib\jsdom\living\events\EventTarget-impl.js:233:9[
90m)[39m
    at HTMLUnknownElementImpl.dispatchEvent 
[90m(C:\Users\damat\_REPOS\Astral Turf\[39mnode_modules\[4m
jsdom[24m\lib\jsdom\living\events\EventTarget-impl.js:104:17
[90m)[39m
Error: Uncaught [Error: Intentional component failure for 
testing]
    at reportException (C:\Users\damat\_REPOS\Astral Turf\node
_modules\jsdom\lib\jsdom\living\helpers\runtime-script-errors.
js:66:24)
    at innerInvokeEventListeners 
(C:\Users\damat\_REPOS\Astral Turf\node_modules\jsdom\lib\jsdo
m\living\events\EventTarget-impl.js:353:9)
    at invokeEventListeners (C:\Users\damat\_REPOS\Astral Turf
\node_modules\jsdom\lib\jsdom\living\events\EventTarget-impl.j
s:286:3)
    at HTMLUnknownElementImpl._dispatch 
(C:\Users\damat\_REPOS\Astral Turf\node_modules\jsdom\lib\jsdo
m\living\events\EventTarget-impl.js:233:9)
    at HTMLUnknownElementImpl.dispatchEvent 
(C:\Users\damat\_REPOS\Astral Turf\node_modules\jsdom\lib\jsdo
m\living\events\EventTarget-impl.js:104:17)
    at HTMLUnknownElement.dispatchEvent 
(C:\Users\damat\_REPOS\Astral Turf\node_modules\jsdom\lib\jsdo
m\living\generated\EventTarget.js:241:34)
    at Object.invokeGuardedCallbackDev 
(C:\Users\damat\_REPOS\Astral Turf\node_modules\react-dom\cjs\
react-dom.development.js:4213:16)
    at invokeGuardedCallback (C:\Users\damat\_REPOS\Astral Tur
f\node_modules\react-dom\cjs\react-dom.development.js:4277:31)
    at beginWork$1 (C:\Users\damat\_REPOS\Astral Turf\node_mod
ules\react-dom\cjs\react-dom.development.js:27490:7)
    at performUnitOfWork (C:\Users\damat\_REPOS\Astral Turf\no
de_modules\react-dom\cjs\react-dom.development.js:26599:12) 
Error: Intentional component failure for testing
    at FailingComponent [90m(C:\Users\damat\_REPOS\Astral Tur
f\[39msrc\__tests__\integration\TacticalErrorRecovery.test.ts
x:143:11[90m)[39m
    at renderWithHooks [90m(C:\Users\damat\_REPOS\Astral Turf
\[39mnode_modules\[4mreact-dom[24m\cjs\react-dom.developmen
t.js:15486:18[90m)[39m
    at mountIndeterminateComponent 
[90m(C:\Users\damat\_REPOS\Astral Turf\[39mnode_modules\[4m
react-dom[24m\cjs\react-dom.development.js:20103:13[90m)[39
m
    at beginWork [90m(C:\Users\damat\_REPOS\Astral Turf\[39m
node_modules\[4mreact-dom[24m\cjs\react-dom.development.js:2
1626:16[90m)[39m
    at HTMLUnknownElement.callCallback 
[90m(C:\Users\damat\_REPOS\Astral Turf\[39mnode_modules\[4m
react-dom[24m\cjs\react-dom.development.js:4164:14[90m)[39m
    at HTMLUnknownElement.callTheUserObjectsOperation 
[90m(C:\Users\damat\_REPOS\Astral Turf\[39mnode_modules\[4m
jsdom[24m\lib\jsdom\living\generated\EventListener.js:26:30[
90m)[39m
    at innerInvokeEventListeners 
[90m(C:\Users\damat\_REPOS\Astral Turf\[39mnode_modules\[4m
jsdom[24m\lib\jsdom\living\events\EventTarget-impl.js:350:25
[90m)[39m
    at invokeEventListeners 
[90m(C:\Users\damat\_REPOS\Astral Turf\[39mnode_modules\[4m
jsdom[24m\lib\jsdom\living\events\EventTarget-impl.js:286:3[
90m)[39m
    at HTMLUnknownElementImpl._dispatch 
[90m(C:\Users\damat\_REPOS\Astral Turf\[39mnode_modules\[4m
jsdom[24m\lib\jsdom\living\events\EventTarget-impl.js:233:9[
90m)[39m
    at HTMLUnknownElementImpl.dispatchEvent 
[90m(C:\Users\damat\_REPOS\Astral Turf\[39mnode_modules\[4m
jsdom[24m\lib\jsdom\living\events\EventTarget-impl.js:104:17
[90m)[39m

 [32mΓ£ô[39m src/__tests__/integration/TacticalErrorRecovery.test.tsx[2m > [22mZENITH Tactical Error Recovery Tests[2m > [22mError Boundary Functionality[2m > [22mshould limit retry attempts to prevent infinite loops[32m 211[2mms[22m[39m[35m 76 MB heap used[39m
 [32mΓ£ô[39m src/__tests__/integration/TacticalErrorRecovery.test.tsx[2m > [22mZENITH Tactical Error Recovery Tests[2m > [22mError Boundary Functionality[2m > [22mshould reset component state when reset button is clicked[32m 77[2mms[22m[39m[35m 78 MB heap used[39m
 [32mΓ£ô[39m src/__tests__/integration/TacticalErrorRecovery.test.tsx[2m > [22mZENITH Tactical Error Recovery Tests[2m > [22mError Boundary Functionality[2m > [22mshould log detailed error information for debugging[32m 5[2mms[22m[39m[35m 79 MB heap used[39m
 [32mΓ£ô[39m src/__tests__/integration/TacticalErrorRecovery.test.tsx[2m > [22mZENITH Tactical Error Recovery Tests[2m > [22mError Boundary Functionality[2m > [22mshould handle nested error boundaries correctly[32m 4[2mms[22m[39m[35m 81 MB heap used[39m
 [32mΓ£ô[39m src/__tests__/integration/TacticalErrorRecovery.test.tsx[2m > [22mZENITH Tactical Error Recovery Tests[2m > [22mNetwork Failure Scenarios[2m > [22mshould handle complete network unavailability[32m 3[2mms[22m[39m[35m 72 MB heap used[39m
 [32mΓ£ô[39m src/__tests__/integration/TacticalBoardComprehensive.test.tsx[2m > [22mZENITH Tactical Board Comprehensive Tests[2m > [22m1. UNDEFINED/NULL DATA SCENARIOS - CRITICAL P1 TESTS[2m > [22mshould handle completely null player array
 [32mΓ£ô[39m src/__tests__/integration/TacticalBoardComprehensive.test.tsx[2m > [22mZENITH Tactical Board Comprehensive Tests[2m > [22m1. UNDEFINED/NULL DATA SCENARIOS - CRITICAL P1 TESTS[2m > [22mshould handle undefined players array
 [32mΓ£ô[39m src/__tests__/integration/TacticalBoardComprehensive.test.tsx[2m > [22mZENITH Tactical Board Comprehensive Tests[2m > [22m1. UNDEFINED/NULL DATA SCENARIOS - CRITICAL P1 TESTS[2m > [22mshould filter out null players from array
 [32mΓ£ô[39m src/__tests__/integration/TacticalBoardComprehensive.test.tsx[2m > [22mZENITH Tactical Board Comprehensive Tests[2m > [22m1. UNDEFINED/NULL DATA SCENARIOS - CRITICAL P1 TESTS[2m > [22mshould handle players with missing position data
 [32mΓ£ô[39m src/__tests__/integration/TacticalBoardComprehensive.test.tsx[2m > [22mZENITH Tactical Board Comprehensive Tests[2m > [22m1. UNDEFINED/NULL DATA SCENARIOS - CRITICAL P1 TESTS[2m > [22mshould handle empty tactical lines array gracefully
 [32mΓ£ô[39m src/__tests__/integration/TacticalBoardComprehensive.test.tsx[2m > [22mZENITH Tactical Board Comprehensive Tests[2m > [22m1. UNDEFINED/NULL DATA SCENARIOS - CRITICAL P1 TESTS[2m > [22mshould handle tactical lines with missing player references
 [32mΓ£ô[39m src/__tests__/integration/TacticalBoardComprehensive.test.tsx[2m > [22mZENITH Tactical Board Comprehensive Tests[2m > [22m2. FORMATION LOADING AND MANIPULATION - P1 VALIDATION[2m > [22mshould validate formation data before loading
 [32mΓ£ô[39m src/__tests__/integration/TacticalBoardComprehensive.test.tsx[2m > [22mZENITH Tactical Board Comprehensive Tests[2m > [22m2. FORMATION LOADING AND MANIPULATION - P1 VALIDATION[2m > [22mshould safely extract formation slots with validation
 [32mΓ£ô[39m src/__tests__/integration/TacticalBoardComprehensive.test.tsx[2m > [22mZENITH Tactical Board Comprehensive Tests[2m > [22m2. FORMATION LOADING AND MANIPULATION - P1 VALIDATION[2m > [22mshould handle formation loading with corrupted data
 [32mΓ£ô[39m src/__tests__/integration/TacticalBoardComprehensive.test.tsx[2m > [22mZENITH Tactical Board Comprehensive Tests[2m > [22m3. PLAYER POSITIONING CALCULATIONS - PRECISION TESTS[2m > [22mshould constrain player positions to field boundaries
 [32mΓ£ô[39m src/__tests__/integration/TacticalBoardComprehensive.test.tsx[2m > [22mZENITH Tactical Board Comprehensive Tests[2m > [22m3. PLAYER POSITIONING CALCULATIONS - PRECISION TESTS[2m > [22mshould handle invalid position calculations gracefully
 [32mΓ£ô[39m src/__tests__/integration/TacticalBoardComprehensive.test.tsx[2m > [22mZENITH Tactical Board Comprehensive Tests[2m > [22m3. PLAYER POSITIONING CALCULATIONS - PRECISION TESTS[2m > [22mshould validate position data before processing
 [32mΓ£ô[39m src/__tests__/integration/TacticalBoardComprehensive.test.tsx[2m > [22mZENITH Tactical Board Comprehensive Tests[2m > [22m4. DRAWING CANVAS OPERATIONS - STRESS TESTS[2m > [22mshould handle rapid drawing operations without errors
 [32mΓ£ô[39m src/__tests__/integration/TacticalBoardComprehensive.test.tsx[2m > [22mZENITH Tactical Board Comprehensive Tests[2m > [22m4. DRAWING CANVAS OPERATIONS - STRESS TESTS[2m > [22mshould handle drawing with invalid coordinates
 [32mΓ£ô[39m src/__tests__/integration/TacticalBoardComprehensive.test.tsx[2m > [22mZENITH Tactical Board Comprehensive Tests[2m > [22m5. ERROR BOUNDARY PROTECTION[2m > [22mshould catch and handle component errors gracefully
 [32mΓ£ô[39m src/__tests__/integration/TacticalBoardComprehensive.test.tsx[2m > [22mZENITH Tactical Board Comprehensive Tests[2m > [22m5. ERROR BOUNDARY PROTECTION[2m > [22mshould provide retry mechanism for failed operations
 [32mΓ£ô[39m src/__tests__/integration/TacticalBoardComprehensive.test.tsx[2m > [22mZENITH Tactical Board Comprehensive Tests[2m > [22m5. ERROR BOUNDARY PROTECTION[2m > [22mshould log error details for debugging
 [32mΓ£ô[39m src/__tests__/integration/TacticalBoardComprehensive.test.tsx[2m > [22mZENITH Tactical Board Comprehensive Tests[2m > [22m6. NETWORK FAILURE SCENARIOS[2m > [22mshould handle network timeouts during formation loading
 [32mΓ£ô[39m src/__tests__/integration/TacticalBoardComprehensive.test.tsx[2m > [22mZENITH Tactical Board Comprehensive Tests[2m > [22m6. NETWORK FAILURE SCENARIOS[2m > [22mshould handle partial data loading failures
 [32mΓ£ô[39m src/__tests__/integration/TacticalBoardComprehensive.test.tsx[2m > [22mZENITH Tactical Board Comprehensive Tests[2m > [22m7. CONCURRENT USER INTERACTIONS[2m > [22mshould handle simultaneous player movements
 [32mΓ£ô[39m src/__tests__/integration/TacticalBoardComprehensive.test.tsx[2m > [22mZENITH Tactical Board Comprehensive Tests[2m > [22m7. CONCURRENT USER INTERACTIONS[2m > [22mshould handle rapid line creation and deletion
 [32mΓ£ô[39m src/__tests__/integration/TacticalBoardComprehensive.test.tsx[2m > [22mZENITH Tactical Board Comprehensive Tests[2m > [22m8. MEMORY PRESSURE SCENARIOS[2m > [22mshould handle large datasets efficiently
 [32mΓ£ô[39m src/__tests__/integration/TacticalBoardComprehensive.test.tsx[2m > [22mZENITH Tactical Board Comprehensive Tests[2m > [22m8. MEMORY PRESSURE SCENARIOS[2m > [22mshould cleanup resources properly
 [32mΓ£ô[39m src/__tests__/integration/TacticalBoardComprehensive.test.tsx[2m > [22mZENITH Tactical Board Comprehensive Tests[2m > [22m9. ANIMATION TRAILS AND INCOMPLETE ARRAYS[2m > [22mshould handle incomplete animation trail points
 [32mΓ£ô[39m src/__tests__/integration/TacticalBoardComprehensive.test.tsx[2m > [22mZENITH Tactical Board Comprehensive Tests[2m > [22m10. EDGE CASE BOUNDARY CONDITIONS[2m > [22mshould handle extreme zoom levels
 [32mΓ£ô[39m src/__tests__/integration/TacticalBoardComprehensive.test.tsx[2m > [22mZENITH Tactical Board Comprehensive Tests[2m > [22m10. EDGE CASE BOUNDARY CONDITIONS[2m > [22mshould handle invalid field types gracefully
 [32mΓ£ô[39m src/__tests__/integration/TacticalBoardComprehensive.test.tsx[2m > [22mZENITH Tactical Board Comprehensive Tests[2m > [22m10. EDGE CASE BOUNDARY CONDITIONS[2m > [22mshould handle negative positions
 [32mΓ£ô[39m src/__tests__/integration/TacticalBoardComprehensive.test.tsx[2m > [22mZENITH Tactical Board Comprehensive Tests[2m > [22m10. EDGE CASE BOUNDARY CONDITIONS[2m > [22mshould handle positions beyond 100% boundaries
 [32mΓ£ô[39m src/__tests__/integration/TacticalBoardComprehensive.test.tsx[2m > [22mZENITH Tactical Board Comprehensive Tests[2m > [22m11. PRODUCTION READINESS VALIDATION[2m > [22mshould maintain consistent performance under load
 [32mΓ£ô[39m src/__tests__/integration/TacticalBoardComprehensive.test.tsx[2m > [22mZENITH Tactical Board Comprehensive Tests[2m > [22m11. PRODUCTION READINESS VALIDATION[2m > [22mshould handle all prop combinations without errors
 [32mΓ£ô[39m src/__tests__/integration/TacticalBoardComprehensive.test.tsx[2m > [22mZENITH Tactical Board Comprehensive Tests[2m > [22m11. PRODUCTION READINESS VALIDATION[2m > [22mshould be accessible and follow ARIA guidelines
 [32mΓ£ô[39m [44m[1m TS [22m[49m src/__tests__/integration/TacticalBoardComprehensive.test.tsx [2m([22m[2m31 tests[22m[2m)[22m
 [32mΓ£ô[39m src/__tests__/integration/ErrorBoundaryMinimal.test.tsx[2m > [22mMinimal Error Boundary Test[2m > [22mshould show retry button with correct text
 [32mΓ£ô[39m [44m[1m TS [22m[49m src/__tests__/integration/ErrorBoundaryMinimal.test.tsx [2m([22m[2m1 test[22m[2m)[22m
 [32mΓ£ô[39m src/__tests__/integration/enhanced-unified-tactics-board.test.tsx[2m > [22mEnhanced UnifiedTacticsBoard Integration Tests[2m > [22mComponent Integration[2m > [22mshould render all major components together
 [32mΓ£ô[39m src/__tests__/integration/enhanced-unified-tactics-board.test.tsx[2m > [22mEnhanced UnifiedTacticsBoard Integration Tests[2m > [22mComponent Integration[2m > [22mshould display formation slots correctly
 [32mΓ£ô[39m src/__tests__/integration/enhanced-unified-tactics-board.test.tsx[2m > [22mEnhanced UnifiedTacticsBoard Integration Tests[2m > [22mComponent Integration[2m > [22mshould show players in assigned positions
 [32mΓ£ô[39m src/__tests__/integration/enhanced-unified-tactics-board.test.tsx[2m > [22mEnhanced UnifiedTacticsBoard Integration Tests[2m > [22mComponent Integration[2m > [22mshould display bench players
 [32mΓ£ô[39m src/__tests__/integration/enhanced-unified-tactics-board.test.tsx[2m > [22mEnhanced UnifiedTacticsBoard Integration Tests[2m > [22mPositioning Mode Integration[2m > [22mshould toggle between snap and free positioning modes
 [32mΓ£ô[39m src/__tests__/integration/enhanced-unified-tactics-board.test.tsx[2m > [22mEnhanced UnifiedTacticsBoard Integration Tests[2m > [22mPositioning Mode Integration[2m > [22mshould affect player positioning behavior based on mode
 [32mΓ£ô[39m src/__tests__/integration/enhanced-unified-tactics-board.test.tsx[2m > [22mEnhanced UnifiedTacticsBoard Integration Tests[2m > [22mDrag and Drop Integration[2m > [22mshould handle player drag from bench to formation slot
 [32mΓ£ô[39m src/__tests__/integration/enhanced-unified-tactics-board.test.tsx[2m > [22mEnhanced UnifiedTacticsBoard Integration Tests[2m > [22mDrag and Drop Integration[2m > [22mshould trigger conflict resolution for occupied slots
 [32mΓ£ô[39m src/__tests__/integration/enhanced-unified-tactics-board.test.tsx[2m > [22mEnhanced UnifiedTacticsBoard Integration Tests[2m > [22mDrag and Drop Integration[2m > [22mshould resolve conflicts through user choice
 [32mΓ£ô[39m src/__tests__/integration/enhanced-unified-tactics-board.test.tsx[2m > [22mEnhanced UnifiedTacticsBoard Integration Tests[2m > [22mDrag and Drop Integration[2m > [22mshould handle player-to-player drag operations
 [32mΓ£ô[39m src/__tests__/integration/enhanced-unified-tactics-board.test.tsx[2m > [22mEnhanced UnifiedTacticsBoard Integration Tests[2m > [22mFormation Auto-Assignment Integration[2m > [22mshould trigger auto-assignment correctly
 [32mΓ£ô[39m src/__tests__/integration/enhanced-unified-tactics-board.test.tsx[2m > [22mEnhanced UnifiedTacticsBoard Integration Tests[2m > [22mFormation Auto-Assignment Integration[2m > [22mshould respect positioning mode during auto-assignment
 [32mΓ£ô[39m src/__tests__/integration/enhanced-unified-tactics-board.test.tsx[2m > [22mEnhanced UnifiedTacticsBoard Integration Tests[2m > [22mFormation Auto-Assignment Integration[2m > [22mshould handle auto-assignment conflicts gracefully
 [32mΓ£ô[39m src/__tests__/integration/enhanced-unified-tactics-board.test.tsx[2m > [22mEnhanced UnifiedTacticsBoard Integration Tests[2m > [22mDrawing Tools Integration[2m > [22mshould toggle drawing tools overlay
 [32mΓ£ô[39m src/__tests__/integration/enhanced-unified-tactics-board.test.tsx[2m > [22mEnhanced UnifiedTacticsBoard Integration Tests[2m > [22mDrawing Tools Integration[2m > [22mshould provide drawing tools when overlay is active
 [32mΓ£ô[39m src/__tests__/integration/enhanced-unified-tactics-board.test.tsx[2m > [22mEnhanced UnifiedTacticsBoard Integration Tests[2m > [22mDrawing Tools Integration[2m > [22mshould handle drawing interactions on the field
 [32mΓ£ô[39m src/__tests__/integration/enhanced-unified-tactics-board.test.tsx[2m > [22mEnhanced UnifiedTacticsBoard Integration Tests[2m > [22mChemistry Visualization Integration[2m > [22mshould display team chemistry information
 [32mΓ£ô[39m src/__tests__/integration/enhanced-unified-tactics-board.test.tsx[2m > [22mEnhanced UnifiedTacticsBoard Integration Tests[2m > [22mChemistry Visualization Integration[2m > [22mshould update chemistry when players are moved
 [32mΓ£ô[39m src/__tests__/integration/enhanced-unified-tactics-board.test.tsx[2m > [22mEnhanced UnifiedTacticsBoard Integration Tests[2m > [22mCross-Component Communication[2m > [22mshould coordinate state changes across all components
 [32mΓ£ô[39m src/__tests__/integration/enhanced-unified-tactics-board.test.tsx[2m > [22mEnhanced UnifiedTacticsBoard Integration Tests[2m > [22mCross-Component Communication[2m > [22mshould handle rapid state changes gracefully
 [32mΓ£ô[39m src/__tests__/integration/enhanced-unified-tactics-board.test.tsx[2m > [22mEnhanced UnifiedTacticsBoard Integration Tests[2m > [22mError Handling and Recovery[2m > [22mshould handle invalid formation data gracefully
 [32mΓ£ô[39m src/__tests__/integration/enhanced-unified-tactics-board.test.tsx[2m > [22mEnhanced UnifiedTacticsBoard Integration Tests[2m > [22mError Handling and Recovery[2m > [22mshould recover from drag and drop errors
 [32mΓ£ô[39m src/__tests__/integration/enhanced-unified-tactics-board.test.tsx[2m > [22mEnhanced UnifiedTacticsBoard Integration Tests[2m > [22mError Handling and Recovery[2m > [22mshould handle missing player data
 [32mΓ£ô[39m src/__tests__/integration/enhanced-unified-tactics-board.test.tsx[2m > [22mEnhanced UnifiedTacticsBoard Integration Tests[2m > [22mPerformance Integration[2m > [22mshould maintain performance with complex interactions
 [32mΓ£ô[39m src/__tests__/integration/enhanced-unified-tactics-board.test.tsx[2m > [22mEnhanced UnifiedTacticsBoard Integration Tests[2m > [22mPerformance Integration[2m > [22mshould handle large datasets efficiently
 [32mΓ£ô[39m src/__tests__/integration/enhanced-unified-tactics-board.test.tsx[2m > [22mEnhanced UnifiedTacticsBoard Integration Tests[2m > [22mComplete Workflow Integration[2m > [22mshould execute a complete tactical setup workflow
 [32mΓ£ô[39m src/__tests__/integration/enhanced-unified-tactics-board.test.tsx[2m > [22mEnhanced UnifiedTacticsBoard Integration Tests[2m > [22mComplete Workflow Integration[2m > [22mshould maintain data consistency throughout workflow
 [32mΓ£ô[39m [44m[1m TS [22m[49m src/__tests__/integration/enhanced-unified-tactics-board.test.tsx [2m([22m[2m27 tests[22m[2m)[22m
 [32mΓ£ô[39m src/__tests__/integration/formation-management.integration.test.tsx[2m > [22m≡ƒÅù∩╕Å Formation Management Integration Tests[2m > [22m≡ƒÄ» Auto-Assignment System[2m > [22mshould automatically assign players to optimal positions
 [32mΓ£ô[39m src/__tests__/integration/formation-management.integration.test.tsx[2m > [22m≡ƒÅù∩╕Å Formation Management Integration Tests[2m > [22m≡ƒÄ» Auto-Assignment System[2m > [22mshould handle formation changes with player reassignment
 [32mΓ£ô[39m src/__tests__/integration/formation-management.integration.test.tsx[2m > [22m≡ƒÅù∩╕Å Formation Management Integration Tests[2m > [22m≡ƒÄ» Auto-Assignment System[2m > [22mshould prioritize player fitness and availability
 [32mΓ£ô[39m src/__tests__/integration/formation-management.integration.test.tsx[2m > [22m≡ƒÅù∩╕Å Formation Management Integration Tests[2m > [22m≡ƒÄ» Auto-Assignment System[2m > [22mshould handle insufficient players gracefully
 [32mΓ£ô[39m src/__tests__/integration/formation-management.integration.test.tsx[2m > [22m≡ƒÅù∩╕Å Formation Management Integration Tests[2m > [22m≡ƒöä Player Swap & Conflict Resolution[2m > [22mshould handle player swap operations intelligently
 [32mΓ£ô[39m src/__tests__/integration/formation-management.integration.test.tsx[2m > [22m≡ƒÅù∩╕Å Formation Management Integration Tests[2m > [22m≡ƒöä Player Swap & Conflict Resolution[2m > [22mshould suggest alternative positions for conflicts
 [32mΓ£ô[39m src/__tests__/integration/formation-management.integration.test.tsx[2m > [22m≡ƒÅù∩╕Å Formation Management Integration Tests[2m > [22m≡ƒöä Player Swap & Conflict Resolution[2m > [22mshould handle position compatibility in swaps
 [32mΓ£ô[39m src/__tests__/integration/formation-management.integration.test.tsx[2m > [22m≡ƒÅù∩╕Å Formation Management Integration Tests[2m > [22m≡ƒôè Formation Analysis & Validation[2m > [22mshould analyze formation effectiveness
 [32mΓ£ô[39m src/__tests__/integration/formation-management.integration.test.tsx[2m > [22m≡ƒÅù∩╕Å Formation Management Integration Tests[2m > [22m≡ƒôè Formation Analysis & Validation[2m > [22mshould identify formation weaknesses
 [32mΓ£ô[39m src/__tests__/integration/formation-management.integration.test.tsx[2m > [22m≡ƒÅù∩╕Å Formation Management Integration Tests[2m > [22m≡ƒôè Formation Analysis & Validation[2m > [22mshould handle missing players in formation
 [32mΓ£ô[39m src/__tests__/integration/formation-management.integration.test.tsx[2m > [22m≡ƒÅù∩╕Å Formation Management Integration Tests[2m > [22mΓÜí Performance Optimization[2m > [22mshould handle large player pools efficiently
 [32mΓ£ô[39m src/__tests__/integration/formation-management.integration.test.tsx[2m > [22m≡ƒÅù∩╕Å Formation Management Integration Tests[2m > [22mΓÜí Performance Optimization[2m > [22mshould optimize formation analysis for complex scenarios
 [32mΓ£ô[39m src/__tests__/integration/formation-management.integration.test.tsx[2m > [22m≡ƒÅù∩╕Å Formation Management Integration Tests[2m > [22mΓÜí Performance Optimization[2m > [22mshould cache formation calculations for repeated operations
 [32mΓ£ô[39m src/__tests__/integration/formation-management.integration.test.tsx[2m > [22m≡ƒÅù∩╕Å Formation Management Integration Tests[2m > [22m≡ƒöä Real-time Updates & State Management[2m > [22mshould handle concurrent formation updates
 [32mΓ£ô[39m src/__tests__/integration/formation-management.integration.test.tsx[2m > [22m≡ƒÅù∩╕Å Formation Management Integration Tests[2m > [22m≡ƒöä Real-time Updates & State Management[2m > [22mshould maintain formation integrity during updates
 [32mΓ£ô[39m src/__tests__/integration/formation-management.integration.test.tsx[2m > [22m≡ƒÅù∩╕Å Formation Management Integration Tests[2m > [22m≡ƒöä Real-time Updates & State Management[2m > [22mshould handle player availability changes
 [32mΓ£ô[39m src/__tests__/integration/formation-management.integration.test.tsx[2m > [22m≡ƒÅù∩╕Å Formation Management Integration Tests[2m > [22m≡ƒº¬ Edge Cases & Stress Testing[2m > [22mshould handle empty formation gracefully
 [32mΓ£ô[39m src/__tests__/integration/formation-management.integration.test.tsx[2m > [22m≡ƒÅù∩╕Å Formation Management Integration Tests[2m > [22m≡ƒº¬ Edge Cases & Stress Testing[2m > [22mshould handle formation with duplicate slot IDs
 [32mΓ£ô[39m src/__tests__/integration/formation-management.integration.test.tsx[2m > [22m≡ƒÅù∩╕Å Formation Management Integration Tests[2m > [22m≡ƒº¬ Edge Cases & Stress Testing[2m > [22mshould handle extreme player attributes
 [32mΓ£ô[39m src/__tests__/integration/formation-management.integration.test.tsx[2m > [22m≡ƒÅù∩╕Å Formation Management Integration Tests[2m > [22m≡ƒº¬ Edge Cases & Stress Testing[2m > [22mshould handle malformed player data
 [32mΓ£ô[39m src/__tests__/integration/formation-management.integration.test.tsx[2m > [22m≡ƒÅù∩╕Å Formation Management Integration Tests[2m > [22m≡ƒÄ« Interactive Formation Building[2m > [22mshould support step-by-step formation building
 [32mΓ£ô[39m src/__tests__/integration/formation-management.integration.test.tsx[2m > [22m≡ƒÅù∩╕Å Formation Management Integration Tests[2m > [22m≡ƒÄ« Interactive Formation Building[2m > [22mshould validate position constraints
 [32mΓ£ô[39m src/__tests__/integration/formation-management.integration.test.tsx[2m > [22m≡ƒÅù∩╕Å Formation Management Integration Tests[2m > [22m≡ƒÄ« Interactive Formation Building[2m > [22mshould support formation templates and variations
 [32mΓ£ô[39m [44m[1m TS [22m[49m src/__tests__/integration/formation-management.integration.test.tsx [2m([22m[2m23 tests[22m[2m)[22m
 [32mΓ£ô[39m src/__tests__/integration/LoginFlow.test.tsx[2m > [22mLogin Integration Flow[2m > [22mLogin Form Rendering[2m > [22mshould render login form with all required elements
 [32mΓ£ô[39m src/__tests__/integration/LoginFlow.test.tsx[2m > [22mLogin Integration Flow[2m > [22mLogin Form Rendering[2m > [22mshould have pre-filled demo credentials
 [32mΓ£ô[39m src/__tests__/integration/LoginFlow.test.tsx[2m > [22mLogin Integration Flow[2m > [22mLogin Form Rendering[2m > [22mshould render role selection options
 [32mΓ£ô[39m src/__tests__/integration/LoginFlow.test.tsx[2m > [22mLogin Integration Flow[2m > [22mForm Validation[2m > [22mshould validate email format
 [32mΓ£ô[39m src/__tests__/integration/LoginFlow.test.tsx[2m > [22mLogin Integration Flow[2m > [22mForm Validation[2m > [22mshould require email field
 [32mΓ£ô[39m src/__tests__/integration/LoginFlow.test.tsx[2m > [22mLogin Integration Flow[2m > [22mForm Validation[2m > [22mshould require password field
 [32mΓ£ô[39m src/__tests__/integration/LoginFlow.test.tsx[2m > [22mLogin Integration Flow[2m > [22mForm Validation[2m > [22mshould validate minimum password length
 [32mΓ£ô[39m src/__tests__/integration/LoginFlow.test.tsx[2m > [22mLogin Integration Flow[2m > [22mAuthentication Flow[2m > [22mshould successfully login with valid credentials
 [32mΓ£ô[39m src/__tests__/integration/LoginFlow.test.tsx[2m > [22mLogin Integration Flow[2m > [22mAuthentication Flow[2m > [22mshould show loading state during authentication
 [32mΓ£ô[39m src/__tests__/integration/LoginFlow.test.tsx[2m > [22mLogin Integration Flow[2m > [22mAuthentication Flow[2m > [22mshould handle login errors gracefully
 [32mΓ£ô[39m src/__tests__/integration/LoginFlow.test.tsx[2m > [22mLogin Integration Flow[2m > [22mAuthentication Flow[2m > [22mshould handle network errors
 [32mΓ£ô[39m src/__tests__/integration/LoginFlow.test.tsx[2m > [22mLogin Integration Flow[2m > [22mRole-based Authentication[2m > [22mshould handle coach login and redirect appropriately
 [32mΓ£ô[39m src/__tests__/integration/LoginFlow.test.tsx[2m > [22mLogin Integration Flow[2m > [22mRole-based Authentication[2m > [22mshould handle player login and redirect appropriately
 [32mΓ£ô[39m src/__tests__/integration/LoginFlow.test.tsx[2m > [22mLogin Integration Flow[2m > [22mRole-based Authentication[2m > [22mshould handle family member login
 [32mΓ£ô[39m src/__tests__/integration/LoginFlow.test.tsx[2m > [22mLogin Integration Flow[2m > [22mAccessibility and UX[2m > [22mshould handle form submission with Enter key
 [32mΓ£ô[39m src/__tests__/integration/LoginFlow.test.tsx[2m > [22mLogin Integration Flow[2m > [22mAccessibility and UX[2m > [22mshould clear errors when user starts typing
 [32mΓ£ô[39m src/__tests__/integration/LoginFlow.test.tsx[2m > [22mLogin Integration Flow[2m > [22mAccessibility and UX[2m > [22mshould have proper ARIA labels and roles
 [32mΓ£ô[39m src/__tests__/integration/LoginFlow.test.tsx[2m > [22mLogin Integration Flow[2m > [22mAccessibility and UX[2m > [22mshould handle keyboard navigation
 [32mΓ£ô[39m src/__tests__/integration/LoginFlow.test.tsx[2m > [22mLogin Integration Flow[2m > [22mError Recovery[2m > [22mshould allow retry after failed login
 [32mΓ£ô[39m src/__tests__/integration/LoginFlow.test.tsx[2m > [22mLogin Integration Flow[2m > [22mError Recovery[2m > [22mshould clear previous errors on new submission
 [32mΓ£ô[39m [44m[1m TS [22m[49m src/__tests__/integration/LoginFlow.test.tsx [2m([22m[2m20 tests[22m[2m)[22m
 [32mΓ£ô[39m src/__tests__/integration/TacticalBoardWorkflow.test.tsx[2m > [22mTactical Board Workflow Integration Tests[2m > [22mComplete User Workflows[2m > [22mexecutes complete formation setup workflow
 [32mΓ£ô[39m src/__tests__/integration/TacticalBoardWorkflow.test.tsx[2m > [22mTactical Board Workflow Integration Tests[2m > [22mComplete User Workflows[2m > [22mhandles player selection and movement workflow
 [32mΓ£ô[39m src/__tests__/integration/TacticalBoardWorkflow.test.tsx[2m > [22mTactical Board Workflow Integration Tests[2m > [22mComplete User Workflows[2m > [22mcompletes drag and drop player management workflow
 [32mΓ£ô[39m src/__tests__/integration/TacticalBoardWorkflow.test.tsx[2m > [22mTactical Board Workflow Integration Tests[2m > [22mComplete User Workflows[2m > [22mexecutes tactical drawing workflow
 [32mΓ£ô[39m src/__tests__/integration/TacticalBoardWorkflow.test.tsx[2m > [22mTactical Board Workflow Integration Tests[2m > [22mComplete User Workflows[2m > [22mhandles view mode transitions workflow
 [32mΓ£ô[39m src/__tests__/integration/TacticalBoardWorkflow.test.tsx[2m > [22mTactical Board Workflow Integration Tests[2m > [22mComplete User Workflows[2m > [22mmanages player display settings workflow
 [32mΓ£ô[39m src/__tests__/integration/TacticalBoardWorkflow.test.tsx[2m > [22mTactical Board Workflow Integration Tests[2m > [22mComplete User Workflows[2m > [22mhandles complex multi-component interaction workflow
 [32mΓ£ô[39m src/__tests__/integration/TacticalBoardWorkflow.test.tsx[2m > [22mTactical Board Workflow Integration Tests[2m > [22mPerformance and Stress Testing[2m > [22mhandles large dataset workflows efficiently
 [32mΓ£ô[39m src/__tests__/integration/TacticalBoardWorkflow.test.tsx[2m > [22mTactical Board Workflow Integration Tests[2m > [22mPerformance and Stress Testing[2m > [22mmaintains responsiveness during rapid interactions
 [32mΓ£ô[39m src/__tests__/integration/TacticalBoardWorkflow.test.tsx[2m > [22mTactical Board Workflow Integration Tests[2m > [22mError Recovery and Edge Cases[2m > [22mrecovers gracefully from component errors
 [32mΓ£ô[39m src/__tests__/integration/TacticalBoardWorkflow.test.tsx[2m > [22mTactical Board Workflow Integration Tests[2m > [22mError Recovery and Edge Cases[2m > [22mhandles empty state gracefully
 [32mΓ£ô[39m src/__tests__/integration/TacticalBoardWorkflow.test.tsx[2m > [22mTactical Board Workflow Integration Tests[2m > [22mError Recovery and Edge Cases[2m > [22mmaintains state consistency during complex operations
 [32mΓ£ô[39m src/__tests__/integration/TacticalBoardWorkflow.test.tsx[2m > [22mTactical Board Workflow Integration Tests[2m > [22mAccessibility Integration[2m > [22mmaintains accessibility standards across workflow
 [32mΓ£ô[39m src/__tests__/integration/TacticalBoardWorkflow.test.tsx[2m > [22mTactical Board Workflow Integration Tests[2m > [22mAccessibility Integration[2m > [22msupports high contrast and reduced motion preferences
 [32mΓ£ô[39m src/__tests__/integration/TacticalBoardWorkflow.test.tsx[2m > [22mTactical Board Workflow Integration Tests[2m > [22mMobile Responsiveness Integration[2m > [22madapts entire workflow for mobile devices
 [32mΓ£ô[39m [44m[1m TS [22m[49m src/__tests__/integration/TacticalBoardWorkflow.test.tsx [2m([22m[2m15 tests[22m[2m)[22m
 [32mΓ£ô[39m src/__tests__/integration/TacticsBoardIntegration.test.tsx[2m > [22mTactics Board Integration Tests[2m > [22mComplete User Workflows[2m > [22mshould handle complete formation creation workflow
 [32mΓ£ô[39m src/__tests__/integration/TacticsBoardIntegration.test.tsx[2m > [22mTactics Board Integration Tests[2m > [22mComplete User Workflows[2m > [22mshould handle player substitution workflow
 [32mΓ£ô[39m src/__tests__/integration/TacticsBoardIntegration.test.tsx[2m > [22mTactics Board Integration Tests[2m > [22mComplete User Workflows[2m > [22mshould handle tactical analysis workflow
 [32mΓ£ô[39m src/__tests__/integration/TacticsBoardIntegration.test.tsx[2m > [22mTactics Board Integration Tests[2m > [22mComplete User Workflows[2m > [22mshould handle collaboration workflow
 [32mΓ£ô[39m src/__tests__/integration/TacticsBoardIntegration.test.tsx[2m > [22mTactics Board Integration Tests[2m > [22mComplete User Workflows[2m > [22mshould handle export and sharing workflow
 [32mΓ£ô[39m src/__tests__/integration/TacticsBoardIntegration.test.tsx[2m > [22mTactics Board Integration Tests[2m > [22mCross-Component Data Flow[2m > [22mshould synchronize player selection across components
 [32mΓ£ô[39m src/__tests__/integration/TacticsBoardIntegration.test.tsx[2m > [22mTactics Board Integration Tests[2m > [22mCross-Component Data Flow[2m > [22mshould maintain formation state across view changes
 [32mΓ£ô[39m src/__tests__/integration/TacticsBoardIntegration.test.tsx[2m > [22mTactics Board Integration Tests[2m > [22mCross-Component Data Flow[2m > [22mshould handle undo/redo across different actions
 [32mΓ£ô[39m src/__tests__/integration/TacticsBoardIntegration.test.tsx[2m > [22mTactics Board Integration Tests[2m > [22mPerformance Under Load[2m > [22mshould handle large formations efficiently
 [32mΓ£ô[39m src/__tests__/integration/TacticsBoardIntegration.test.tsx[2m > [22mTactics Board Integration Tests[2m > [22mPerformance Under Load[2m > [22mshould handle rapid user interactions gracefully
 [32mΓ£ô[39m src/__tests__/integration/TacticsBoardIntegration.test.tsx[2m > [22mTactics Board Integration Tests[2m > [22mPerformance Under Load[2m > [22mshould maintain responsive animations during complex operations
 [32mΓ£ô[39m src/__tests__/integration/TacticsBoardIntegration.test.tsx[2m > [22mTactics Board Integration Tests[2m > [22mError Recovery[2m > [22mshould recover from component failures gracefully
 [32mΓ£ô[39m src/__tests__/integration/TacticsBoardIntegration.test.tsx[2m > [22mTactics Board Integration Tests[2m > [22mError Recovery[2m > [22mshould handle network failures during operations
 [32mΓ£ô[39m src/__tests__/integration/TacticsBoardIntegration.test.tsx[2m > [22mTactics Board Integration Tests[2m > [22mError Recovery[2m > [22mshould handle data corruption gracefully
 [32mΓ£ô[39m src/__tests__/integration/TacticsBoardIntegration.test.tsx[2m > [22mTactics Board Integration Tests[2m > [22mAccessibility Integration[2m > [22mshould support complete keyboard navigation workflow
 [32mΓ£ô[39m src/__tests__/integration/TacticsBoardIntegration.test.tsx[2m > [22mTactics Board Integration Tests[2m > [22mAccessibility Integration[2m > [22mshould announce important state changes to screen readers
 [32mΓ£ô[39m src/__tests__/integration/TacticsBoardIntegration.test.tsx[2m > [22mTactics Board Integration Tests[2m > [22mAccessibility Integration[2m > [22mshould support screen reader with complex interactions
 [32mΓ£ô[39m [44m[1m TS [22m[49m src/__tests__/integration/TacticsBoardIntegration.test.tsx [2m([22m[2m17 tests[22m[2m)[22m
 [32mΓ£ô[39m src/__tests__/integration/TacticalErrorRecovery.test.tsx[2m > [22mZENITH Tactical Error Recovery Tests[2m > [22mError Boundary Functionality[2m > [22mshould catch and display component errors gracefully
 [32mΓ£ô[39m src/__tests__/integration/TacticalErrorRecovery.test.tsx[2m > [22mZENITH Tactical Error Recovery Tests[2m > [22mError Boundary Functionality[2m > [22mshould render children normally when no errors occur
 [2m[90mΓåô[39m[22m src/__tests__/integration/TacticalErrorRecovery.test.tsx[2m > [22mZENITH Tactical Error Recovery Tests[2m > [22mError Boundary Functionality[2m > [22mshould provide retry functionality for recoverable errors
 [32mΓ£ô[39m src/__tests__/integration/TacticalErrorRecovery.test.tsx[2m > [22mZENITH Tactical Error Recovery Tests[2m > [22mError Boundary Functionality[2m > [22mshould limit retry attempts to prevent infinite loops
 [32mΓ£ô[39m src/__tests__/integration/TacticalErrorRecovery.test.tsx[2m > [22mZENITH Tactical Error Recovery Tests[2m > [22mError Boundary Functionality[2m > [22mshould reset component state when reset button is clicked
 [32mΓ£ô[39m src/__tests__/integration/TacticalErrorRecovery.test.tsx[2m > [22mZENITH Tactical Error Recovery Tests[2m > [22mError Boundary Functionality[2m > [22mshould log detailed error information for debugging
 [32mΓ£ô[39m src/__tests__/integration/TacticalErrorRecovery.test.tsx[2m > [22mZENITH Tactical Error Recovery Tests[2m > [22mError Boundary Functionality[2m > [22mshould handle nested error boundaries correctly
 [32mΓ£ô[39m src/__tests__/integration/TacticalErrorRecovery.test.tsx[2m > [22mZENITH Tactical Error Recovery Tests[2m > [22mNetwork Failure Scenarios[2m > [22mshould handle complete network unavailability
 [32mΓ£ô[39m src/__tests__/integration/TacticalErrorRecovery.test.tsx[2m > [22mZENITH Tactical Error Recovery Tests[2m > [22mNetwork Failure Scenarios[2m > [22mshould handle intermittent network failures
 [32mΓ£ô[39m src/__tests__/integration/TacticalErrorRecovery.test.tsx[2m > [22mZENITH Tactical Error Recovery Tests[2m > [22mNetwork Failure Scenarios[2m > [22mshould handle high network latency gracefully
 [32mΓ£ô[39m src/__tests__/integration/TacticalErrorRecovery.test.tsx[2m > [22mZENITH Tactical Error Recovery Tests[2m > [22mNetwork Failure Scenarios[2m > [22mshould implement exponential backoff for failed requests
 [32mΓ£ô[39m src/__tests__/integration/TacticalErrorRecovery.test.tsx[2m > [22mZENITH Tactical Error Recovery Tests[2m > [22mNetwork Failure Scenarios[2m > [22mshould cache data to survive network outages
 [32mΓ£ô[39m src/__tests__/integration/TacticalErrorRecovery.test.tsx[2m > [22mZENITH Tactical Error Recovery Tests[2m > [22mConcurrent Error Scenarios[2m > [22mshould handle multiple simultaneous errors gracefully
 [32mΓ£ô[39m src/__tests__/integration/TacticalErrorRecovery.test.tsx[2m > [22mZENITH Tactical Error Recovery Tests[2m > [22mConcurrent Error Scenarios[2m > [22mshould handle errors during concurrent user interactions
 [32mΓ£ô[39m src/__tests__/integration/TacticalErrorRecovery.test.tsx[2m > [22mZENITH Tactical Error Recovery Tests[2m > [22mMemory Pressure Error Recovery[2m > [22mshould handle out-of-memory scenarios gracefully
 [32mΓ£ô[39m src/__tests__/integration/TacticalErrorRecovery.test.tsx[2m > [22mZENITH Tactical Error Recovery Tests[2m > [22mMemory Pressure Error Recovery[2m > [22mshould cleanup resources properly during error recovery
 [32mΓ£ô[39m src/__tests__/integration/TacticalErrorRecovery.test.tsx[2m > [22mZENITH Tactical Error Recovery Tests[2m > [22mProduction Error Recovery[2m > [22mshould provide user-friendly error messages in production
 [32mΓ£ô[39m src/__tests__/integration/TacticalErrorRecovery.test.tsx[2m > [22mZENITH Tactical Error Recovery Tests[2m > [22mProduction Error Recovery[2m > [22mshould report errors to monitoring service in production
 [32mΓ£ô[39m src/__tests__/integration/TacticalErrorRecovery.test.tsx[2m > [22mZENITH Tactical Error Recovery Tests[2m > [22mProduction Error Recovery[2m > [22mshould maintain application state after error recovery
 [32mΓ£ô[39m src/__tests__/integration/TacticalErrorRecovery.test.tsx[2m > [22mZENITH Tactical Error Recovery Tests[2m > [22mIntegration Error Recovery[2m > [22mshould gracefully handle tactical board component errors
 [32mΓ£ô[39m src/__tests__/integration/TacticalErrorRecovery.test.tsx[2m > [22mZENITH Tactical Error Recovery Tests[2m > [22mIntegration Error Recovery[2m > [22mshould recover from tactical data corruption
 [32mΓ£ô[39m [44m[1m TS [22m[49m src/__tests__/integration/TacticalErrorRecovery.test.tsx [2m([22m[2m21 tests[22m[2m | [22m[33m1 skipped[39m[2m)[22m
 [32mΓ£ô[39m src/__tests__/integration/TacticsBoard.test.tsx[2m > [22mTactics Board Integration[2m > [22mDesktop Layout[2m > [22mshould render full desktop layout with all components
 [32mΓ£ô[39m src/__tests__/integration/TacticsBoard.test.tsx[2m > [22mTactics Board Integration[2m > [22mDesktop Layout[2m > [22mshould apply correct CSS classes for desktop layout
 [32mΓ£ô[39m src/__tests__/integration/TacticsBoard.test.tsx[2m > [22mTactics Board Integration[2m > [22mDesktop Layout[2m > [22mshould show both sidebars in desktop mode
 [32mΓ£ô[39m src/__tests__/integration/TacticsBoard.test.tsx[2m > [22mTactics Board Integration[2m > [22mMobile Layout[2m > [22mshould render mobile layout with collapsed sidebars
 [32mΓ£ô[39m src/__tests__/integration/TacticsBoard.test.tsx[2m > [22mTactics Board Integration[2m > [22mMobile Layout[2m > [22mshould apply mobile-specific CSS classes
 [32mΓ£ô[39m src/__tests__/integration/TacticsBoard.test.tsx[2m > [22mTactics Board Integration[2m > [22mMobile Layout[2m > [22mshould apply mobile padding to field container
 [32mΓ£ô[39m src/__tests__/integration/TacticsBoard.test.tsx[2m > [22mTactics Board Integration[2m > [22mTablet Layout[2m > [22mshould render tablet layout appropriately
 [32mΓ£ô[39m src/__tests__/integration/TacticsBoard.test.tsx[2m > [22mTactics Board Integration[2m > [22mPresentation Mode[2m > [22mshould hide sidebars in presentation mode
 [32mΓ£ô[39m src/__tests__/integration/TacticsBoard.test.tsx[2m > [22mTactics Board Integration[2m > [22mPresentation Mode[2m > [22mshould show presentation controls in presentation mode
 [32mΓ£ô[39m src/__tests__/integration/TacticsBoard.test.tsx[2m > [22mTactics Board Integration[2m > [22mPresentation Mode[2m > [22mshould apply presentation mode styling
 [32mΓ£ô[39m src/__tests__/integration/TacticsBoard.test.tsx[2m > [22mTactics Board Integration[2m > [22mPresentation Mode[2m > [22mshould still show essential field components
 [32mΓ£ô[39m src/__tests__/integration/TacticsBoard.test.tsx[2m > [22mTactics Board Integration[2m > [22mComponent Integration[2m > [22mshould pass tactics state to field components
 [32mΓ£ô[39m src/__tests__/integration/TacticsBoard.test.tsx[2m > [22mTactics Board Integration[2m > [22mComponent Integration[2m > [22mshould handle UI state changes
 [32mΓ£ô[39m src/__tests__/integration/TacticsBoard.test.tsx[2m > [22mTactics Board Integration[2m > [22mResponsive Behavior[2m > [22mshould adapt to screen size changes
 [32mΓ£ô[39m src/__tests__/integration/TacticsBoard.test.tsx[2m > [22mTactics Board Integration[2m > [22mResponsive Behavior[2m > [22mshould handle drawer navigation states
 [32mΓ£ô[39m src/__tests__/integration/TacticsBoard.test.tsx[2m > [22mTactics Board Integration[2m > [22mResponsive Behavior[2m > [22mshould maintain field functionality across breakpoints
 [32mΓ£ô[39m src/__tests__/integration/TacticsBoard.test.tsx[2m > [22mTactics Board Integration[2m > [22mBackground and Styling[2m > [22mshould apply gradient backgrounds
 [32mΓ£ô[39m src/__tests__/integration/TacticsBoard.test.tsx[2m > [22mTactics Board Integration[2m > [22mBackground and Styling[2m > [22mshould apply backdrop blur effects
 [32mΓ£ô[39m src/__tests__/integration/TacticsBoard.test.tsx[2m > [22mTactics Board Integration[2m > [22mBackground and Styling[2m > [22mshould use appropriate border styling
 [32mΓ£ô[39m src/__tests__/integration/TacticsBoard.test.tsx[2m > [22mTactics Board Integration[2m > [22mAccessibility[2m > [22mshould have proper semantic structure
 [32mΓ£ô[39m src/__tests__/integration/TacticsBoard.test.tsx[2m > [22mTactics Board Integration[2m > [22mAccessibility[2m > [22mshould maintain focus management across layout changes
 [32mΓ£ô[39m src/__tests__/integration/TacticsBoard.test.tsx[2m > [22mTactics Board Integration[2m > [22mAccessibility[2m > [22mshould handle keyboard navigation
 [32mΓ£ô[39m src/__tests__/integration/TacticsBoard.test.tsx[2m > [22mTactics Board Integration[2m > [22mPerformance[2m > [22mshould use React.memo for optimization
 [32mΓ£ô[39m src/__tests__/integration/TacticsBoard.test.tsx[2m > [22mTactics Board Integration[2m > [22mPerformance[2m > [22mshould not re-render unnecessarily
 [32mΓ£ô[39m src/__tests__/integration/TacticsBoard.test.tsx[2m > [22mTactics Board Integration[2m > [22mError Boundaries[2m > [22mshould handle component errors gracefully
 [32mΓ£ô[39m [44m[1m TS [22m[49m src/__tests__/integration/TacticsBoard.test.tsx [2m([22m[2m25 tests[22m[2m)[22m
 [32mΓ£ô[39m src/__tests__/integration/TacticalErrorRecovery.test.tsx[2m > [22mZENITH Tactical Error Recovery Tests[2m > [22mNetwork Failure Scenarios[2m > [22mshould handle intermittent network failures[32m 127[2mms[22m[39m[35m 73 MB heap used[39m
 [32mΓ£ô[39m src/__tests__/integration/TacticsBoard.test.tsx[2m > [22mTactics Board Integration[2m > [22mDesktop Layout[2m > [22mshould render full desktop layout with all components[32m 68[2mms[22m[39m[35m 67 MB heap used[39m
 [32mΓ£ô[39m src/__tests__/integration/TacticsBoard.test.tsx[2m > [22mTactics Board Integration[2m > [22mDesktop Layout[2m > [22mshould apply correct CSS classes for desktop layout[32m 12[2mms[22m[39m[35m 60 MB heap used[39m
 [32mΓ£ô[39m src/__tests__/integration/TacticsBoard.test.tsx[2m > [22mTactics Board Integration[2m > [22mDesktop Layout[2m > [22mshould show both sidebars in desktop mode[32m 15[2mms[22m[39m[35m 63 MB heap used[39m
 [32mΓ£ô[39m src/__tests__/integration/TacticsBoard.test.tsx[2m > [22mTactics Board Integration[2m > [22mMobile Layout[2m > [22mshould render mobile layout with collapsed sidebars[32m 7[2mms[22m[39m[35m 66 MB heap used[39m
 [32mΓ£ô[39m src/__tests__/integration/TacticsBoard.test.tsx[2m > [22mTactics Board Integration[2m > [22mMobile Layout[2m > [22mshould apply mobile-specific CSS classes[32m 8[2mms[22m[39m[35m 69 MB heap used[39m
 [32mΓ£ô[39m src/__tests__/integration/TacticsBoard.test.tsx[2m > [22mTactics Board Integration[2m > [22mMobile Layout[2m > [22mshould apply mobile padding to field container[32m 7[2mms[22m[39m[35m 62 MB heap used[39m
 [32mΓ£ô[39m src/__tests__/integration/TacticsBoard.test.tsx[2m > [22mTactics Board Integration[2m > [22mTablet Layout[2m > [22mshould render tablet layout appropriately[32m 9[2mms[22m[39m[35m 65 MB heap used[39m
 [32mΓ£ô[39m src/__tests__/integration/TacticsBoard.test.tsx[2m > [22mTactics Board Integration[2m > [22mPresentation Mode[2m > [22mshould hide sidebars in presentation mode[32m 16[2mms[22m[39m[35m 68 MB heap used[39m
 [32mΓ£ô[39m src/__tests__/integration/TacticsBoard.test.tsx[2m > [22mTactics Board Integration[2m > [22mPresentation Mode[2m > [22mshould show presentation controls in presentation mode[32m 16[2mms[22m[39m[35m 71 MB heap used[39m
 [32mΓ£ô[39m src/__tests__/integration/TacticsBoard.test.tsx[2m > [22mTactics Board Integration[2m > [22mPresentation Mode[2m > [22mshould apply presentation mode styling[32m 15[2mms[22m[39m[35m 74 MB heap used[39m
 [32mΓ£ô[39m src/__tests__/integration/TacticsBoard.test.tsx[2m > [22mTactics Board Integration[2m > [22mPresentation Mode[2m > [22mshould still show essential field components[32m 6[2mms[22m[39m[35m 64 MB heap used[39m
 [32mΓ£ô[39m src/__tests__/integration/TacticsBoard.test.tsx[2m > [22mTactics Board Integration[2m > [22mComponent Integration[2m > [22mshould pass tactics state to field components[32m 10[2mms[22m[39m[35m 67 MB heap used[39m
 [32mΓ£ô[39m src/__tests__/integration/TacticsBoard.test.tsx[2m > [22mTactics Board Integration[2m > [22mComponent Integration[2m > [22mshould handle UI state changes[32m 15[2mms[22m[39m[35m 70 MB heap used[39m
 [32mΓ£ô[39m src/__tests__/integration/TacticsBoard.test.tsx[2m > [22mTactics Board Integration[2m > [22mResponsive Behavior[2m > [22mshould adapt to screen size changes[32m 31[2mms[22m[39m[35m 73 MB heap used[39m
 [32mΓ£ô[39m src/__tests__/integration/TacticsBoard.test.tsx[2m > [22mTactics Board Integration[2m > [22mResponsive Behavior[2m > [22mshould handle drawer navigation states[32m 6[2mms[22m[39m[35m 65 MB heap used[39m
 [32mΓ£ô[39m src/__tests__/integration/TacticsBoard.test.tsx[2m > [22mTactics Board Integration[2m > [22mResponsive Behavior[2m > [22mshould maintain field functionality across breakpoints[32m 25[2mms[22m[39m[35m 68 MB heap used[39m
 [32mΓ£ô[39m src/__tests__/integration/TacticsBoard.test.tsx[2m > [22mTactics Board Integration[2m > [22mBackground and Styling[2m > [22mshould apply gradient backgrounds[32m 15[2mms[22m[39m[35m 71 MB heap used[39m
 [32mΓ£ô[39m src/__tests__/integration/TacticsBoard.test.tsx[2m > [22mTactics Board Integration[2m > [22mBackground and Styling[2m > [22mshould apply backdrop blur effects[32m 16[2mms[22m[39m[35m 74 MB heap used[39m
 [32mΓ£ô[39m src/__tests__/integration/TacticsBoard.test.tsx[2m > [22mTactics Board Integration[2m > [22mBackground and Styling[2m > [22mshould use appropriate border styling[32m 5[2mms[22m[39m[35m 67 MB heap used[39m
 [32mΓ£ô[39m src/__tests__/integration/TacticsBoard.test.tsx[2m > [22mTactics Board Integration[2m > [22mAccessibility[2m > [22mshould have proper semantic structure[32m 10[2mms[22m[39m[35m 70 MB heap used[39m
 [32mΓ£ô[39m src/__tests__/integration/TacticsBoard.test.tsx[2m > [22mTactics Board Integration[2m > [22mAccessibility[2m > [22mshould maintain focus management across layout changes[32m 16[2mms[22m[39m[35m 73 MB heap used[39m
 [32mΓ£ô[39m src/__tests__/integration/TacticsBoard.test.tsx[2m > [22mTactics Board Integration[2m > [22mAccessibility[2m > [22mshould handle keyboard navigation[32m 15[2mms[22m[39m[35m 76 MB heap used[39m
 [32mΓ£ô[39m src/__tests__/integration/TacticsBoard.test.tsx[2m > [22mTactics Board Integration[2m > [22mPerformance[2m > [22mshould use React.memo for optimization[32m 7[2mms[22m[39m[35m 68 MB heap used[39m
 [32mΓ£ô[39m src/__tests__/integration/TacticsBoard.test.tsx[2m > [22mTactics Board Integration[2m > [22mPerformance[2m > [22mshould not re-render unnecessarily[32m 24[2mms[22m[39m[35m 71 MB heap used[39m
 [32mΓ£ô[39m src/__tests__/integration/TacticsBoard.test.tsx[2m > [22mTactics Board Integration[2m > [22mError Boundaries[2m > [22mshould handle component errors gracefully[32m 16[2mms[22m[39m[35m 74 MB heap used[39m
 [32mΓ£ô[39m src/__tests__/integration/TacticsBoard.test.tsx [2m([22m[2m25 tests[22m[2m)[22m[33m 392[2mms[22m[39m[35m 74 MB heap used[39m
 [32mΓ£ô[39m src/__tests__/integration/TacticalErrorRecovery.test.tsx[2m > [22mZENITH Tactical Error Recovery Tests[2m > [22mNetwork Failure Scenarios[2m > [22mshould handle high network latency gracefully[33m 2015[2mms[22m[39m[35m 73 MB heap used[39m
[90mstdout[2m | src/__tests__/integration/TacticalErrorRecovery.test.tsx[2m > [22m[2mZENITH Tactical Error Recovery Tests[2m > [22m[2mConcurrent Error Scenarios[2m > [22m[2mshould handle multiple simultaneous errors gracefully
[22m[39m≡ƒ¢í∩╕Å Tactical Error Boundary: Component 0
≡ƒ¢í∩╕Å Tactical Error Boundary: Component 1
≡ƒ¢í∩╕Å Tactical Error Boundary: Component 2
≡ƒ¢í∩╕Å Tactical Error Boundary: Component 3
≡ƒ¢í∩╕Å Tactical Error Boundary: Component 4

[90mstdout[2m | src/__tests__/integration/TacticalErrorRecovery.test.tsx[2m > [22m[2mZENITH Tactical Error Recovery Tests[2m > [22m[2mConcurrent Error Scenarios[2m > [22m[2mshould handle multiple simultaneous errors gracefully
[22m[39m≡ƒ¢í∩╕Å Tactical Error Boundary: Component 0
≡ƒ¢í∩╕Å Tactical Error Boundary: Component 1
≡ƒ¢í∩╕Å Tactical Error Boundary: Component 2
≡ƒ¢í∩╕Å Tactical Error Boundary: Component 3
≡ƒ¢í∩╕Å Tactical Error Boundary: Component 4

[90mstderr[2m | 
src/__tests__/integration/TacticalErrorRecovery.test.tsx[2m 
> [22m[2mZENITH Tactical Error Recovery Tests[2m > 
[22m[2mConcurrent Error Scenarios[2m > [22m[2mshould 
handle multiple simultaneous errors gracefully
[22m[39mError: Uncaught [Error: Intentional component 
failure for testing]
    at reportException (C:\Users\damat\_REPOS\Astral Turf\node
_modules\jsdom\lib\jsdom\living\helpers\runtime-script-errors.
js:66:24)
    at innerInvokeEventListeners 
(C:\Users\damat\_REPOS\Astral Turf\node_modules\jsdom\lib\jsdo
m\living\events\EventTarget-impl.js:353:9)
    at invokeEventListeners (C:\Users\damat\_REPOS\Astral Turf
\node_modules\jsdom\lib\jsdom\living\events\EventTarget-impl.j
s:286:3)
    at HTMLUnknownElementImpl._dispatch 
(C:\Users\damat\_REPOS\Astral Turf\node_modules\jsdom\lib\jsdo
m\living\events\EventTarget-impl.js:233:9)
    at HTMLUnknownElementImpl.dispatchEvent 
(C:\Users\damat\_REPOS\Astral Turf\node_modules\jsdom\lib\jsdo
m\living\events\EventTarget-impl.js:104:17)
    at HTMLUnknownElement.dispatchEvent 
(C:\Users\damat\_REPOS\Astral Turf\node_modules\jsdom\lib\jsdo
m\living\generated\EventTarget.js:241:34)
    at Object.invokeGuardedCallbackDev 
(C:\Users\damat\_REPOS\Astral Turf\node_modules\react-dom\cjs\
react-dom.development.js:4213:16)
    at invokeGuardedCallback (C:\Users\damat\_REPOS\Astral Tur
f\node_modules\react-dom\cjs\react-dom.development.js:4277:31)
    at beginWork$1 (C:\Users\damat\_REPOS\Astral Turf\node_mod
ules\react-dom\cjs\react-dom.development.js:27490:7)
    at performUnitOfWork (C:\Users\damat\_REPOS\Astral Turf\no
de_modules\react-dom\cjs\react-dom.development.js:26599:12) 
Error: Intentional component failure for testing
    at FailingComponent [90m(C:\Users\damat\_REPOS\Astral Tur
f\[39msrc\__tests__\integration\TacticalErrorRecovery.test.ts
x:143:11[90m)[39m
    at renderWithHooks [90m(C:\Users\damat\_REPOS\Astral Turf
\[39mnode_modules\[4mreact-dom[24m\cjs\react-dom.developmen
t.js:15486:18[90m)[39m
    at mountIndeterminateComponent 
[90m(C:\Users\damat\_REPOS\Astral Turf\[39mnode_modules\[4m
react-dom[24m\cjs\react-dom.development.js:20103:13[90m)[39
m
    at beginWork [90m(C:\Users\damat\_REPOS\Astral Turf\[39m
node_modules\[4mreact-dom[24m\cjs\react-dom.development.js:2
1626:16[90m)[39m
    at HTMLUnknownElement.callCallback 
[90m(C:\Users\damat\_REPOS\Astral Turf\[39mnode_modules\[4m
react-dom[24m\cjs\react-dom.development.js:4164:14[90m)[39m
    at HTMLUnknownElement.callTheUserObjectsOperation 
[90m(C:\Users\damat\_REPOS\Astral Turf\[39mnode_modules\[4m
jsdom[24m\lib\jsdom\living\generated\EventListener.js:26:30[
90m)[39m
    at innerInvokeEventListeners 
[90m(C:\Users\damat\_REPOS\Astral Turf\[39mnode_modules\[4m
jsdom[24m\lib\jsdom\living\events\EventTarget-impl.js:350:25
[90m)[39m
    at invokeEventListeners 
[90m(C:\Users\damat\_REPOS\Astral Turf\[39mnode_modules\[4m
jsdom[24m\lib\jsdom\living\events\EventTarget-impl.js:286:3[
90m)[39m
    at HTMLUnknownElementImpl._dispatch 
[90m(C:\Users\damat\_REPOS\Astral Turf\[39mnode_modules\[4m
jsdom[24m\lib\jsdom\living\events\EventTarget-impl.js:233:9[
90m)[39m
    at HTMLUnknownElementImpl.dispatchEvent 
[90m(C:\Users\damat\_REPOS\Astral Turf\[39mnode_modules\[4m
jsdom[24m\lib\jsdom\living\events\EventTarget-impl.js:104:17
[90m)[39m
Error: Uncaught [Error: Intentional component failure for 
testing]
    at reportException (C:\Users\damat\_REPOS\Astral Turf\node
_modules\jsdom\lib\jsdom\living\helpers\runtime-script-errors.
js:66:24)
    at innerInvokeEventListeners 
(C:\Users\damat\_REPOS\Astral Turf\node_modules\jsdom\lib\jsdo
m\living\events\EventTarget-impl.js:353:9)
    at invokeEventListeners (C:\Users\damat\_REPOS\Astral Turf
\node_modules\jsdom\lib\jsdom\living\events\EventTarget-impl.j
s:286:3)
    at HTMLUnknownElementImpl._dispatch 
(C:\Users\damat\_REPOS\Astral Turf\node_modules\jsdom\lib\jsdo
m\living\events\EventTarget-impl.js:233:9)
    at HTMLUnknownElementImpl.dispatchEvent 
(C:\Users\damat\_REPOS\Astral Turf\node_modules\jsdom\lib\jsdo
m\living\events\EventTarget-impl.js:104:17)
    at HTMLUnknownElement.dispatchEvent 
(C:\Users\damat\_REPOS\Astral Turf\node_modules\jsdom\lib\jsdo
m\living\generated\EventTarget.js:241:34)
    at Object.invokeGuardedCallbackDev 
(C:\Users\damat\_REPOS\Astral Turf\node_modules\react-dom\cjs\
react-dom.development.js:4213:16)
    at invokeGuardedCallback (C:\Users\damat\_REPOS\Astral Tur
f\node_modules\react-dom\cjs\react-dom.development.js:4277:31)
    at beginWork$1 (C:\Users\damat\_REPOS\Astral Turf\node_mod
ules\react-dom\cjs\react-dom.development.js:27490:7)
    at performUnitOfWork (C:\Users\damat\_REPOS\Astral Turf\no
de_modules\react-dom\cjs\react-dom.development.js:26599:12) 
Error: Intentional component failure for testing
    at FailingComponent [90m(C:\Users\damat\_REPOS\Astral Tur
f\[39msrc\__tests__\integration\TacticalErrorRecovery.test.ts
x:143:11[90m)[39m
    at renderWithHooks [90m(C:\Users\damat\_REPOS\Astral Turf
\[39mnode_modules\[4mreact-dom[24m\cjs\react-dom.developmen
t.js:15486:18[90m)[39m
    at mountIndeterminateComponent 
[90m(C:\Users\damat\_REPOS\Astral Turf\[39mnode_modules\[4m
react-dom[24m\cjs\react-dom.development.js:20103:13[90m)[39
m
    at beginWork [90m(C:\Users\damat\_REPOS\Astral Turf\[39m
node_modules\[4mreact-dom[24m\cjs\react-dom.development.js:2
1626:16[90m)[39m
    at HTMLUnknownElement.callCallback 
[90m(C:\Users\damat\_REPOS\Astral Turf\[39mnode_modules\[4m
react-dom[24m\cjs\react-dom.development.js:4164:14[90m)[39m
    at HTMLUnknownElement.callTheUserObjectsOperation 
[90m(C:\Users\damat\_REPOS\Astral Turf\[39mnode_modules\[4m
jsdom[24m\lib\jsdom\living\generated\EventListener.js:26:30[
90m)[39m
    at innerInvokeEventListeners 
[90m(C:\Users\damat\_REPOS\Astral Turf\[39mnode_modules\[4m
jsdom[24m\lib\jsdom\living\events\EventTarget-impl.js:350:25
[90m)[39m
    at invokeEventListeners 
[90m(C:\Users\damat\_REPOS\Astral Turf\[39mnode_modules\[4m
jsdom[24m\lib\jsdom\living\events\EventTarget-impl.js:286:3[
90m)[39m
    at HTMLUnknownElementImpl._dispatch 
[90m(C:\Users\damat\_REPOS\Astral Turf\[39mnode_modules\[4m
jsdom[24m\lib\jsdom\living\events\EventTarget-impl.js:233:9[
90m)[39m
    at HTMLUnknownElementImpl.dispatchEvent 
[90m(C:\Users\damat\_REPOS\Astral Turf\[39mnode_modules\[4m
jsdom[24m\lib\jsdom\living\events\EventTarget-impl.js:104:17
[90m)[39m
Error: Uncaught [Error: Intentional component failure for 
testing]
    at reportException (C:\Users\damat\_REPOS\Astral Turf\node
_modules\jsdom\lib\jsdom\living\helpers\runtime-script-errors.
js:66:24)
    at innerInvokeEventListeners 
(C:\Users\damat\_REPOS\Astral Turf\node_modules\jsdom\lib\jsdo
m\living\events\EventTarget-impl.js:353:9)
    at invokeEventListeners (C:\Users\damat\_REPOS\Astral Turf
\node_modules\jsdom\lib\jsdom\living\events\EventTarget-impl.j
s:286:3)
    at HTMLUnknownElementImpl._dispatch 
(C:\Users\damat\_REPOS\Astral Turf\node_modules\jsdom\lib\jsdo
m\living\events\EventTarget-impl.js:233:9)
    at HTMLUnknownElementImpl.dispatchEvent 
(C:\Users\damat\_REPOS\Astral Turf\node_modules\jsdom\lib\jsdo
m\living\events\EventTarget-impl.js:104:17)
    at HTMLUnknownElement.dispatchEvent 
(C:\Users\damat\_REPOS\Astral Turf\node_modules\jsdom\lib\jsdo
m\living\generated\EventTarget.js:241:34)
    at Object.invokeGuardedCallbackDev 
(C:\Users\damat\_REPOS\Astral Turf\node_modules\react-dom\cjs\
react-dom.development.js:4213:16)
    at invokeGuardedCallback (C:\Users\damat\_REPOS\Astral Tur
f\node_modules\react-dom\cjs\react-dom.development.js:4277:31)
    at beginWork$1 (C:\Users\damat\_REPOS\Astral Turf\node_mod
ules\react-dom\cjs\react-dom.development.js:27490:7)
    at performUnitOfWork (C:\Users\damat\_REPOS\Astral Turf\no
de_modules\react-dom\cjs\react-dom.development.js:26599:12) 
Error: Intentional component failure for testing
    at FailingComponent [90m(C:\Users\damat\_REPOS\Astral Tur
f\[39msrc\__tests__\integration\TacticalErrorRecovery.test.ts
x:143:11[90m)[39m
    at renderWithHooks [90m(C:\Users\damat\_REPOS\Astral Turf
\[39mnode_modules\[4mreact-dom[24m\cjs\react-dom.developmen
t.js:15486:18[90m)[39m
    at mountIndeterminateComponent 
[90m(C:\Users\damat\_REPOS\Astral Turf\[39mnode_modules\[4m
react-dom[24m\cjs\react-dom.development.js:20103:13[90m)[39
m
    at beginWork [90m(C:\Users\damat\_REPOS\Astral Turf\[39m
node_modules\[4mreact-dom[24m\cjs\react-dom.development.js:2
1626:16[90m)[39m
    at HTMLUnknownElement.callCallback 
[90m(C:\Users\damat\_REPOS\Astral Turf\[39mnode_modules\[4m
react-dom[24m\cjs\react-dom.development.js:4164:14[90m)[39m
    at HTMLUnknownElement.callTheUserObjectsOperation 
[90m(C:\Users\damat\_REPOS\Astral Turf\[39mnode_modules\[4m
jsdom[24m\lib\jsdom\living\generated\EventListener.js:26:30[
90m)[39m
    at innerInvokeEventListeners 
[90m(C:\Users\damat\_REPOS\Astral Turf\[39mnode_modules\[4m
jsdom[24m\lib\jsdom\living\events\EventTarget-impl.js:350:25
[90m)[39m
    at invokeEventListeners 
[90m(C:\Users\damat\_REPOS\Astral Turf\[39mnode_modules\[4m
jsdom[24m\lib\jsdom\living\events\EventTarget-impl.js:286:3[
90m)[39m
    at HTMLUnknownElementImpl._dispatch 
[90m(C:\Users\damat\_REPOS\Astral Turf\[39mnode_modules\[4m
jsdom[24m\lib\jsdom\living\events\EventTarget-impl.js:233:9[
90m)[39m
    at HTMLUnknownElementImpl.dispatchEvent 
[90m(C:\Users\damat\_REPOS\Astral Turf\[39mnode_modules\[4m
jsdom[24m\lib\jsdom\living\events\EventTarget-impl.js:104:17
[90m)[39m
Error: Uncaught [Error: Intentional component failure for 
testing]
    at reportException (C:\Users\damat\_REPOS\Astral Turf\node
_modules\jsdom\lib\jsdom\living\helpers\runtime-script-errors.
js:66:24)
    at innerInvokeEventListeners 
(C:\Users\damat\_REPOS\Astral Turf\node_modules\jsdom\lib\jsdo
m\living\events\EventTarget-impl.js:353:9)
    at invokeEventListeners (C:\Users\damat\_REPOS\Astral Turf
\node_modules\jsdom\lib\jsdom\living\events\EventTarget-impl.j
s:286:3)
    at HTMLUnknownElementImpl._dispatch 
(C:\Users\damat\_REPOS\Astral Turf\node_modules\jsdom\lib\jsdo
m\living\events\EventTarget-impl.js:233:9)
    at HTMLUnknownElementImpl.dispatchEvent 
(C:\Users\damat\_REPOS\Astral Turf\node_modules\jsdom\lib\jsdo
m\living\events\EventTarget-impl.js:104:17)
    at HTMLUnknownElement.dispatchEvent 
(C:\Users\damat\_REPOS\Astral Turf\node_modules\jsdom\lib\jsdo
m\living\generated\EventTarget.js:241:34)
    at Object.invokeGuardedCallbackDev 
(C:\Users\damat\_REPOS\Astral Turf\node_modules\react-dom\cjs\
react-dom.development.js:4213:16)
    at invokeGuardedCallback (C:\Users\damat\_REPOS\Astral Tur
f\node_modules\react-dom\cjs\react-dom.development.js:4277:31)
    at beginWork$1 (C:\Users\damat\_REPOS\Astral Turf\node_mod
ules\react-dom\cjs\react-dom.development.js:27490:7)
    at performUnitOfWork (C:\Users\damat\_REPOS\Astral Turf\no
de_modules\react-dom\cjs\react-dom.development.js:26599:12) 
Error: Intentional component failure for testing
    at FailingComponent [90m(C:\Users\damat\_REPOS\Astral Tur
f\[39msrc\__tests__\integration\TacticalErrorRecovery.test.ts
x:143:11[90m)[39m
    at renderWithHooks [90m(C:\Users\damat\_REPOS\Astral Turf
\[39mnode_modules\[4mreact-dom[24m\cjs\react-dom.developmen
t.js:15486:18[90m)[39m
    at mountIndeterminateComponent 
[90m(C:\Users\damat\_REPOS\Astral Turf\[39mnode_modules\[4m
react-dom[24m\cjs\react-dom.development.js:20103:13[90m)[39
m
    at beginWork [90m(C:\Users\damat\_REPOS\Astral Turf\[39m
node_modules\[4mreact-dom[24m\cjs\react-dom.development.js:2
1626:16[90m)[39m
    at HTMLUnknownElement.callCallback 
[90m(C:\Users\damat\_REPOS\Astral Turf\[39mnode_modules\[4m
react-dom[24m\cjs\react-dom.development.js:4164:14[90m)[39m
    at HTMLUnknownElement.callTheUserObjectsOperation 
[90m(C:\Users\damat\_REPOS\Astral Turf\[39mnode_modules\[4m
jsdom[24m\lib\jsdom\living\generated\EventListener.js:26:30[
90m)[39m
    at innerInvokeEventListeners 
[90m(C:\Users\damat\_REPOS\Astral Turf\[39mnode_modules\[4m
jsdom[24m\lib\jsdom\living\events\EventTarget-impl.js:350:25
[90m)[39m
    at invokeEventListeners 
[90m(C:\Users\damat\_REPOS\Astral Turf\[39mnode_modules\[4m
jsdom[24m\lib\jsdom\living\events\EventTarget-impl.js:286:3[
90m)[39m
    at HTMLUnknownElementImpl._dispatch 
[90m(C:\Users\damat\_REPOS\Astral Turf\[39mnode_modules\[4m
jsdom[24m\lib\jsdom\living\events\EventTarget-impl.js:233:9[
90m)[39m
    at HTMLUnknownElementImpl.dispatchEvent 
[90m(C:\Users\damat\_REPOS\Astral Turf\[39mnode_modules\[4m
jsdom[24m\lib\jsdom\living\events\EventTarget-impl.js:104:17
[90m)[39m
Error: Uncaught [Error: Intentional component failure for 
testing]
    at reportException (C:\Users\damat\_REPOS\Astral Turf\node
_modules\jsdom\lib\jsdom\living\helpers\runtime-script-errors.
js:66:24)
    at innerInvokeEventListeners 
(C:\Users\damat\_REPOS\Astral Turf\node_modules\jsdom\lib\jsdo
m\living\events\EventTarget-impl.js:353:9)
    at invokeEventListeners (C:\Users\damat\_REPOS\Astral Turf
\node_modules\jsdom\lib\jsdom\living\events\EventTarget-impl.j
s:286:3)
    at HTMLUnknownElementImpl._dispatch 
(C:\Users\damat\_REPOS\Astral Turf\node_modules\jsdom\lib\jsdo
m\living\events\EventTarget-impl.js:233:9)
    at HTMLUnknownElementImpl.dispatchEvent 
(C:\Users\damat\_REPOS\Astral Turf\node_modules\jsdom\lib\jsdo
m\living\events\EventTarget-impl.js:104:17)
    at HTMLUnknownElement.dispatchEvent 
(C:\Users\damat\_REPOS\Astral Turf\node_modules\jsdom\lib\jsdo
m\living\generated\EventTarget.js:241:34)
    at Object.invokeGuardedCallbackDev 
(C:\Users\damat\_REPOS\Astral Turf\node_modules\react-dom\cjs\
react-dom.development.js:4213:16)
    at invokeGuardedCallback (C:\Users\damat\_REPOS\Astral Tur
f\node_modules\react-dom\cjs\react-dom.development.js:4277:31)
    at beginWork$1 (C:\Users\damat\_REPOS\Astral Turf\node_mod
ules\react-dom\cjs\react-dom.development.js:27490:7)
    at performUnitOfWork (C:\Users\damat\_REPOS\Astral Turf\no
de_modules\react-dom\cjs\react-dom.development.js:26599:12) 
Error: Intentional component failure for testing
    at FailingComponent [90m(C:\Users\damat\_REPOS\Astral Tur
f\[39msrc\__tests__\integration\TacticalErrorRecovery.test.ts
x:143:11[90m)[39m
    at renderWithHooks [90m(C:\Users\damat\_REPOS\Astral Turf
\[39mnode_modules\[4mreact-dom[24m\cjs\react-dom.developmen
t.js:15486:18[90m)[39m
    at mountIndeterminateComponent 
[90m(C:\Users\damat\_REPOS\Astral Turf\[39mnode_modules\[4m
react-dom[24m\cjs\react-dom.development.js:20103:13[90m)[39
m
    at beginWork [90m(C:\Users\damat\_REPOS\Astral Turf\[39m
node_modules\[4mreact-dom[24m\cjs\react-dom.development.js:2
1626:16[90m)[39m
    at HTMLUnknownElement.callCallback 
[90m(C:\Users\damat\_REPOS\Astral Turf\[39mnode_modules\[4m
react-dom[24m\cjs\react-dom.development.js:4164:14[90m)[39m
    at HTMLUnknownElement.callTheUserObjectsOperation 
[90m(C:\Users\damat\_REPOS\Astral Turf\[39mnode_modules\[4m
jsdom[24m\lib\jsdom\living\generated\EventListener.js:26:30[
90m)[39m
    at innerInvokeEventListeners 
[90m(C:\Users\damat\_REPOS\Astral Turf\[39mnode_modules\[4m
jsdom[24m\lib\jsdom\living\events\EventTarget-impl.js:350:25
[90m)[39m
    at invokeEventListeners 
[90m(C:\Users\damat\_REPOS\Astral Turf\[39mnode_modules\[4m
jsdom[24m\lib\jsdom\living\events\EventTarget-impl.js:286:3[
90m)[39m
    at HTMLUnknownElementImpl._dispatch 
[90m(C:\Users\damat\_REPOS\Astral Turf\[39mnode_modules\[4m
jsdom[24m\lib\jsdom\living\events\EventTarget-impl.js:233:9[
90m)[39m
    at HTMLUnknownElementImpl.dispatchEvent 
[90m(C:\Users\damat\_REPOS\Astral Turf\[39mnode_modules\[4m
jsdom[24m\lib\jsdom\living\events\EventTarget-impl.js:104:17
[90m)[39m
Error: Uncaught [Error: Intentional component failure for 
testing]
    at reportException (C:\Users\damat\_REPOS\Astral Turf\node
_modules\jsdom\lib\jsdom\living\helpers\runtime-script-errors.
js:66:24)
    at innerInvokeEventListeners 
(C:\Users\damat\_REPOS\Astral Turf\node_modules\jsdom\lib\jsdo
m\living\events\EventTarget-impl.js:353:9)
    at invokeEventListeners (C:\Users\damat\_REPOS\Astral Turf
\node_modules\jsdom\lib\jsdom\living\events\EventTarget-impl.j
s:286:3)
    at HTMLUnknownElementImpl._dispatch 
(C:\Users\damat\_REPOS\Astral Turf\node_modules\jsdom\lib\jsdo
m\living\events\EventTarget-impl.js:233:9)
    at HTMLUnknownElementImpl.dispatchEvent 
(C:\Users\damat\_REPOS\Astral Turf\node_modules\jsdom\lib\jsdo
m\living\events\EventTarget-impl.js:104:17)
    at HTMLUnknownElement.dispatchEvent 
(C:\Users\damat\_REPOS\Astral Turf\node_modules\jsdom\lib\jsdo
m\living\generated\EventTarget.js:241:34)
    at Object.invokeGuardedCallbackDev 
(C:\Users\damat\_REPOS\Astral Turf\node_modules\react-dom\cjs\
react-dom.development.js:4213:16)
    at invokeGuardedCallback (C:\Users\damat\_REPOS\Astral Tur
f\node_modules\react-dom\cjs\react-dom.development.js:4277:31)
    at beginWork$1 (C:\Users\damat\_REPOS\Astral Turf\node_mod
ules\react-dom\cjs\react-dom.development.js:27490:7)
    at performUnitOfWork (C:\Users\damat\_REPOS\Astral Turf\no
de_modules\react-dom\cjs\react-dom.development.js:26599:12) 
Error: Intentional component failure for testing
    at FailingComponent [90m(C:\Users\damat\_REPOS\Astral Tur
f\[39msrc\__tests__\integration\TacticalErrorRecovery.test.ts
x:143:11[90m)[39m
    at renderWithHooks [90m(C:\Users\damat\_REPOS\Astral Turf
\[39mnode_modules\[4mreact-dom[24m\cjs\react-dom.developmen
t.js:15486:18[90m)[39m
    at mountIndeterminateComponent 
[90m(C:\Users\damat\_REPOS\Astral Turf\[39mnode_modules\[4m
react-dom[24m\cjs\react-dom.development.js:20103:13[90m)[39
m
    at beginWork [90m(C:\Users\damat\_REPOS\Astral Turf\[39m
node_modules\[4mreact-dom[24m\cjs\react-dom.development.js:2
1626:16[90m)[39m
    at HTMLUnknownElement.callCallback 
[90m(C:\Users\damat\_REPOS\Astral Turf\[39mnode_modules\[4m
react-dom[24m\cjs\react-dom.development.js:4164:14[90m)[39m
    at HTMLUnknownElement.callTheUserObjectsOperation 
[90m(C:\Users\damat\_REPOS\Astral Turf\[39mnode_modules\[4m
jsdom[24m\lib\jsdom\living\generated\EventListener.js:26:30[
90m)[39m
    at innerInvokeEventListeners 
[90m(C:\Users\damat\_REPOS\Astral Turf\[39mnode_modules\[4m
jsdom[24m\lib\jsdom\living\events\EventTarget-impl.js:350:25
[90m)[39m
    at invokeEventListeners 
[90m(C:\Users\damat\_REPOS\Astral Turf\[39mnode_modules\[4m
jsdom[24m\lib\jsdom\living\events\EventTarget-impl.js:286:3[
90m)[39m
    at HTMLUnknownElementImpl._dispatch 
[90m(C:\Users\damat\_REPOS\Astral Turf\[39mnode_modules\[4m
jsdom[24m\lib\jsdom\living\events\EventTarget-impl.js:233:9[
90m)[39m
    at HTMLUnknownElementImpl.dispatchEvent 
[90m(C:\Users\damat\_REPOS\Astral Turf\[39mnode_modules\[4m
jsdom[24m\lib\jsdom\living\events\EventTarget-impl.js:104:17
[90m)[39m
Error: Uncaught [Error: Intentional component failure for 
testing]
    at reportException (C:\Users\damat\_REPOS\Astral Turf\node
_modules\jsdom\lib\jsdom\living\helpers\runtime-script-errors.
js:66:24)
    at innerInvokeEventListeners 
(C:\Users\damat\_REPOS\Astral Turf\node_modules\jsdom\lib\jsdo
m\living\events\EventTarget-impl.js:353:9)
    at invokeEventListeners (C:\Users\damat\_REPOS\Astral Turf
\node_modules\jsdom\lib\jsdom\living\events\EventTarget-impl.j
s:286:3)
    at HTMLUnknownElementImpl._dispatch 
(C:\Users\damat\_REPOS\Astral Turf\node_modules\jsdom\lib\jsdo
m\living\events\EventTarget-impl.js:233:9)
    at HTMLUnknownElementImpl.dispatchEvent 
(C:\Users\damat\_REPOS\Astral Turf\node_modules\jsdom\lib\jsdo
m\living\events\EventTarget-impl.js:104:17)
    at HTMLUnknownElement.dispatchEvent 
(C:\Users\damat\_REPOS\Astral Turf\node_modules\jsdom\lib\jsdo
m\living\generated\EventTarget.js:241:34)
    at Object.invokeGuardedCallbackDev 
(C:\Users\damat\_REPOS\Astral Turf\node_modules\react-dom\cjs\
react-dom.development.js:4213:16)
    at invokeGuardedCallback (C:\Users\damat\_REPOS\Astral Tur
f\node_modules\react-dom\cjs\react-dom.development.js:4277:31)
    at beginWork$1 (C:\Users\damat\_REPOS\Astral Turf\node_mod
ules\react-dom\cjs\react-dom.development.js:27490:7)
    at performUnitOfWork (C:\Users\damat\_REPOS\Astral Turf\no
de_modules\react-dom\cjs\react-dom.development.js:26599:12) 
Error: Intentional component failure for testing
    at FailingComponent [90m(C:\Users\damat\_REPOS\Astral Tur
f\[39msrc\__tests__\integration\TacticalErrorRecovery.test.ts
x:143:11[90m)[39m
    at renderWithHooks [90m(C:\Users\damat\_REPOS\Astral Turf
\[39mnode_modules\[4mreact-dom[24m\cjs\react-dom.developmen
t.js:15486:18[90m)[39m
    at mountIndeterminateComponent 
[90m(C:\Users\damat\_REPOS\Astral Turf\[39mnode_modules\[4m
react-dom[24m\cjs\react-dom.development.js:20103:13[90m)[39
m
    at beginWork [90m(C:\Users\damat\_REPOS\Astral Turf\[39m
node_modules\[4mreact-dom[24m\cjs\react-dom.development.js:2
1626:16[90m)[39m
    at HTMLUnknownElement.callCallback 
[90m(C:\Users\damat\_REPOS\Astral Turf\[39mnode_modules\[4m
react-dom[24m\cjs\react-dom.development.js:4164:14[90m)[39m
    at HTMLUnknownElement.callTheUserObjectsOperation 
[90m(C:\Users\damat\_REPOS\Astral Turf\[39mnode_modules\[4m
jsdom[24m\lib\jsdom\living\generated\EventListener.js:26:30[
90m)[39m
    at innerInvokeEventListeners 
[90m(C:\Users\damat\_REPOS\Astral Turf\[39mnode_modules\[4m
jsdom[24m\lib\jsdom\living\events\EventTarget-impl.js:350:25
[90m)[39m
    at invokeEventListeners 
[90m(C:\Users\damat\_REPOS\Astral Turf\[39mnode_modules\[4m
jsdom[24m\lib\jsdom\living\events\EventTarget-impl.js:286:3[
90m)[39m
    at HTMLUnknownElementImpl._dispatch 
[90m(C:\Users\damat\_REPOS\Astral Turf\[39mnode_modules\[4m
jsdom[24m\lib\jsdom\living\events\EventTarget-impl.js:233:9[
90m)[39m
    at HTMLUnknownElementImpl.dispatchEvent 
[90m(C:\Users\damat\_REPOS\Astral Turf\[39mnode_modules\[4m
jsdom[24m\lib\jsdom\living\events\EventTarget-impl.js:104:17
[90m)[39m
Error: Uncaught [Error: Intentional component failure for 
testing]
    at reportException (C:\Users\damat\_REPOS\Astral Turf\node
_modules\jsdom\lib\jsdom\living\helpers\runtime-script-errors.
js:66:24)
    at innerInvokeEventListeners 
(C:\Users\damat\_REPOS\Astral Turf\node_modules\jsdom\lib\jsdo
m\living\events\EventTarget-impl.js:353:9)
    at invokeEventListeners (C:\Users\damat\_REPOS\Astral Turf
\node_modules\jsdom\lib\jsdom\living\events\EventTarget-impl.j
s:286:3)
    at HTMLUnknownElementImpl._dispatch 
(C:\Users\damat\_REPOS\Astral Turf\node_modules\jsdom\lib\jsdo
m\living\events\EventTarget-impl.js:233:9)
    at HTMLUnknownElementImpl.dispatchEvent 
(C:\Users\damat\_REPOS\Astral Turf\node_modules\jsdom\lib\jsdo
m\living\events\EventTarget-impl.js:104:17)
    at HTMLUnknownElement.dispatchEvent 
(C:\Users\damat\_REPOS\Astral Turf\node_modules\jsdom\lib\jsdo
m\living\generated\EventTarget.js:241:34)
    at Object.invokeGuardedCallbackDev 
(C:\Users\damat\_REPOS\Astral Turf\node_modules\react-dom\cjs\
react-dom.development.js:4213:16)
    at invokeGuardedCallback (C:\Users\damat\_REPOS\Astral Tur
f\node_modules\react-dom\cjs\react-dom.development.js:4277:31)
    at beginWork$1 (C:\Users\damat\_REPOS\Astral Turf\node_mod
ules\react-dom\cjs\react-dom.development.js:27490:7)
    at performUnitOfWork (C:\Users\damat\_REPOS\Astral Turf\no
de_modules\react-dom\cjs\react-dom.development.js:26599:12) 
Error: Intentional component failure for testing
    at FailingComponent [90m(C:\Users\damat\_REPOS\Astral Tur
f\[39msrc\__tests__\integration\TacticalErrorRecovery.test.ts
x:143:11[90m)[39m
    at renderWithHooks [90m(C:\Users\damat\_REPOS\Astral Turf
\[39mnode_modules\[4mreact-dom[24m\cjs\react-dom.developmen
t.js:15486:18[90m)[39m
    at mountIndeterminateComponent 
[90m(C:\Users\damat\_REPOS\Astral Turf\[39mnode_modules\[4m
react-dom[24m\cjs\react-dom.development.js:20103:13[90m)[39
m
    at beginWork [90m(C:\Users\damat\_REPOS\Astral Turf\[39m
node_modules\[4mreact-dom[24m\cjs\react-dom.development.js:2
1626:16[90m)[39m
    at HTMLUnknownElement.callCallback 
[90m(C:\Users\damat\_REPOS\Astral Turf\[39mnode_modules\[4m
react-dom[24m\cjs\react-dom.development.js:4164:14[90m)[39m
    at HTMLUnknownElement.callTheUserObjectsOperation 
[90m(C:\Users\damat\_REPOS\Astral Turf\[39mnode_modules\[4m
jsdom[24m\lib\jsdom\living\generated\EventListener.js:26:30[
90m)[39m
    at innerInvokeEventListeners 
[90m(C:\Users\damat\_REPOS\Astral Turf\[39mnode_modules\[4m
jsdom[24m\lib\jsdom\living\events\EventTarget-impl.js:350:25
[90m)[39m
    at invokeEventListeners 
[90m(C:\Users\damat\_REPOS\Astral Turf\[39mnode_modules\[4m
jsdom[24m\lib\jsdom\living\events\EventTarget-impl.js:286:3[
90m)[39m
    at HTMLUnknownElementImpl._dispatch 
[90m(C:\Users\damat\_REPOS\Astral Turf\[39mnode_modules\[4m
jsdom[24m\lib\jsdom\living\events\EventTarget-impl.js:233:9[
90m)[39m
    at HTMLUnknownElementImpl.dispatchEvent 
[90m(C:\Users\damat\_REPOS\Astral Turf\[39mnode_modules\[4m
jsdom[24m\lib\jsdom\living\events\EventTarget-impl.js:104:17
[90m)[39m
Error: Uncaught [Error: Intentional component failure for 
testing]
    at reportException (C:\Users\damat\_REPOS\Astral Turf\node
_modules\jsdom\lib\jsdom\living\helpers\runtime-script-errors.
js:66:24)
    at innerInvokeEventListeners 
(C:\Users\damat\_REPOS\Astral Turf\node_modules\jsdom\lib\jsdo
m\living\events\EventTarget-impl.js:353:9)
    at invokeEventListeners (C:\Users\damat\_REPOS\Astral Turf
\node_modules\jsdom\lib\jsdom\living\events\EventTarget-impl.j
s:286:3)
    at HTMLUnknownElementImpl._dispatch 
(C:\Users\damat\_REPOS\Astral Turf\node_modules\jsdom\lib\jsdo
m\living\events\EventTarget-impl.js:233:9)
    at HTMLUnknownElementImpl.dispatchEvent 
(C:\Users\damat\_REPOS\Astral Turf\node_modules\jsdom\lib\jsdo
m\living\events\EventTarget-impl.js:104:17)
    at HTMLUnknownElement.dispatchEvent 
(C:\Users\damat\_REPOS\Astral Turf\node_modules\jsdom\lib\jsdo
m\living\generated\EventTarget.js:241:34)
    at Object.invokeGuardedCallbackDev 
(C:\Users\damat\_REPOS\Astral Turf\node_modules\react-dom\cjs\
react-dom.development.js:4213:16)
    at invokeGuardedCallback (C:\Users\damat\_REPOS\Astral Tur
f\node_modules\react-dom\cjs\react-dom.development.js:4277:31)
    at beginWork$1 (C:\Users\damat\_REPOS\Astral Turf\node_mod
ules\react-dom\cjs\react-dom.development.js:27490:7)
    at performUnitOfWork (C:\Users\damat\_REPOS\Astral Turf\no
de_modules\react-dom\cjs\react-dom.development.js:26599:12) 
Error: Intentional component failure for testing
    at FailingComponent [90m(C:\Users\damat\_REPOS\Astral Tur
f\[39msrc\__tests__\integration\TacticalErrorRecovery.test.ts
x:143:11[90m)[39m
    at renderWithHooks [90m(C:\Users\damat\_REPOS\Astral Turf
\[39mnode_modules\[4mreact-dom[24m\cjs\react-dom.developmen
t.js:15486:18[90m)[39m
    at mountIndeterminateComponent 
[90m(C:\Users\damat\_REPOS\Astral Turf\[39mnode_modules\[4m
react-dom[24m\cjs\react-dom.development.js:20103:13[90m)[39
m
    at beginWork [90m(C:\Users\damat\_REPOS\Astral Turf\[39m
node_modules\[4mreact-dom[24m\cjs\react-dom.development.js:2
1626:16[90m)[39m
    at HTMLUnknownElement.callCallback 
[90m(C:\Users\damat\_REPOS\Astral Turf\[39mnode_modules\[4m
react-dom[24m\cjs\react-dom.development.js:4164:14[90m)[39m
    at HTMLUnknownElement.callTheUserObjectsOperation 
[90m(C:\Users\damat\_REPOS\Astral Turf\[39mnode_modules\[4m
jsdom[24m\lib\jsdom\living\generated\EventListener.js:26:30[
90m)[39m
    at innerInvokeEventListeners 
[90m(C:\Users\damat\_REPOS\Astral Turf\[39mnode_modules\[4m
jsdom[24m\lib\jsdom\living\events\EventTarget-impl.js:350:25
[90m)[39m
    at invokeEventListeners 
[90m(C:\Users\damat\_REPOS\Astral Turf\[39mnode_modules\[4m
jsdom[24m\lib\jsdom\living\events\EventTarget-impl.js:286:3[
90m)[39m
    at HTMLUnknownElementImpl._dispatch 
[90m(C:\Users\damat\_REPOS\Astral Turf\[39mnode_modules\[4m
jsdom[24m\lib\jsdom\living\events\EventTarget-impl.js:233:9[
90m)[39m
    at HTMLUnknownElementImpl.dispatchEvent 
[90m(C:\Users\damat\_REPOS\Astral Turf\[39mnode_modules\[4m
jsdom[24m\lib\jsdom\living\events\EventTarget-impl.js:104:17
[90m)[39m
Error: Uncaught [Error: Intentional component failure for 
testing]
    at reportException (C:\Users\damat\_REPOS\Astral Turf\node
_modules\jsdom\lib\jsdom\living\helpers\runtime-script-errors.
js:66:24)
    at innerInvokeEventListeners 
(C:\Users\damat\_REPOS\Astral Turf\node_modules\jsdom\lib\jsdo
m\living\events\EventTarget-impl.js:353:9)
    at invokeEventListeners (C:\Users\damat\_REPOS\Astral Turf
\node_modules\jsdom\lib\jsdom\living\events\EventTarget-impl.j
s:286:3)
    at HTMLUnknownElementImpl._dispatch 
(C:\Users\damat\_REPOS\Astral Turf\node_modules\jsdom\lib\jsdo
m\living\events\EventTarget-impl.js:233:9)
    at HTMLUnknownElementImpl.dispatchEvent 
(C:\Users\damat\_REPOS\Astral Turf\node_modules\jsdom\lib\jsdo
m\living\events\EventTarget-impl.js:104:17)
    at HTMLUnknownElement.dispatchEvent 
(C:\Users\damat\_REPOS\Astral Turf\node_modules\jsdom\lib\jsdo
m\living\generated\EventTarget.js:241:34)
    at Object.invokeGuardedCallbackDev 
(C:\Users\damat\_REPOS\Astral Turf\node_modules\react-dom\cjs\
react-dom.development.js:4213:16)
    at invokeGuardedCallback (C:\Users\damat\_REPOS\Astral Tur
f\node_modules\react-dom\cjs\react-dom.development.js:4277:31)
    at beginWork$1 (C:\Users\damat\_REPOS\Astral Turf\node_mod
ules\react-dom\cjs\react-dom.development.js:27490:7)
    at performUnitOfWork (C:\Users\damat\_REPOS\Astral Turf\no
de_modules\react-dom\cjs\react-dom.development.js:26599:12) 
Error: Intentional component failure for testing
    at FailingComponent [90m(C:\Users\damat\_REPOS\Astral Tur
f\[39msrc\__tests__\integration\TacticalErrorRecovery.test.ts
x:143:11[90m)[39m
    at renderWithHooks [90m(C:\Users\damat\_REPOS\Astral Turf
\[39mnode_modules\[4mreact-dom[24m\cjs\react-dom.developmen
t.js:15486:18[90m)[39m
    at mountIndeterminateComponent 
[90m(C:\Users\damat\_REPOS\Astral Turf\[39mnode_modules\[4m
react-dom[24m\cjs\react-dom.development.js:20103:13[90m)[39
m
    at beginWork [90m(C:\Users\damat\_REPOS\Astral Turf\[39m
node_modules\[4mreact-dom[24m\cjs\react-dom.development.js:2
1626:16[90m)[39m
    at HTMLUnknownElement.callCallback 
[90m(C:\Users\damat\_REPOS\Astral Turf\[39mnode_modules\[4m
react-dom[24m\cjs\react-dom.development.js:4164:14[90m)[39m
    at HTMLUnknownElement.callTheUserObjectsOperation 
[90m(C:\Users\damat\_REPOS\Astral Turf\[39mnode_modules\[4m
jsdom[24m\lib\jsdom\living\generated\EventListener.js:26:30[
90m)[39m
    at innerInvokeEventListeners 
[90m(C:\Users\damat\_REPOS\Astral Turf\[39mnode_modules\[4m
jsdom[24m\lib\jsdom\living\events\EventTarget-impl.js:350:25
[90m)[39m
    at invokeEventListeners 
[90m(C:\Users\damat\_REPOS\Astral Turf\[39mnode_modules\[4m
jsdom[24m\lib\jsdom\living\events\EventTarget-impl.js:286:3[
90m)[39m
    at HTMLUnknownElementImpl._dispatch 
[90m(C:\Users\damat\_REPOS\Astral Turf\[39mnode_modules\[4m
jsdom[24m\lib\jsdom\living\events\EventTarget-impl.js:233:9[
90m)[39m
    at HTMLUnknownElementImpl.dispatchEvent 
[90m(C:\Users\damat\_REPOS\Astral Turf\[39mnode_modules\[4m
jsdom[24m\lib\jsdom\living\events\EventTarget-impl.js:104:17
[90m)[39m

[90mstderr[2m | 
src/__tests__/integration/TacticalErrorRecovery.test.tsx[2m 
> [22m[2mZENITH Tactical Error Recovery Tests[2m > 
[22m[2mConcurrent Error Scenarios[2m > [22m[2mshould 
handle multiple simultaneous errors gracefully
[22m[39mError: Uncaught [Error: Intentional component 
failure for testing]
    at reportException (C:\Users\damat\_REPOS\Astral Turf\node
_modules\jsdom\lib\jsdom\living\helpers\runtime-script-errors.
js:66:24)
    at innerInvokeEventListeners 
(C:\Users\damat\_REPOS\Astral Turf\node_modules\jsdom\lib\jsdo
m\living\events\EventTarget-impl.js:353:9)
    at invokeEventListeners (C:\Users\damat\_REPOS\Astral Turf
\node_modules\jsdom\lib\jsdom\living\events\EventTarget-impl.j
s:286:3)
    at HTMLUnknownElementImpl._dispatch 
(C:\Users\damat\_REPOS\Astral Turf\node_modules\jsdom\lib\jsdo
m\living\events\EventTarget-impl.js:233:9)
    at HTMLUnknownElementImpl.dispatchEvent 
(C:\Users\damat\_REPOS\Astral Turf\node_modules\jsdom\lib\jsdo
m\living\events\EventTarget-impl.js:104:17)
    at HTMLUnknownElement.dispatchEvent 
(C:\Users\damat\_REPOS\Astral Turf\node_modules\jsdom\lib\jsdo
m\living\generated\EventTarget.js:241:34)
    at Object.invokeGuardedCallbackDev 
(C:\Users\damat\_REPOS\Astral Turf\node_modules\react-dom\cjs\
react-dom.development.js:4213:16)
    at invokeGuardedCallback (C:\Users\damat\_REPOS\Astral Tur
f\node_modules\react-dom\cjs\react-dom.development.js:4277:31)
    at beginWork$1 (C:\Users\damat\_REPOS\Astral Turf\node_mod
ules\react-dom\cjs\react-dom.development.js:27490:7)
    at performUnitOfWork (C:\Users\damat\_REPOS\Astral Turf\no
de_modules\react-dom\cjs\react-dom.development.js:26599:12) 
Error: Intentional component failure for testing
    at FailingComponent [90m(C:\Users\damat\_REPOS\Astral Tur
f\[39msrc\__tests__\integration\TacticalErrorRecovery.test.ts
x:143:11[90m)[39m
    at renderWithHooks [90m(C:\Users\damat\_REPOS\Astral Turf
\[39mnode_modules\[4mreact-dom[24m\cjs\react-dom.developmen
t.js:15486:18[90m)[39m
    at mountIndeterminateComponent 
[90m(C:\Users\damat\_REPOS\Astral Turf\[39mnode_modules\[4m
react-dom[24m\cjs\react-dom.development.js:20103:13[90m)[39
m
    at beginWork [90m(C:\Users\damat\_REPOS\Astral Turf\[39m
node_modules\[4mreact-dom[24m\cjs\react-dom.development.js:2
1626:16[90m)[39m
    at HTMLUnknownElement.callCallback 
[90m(C:\Users\damat\_REPOS\Astral Turf\[39mnode_modules\[4m
react-dom[24m\cjs\react-dom.development.js:4164:14[90m)[39m
    at HTMLUnknownElement.callTheUserObjectsOperation 
[90m(C:\Users\damat\_REPOS\Astral Turf\[39mnode_modules\[4m
jsdom[24m\lib\jsdom\living\generated\EventListener.js:26:30[
90m)[39m
    at innerInvokeEventListeners 
[90m(C:\Users\damat\_REPOS\Astral Turf\[39mnode_modules\[4m
jsdom[24m\lib\jsdom\living\events\EventTarget-impl.js:350:25
[90m)[39m
    at invokeEventListeners 
[90m(C:\Users\damat\_REPOS\Astral Turf\[39mnode_modules\[4m
jsdom[24m\lib\jsdom\living\events\EventTarget-impl.js:286:3[
90m)[39m
    at HTMLUnknownElementImpl._dispatch 
[90m(C:\Users\damat\_REPOS\Astral Turf\[39mnode_modules\[4m
jsdom[24m\lib\jsdom\living\events\EventTarget-impl.js:233:9[
90m)[39m
    at HTMLUnknownElementImpl.dispatchEvent 
[90m(C:\Users\damat\_REPOS\Astral Turf\[39mnode_modules\[4m
jsdom[24m\lib\jsdom\living\events\EventTarget-impl.js:104:17
[90m)[39m
Error: Uncaught [Error: Intentional component failure for 
testing]
    at reportException (C:\Users\damat\_REPOS\Astral Turf\node
_modules\jsdom\lib\jsdom\living\helpers\runtime-script-errors.
js:66:24)
    at innerInvokeEventListeners 
(C:\Users\damat\_REPOS\Astral Turf\node_modules\jsdom\lib\jsdo
m\living\events\EventTarget-impl.js:353:9)
    at invokeEventListeners (C:\Users\damat\_REPOS\Astral Turf
\node_modules\jsdom\lib\jsdom\living\events\EventTarget-impl.j
s:286:3)
    at HTMLUnknownElementImpl._dispatch 
(C:\Users\damat\_REPOS\Astral Turf\node_modules\jsdom\lib\jsdo
m\living\events\EventTarget-impl.js:233:9)
    at HTMLUnknownElementImpl.dispatchEvent 
(C:\Users\damat\_REPOS\Astral Turf\node_modules\jsdom\lib\jsdo
m\living\events\EventTarget-impl.js:104:17)
    at HTMLUnknownElement.dispatchEvent 
(C:\Users\damat\_REPOS\Astral Turf\node_modules\jsdom\lib\jsdo
m\living\generated\EventTarget.js:241:34)
    at Object.invokeGuardedCallbackDev 
(C:\Users\damat\_REPOS\Astral Turf\node_modules\react-dom\cjs\
react-dom.development.js:4213:16)
    at invokeGuardedCallback (C:\Users\damat\_REPOS\Astral Tur
f\node_modules\react-dom\cjs\react-dom.development.js:4277:31)
    at beginWork$1 (C:\Users\damat\_REPOS\Astral Turf\node_mod
ules\react-dom\cjs\react-dom.development.js:27490:7)
    at performUnitOfWork (C:\Users\damat\_REPOS\Astral Turf\no
de_modules\react-dom\cjs\react-dom.development.js:26599:12) 
Error: Intentional component failure for testing
    at FailingComponent [90m(C:\Users\damat\_REPOS\Astral Tur
f\[39msrc\__tests__\integration\TacticalErrorRecovery.test.ts
x:143:11[90m)[39m
    at renderWithHooks [90m(C:\Users\damat\_REPOS\Astral Turf
\[39mnode_modules\[4mreact-dom[24m\cjs\react-dom.developmen
t.js:15486:18[90m)[39m
    at mountIndeterminateComponent 
[90m(C:\Users\damat\_REPOS\Astral Turf\[39mnode_modules\[4m
react-dom[24m\cjs\react-dom.development.js:20103:13[90m)[39
m
    at beginWork [90m(C:\Users\damat\_REPOS\Astral Turf\[39m
node_modules\[4mreact-dom[24m\cjs\react-dom.development.js:2
1626:16[90m)[39m
    at HTMLUnknownElement.callCallback 
[90m(C:\Users\damat\_REPOS\Astral Turf\[39mnode_modules\[4m
react-dom[24m\cjs\react-dom.development.js:4164:14[90m)[39m
    at HTMLUnknownElement.callTheUserObjectsOperation 
[90m(C:\Users\damat\_REPOS\Astral Turf\[39mnode_modules\[4m
jsdom[24m\lib\jsdom\living\generated\EventListener.js:26:30[
90m)[39m
    at innerInvokeEventListeners 
[90m(C:\Users\damat\_REPOS\Astral Turf\[39mnode_modules\[4m
jsdom[24m\lib\jsdom\living\events\EventTarget-impl.js:350:25
[90m)[39m
    at invokeEventListeners 
[90m(C:\Users\damat\_REPOS\Astral Turf\[39mnode_modules\[4m
jsdom[24m\lib\jsdom\living\events\EventTarget-impl.js:286:3[
90m)[39m
    at HTMLUnknownElementImpl._dispatch 
[90m(C:\Users\damat\_REPOS\Astral Turf\[39mnode_modules\[4m
jsdom[24m\lib\jsdom\living\events\EventTarget-impl.js:233:9[
90m)[39m
    at HTMLUnknownElementImpl.dispatchEvent 
[90m(C:\Users\damat\_REPOS\Astral Turf\[39mnode_modules\[4m
jsdom[24m\lib\jsdom\living\events\EventTarget-impl.js:104:17
[90m)[39m
Error: Uncaught [Error: Intentional component failure for 
testing]
    at reportException (C:\Users\damat\_REPOS\Astral Turf\node
_modules\jsdom\lib\jsdom\living\helpers\runtime-script-errors.
js:66:24)
    at innerInvokeEventListeners 
(C:\Users\damat\_REPOS\Astral Turf\node_modules\jsdom\lib\jsdo
m\living\events\EventTarget-impl.js:353:9)
    at invokeEventListeners (C:\Users\damat\_REPOS\Astral Turf
\node_modules\jsdom\lib\jsdom\living\events\EventTarget-impl.j
s:286:3)
    at HTMLUnknownElementImpl._dispatch 
(C:\Users\damat\_REPOS\Astral Turf\node_modules\jsdom\lib\jsdo
m\living\events\EventTarget-impl.js:233:9)
    at HTMLUnknownElementImpl.dispatchEvent 
(C:\Users\damat\_REPOS\Astral Turf\node_modules\jsdom\lib\jsdo
m\living\events\EventTarget-impl.js:104:17)
    at HTMLUnknownElement.dispatchEvent 
(C:\Users\damat\_REPOS\Astral Turf\node_modules\jsdom\lib\jsdo
m\living\generated\EventTarget.js:241:34)
    at Object.invokeGuardedCallbackDev 
(C:\Users\damat\_REPOS\Astral Turf\node_modules\react-dom\cjs\
react-dom.development.js:4213:16)
    at invokeGuardedCallback (C:\Users\damat\_REPOS\Astral Tur
f\node_modules\react-dom\cjs\react-dom.development.js:4277:31)
    at beginWork$1 (C:\Users\damat\_REPOS\Astral Turf\node_mod
ules\react-dom\cjs\react-dom.development.js:27490:7)
    at performUnitOfWork (C:\Users\damat\_REPOS\Astral Turf\no
de_modules\react-dom\cjs\react-dom.development.js:26599:12) 
Error: Intentional component failure for testing
    at FailingComponent [90m(C:\Users\damat\_REPOS\Astral Tur
f\[39msrc\__tests__\integration\TacticalErrorRecovery.test.ts
x:143:11[90m)[39m
    at renderWithHooks [90m(C:\Users\damat\_REPOS\Astral Turf
\[39mnode_modules\[4mreact-dom[24m\cjs\react-dom.developmen
t.js:15486:18[90m)[39m
    at mountIndeterminateComponent 
[90m(C:\Users\damat\_REPOS\Astral Turf\[39mnode_modules\[4m
react-dom[24m\cjs\react-dom.development.js:20103:13[90m)[39
m
    at beginWork [90m(C:\Users\damat\_REPOS\Astral Turf\[39m
node_modules\[4mreact-dom[24m\cjs\react-dom.development.js:2
1626:16[90m)[39m
    at HTMLUnknownElement.callCallback 
[90m(C:\Users\damat\_REPOS\Astral Turf\[39mnode_modules\[4m
react-dom[24m\cjs\react-dom.development.js:4164:14[90m)[39m
    at HTMLUnknownElement.callTheUserObjectsOperation 
[90m(C:\Users\damat\_REPOS\Astral Turf\[39mnode_modules\[4m
jsdom[24m\lib\jsdom\living\generated\EventListener.js:26:30[
90m)[39m
    at innerInvokeEventListeners 
[90m(C:\Users\damat\_REPOS\Astral Turf\[39mnode_modules\[4m
jsdom[24m\lib\jsdom\living\events\EventTarget-impl.js:350:25
[90m)[39m
    at invokeEventListeners 
[90m(C:\Users\damat\_REPOS\Astral Turf\[39mnode_modules\[4m
jsdom[24m\lib\jsdom\living\events\EventTarget-impl.js:286:3[
90m)[39m
    at HTMLUnknownElementImpl._dispatch 
[90m(C:\Users\damat\_REPOS\Astral Turf\[39mnode_modules\[4m
jsdom[24m\lib\jsdom\living\events\EventTarget-impl.js:233:9[
90m)[39m
    at HTMLUnknownElementImpl.dispatchEvent 
[90m(C:\Users\damat\_REPOS\Astral Turf\[39mnode_modules\[4m
jsdom[24m\lib\jsdom\living\events\EventTarget-impl.js:104:17
[90m)[39m
Error: Uncaught [Error: Intentional component failure for 
testing]
    at reportException (C:\Users\damat\_REPOS\Astral Turf\node
_modules\jsdom\lib\jsdom\living\helpers\runtime-script-errors.
js:66:24)
    at innerInvokeEventListeners 
(C:\Users\damat\_REPOS\Astral Turf\node_modules\jsdom\lib\jsdo
m\living\events\EventTarget-impl.js:353:9)
    at invokeEventListeners (C:\Users\damat\_REPOS\Astral Turf
\node_modules\jsdom\lib\jsdom\living\events\EventTarget-impl.j
s:286:3)
    at HTMLUnknownElementImpl._dispatch 
(C:\Users\damat\_REPOS\Astral Turf\node_modules\jsdom\lib\jsdo
m\living\events\EventTarget-impl.js:233:9)
    at HTMLUnknownElementImpl.dispatchEvent 
(C:\Users\damat\_REPOS\Astral Turf\node_modules\jsdom\lib\jsdo
m\living\events\EventTarget-impl.js:104:17)
    at HTMLUnknownElement.dispatchEvent 
(C:\Users\damat\_REPOS\Astral Turf\node_modules\jsdom\lib\jsdo
m\living\generated\EventTarget.js:241:34)
    at Object.invokeGuardedCallbackDev 
(C:\Users\damat\_REPOS\Astral Turf\node_modules\react-dom\cjs\
react-dom.development.js:4213:16)
    at invokeGuardedCallback (C:\Users\damat\_REPOS\Astral Tur
f\node_modules\react-dom\cjs\react-dom.development.js:4277:31)
    at beginWork$1 (C:\Users\damat\_REPOS\Astral Turf\node_mod
ules\react-dom\cjs\react-dom.development.js:27490:7)
    at performUnitOfWork (C:\Users\damat\_REPOS\Astral Turf\no
de_modules\react-dom\cjs\react-dom.development.js:26599:12) 
Error: Intentional component failure for testing
    at FailingComponent [90m(C:\Users\damat\_REPOS\Astral Tur
f\[39msrc\__tests__\integration\TacticalErrorRecovery.test.ts
x:143:11[90m)[39m
    at renderWithHooks [90m(C:\Users\damat\_REPOS\Astral Turf
\[39mnode_modules\[4mreact-dom[24m\cjs\react-dom.developmen
t.js:15486:18[90m)[39m
    at mountIndeterminateComponent 
[90m(C:\Users\damat\_REPOS\Astral Turf\[39mnode_modules\[4m
react-dom[24m\cjs\react-dom.development.js:20103:13[90m)[39
m
    at beginWork [90m(C:\Users\damat\_REPOS\Astral Turf\[39m
node_modules\[4mreact-dom[24m\cjs\react-dom.development.js:2
1626:16[90m)[39m
    at HTMLUnknownElement.callCallback 
[90m(C:\Users\damat\_REPOS\Astral Turf\[39mnode_modules\[4m
react-dom[24m\cjs\react-dom.development.js:4164:14[90m)[39m
    at HTMLUnknownElement.callTheUserObjectsOperation 
[90m(C:\Users\damat\_REPOS\Astral Turf\[39mnode_modules\[4m
jsdom[24m\lib\jsdom\living\generated\EventListener.js:26:30[
90m)[39m
    at innerInvokeEventListeners 
[90m(C:\Users\damat\_REPOS\Astral Turf\[39mnode_modules\[4m
jsdom[24m\lib\jsdom\living\events\EventTarget-impl.js:350:25
[90m)[39m
    at invokeEventListeners 
[90m(C:\Users\damat\_REPOS\Astral Turf\[39mnode_modules\[4m
jsdom[24m\lib\jsdom\living\events\EventTarget-impl.js:286:3[
90m)[39m
    at HTMLUnknownElementImpl._dispatch 
[90m(C:\Users\damat\_REPOS\Astral Turf\[39mnode_modules\[4m
jsdom[24m\lib\jsdom\living\events\EventTarget-impl.js:233:9[
90m)[39m
    at HTMLUnknownElementImpl.dispatchEvent 
[90m(C:\Users\damat\_REPOS\Astral Turf\[39mnode_modules\[4m
jsdom[24m\lib\jsdom\living\events\EventTarget-impl.js:104:17
[90m)[39m
Error: Uncaught [Error: Intentional component failure for 
testing]
    at reportException (C:\Users\damat\_REPOS\Astral Turf\node
_modules\jsdom\lib\jsdom\living\helpers\runtime-script-errors.
js:66:24)
    at innerInvokeEventListeners 
(C:\Users\damat\_REPOS\Astral Turf\node_modules\jsdom\lib\jsdo
m\living\events\EventTarget-impl.js:353:9)
    at invokeEventListeners (C:\Users\damat\_REPOS\Astral Turf
\node_modules\jsdom\lib\jsdom\living\events\EventTarget-impl.j
s:286:3)
    at HTMLUnknownElementImpl._dispatch 
(C:\Users\damat\_REPOS\Astral Turf\node_modules\jsdom\lib\jsdo
m\living\events\EventTarget-impl.js:233:9)
    at HTMLUnknownElementImpl.dispatchEvent 
(C:\Users\damat\_REPOS\Astral Turf\node_modules\jsdom\lib\jsdo
m\living\events\EventTarget-impl.js:104:17)
    at HTMLUnknownElement.dispatchEvent 
(C:\Users\damat\_REPOS\Astral Turf\node_modules\jsdom\lib\jsdo
m\living\generated\EventTarget.js:241:34)
    at Object.invokeGuardedCallbackDev 
(C:\Users\damat\_REPOS\Astral Turf\node_modules\react-dom\cjs\
react-dom.development.js:4213:16)
    at invokeGuardedCallback (C:\Users\damat\_REPOS\Astral Tur
f\node_modules\react-dom\cjs\react-dom.development.js:4277:31)
    at beginWork$1 (C:\Users\damat\_REPOS\Astral Turf\node_mod
ules\react-dom\cjs\react-dom.development.js:27490:7)
    at performUnitOfWork (C:\Users\damat\_REPOS\Astral Turf\no
de_modules\react-dom\cjs\react-dom.development.js:26599:12) 
Error: Intentional component failure for testing
    at FailingComponent [90m(C:\Users\damat\_REPOS\Astral Tur
f\[39msrc\__tests__\integration\TacticalErrorRecovery.test.ts
x:143:11[90m)[39m
    at renderWithHooks [90m(C:\Users\damat\_REPOS\Astral Turf
\[39mnode_modules\[4mreact-dom[24m\cjs\react-dom.developmen
t.js:15486:18[90m)[39m
    at mountIndeterminateComponent 
[90m(C:\Users\damat\_REPOS\Astral Turf\[39mnode_modules\[4m
react-dom[24m\cjs\react-dom.development.js:20103:13[90m)[39
m
    at beginWork [90m(C:\Users\damat\_REPOS\Astral Turf\[39m
node_modules\[4mreact-dom[24m\cjs\react-dom.development.js:2
1626:16[90m)[39m
    at HTMLUnknownElement.callCallback 
[90m(C:\Users\damat\_REPOS\Astral Turf\[39mnode_modules\[4m
react-dom[24m\cjs\react-dom.development.js:4164:14[90m)[39m
    at HTMLUnknownElement.callTheUserObjectsOperation 
[90m(C:\Users\damat\_REPOS\Astral Turf\[39mnode_modules\[4m
jsdom[24m\lib\jsdom\living\generated\EventListener.js:26:30[
90m)[39m
    at innerInvokeEventListeners 
[90m(C:\Users\damat\_REPOS\Astral Turf\[39mnode_modules\[4m
jsdom[24m\lib\jsdom\living\events\EventTarget-impl.js:350:25
[90m)[39m
    at invokeEventListeners 
[90m(C:\Users\damat\_REPOS\Astral Turf\[39mnode_modules\[4m
jsdom[24m\lib\jsdom\living\events\EventTarget-impl.js:286:3[
90m)[39m
    at HTMLUnknownElementImpl._dispatch 
[90m(C:\Users\damat\_REPOS\Astral Turf\[39mnode_modules\[4m
jsdom[24m\lib\jsdom\living\events\EventTarget-impl.js:233:9[
90m)[39m
    at HTMLUnknownElementImpl.dispatchEvent 
[90m(C:\Users\damat\_REPOS\Astral Turf\[39mnode_modules\[4m
jsdom[24m\lib\jsdom\living\events\EventTarget-impl.js:104:17
[90m)[39m
Error: Uncaught [Error: Intentional component failure for 
testing]
    at reportException (C:\Users\damat\_REPOS\Astral Turf\node
_modules\jsdom\lib\jsdom\living\helpers\runtime-script-errors.
js:66:24)
    at innerInvokeEventListeners 
(C:\Users\damat\_REPOS\Astral Turf\node_modules\jsdom\lib\jsdo
m\living\events\EventTarget-impl.js:353:9)
    at invokeEventListeners (C:\Users\damat\_REPOS\Astral Turf
\node_modules\jsdom\lib\jsdom\living\events\EventTarget-impl.j
s:286:3)
    at HTMLUnknownElementImpl._dispatch 
(C:\Users\damat\_REPOS\Astral Turf\node_modules\jsdom\lib\jsdo
m\living\events\EventTarget-impl.js:233:9)
    at HTMLUnknownElementImpl.dispatchEvent 
(C:\Users\damat\_REPOS\Astral Turf\node_modules\jsdom\lib\jsdo
m\living\events\EventTarget-impl.js:104:17)
    at HTMLUnknownElement.dispatchEvent 
(C:\Users\damat\_REPOS\Astral Turf\node_modules\jsdom\lib\jsdo
m\living\generated\EventTarget.js:241:34)
    at Object.invokeGuardedCallbackDev 
(C:\Users\damat\_REPOS\Astral Turf\node_modules\react-dom\cjs\
react-dom.development.js:4213:16)
    at invokeGuardedCallback (C:\Users\damat\_REPOS\Astral Tur
f\node_modules\react-dom\cjs\react-dom.development.js:4277:31)
    at beginWork$1 (C:\Users\damat\_REPOS\Astral Turf\node_mod
ules\react-dom\cjs\react-dom.development.js:27490:7)
    at performUnitOfWork (C:\Users\damat\_REPOS\Astral Turf\no
de_modules\react-dom\cjs\react-dom.development.js:26599:12) 
Error: Intentional component failure for testing
    at FailingComponent [90m(C:\Users\damat\_REPOS\Astral Tur
f\[39msrc\__tests__\integration\TacticalErrorRecovery.test.ts
x:143:11[90m)[39m
    at renderWithHooks [90m(C:\Users\damat\_REPOS\Astral Turf
\[39mnode_modules\[4mreact-dom[24m\cjs\react-dom.developmen
t.js:15486:18[90m)[39m
    at mountIndeterminateComponent 
[90m(C:\Users\damat\_REPOS\Astral Turf\[39mnode_modules\[4m
react-dom[24m\cjs\react-dom.development.js:20103:13[90m)[39
m
    at beginWork [90m(C:\Users\damat\_REPOS\Astral Turf\[39m
node_modules\[4mreact-dom[24m\cjs\react-dom.development.js:2
1626:16[90m)[39m
    at HTMLUnknownElement.callCallback 
[90m(C:\Users\damat\_REPOS\Astral Turf\[39mnode_modules\[4m
react-dom[24m\cjs\react-dom.development.js:4164:14[90m)[39m
    at HTMLUnknownElement.callTheUserObjectsOperation 
[90m(C:\Users\damat\_REPOS\Astral Turf\[39mnode_modules\[4m
jsdom[24m\lib\jsdom\living\generated\EventListener.js:26:30[
90m)[39m
    at innerInvokeEventListeners 
[90m(C:\Users\damat\_REPOS\Astral Turf\[39mnode_modules\[4m
jsdom[24m\lib\jsdom\living\events\EventTarget-impl.js:350:25
[90m)[39m
    at invokeEventListeners 
[90m(C:\Users\damat\_REPOS\Astral Turf\[39mnode_modules\[4m
jsdom[24m\lib\jsdom\living\events\EventTarget-impl.js:286:3[
90m)[39m
    at HTMLUnknownElementImpl._dispatch 
[90m(C:\Users\damat\_REPOS\Astral Turf\[39mnode_modules\[4m
jsdom[24m\lib\jsdom\living\events\EventTarget-impl.js:233:9[
90m)[39m
    at HTMLUnknownElementImpl.dispatchEvent 
[90m(C:\Users\damat\_REPOS\Astral Turf\[39mnode_modules\[4m
jsdom[24m\lib\jsdom\living\events\EventTarget-impl.js:104:17
[90m)[39m
Error: Uncaught [Error: Intentional component failure for 
testing]
    at reportException (C:\Users\damat\_REPOS\Astral Turf\node
_modules\jsdom\lib\jsdom\living\helpers\runtime-script-errors.
js:66:24)
    at innerInvokeEventListeners 
(C:\Users\damat\_REPOS\Astral Turf\node_modules\jsdom\lib\jsdo
m\living\events\EventTarget-impl.js:353:9)
    at invokeEventListeners (C:\Users\damat\_REPOS\Astral Turf
\node_modules\jsdom\lib\jsdom\living\events\EventTarget-impl.j
s:286:3)
    at HTMLUnknownElementImpl._dispatch 
(C:\Users\damat\_REPOS\Astral Turf\node_modules\jsdom\lib\jsdo
m\living\events\EventTarget-impl.js:233:9)
    at HTMLUnknownElementImpl.dispatchEvent 
(C:\Users\damat\_REPOS\Astral Turf\node_modules\jsdom\lib\jsdo
m\living\events\EventTarget-impl.js:104:17)
    at HTMLUnknownElement.dispatchEvent 
(C:\Users\damat\_REPOS\Astral Turf\node_modules\jsdom\lib\jsdo
m\living\generated\EventTarget.js:241:34)
    at Object.invokeGuardedCallbackDev 
(C:\Users\damat\_REPOS\Astral Turf\node_modules\react-dom\cjs\
react-dom.development.js:4213:16)
    at invokeGuardedCallback (C:\Users\damat\_REPOS\Astral Tur
f\node_modules\react-dom\cjs\react-dom.development.js:4277:31)
    at beginWork$1 (C:\Users\damat\_REPOS\Astral Turf\node_mod
ules\react-dom\cjs\react-dom.development.js:27490:7)
    at performUnitOfWork (C:\Users\damat\_REPOS\Astral Turf\no
de_modules\react-dom\cjs\react-dom.development.js:26599:12) 
Error: Intentional component failure for testing
    at FailingComponent [90m(C:\Users\damat\_REPOS\Astral Tur
f\[39msrc\__tests__\integration\TacticalErrorRecovery.test.ts
x:143:11[90m)[39m
    at renderWithHooks [90m(C:\Users\damat\_REPOS\Astral Turf
\[39mnode_modules\[4mreact-dom[24m\cjs\react-dom.developmen
t.js:15486:18[90m)[39m
    at mountIndeterminateComponent 
[90m(C:\Users\damat\_REPOS\Astral Turf\[39mnode_modules\[4m
react-dom[24m\cjs\react-dom.development.js:20103:13[90m)[39
m
    at beginWork [90m(C:\Users\damat\_REPOS\Astral Turf\[39m
node_modules\[4mreact-dom[24m\cjs\react-dom.development.js:2
1626:16[90m)[39m
    at HTMLUnknownElement.callCallback 
[90m(C:\Users\damat\_REPOS\Astral Turf\[39mnode_modules\[4m
react-dom[24m\cjs\react-dom.development.js:4164:14[90m)[39m
    at HTMLUnknownElement.callTheUserObjectsOperation 
[90m(C:\Users\damat\_REPOS\Astral Turf\[39mnode_modules\[4m
jsdom[24m\lib\jsdom\living\generated\EventListener.js:26:30[
90m)[39m
    at innerInvokeEventListeners 
[90m(C:\Users\damat\_REPOS\Astral Turf\[39mnode_modules\[4m
jsdom[24m\lib\jsdom\living\events\EventTarget-impl.js:350:25
[90m)[39m
    at invokeEventListeners 
[90m(C:\Users\damat\_REPOS\Astral Turf\[39mnode_modules\[4m
jsdom[24m\lib\jsdom\living\events\EventTarget-impl.js:286:3[
90m)[39m
    at HTMLUnknownElementImpl._dispatch 
[90m(C:\Users\damat\_REPOS\Astral Turf\[39mnode_modules\[4m
jsdom[24m\lib\jsdom\living\events\EventTarget-impl.js:233:9[
90m)[39m
    at HTMLUnknownElementImpl.dispatchEvent 
[90m(C:\Users\damat\_REPOS\Astral Turf\[39mnode_modules\[4m
jsdom[24m\lib\jsdom\living\events\EventTarget-impl.js:104:17
[90m)[39m
Error: Uncaught [Error: Intentional component failure for 
testing]
    at reportException (C:\Users\damat\_REPOS\Astral Turf\node
_modules\jsdom\lib\jsdom\living\helpers\runtime-script-errors.
js:66:24)
    at innerInvokeEventListeners 
(C:\Users\damat\_REPOS\Astral Turf\node_modules\jsdom\lib\jsdo
m\living\events\EventTarget-impl.js:353:9)
    at invokeEventListeners (C:\Users\damat\_REPOS\Astral Turf
\node_modules\jsdom\lib\jsdom\living\events\EventTarget-impl.j
s:286:3)
    at HTMLUnknownElementImpl._dispatch 
(C:\Users\damat\_REPOS\Astral Turf\node_modules\jsdom\lib\jsdo
m\living\events\EventTarget-impl.js:233:9)
    at HTMLUnknownElementImpl.dispatchEvent 
(C:\Users\damat\_REPOS\Astral Turf\node_modules\jsdom\lib\jsdo
m\living\events\EventTarget-impl.js:104:17)
    at HTMLUnknownElement.dispatchEvent 
(C:\Users\damat\_REPOS\Astral Turf\node_modules\jsdom\lib\jsdo
m\living\generated\EventTarget.js:241:34)
    at Object.invokeGuardedCallbackDev 
(C:\Users\damat\_REPOS\Astral Turf\node_modules\react-dom\cjs\
react-dom.development.js:4213:16)
    at invokeGuardedCallback (C:\Users\damat\_REPOS\Astral Tur
f\node_modules\react-dom\cjs\react-dom.development.js:4277:31)
    at beginWork$1 (C:\Users\damat\_REPOS\Astral Turf\node_mod
ules\react-dom\cjs\react-dom.development.js:27490:7)
    at performUnitOfWork (C:\Users\damat\_REPOS\Astral Turf\no
de_modules\react-dom\cjs\react-dom.development.js:26599:12) 
Error: Intentional component failure for testing
    at FailingComponent [90m(C:\Users\damat\_REPOS\Astral Tur
f\[39msrc\__tests__\integration\TacticalErrorRecovery.test.ts
x:143:11[90m)[39m
    at renderWithHooks [90m(C:\Users\damat\_REPOS\Astral Turf
\[39mnode_modules\[4mreact-dom[24m\cjs\react-dom.developmen
t.js:15486:18[90m)[39m
    at mountIndeterminateComponent 
[90m(C:\Users\damat\_REPOS\Astral Turf\[39mnode_modules\[4m
react-dom[24m\cjs\react-dom.development.js:20103:13[90m)[39
m
    at beginWork [90m(C:\Users\damat\_REPOS\Astral Turf\[39m
node_modules\[4mreact-dom[24m\cjs\react-dom.development.js:2
1626:16[90m)[39m
    at HTMLUnknownElement.callCallback 
[90m(C:\Users\damat\_REPOS\Astral Turf\[39mnode_modules\[4m
react-dom[24m\cjs\react-dom.development.js:4164:14[90m)[39m
    at HTMLUnknownElement.callTheUserObjectsOperation 
[90m(C:\Users\damat\_REPOS\Astral Turf\[39mnode_modules\[4m
jsdom[24m\lib\jsdom\living\generated\EventListener.js:26:30[
90m)[39m
    at innerInvokeEventListeners 
[90m(C:\Users\damat\_REPOS\Astral Turf\[39mnode_modules\[4m
jsdom[24m\lib\jsdom\living\events\EventTarget-impl.js:350:25
[90m)[39m
    at invokeEventListeners 
[90m(C:\Users\damat\_REPOS\Astral Turf\[39mnode_modules\[4m
jsdom[24m\lib\jsdom\living\events\EventTarget-impl.js:286:3[
90m)[39m
    at HTMLUnknownElementImpl._dispatch 
[90m(C:\Users\damat\_REPOS\Astral Turf\[39mnode_modules\[4m
jsdom[24m\lib\jsdom\living\events\EventTarget-impl.js:233:9[
90m)[39m
    at HTMLUnknownElementImpl.dispatchEvent 
[90m(C:\Users\damat\_REPOS\Astral Turf\[39mnode_modules\[4m
jsdom[24m\lib\jsdom\living\events\EventTarget-impl.js:104:17
[90m)[39m
Error: Uncaught [Error: Intentional component failure for 
testing]
    at reportException (C:\Users\damat\_REPOS\Astral Turf\node
_modules\jsdom\lib\jsdom\living\helpers\runtime-script-errors.
js:66:24)
    at innerInvokeEventListeners 
(C:\Users\damat\_REPOS\Astral Turf\node_modules\jsdom\lib\jsdo
m\living\events\EventTarget-impl.js:353:9)
    at invokeEventListeners (C:\Users\damat\_REPOS\Astral Turf
\node_modules\jsdom\lib\jsdom\living\events\EventTarget-impl.j
s:286:3)
    at HTMLUnknownElementImpl._dispatch 
(C:\Users\damat\_REPOS\Astral Turf\node_modules\jsdom\lib\jsdo
m\living\events\EventTarget-impl.js:233:9)
    at HTMLUnknownElementImpl.dispatchEvent 
(C:\Users\damat\_REPOS\Astral Turf\node_modules\jsdom\lib\jsdo
m\living\events\EventTarget-impl.js:104:17)
    at HTMLUnknownElement.dispatchEvent 
(C:\Users\damat\_REPOS\Astral Turf\node_modules\jsdom\lib\jsdo
m\living\generated\EventTarget.js:241:34)
    at Object.invokeGuardedCallbackDev 
(C:\Users\damat\_REPOS\Astral Turf\node_modules\react-dom\cjs\
react-dom.development.js:4213:16)
    at invokeGuardedCallback (C:\Users\damat\_REPOS\Astral Tur
f\node_modules\react-dom\cjs\react-dom.development.js:4277:31)
    at beginWork$1 (C:\Users\damat\_REPOS\Astral Turf\node_mod
ules\react-dom\cjs\react-dom.development.js:27490:7)
    at performUnitOfWork (C:\Users\damat\_REPOS\Astral Turf\no
de_modules\react-dom\cjs\react-dom.development.js:26599:12) 
Error: Intentional component failure for testing
    at FailingComponent [90m(C:\Users\damat\_REPOS\Astral Tur
f\[39msrc\__tests__\integration\TacticalErrorRecovery.test.ts
x:143:11[90m)[39m
    at renderWithHooks [90m(C:\Users\damat\_REPOS\Astral Turf
\[39mnode_modules\[4mreact-dom[24m\cjs\react-dom.developmen
t.js:15486:18[90m)[39m
    at mountIndeterminateComponent 
[90m(C:\Users\damat\_REPOS\Astral Turf\[39mnode_modules\[4m
react-dom[24m\cjs\react-dom.development.js:20103:13[90m)[39
m
    at beginWork [90m(C:\Users\damat\_REPOS\Astral Turf\[39m
node_modules\[4mreact-dom[24m\cjs\react-dom.development.js:2
1626:16[90m)[39m
    at HTMLUnknownElement.callCallback 
[90m(C:\Users\damat\_REPOS\Astral Turf\[39mnode_modules\[4m
react-dom[24m\cjs\react-dom.development.js:4164:14[90m)[39m
    at HTMLUnknownElement.callTheUserObjectsOperation 
[90m(C:\Users\damat\_REPOS\Astral Turf\[39mnode_modules\[4m
jsdom[24m\lib\jsdom\living\generated\EventListener.js:26:30[
90m)[39m
    at innerInvokeEventListeners 
[90m(C:\Users\damat\_REPOS\Astral Turf\[39mnode_modules\[4m
jsdom[24m\lib\jsdom\living\events\EventTarget-impl.js:350:25
[90m)[39m
    at invokeEventListeners 
[90m(C:\Users\damat\_REPOS\Astral Turf\[39mnode_modules\[4m
jsdom[24m\lib\jsdom\living\events\EventTarget-impl.js:286:3[
90m)[39m
    at HTMLUnknownElementImpl._dispatch 
[90m(C:\Users\damat\_REPOS\Astral Turf\[39mnode_modules\[4m
jsdom[24m\lib\jsdom\living\events\EventTarget-impl.js:233:9[
90m)[39m
    at HTMLUnknownElementImpl.dispatchEvent 
[90m(C:\Users\damat\_REPOS\Astral Turf\[39mnode_modules\[4m
jsdom[24m\lib\jsdom\living\events\EventTarget-impl.js:104:17
[90m)[39m
Error: Uncaught [Error: Intentional component failure for 
testing]
    at reportException (C:\Users\damat\_REPOS\Astral Turf\node
_modules\jsdom\lib\jsdom\living\helpers\runtime-script-errors.
js:66:24)
    at innerInvokeEventListeners 
(C:\Users\damat\_REPOS\Astral Turf\node_modules\jsdom\lib\jsdo
m\living\events\EventTarget-impl.js:353:9)
    at invokeEventListeners (C:\Users\damat\_REPOS\Astral Turf
\node_modules\jsdom\lib\jsdom\living\events\EventTarget-impl.j
s:286:3)
    at HTMLUnknownElementImpl._dispatch 
(C:\Users\damat\_REPOS\Astral Turf\node_modules\jsdom\lib\jsdo
m\living\events\EventTarget-impl.js:233:9)
    at HTMLUnknownElementImpl.dispatchEvent 
(C:\Users\damat\_REPOS\Astral Turf\node_modules\jsdom\lib\jsdo
m\living\events\EventTarget-impl.js:104:17)
    at HTMLUnknownElement.dispatchEvent 
(C:\Users\damat\_REPOS\Astral Turf\node_modules\jsdom\lib\jsdo
m\living\generated\EventTarget.js:241:34)
    at Object.invokeGuardedCallbackDev 
(C:\Users\damat\_REPOS\Astral Turf\node_modules\react-dom\cjs\
react-dom.development.js:4213:16)
    at invokeGuardedCallback (C:\Users\damat\_REPOS\Astral Tur
f\node_modules\react-dom\cjs\react-dom.development.js:4277:31)
    at beginWork$1 (C:\Users\damat\_REPOS\Astral Turf\node_mod
ules\react-dom\cjs\react-dom.development.js:27490:7)
    at performUnitOfWork (C:\Users\damat\_REPOS\Astral Turf\no
de_modules\react-dom\cjs\react-dom.development.js:26599:12) 
Error: Intentional component failure for testing
    at FailingComponent [90m(C:\Users\damat\_REPOS\Astral Tur
f\[39msrc\__tests__\integration\TacticalErrorRecovery.test.ts
x:143:11[90m)[39m
    at renderWithHooks [90m(C:\Users\damat\_REPOS\Astral Turf
\[39mnode_modules\[4mreact-dom[24m\cjs\react-dom.developmen
t.js:15486:18[90m)[39m
    at mountIndeterminateComponent 
[90m(C:\Users\damat\_REPOS\Astral Turf\[39mnode_modules\[4m
react-dom[24m\cjs\react-dom.development.js:20103:13[90m)[39
m
    at beginWork [90m(C:\Users\damat\_REPOS\Astral Turf\[39m
node_modules\[4mreact-dom[24m\cjs\react-dom.development.js:2
1626:16[90m)[39m
    at HTMLUnknownElement.callCallback 
[90m(C:\Users\damat\_REPOS\Astral Turf\[39mnode_modules\[4m
react-dom[24m\cjs\react-dom.development.js:4164:14[90m)[39m
    at HTMLUnknownElement.callTheUserObjectsOperation 
[90m(C:\Users\damat\_REPOS\Astral Turf\[39mnode_modules\[4m
jsdom[24m\lib\jsdom\living\generated\EventListener.js:26:30[
90m)[39m
    at innerInvokeEventListeners 
[90m(C:\Users\damat\_REPOS\Astral Turf\[39mnode_modules\[4m
jsdom[24m\lib\jsdom\living\events\EventTarget-impl.js:350:25
[90m)[39m
    at invokeEventListeners 
[90m(C:\Users\damat\_REPOS\Astral Turf\[39mnode_modules\[4m
jsdom[24m\lib\jsdom\living\events\EventTarget-impl.js:286:3[
90m)[39m
    at HTMLUnknownElementImpl._dispatch 
[90m(C:\Users\damat\_REPOS\Astral Turf\[39mnode_modules\[4m
jsdom[24m\lib\jsdom\living\events\EventTarget-impl.js:233:9[
90m)[39m
    at HTMLUnknownElementImpl.dispatchEvent 
[90m(C:\Users\damat\_REPOS\Astral Turf\[39mnode_modules\[4m
jsdom[24m\lib\jsdom\living\events\EventTarget-impl.js:104:17
[90m)[39m

 [32mΓ£ô[39m src/__tests__/integration/TacticalErrorRecovery.test.tsx[2m > [22mZENITH Tactical Error Recovery Tests[2m > [22mNetwork Failure Scenarios[2m > [22mshould implement exponential backoff for failed requests[33m 356[2mms[22m[39m[35m 73 MB heap used[39m
 [32mΓ£ô[39m src/__tests__/integration/TacticalErrorRecovery.test.tsx[2m > [22mZENITH Tactical Error Recovery Tests[2m > [22mNetwork Failure Scenarios[2m > [22mshould cache data to survive network outages[32m 0[2mms[22m[39m[35m 73 MB heap used[39m
 [32mΓ£ô[39m src/__tests__/integration/TacticalErrorRecovery.test.tsx[2m > [22mZENITH Tactical Error Recovery Tests[2m > [22mConcurrent Error Scenarios[2m > [22mshould handle multiple simultaneous errors gracefully[32m 13[2mms[22m[39m[35m 79 MB heap used[39m
[90mstdout[2m | src/__tests__/integration/TacticalErrorRecovery.test.tsx[2m > [22m[2mZENITH Tactical Error Recovery Tests[2m > [22m[2mConcurrent Error Scenarios[2m > [22m[2mshould handle errors during concurrent user interactions
[22m[39m≡ƒ¢í∩╕Å Tactical Error Boundary: Interactive Test

[90mstdout[2m | src/__tests__/integration/TacticalErrorRecovery.test.tsx[2m > [22m[2mZENITH Tactical Error Recovery Tests[2m > [22m[2mConcurrent Error Scenarios[2m > [22m[2mshould handle errors during concurrent user interactions
[22m[39m≡ƒ¢í∩╕Å Tactical Error Boundary: Interactive Test

[90mstderr[2m | 
src/__tests__/integration/TacticalErrorRecovery.test.tsx[2m 
> [22m[2mZENITH Tactical Error Recovery Tests[2m > 
[22m[2mConcurrent Error Scenarios[2m > [22m[2mshould 
handle errors during concurrent user interactions
[22m[39mError: Uncaught [Error: Render error at click 2]
    at reportException (C:\Users\damat\_REPOS\Astral Turf\node
_modules\jsdom\lib\jsdom\living\helpers\runtime-script-errors.
js:66:24)
    at innerInvokeEventListeners 
(C:\Users\damat\_REPOS\Astral Turf\node_modules\jsdom\lib\jsdo
m\living\events\EventTarget-impl.js:353:9)
    at invokeEventListeners (C:\Users\damat\_REPOS\Astral Turf
\node_modules\jsdom\lib\jsdom\living\events\EventTarget-impl.j
s:286:3)
    at HTMLUnknownElementImpl._dispatch 
(C:\Users\damat\_REPOS\Astral Turf\node_modules\jsdom\lib\jsdo
m\living\events\EventTarget-impl.js:233:9)
    at HTMLUnknownElementImpl.dispatchEvent 
(C:\Users\damat\_REPOS\Astral Turf\node_modules\jsdom\lib\jsdo
m\living\events\EventTarget-impl.js:104:17)
    at HTMLUnknownElement.dispatchEvent 
(C:\Users\damat\_REPOS\Astral Turf\node_modules\jsdom\lib\jsdo
m\living\generated\EventTarget.js:241:34)
    at Object.invokeGuardedCallbackDev 
(C:\Users\damat\_REPOS\Astral Turf\node_modules\react-dom\cjs\
react-dom.development.js:4213:16)
    at invokeGuardedCallback (C:\Users\damat\_REPOS\Astral Tur
f\node_modules\react-dom\cjs\react-dom.development.js:4277:31)
    at beginWork$1 (C:\Users\damat\_REPOS\Astral Turf\node_mod
ules\react-dom\cjs\react-dom.development.js:27490:7)
    at performUnitOfWork (C:\Users\damat\_REPOS\Astral Turf\no
de_modules\react-dom\cjs\react-dom.development.js:26599:12) 
Error: Render error at click 2
    at InteractiveFailingComponent 
[90m(C:\Users\damat\_REPOS\Astral Turf\[39msrc\__tests__\int
egration\TacticalErrorRecovery.test.tsx:540:17[90m)[39m
    at renderWithHooks [90m(C:\Users\damat\_REPOS\Astral Turf
\[39mnode_modules\[4mreact-dom[24m\cjs\react-dom.developmen
t.js:15486:18[90m)[39m
    at updateFunctionComponent 
[90m(C:\Users\damat\_REPOS\Astral Turf\[39mnode_modules\[4m
react-dom[24m\cjs\react-dom.development.js:19617:20[90m)[39
m
    at beginWork [90m(C:\Users\damat\_REPOS\Astral Turf\[39m
node_modules\[4mreact-dom[24m\cjs\react-dom.development.js:2
1640:16[90m)[39m
    at HTMLUnknownElement.callCallback 
[90m(C:\Users\damat\_REPOS\Astral Turf\[39mnode_modules\[4m
react-dom[24m\cjs\react-dom.development.js:4164:14[90m)[39m
    at HTMLUnknownElement.callTheUserObjectsOperation 
[90m(C:\Users\damat\_REPOS\Astral Turf\[39mnode_modules\[4m
jsdom[24m\lib\jsdom\living\generated\EventListener.js:26:30[
90m)[39m
    at innerInvokeEventListeners 
[90m(C:\Users\damat\_REPOS\Astral Turf\[39mnode_modules\[4m
jsdom[24m\lib\jsdom\living\events\EventTarget-impl.js:350:25
[90m)[39m
    at invokeEventListeners 
[90m(C:\Users\damat\_REPOS\Astral Turf\[39mnode_modules\[4m
jsdom[24m\lib\jsdom\living\events\EventTarget-impl.js:286:3[
90m)[39m
    at HTMLUnknownElementImpl._dispatch 
[90m(C:\Users\damat\_REPOS\Astral Turf\[39mnode_modules\[4m
jsdom[24m\lib\jsdom\living\events\EventTarget-impl.js:233:9[
90m)[39m
    at HTMLUnknownElementImpl.dispatchEvent 
[90m(C:\Users\damat\_REPOS\Astral Turf\[39mnode_modules\[4m
jsdom[24m\lib\jsdom\living\events\EventTarget-impl.js:104:17
[90m)[39m
Error: Uncaught [Error: Render error at click 2]
    at reportException (C:\Users\damat\_REPOS\Astral Turf\node
_modules\jsdom\lib\jsdom\living\helpers\runtime-script-errors.
js:66:24)
    at innerInvokeEventListeners 
(C:\Users\damat\_REPOS\Astral Turf\node_modules\jsdom\lib\jsdo
m\living\events\EventTarget-impl.js:353:9)
    at invokeEventListeners (C:\Users\damat\_REPOS\Astral Turf
\node_modules\jsdom\lib\jsdom\living\events\EventTarget-impl.j
s:286:3)
    at HTMLUnknownElementImpl._dispatch 
(C:\Users\damat\_REPOS\Astral Turf\node_modules\jsdom\lib\jsdo
m\living\events\EventTarget-impl.js:233:9)
    at HTMLUnknownElementImpl.dispatchEvent 
(C:\Users\damat\_REPOS\Astral Turf\node_modules\jsdom\lib\jsdo
m\living\events\EventTarget-impl.js:104:17)
    at HTMLUnknownElement.dispatchEvent 
(C:\Users\damat\_REPOS\Astral Turf\node_modules\jsdom\lib\jsdo
m\living\generated\EventTarget.js:241:34)
    at Object.invokeGuardedCallbackDev 
(C:\Users\damat\_REPOS\Astral Turf\node_modules\react-dom\cjs\
react-dom.development.js:4213:16)
    at invokeGuardedCallback (C:\Users\damat\_REPOS\Astral Tur
f\node_modules\react-dom\cjs\react-dom.development.js:4277:31)
    at beginWork$1 (C:\Users\damat\_REPOS\Astral Turf\node_mod
ules\react-dom\cjs\react-dom.development.js:27490:7)
    at performUnitOfWork (C:\Users\damat\_REPOS\Astral Turf\no
de_modules\react-dom\cjs\react-dom.development.js:26599:12) 
Error: Render error at click 2
    at InteractiveFailingComponent 
[90m(C:\Users\damat\_REPOS\Astral Turf\[39msrc\__tests__\int
egration\TacticalErrorRecovery.test.tsx:540:17[90m)[39m
    at renderWithHooks [90m(C:\Users\damat\_REPOS\Astral Turf
\[39mnode_modules\[4mreact-dom[24m\cjs\react-dom.developmen
t.js:15486:18[90m)[39m
    at updateFunctionComponent 
[90m(C:\Users\damat\_REPOS\Astral Turf\[39mnode_modules\[4m
react-dom[24m\cjs\react-dom.development.js:19617:20[90m)[39
m
    at beginWork [90m(C:\Users\damat\_REPOS\Astral Turf\[39m
node_modules\[4mreact-dom[24m\cjs\react-dom.development.js:2
1640:16[90m)[39m
    at HTMLUnknownElement.callCallback 
[90m(C:\Users\damat\_REPOS\Astral Turf\[39mnode_modules\[4m
react-dom[24m\cjs\react-dom.development.js:4164:14[90m)[39m
    at HTMLUnknownElement.callTheUserObjectsOperation 
[90m(C:\Users\damat\_REPOS\Astral Turf\[39mnode_modules\[4m
jsdom[24m\lib\jsdom\living\generated\EventListener.js:26:30[
90m)[39m
    at innerInvokeEventListeners 
[90m(C:\Users\damat\_REPOS\Astral Turf\[39mnode_modules\[4m
jsdom[24m\lib\jsdom\living\events\EventTarget-impl.js:350:25
[90m)[39m
    at invokeEventListeners 
[90m(C:\Users\damat\_REPOS\Astral Turf\[39mnode_modules\[4m
jsdom[24m\lib\jsdom\living\events\EventTarget-impl.js:286:3[
90m)[39m
    at HTMLUnknownElementImpl._dispatch 
[90m(C:\Users\damat\_REPOS\Astral Turf\[39mnode_modules\[4m
jsdom[24m\lib\jsdom\living\events\EventTarget-impl.js:233:9[
90m)[39m
    at HTMLUnknownElementImpl.dispatchEvent 
[90m(C:\Users\damat\_REPOS\Astral Turf\[39mnode_modules\[4m
jsdom[24m\lib\jsdom\living\events\EventTarget-impl.js:104:17
[90m)[39m

[90mstderr[2m | 
src/__tests__/integration/TacticalErrorRecovery.test.tsx[2m 
> [22m[2mZENITH Tactical Error Recovery Tests[2m > 
[22m[2mConcurrent Error Scenarios[2m > [22m[2mshould 
handle errors during concurrent user interactions
[22m[39mError: Uncaught [Error: Render error at click 2]
    at reportException (C:\Users\damat\_REPOS\Astral Turf\node
_modules\jsdom\lib\jsdom\living\helpers\runtime-script-errors.
js:66:24)
    at innerInvokeEventListeners 
(C:\Users\damat\_REPOS\Astral Turf\node_modules\jsdom\lib\jsdo
m\living\events\EventTarget-impl.js:353:9)
    at invokeEventListeners (C:\Users\damat\_REPOS\Astral Turf
\node_modules\jsdom\lib\jsdom\living\events\EventTarget-impl.j
s:286:3)
    at HTMLUnknownElementImpl._dispatch 
(C:\Users\damat\_REPOS\Astral Turf\node_modules\jsdom\lib\jsdo
m\living\events\EventTarget-impl.js:233:9)
    at HTMLUnknownElementImpl.dispatchEvent 
(C:\Users\damat\_REPOS\Astral Turf\node_modules\jsdom\lib\jsdo
m\living\events\EventTarget-impl.js:104:17)
    at HTMLUnknownElement.dispatchEvent 
(C:\Users\damat\_REPOS\Astral Turf\node_modules\jsdom\lib\jsdo
m\living\generated\EventTarget.js:241:34)
    at Object.invokeGuardedCallbackDev 
(C:\Users\damat\_REPOS\Astral Turf\node_modules\react-dom\cjs\
react-dom.development.js:4213:16)
    at invokeGuardedCallback (C:\Users\damat\_REPOS\Astral Tur
f\node_modules\react-dom\cjs\react-dom.development.js:4277:31)
    at beginWork$1 (C:\Users\damat\_REPOS\Astral Turf\node_mod
ules\react-dom\cjs\react-dom.development.js:27490:7)
    at performUnitOfWork (C:\Users\damat\_REPOS\Astral Turf\no
de_modules\react-dom\cjs\react-dom.development.js:26599:12) 
Error: Render error at click 2
    at InteractiveFailingComponent 
[90m(C:\Users\damat\_REPOS\Astral Turf\[39msrc\__tests__\int
egration\TacticalErrorRecovery.test.tsx:540:17[90m)[39m
    at renderWithHooks [90m(C:\Users\damat\_REPOS\Astral Turf
\[39mnode_modules\[4mreact-dom[24m\cjs\react-dom.developmen
t.js:15486:18[90m)[39m
    at updateFunctionComponent 
[90m(C:\Users\damat\_REPOS\Astral Turf\[39mnode_modules\[4m
react-dom[24m\cjs\react-dom.development.js:19617:20[90m)[39
m
    at beginWork [90m(C:\Users\damat\_REPOS\Astral Turf\[39m
node_modules\[4mreact-dom[24m\cjs\react-dom.development.js:2
1640:16[90m)[39m
    at HTMLUnknownElement.callCallback 
[90m(C:\Users\damat\_REPOS\Astral Turf\[39mnode_modules\[4m
react-dom[24m\cjs\react-dom.development.js:4164:14[90m)[39m
    at HTMLUnknownElement.callTheUserObjectsOperation 
[90m(C:\Users\damat\_REPOS\Astral Turf\[39mnode_modules\[4m
jsdom[24m\lib\jsdom\living\generated\EventListener.js:26:30[
90m)[39m
    at innerInvokeEventListeners 
[90m(C:\Users\damat\_REPOS\Astral Turf\[39mnode_modules\[4m
jsdom[24m\lib\jsdom\living\events\EventTarget-impl.js:350:25
[90m)[39m
    at invokeEventListeners 
[90m(C:\Users\damat\_REPOS\Astral Turf\[39mnode_modules\[4m
jsdom[24m\lib\jsdom\living\events\EventTarget-impl.js:286:3[
90m)[39m
    at HTMLUnknownElementImpl._dispatch 
[90m(C:\Users\damat\_REPOS\Astral Turf\[39mnode_modules\[4m
jsdom[24m\lib\jsdom\living\events\EventTarget-impl.js:233:9[
90m)[39m
    at HTMLUnknownElementImpl.dispatchEvent 
[90m(C:\Users\damat\_REPOS\Astral Turf\[39mnode_modules\[4m
jsdom[24m\lib\jsdom\living\events\EventTarget-impl.js:104:17
[90m)[39m
Error: Uncaught [Error: Render error at click 2]
    at reportException (C:\Users\damat\_REPOS\Astral Turf\node
_modules\jsdom\lib\jsdom\living\helpers\runtime-script-errors.
js:66:24)
    at innerInvokeEventListeners 
(C:\Users\damat\_REPOS\Astral Turf\node_modules\jsdom\lib\jsdo
m\living\events\EventTarget-impl.js:353:9)
    at invokeEventListeners (C:\Users\damat\_REPOS\Astral Turf
\node_modules\jsdom\lib\jsdom\living\events\EventTarget-impl.j
s:286:3)
    at HTMLUnknownElementImpl._dispatch 
(C:\Users\damat\_REPOS\Astral Turf\node_modules\jsdom\lib\jsdo
m\living\events\EventTarget-impl.js:233:9)
    at HTMLUnknownElementImpl.dispatchEvent 
(C:\Users\damat\_REPOS\Astral Turf\node_modules\jsdom\lib\jsdo
m\living\events\EventTarget-impl.js:104:17)
    at HTMLUnknownElement.dispatchEvent 
(C:\Users\damat\_REPOS\Astral Turf\node_modules\jsdom\lib\jsdo
m\living\generated\EventTarget.js:241:34)
    at Object.invokeGuardedCallbackDev 
(C:\Users\damat\_REPOS\Astral Turf\node_modules\react-dom\cjs\
react-dom.development.js:4213:16)
    at invokeGuardedCallback (C:\Users\damat\_REPOS\Astral Tur
f\node_modules\react-dom\cjs\react-dom.development.js:4277:31)
    at beginWork$1 (C:\Users\damat\_REPOS\Astral Turf\node_mod
ules\react-dom\cjs\react-dom.development.js:27490:7)
    at performUnitOfWork (C:\Users\damat\_REPOS\Astral Turf\no
de_modules\react-dom\cjs\react-dom.development.js:26599:12) 
Error: Render error at click 2
    at InteractiveFailingComponent 
[90m(C:\Users\damat\_REPOS\Astral Turf\[39msrc\__tests__\int
egration\TacticalErrorRecovery.test.tsx:540:17[90m)[39m
    at renderWithHooks [90m(C:\Users\damat\_REPOS\Astral Turf
\[39mnode_modules\[4mreact-dom[24m\cjs\react-dom.developmen
t.js:15486:18[90m)[39m
    at updateFunctionComponent 
[90m(C:\Users\damat\_REPOS\Astral Turf\[39mnode_modules\[4m
react-dom[24m\cjs\react-dom.development.js:19617:20[90m)[39
m
    at beginWork [90m(C:\Users\damat\_REPOS\Astral Turf\[39m
node_modules\[4mreact-dom[24m\cjs\react-dom.development.js:2
1640:16[90m)[39m
    at HTMLUnknownElement.callCallback 
[90m(C:\Users\damat\_REPOS\Astral Turf\[39mnode_modules\[4m
react-dom[24m\cjs\react-dom.development.js:4164:14[90m)[39m
    at HTMLUnknownElement.callTheUserObjectsOperation 
[90m(C:\Users\damat\_REPOS\Astral Turf\[39mnode_modules\[4m
jsdom[24m\lib\jsdom\living\generated\EventListener.js:26:30[
90m)[39m
    at innerInvokeEventListeners 
[90m(C:\Users\damat\_REPOS\Astral Turf\[39mnode_modules\[4m
jsdom[24m\lib\jsdom\living\events\EventTarget-impl.js:350:25
[90m)[39m
    at invokeEventListeners 
[90m(C:\Users\damat\_REPOS\Astral Turf\[39mnode_modules\[4m
jsdom[24m\lib\jsdom\living\events\EventTarget-impl.js:286:3[
90m)[39m
    at HTMLUnknownElementImpl._dispatch 
[90m(C:\Users\damat\_REPOS\Astral Turf\[39mnode_modules\[4m
jsdom[24m\lib\jsdom\living\events\EventTarget-impl.js:233:9[
90m)[39m
    at HTMLUnknownElementImpl.dispatchEvent 
[90m(C:\Users\damat\_REPOS\Astral Turf\[39mnode_modules\[4m
jsdom[24m\lib\jsdom\living\events\EventTarget-impl.js:104:17
[90m)[39m

[90mstdout[2m | src/__tests__/integration/TacticalErrorRecovery.test.tsx[2m > [22m[2mZENITH Tactical Error Recovery Tests[2m > [22m[2mMemory Pressure Error Recovery[2m > [22m[2mshould cleanup resources properly during error recovery
[22m[39m≡ƒ¢í∩╕Å Tactical Error Boundary: Cleanup Test

[90mstdout[2m | src/__tests__/integration/TacticalErrorRecovery.test.tsx[2m > [22m[2mZENITH Tactical Error Recovery Tests[2m > [22m[2mMemory Pressure Error Recovery[2m > [22m[2mshould cleanup resources properly during error recovery
[22m[39m≡ƒ¢í∩╕Å Tactical Error Boundary: Cleanup Test

[90mstderr[2m | 
src/__tests__/integration/TacticalErrorRecovery.test.tsx[2m 
> [22m[2mZENITH Tactical Error Recovery Tests[2m > 
[22m[2mMemory Pressure Error Recovery[2m > [22m[2mshould 
cleanup resources properly during error recovery
[22m[39mError: Uncaught [Error: Component with cleanup 
failed]
    at reportException (C:\Users\damat\_REPOS\Astral Turf\node
_modules\jsdom\lib\jsdom\living\helpers\runtime-script-errors.
js:66:24)
    at innerInvokeEventListeners 
(C:\Users\damat\_REPOS\Astral Turf\node_modules\jsdom\lib\jsdo
m\living\events\EventTarget-impl.js:353:9)
    at invokeEventListeners (C:\Users\damat\_REPOS\Astral Turf
\node_modules\jsdom\lib\jsdom\living\events\EventTarget-impl.j
s:286:3)
    at HTMLUnknownElementImpl._dispatch 
(C:\Users\damat\_REPOS\Astral Turf\node_modules\jsdom\lib\jsdo
m\living\events\EventTarget-impl.js:233:9)
    at HTMLUnknownElementImpl.dispatchEvent 
(C:\Users\damat\_REPOS\Astral Turf\node_modules\jsdom\lib\jsdo
m\living\events\EventTarget-impl.js:104:17)
    at HTMLUnknownElement.dispatchEvent 
(C:\Users\damat\_REPOS\Astral Turf\node_modules\jsdom\lib\jsdo
m\living\generated\EventTarget.js:241:34)
    at Object.invokeGuardedCallbackDev 
(C:\Users\damat\_REPOS\Astral Turf\node_modules\react-dom\cjs\
react-dom.development.js:4213:16)
    at invokeGuardedCallback (C:\Users\damat\_REPOS\Astral Tur
f\node_modules\react-dom\cjs\react-dom.development.js:4277:31)
    at beginWork$1 (C:\Users\damat\_REPOS\Astral Turf\node_mod
ules\react-dom\cjs\react-dom.development.js:27490:7)
    at performUnitOfWork (C:\Users\damat\_REPOS\Astral Turf\no
de_modules\react-dom\cjs\react-dom.development.js:26599:12) 
Error: Component with cleanup failed
    at ComponentWithCleanup 
[90m(C:\Users\damat\_REPOS\Astral Turf\[39msrc\__tests__\int
egration\TacticalErrorRecovery.test.tsx:622:15[90m)[39m
    at renderWithHooks [90m(C:\Users\damat\_REPOS\Astral Turf
\[39mnode_modules\[4mreact-dom[24m\cjs\react-dom.developmen
t.js:15486:18[90m)[39m
    at mountIndeterminateComponent 
[90m(C:\Users\damat\_REPOS\Astral Turf\[39mnode_modules\[4m
react-dom[24m\cjs\react-dom.development.js:20103:13[90m)[39
m
    at beginWork [90m(C:\Users\damat\_REPOS\Astral Turf\[39m
node_modules\[4mreact-dom[24m\cjs\react-dom.development.js:2
1626:16[90m)[39m
    at HTMLUnknownElement.callCallback 
[90m(C:\Users\damat\_REPOS\Astral Turf\[39mnode_modules\[4m
react-dom[24m\cjs\react-dom.development.js:4164:14[90m)[39m
    at HTMLUnknownElement.callTheUserObjectsOperation 
[90m(C:\Users\damat\_REPOS\Astral Turf\[39mnode_modules\[4m
jsdom[24m\lib\jsdom\living\generated\EventListener.js:26:30[
90m)[39m
    at innerInvokeEventListeners 
[90m(C:\Users\damat\_REPOS\Astral Turf\[39mnode_modules\[4m
jsdom[24m\lib\jsdom\living\events\EventTarget-impl.js:350:25
[90m)[39m
    at invokeEventListeners 
[90m(C:\Users\damat\_REPOS\Astral Turf\[39mnode_modules\[4m
jsdom[24m\lib\jsdom\living\events\EventTarget-impl.js:286:3[
90m)[39m
    at HTMLUnknownElementImpl._dispatch 
[90m(C:\Users\damat\_REPOS\Astral Turf\[39mnode_modules\[4m
jsdom[24m\lib\jsdom\living\events\EventTarget-impl.js:233:9[
90m)[39m
    at HTMLUnknownElementImpl.dispatchEvent 
[90m(C:\Users\damat\_REPOS\Astral Turf\[39mnode_modules\[4m
jsdom[24m\lib\jsdom\living\events\EventTarget-impl.js:104:17
[90m)[39m
Error: Uncaught [Error: Component with cleanup failed]
    at reportException (C:\Users\damat\_REPOS\Astral Turf\node
_modules\jsdom\lib\jsdom\living\helpers\runtime-script-errors.
js:66:24)
    at innerInvokeEventListeners 
(C:\Users\damat\_REPOS\Astral Turf\node_modules\jsdom\lib\jsdo
m\living\events\EventTarget-impl.js:353:9)
    at invokeEventListeners (C:\Users\damat\_REPOS\Astral Turf
\node_modules\jsdom\lib\jsdom\living\events\EventTarget-impl.j
s:286:3)
    at HTMLUnknownElementImpl._dispatch 
(C:\Users\damat\_REPOS\Astral Turf\node_modules\jsdom\lib\jsdo
m\living\events\EventTarget-impl.js:233:9)
    at HTMLUnknownElementImpl.dispatchEvent 
(C:\Users\damat\_REPOS\Astral Turf\node_modules\jsdom\lib\jsdo
m\living\events\EventTarget-impl.js:104:17)
    at HTMLUnknownElement.dispatchEvent 
(C:\Users\damat\_REPOS\Astral Turf\node_modules\jsdom\lib\jsdo
m\living\generated\EventTarget.js:241:34)
    at Object.invokeGuardedCallbackDev 
(C:\Users\damat\_REPOS\Astral Turf\node_modules\react-dom\cjs\
react-dom.development.js:4213:16)
    at invokeGuardedCallback (C:\Users\damat\_REPOS\Astral Tur
f\node_modules\react-dom\cjs\react-dom.development.js:4277:31)
    at beginWork$1 (C:\Users\damat\_REPOS\Astral Turf\node_mod
ules\react-dom\cjs\react-dom.development.js:27490:7)
    at performUnitOfWork (C:\Users\damat\_REPOS\Astral Turf\no
de_modules\react-dom\cjs\react-dom.development.js:26599:12) 
Error: Component with cleanup failed
    at ComponentWithCleanup 
[90m(C:\Users\damat\_REPOS\Astral Turf\[39msrc\__tests__\int
egration\TacticalErrorRecovery.test.tsx:622:15[90m)[39m
    at renderWithHooks [90m(C:\Users\damat\_REPOS\Astral Turf
\[39mnode_modules\[4mreact-dom[24m\cjs\react-dom.developmen
t.js:15486:18[90m)[39m
    at mountIndeterminateComponent 
[90m(C:\Users\damat\_REPOS\Astral Turf\[39mnode_modules\[4m
react-dom[24m\cjs\react-dom.development.js:20103:13[90m)[39
m
    at beginWork [90m(C:\Users\damat\_REPOS\Astral Turf\[39m
node_modules\[4mreact-dom[24m\cjs\react-dom.development.js:2
1626:16[90m)[39m
    at HTMLUnknownElement.callCallback 
[90m(C:\Users\damat\_REPOS\Astral Turf\[39mnode_modules\[4m
react-dom[24m\cjs\react-dom.development.js:4164:14[90m)[39m
    at HTMLUnknownElement.callTheUserObjectsOperation 
[90m(C:\Users\damat\_REPOS\Astral Turf\[39mnode_modules\[4m
jsdom[24m\lib\jsdom\living\generated\EventListener.js:26:30[
90m)[39m
    at innerInvokeEventListeners 
[90m(C:\Users\damat\_REPOS\Astral Turf\[39mnode_modules\[4m
jsdom[24m\lib\jsdom\living\events\EventTarget-impl.js:350:25
[90m)[39m
    at invokeEventListeners 
[90m(C:\Users\damat\_REPOS\Astral Turf\[39mnode_modules\[4m
jsdom[24m\lib\jsdom\living\events\EventTarget-impl.js:286:3[
90m)[39m
    at HTMLUnknownElementImpl._dispatch 
[90m(C:\Users\damat\_REPOS\Astral Turf\[39mnode_modules\[4m
jsdom[24m\lib\jsdom\living\events\EventTarget-impl.js:233:9[
90m)[39m
    at HTMLUnknownElementImpl.dispatchEvent 
[90m(C:\Users\damat\_REPOS\Astral Turf\[39mnode_modules\[4m
jsdom[24m\lib\jsdom\living\events\EventTarget-impl.js:104:17
[90m)[39m

[90mstderr[2m | 
src/__tests__/integration/TacticalErrorRecovery.test.tsx[2m 
> [22m[2mZENITH Tactical Error Recovery Tests[2m > 
[22m[2mMemory Pressure Error Recovery[2m > [22m[2mshould 
cleanup resources properly during error recovery
[22m[39mError: Uncaught [Error: Component with cleanup 
failed]
    at reportException (C:\Users\damat\_REPOS\Astral Turf\node
_modules\jsdom\lib\jsdom\living\helpers\runtime-script-errors.
js:66:24)
    at innerInvokeEventListeners 
(C:\Users\damat\_REPOS\Astral Turf\node_modules\jsdom\lib\jsdo
m\living\events\EventTarget-impl.js:353:9)
    at invokeEventListeners (C:\Users\damat\_REPOS\Astral Turf
\node_modules\jsdom\lib\jsdom\living\events\EventTarget-impl.j
s:286:3)
    at HTMLUnknownElementImpl._dispatch 
(C:\Users\damat\_REPOS\Astral Turf\node_modules\jsdom\lib\jsdo
m\living\events\EventTarget-impl.js:233:9)
    at HTMLUnknownElementImpl.dispatchEvent 
(C:\Users\damat\_REPOS\Astral Turf\node_modules\jsdom\lib\jsdo
m\living\events\EventTarget-impl.js:104:17)
    at HTMLUnknownElement.dispatchEvent 
(C:\Users\damat\_REPOS\Astral Turf\node_modules\jsdom\lib\jsdo
m\living\generated\EventTarget.js:241:34)
    at Object.invokeGuardedCallbackDev 
(C:\Users\damat\_REPOS\Astral Turf\node_modules\react-dom\cjs\
react-dom.development.js:4213:16)
    at invokeGuardedCallback (C:\Users\damat\_REPOS\Astral Tur
f\node_modules\react-dom\cjs\react-dom.development.js:4277:31)
    at beginWork$1 (C:\Users\damat\_REPOS\Astral Turf\node_mod
ules\react-dom\cjs\react-dom.development.js:27490:7)
    at performUnitOfWork (C:\Users\damat\_REPOS\Astral Turf\no
de_modules\react-dom\cjs\react-dom.development.js:26599:12) 
Error: Component with cleanup failed
    at ComponentWithCleanup 
[90m(C:\Users\damat\_REPOS\Astral Turf\[39msrc\__tests__\int
egration\TacticalErrorRecovery.test.tsx:622:15[90m)[39m
    at renderWithHooks [90m(C:\Users\damat\_REPOS\Astral Turf
\[39mnode_modules\[4mreact-dom[24m\cjs\react-dom.developmen
t.js:15486:18[90m)[39m
    at mountIndeterminateComponent 
[90m(C:\Users\damat\_REPOS\Astral Turf\[39mnode_modules\[4m
react-dom[24m\cjs\react-dom.development.js:20103:13[90m)[39
m
    at beginWork [90m(C:\Users\damat\_REPOS\Astral Turf\[39m
node_modules\[4mreact-dom[24m\cjs\react-dom.development.js:2
1626:16[90m)[39m
    at HTMLUnknownElement.callCallback 
[90m(C:\Users\damat\_REPOS\Astral Turf\[39mnode_modules\[4m
react-dom[24m\cjs\react-dom.development.js:4164:14[90m)[39m
    at HTMLUnknownElement.callTheUserObjectsOperation 
[90m(C:\Users\damat\_REPOS\Astral Turf\[39mnode_modules\[4m
jsdom[24m\lib\jsdom\living\generated\EventListener.js:26:30[
90m)[39m
    at innerInvokeEventListeners 
[90m(C:\Users\damat\_REPOS\Astral Turf\[39mnode_modules\[4m
jsdom[24m\lib\jsdom\living\events\EventTarget-impl.js:350:25
[90m)[39m
    at invokeEventListeners 
[90m(C:\Users\damat\_REPOS\Astral Turf\[39mnode_modules\[4m
jsdom[24m\lib\jsdom\living\events\EventTarget-impl.js:286:3[
90m)[39m
    at HTMLUnknownElementImpl._dispatch 
[90m(C:\Users\damat\_REPOS\Astral Turf\[39mnode_modules\[4m
jsdom[24m\lib\jsdom\living\events\EventTarget-impl.js:233:9[
90m)[39m
    at HTMLUnknownElementImpl.dispatchEvent 
[90m(C:\Users\damat\_REPOS\Astral Turf\[39mnode_modules\[4m
jsdom[24m\lib\jsdom\living\events\EventTarget-impl.js:104:17
[90m)[39m
Error: Uncaught [Error: Component with cleanup failed]
    at reportException (C:\Users\damat\_REPOS\Astral Turf\node
_modules\jsdom\lib\jsdom\living\helpers\runtime-script-errors.
js:66:24)
    at innerInvokeEventListeners 
(C:\Users\damat\_REPOS\Astral Turf\node_modules\jsdom\lib\jsdo
m\living\events\EventTarget-impl.js:353:9)
    at invokeEventListeners (C:\Users\damat\_REPOS\Astral Turf
\node_modules\jsdom\lib\jsdom\living\events\EventTarget-impl.j
s:286:3)
    at HTMLUnknownElementImpl._dispatch 
(C:\Users\damat\_REPOS\Astral Turf\node_modules\jsdom\lib\jsdo
m\living\events\EventTarget-impl.js:233:9)
    at HTMLUnknownElementImpl.dispatchEvent 
(C:\Users\damat\_REPOS\Astral Turf\node_modules\jsdom\lib\jsdo
m\living\events\EventTarget-impl.js:104:17)
    at HTMLUnknownElement.dispatchEvent 
(C:\Users\damat\_REPOS\Astral Turf\node_modules\jsdom\lib\jsdo
m\living\generated\EventTarget.js:241:34)
    at Object.invokeGuardedCallbackDev 
(C:\Users\damat\_REPOS\Astral Turf\node_modules\react-dom\cjs\
react-dom.development.js:4213:16)
    at invokeGuardedCallback (C:\Users\damat\_REPOS\Astral Tur
f\node_modules\react-dom\cjs\react-dom.development.js:4277:31)
    at beginWork$1 (C:\Users\damat\_REPOS\Astral Turf\node_mod
ules\react-dom\cjs\react-dom.development.js:27490:7)
    at performUnitOfWork (C:\Users\damat\_REPOS\Astral Turf\no
de_modules\react-dom\cjs\react-dom.development.js:26599:12) 
Error: Component with cleanup failed
    at ComponentWithCleanup 
[90m(C:\Users\damat\_REPOS\Astral Turf\[39msrc\__tests__\int
egration\TacticalErrorRecovery.test.tsx:622:15[90m)[39m
    at renderWithHooks [90m(C:\Users\damat\_REPOS\Astral Turf
\[39mnode_modules\[4mreact-dom[24m\cjs\react-dom.developmen
t.js:15486:18[90m)[39m
    at mountIndeterminateComponent 
[90m(C:\Users\damat\_REPOS\Astral Turf\[39mnode_modules\[4m
react-dom[24m\cjs\react-dom.development.js:20103:13[90m)[39
m
    at beginWork [90m(C:\Users\damat\_REPOS\Astral Turf\[39m
node_modules\[4mreact-dom[24m\cjs\react-dom.development.js:2
1626:16[90m)[39m
    at HTMLUnknownElement.callCallback 
[90m(C:\Users\damat\_REPOS\Astral Turf\[39mnode_modules\[4m
react-dom[24m\cjs\react-dom.development.js:4164:14[90m)[39m
    at HTMLUnknownElement.callTheUserObjectsOperation 
[90m(C:\Users\damat\_REPOS\Astral Turf\[39mnode_modules\[4m
jsdom[24m\lib\jsdom\living\generated\EventListener.js:26:30[
90m)[39m
    at innerInvokeEventListeners 
[90m(C:\Users\damat\_REPOS\Astral Turf\[39mnode_modules\[4m
jsdom[24m\lib\jsdom\living\events\EventTarget-impl.js:350:25
[90m)[39m
    at invokeEventListeners 
[90m(C:\Users\damat\_REPOS\Astral Turf\[39mnode_modules\[4m
jsdom[24m\lib\jsdom\living\events\EventTarget-impl.js:286:3[
90m)[39m
    at HTMLUnknownElementImpl._dispatch 
[90m(C:\Users\damat\_REPOS\Astral Turf\[39mnode_modules\[4m
jsdom[24m\lib\jsdom\living\events\EventTarget-impl.js:233:9[
90m)[39m
    at HTMLUnknownElementImpl.dispatchEvent 
[90m(C:\Users\damat\_REPOS\Astral Turf\[39mnode_modules\[4m
jsdom[24m\lib\jsdom\living\events\EventTarget-impl.js:104:17
[90m)[39m

[90mstdout[2m | src/__tests__/integration/TacticalErrorRecovery.test.tsx[2m > [22m[2mZENITH Tactical Error Recovery Tests[2m > [22m[2mProduction Error Recovery[2m > [22m[2mshould provide user-friendly error messages in production
[22m[39m≡ƒ¢í∩╕Å Tactical Error Boundary: Production Test

[90mstdout[2m | src/__tests__/integration/TacticalErrorRecovery.test.tsx[2m > [22m[2mZENITH Tactical Error Recovery Tests[2m > [22m[2mProduction Error Recovery[2m > [22m[2mshould provide user-friendly error messages in production
[22m[39m≡ƒ¢í∩╕Å Tactical Error Boundary: Production Test

[90mstderr[2m | 
src/__tests__/integration/TacticalErrorRecovery.test.tsx[2m 
> [22m[2mZENITH Tactical Error Recovery Tests[2m > 
[22m[2mProduction Error Recovery[2m > [22m[2mshould 
provide user-friendly error messages in production
[22m[39mError: Uncaught [Error: Intentional component 
failure for testing]
    at reportException (C:\Users\damat\_REPOS\Astral Turf\node
_modules\jsdom\lib\jsdom\living\helpers\runtime-script-errors.
js:66:24)
    at innerInvokeEventListeners 
(C:\Users\damat\_REPOS\Astral Turf\node_modules\jsdom\lib\jsdo
m\living\events\EventTarget-impl.js:353:9)
    at invokeEventListeners (C:\Users\damat\_REPOS\Astral Turf
\node_modules\jsdom\lib\jsdom\living\events\EventTarget-impl.j
s:286:3)
    at HTMLUnknownElementImpl._dispatch 
(C:\Users\damat\_REPOS\Astral Turf\node_modules\jsdom\lib\jsdo
m\living\events\EventTarget-impl.js:233:9)
    at HTMLUnknownElementImpl.dispatchEvent 
(C:\Users\damat\_REPOS\Astral Turf\node_modules\jsdom\lib\jsdo
m\living\events\EventTarget-impl.js:104:17)
    at HTMLUnknownElement.dispatchEvent 
(C:\Users\damat\_REPOS\Astral Turf\node_modules\jsdom\lib\jsdo
m\living\generated\EventTarget.js:241:34)
    at Object.invokeGuardedCallbackDev 
(C:\Users\damat\_REPOS\Astral Turf\node_modules\react-dom\cjs\
react-dom.development.js:4213:16)
    at invokeGuardedCallback (C:\Users\damat\_REPOS\Astral Tur
f\node_modules\react-dom\cjs\react-dom.development.js:4277:31)
    at beginWork$1 (C:\Users\damat\_REPOS\Astral Turf\node_mod
ules\react-dom\cjs\react-dom.development.js:27490:7)
    at performUnitOfWork (C:\Users\damat\_REPOS\Astral Turf\no
de_modules\react-dom\cjs\react-dom.development.js:26599:12) 
Error: Intentional component failure for testing
    at FailingComponent [90m(C:\Users\damat\_REPOS\Astral Tur
f\[39msrc\__tests__\integration\TacticalErrorRecovery.test.ts
x:143:11[90m)[39m
    at renderWithHooks [90m(C:\Users\damat\_REPOS\Astral Turf
\[39mnode_modules\[4mreact-dom[24m\cjs\react-dom.developmen
t.js:15486:18[90m)[39m
    at mountIndeterminateComponent 
[90m(C:\Users\damat\_REPOS\Astral Turf\[39mnode_modules\[4m
react-dom[24m\cjs\react-dom.development.js:20103:13[90m)[39
m
    at beginWork [90m(C:\Users\damat\_REPOS\Astral Turf\[39m
node_modules\[4mreact-dom[24m\cjs\react-dom.development.js:2
1626:16[90m)[39m
    at HTMLUnknownElement.callCallback 
[90m(C:\Users\damat\_REPOS\Astral Turf\[39mnode_modules\[4m
react-dom[24m\cjs\react-dom.development.js:4164:14[90m)[39m
    at HTMLUnknownElement.callTheUserObjectsOperation 
[90m(C:\Users\damat\_REPOS\Astral Turf\[39mnode_modules\[4m
jsdom[24m\lib\jsdom\living\generated\EventListener.js:26:30[
90m)[39m
    at innerInvokeEventListeners 
[90m(C:\Users\damat\_REPOS\Astral Turf\[39mnode_modules\[4m
jsdom[24m\lib\jsdom\living\events\EventTarget-impl.js:350:25
[90m)[39m
    at invokeEventListeners 
[90m(C:\Users\damat\_REPOS\Astral Turf\[39mnode_modules\[4m
jsdom[24m\lib\jsdom\living\events\EventTarget-impl.js:286:3[
90m)[39m
    at HTMLUnknownElementImpl._dispatch 
[90m(C:\Users\damat\_REPOS\Astral Turf\[39mnode_modules\[4m
jsdom[24m\lib\jsdom\living\events\EventTarget-impl.js:233:9[
90m)[39m
    at HTMLUnknownElementImpl.dispatchEvent 
[90m(C:\Users\damat\_REPOS\Astral Turf\[39mnode_modules\[4m
jsdom[24m\lib\jsdom\living\events\EventTarget-impl.js:104:17
[90m)[39m
Error: Uncaught [Error: Intentional component failure for 
testing]
    at reportException (C:\Users\damat\_REPOS\Astral Turf\node
_modules\jsdom\lib\jsdom\living\helpers\runtime-script-errors.
js:66:24)
    at innerInvokeEventListeners 
(C:\Users\damat\_REPOS\Astral Turf\node_modules\jsdom\lib\jsdo
m\living\events\EventTarget-impl.js:353:9)
    at invokeEventListeners (C:\Users\damat\_REPOS\Astral Turf
\node_modules\jsdom\lib\jsdom\living\events\EventTarget-impl.j
s:286:3)
    at HTMLUnknownElementImpl._dispatch 
(C:\Users\damat\_REPOS\Astral Turf\node_modules\jsdom\lib\jsdo
m\living\events\EventTarget-impl.js:233:9)
    at HTMLUnknownElementImpl.dispatchEvent 
(C:\Users\damat\_REPOS\Astral Turf\node_modules\jsdom\lib\jsdo
m\living\events\EventTarget-impl.js:104:17)
    at HTMLUnknownElement.dispatchEvent 
(C:\Users\damat\_REPOS\Astral Turf\node_modules\jsdom\lib\jsdo
m\living\generated\EventTarget.js:241:34)
    at Object.invokeGuardedCallbackDev 
(C:\Users\damat\_REPOS\Astral Turf\node_modules\react-dom\cjs\
react-dom.development.js:4213:16)
    at invokeGuardedCallback (C:\Users\damat\_REPOS\Astral Tur
f\node_modules\react-dom\cjs\react-dom.development.js:4277:31)
    at beginWork$1 (C:\Users\damat\_REPOS\Astral Turf\node_mod
ules\react-dom\cjs\react-dom.development.js:27490:7)
    at performUnitOfWork (C:\Users\damat\_REPOS\Astral Turf\no
de_modules\react-dom\cjs\react-dom.development.js:26599:12) 
Error: Intentional component failure for testing
    at FailingComponent [90m(C:\Users\damat\_REPOS\Astral Tur
f\[39msrc\__tests__\integration\TacticalErrorRecovery.test.ts
x:143:11[90m)[39m
    at renderWithHooks [90m(C:\Users\damat\_REPOS\Astral Turf
\[39mnode_modules\[4mreact-dom[24m\cjs\react-dom.developmen
t.js:15486:18[90m)[39m
    at mountIndeterminateComponent 
[90m(C:\Users\damat\_REPOS\Astral Turf\[39mnode_modules\[4m
react-dom[24m\cjs\react-dom.development.js:20103:13[90m)[39
m
    at beginWork [90m(C:\Users\damat\_REPOS\Astral Turf\[39m
node_modules\[4mreact-dom[24m\cjs\react-dom.development.js:2
1626:16[90m)[39m
    at HTMLUnknownElement.callCallback 
[90m(C:\Users\damat\_REPOS\Astral Turf\[39mnode_modules\[4m
react-dom[24m\cjs\react-dom.development.js:4164:14[90m)[39m
    at HTMLUnknownElement.callTheUserObjectsOperation 
[90m(C:\Users\damat\_REPOS\Astral Turf\[39mnode_modules\[4m
jsdom[24m\lib\jsdom\living\generated\EventListener.js:26:30[
90m)[39m
    at innerInvokeEventListeners 
[90m(C:\Users\damat\_REPOS\Astral Turf\[39mnode_modules\[4m
jsdom[24m\lib\jsdom\living\events\EventTarget-impl.js:350:25
[90m)[39m
    at invokeEventListeners 
[90m(C:\Users\damat\_REPOS\Astral Turf\[39mnode_modules\[4m
jsdom[24m\lib\jsdom\living\events\EventTarget-impl.js:286:3[
90m)[39m
    at HTMLUnknownElementImpl._dispatch 
[90m(C:\Users\damat\_REPOS\Astral Turf\[39mnode_modules\[4m
jsdom[24m\lib\jsdom\living\events\EventTarget-impl.js:233:9[
90m)[39m
    at HTMLUnknownElementImpl.dispatchEvent 
[90m(C:\Users\damat\_REPOS\Astral Turf\[39mnode_modules\[4m
jsdom[24m\lib\jsdom\living\events\EventTarget-impl.js:104:17
[90m)[39m

[90mstderr[2m | 
src/__tests__/integration/TacticalErrorRecovery.test.tsx[2m 
> [22m[2mZENITH Tactical Error Recovery Tests[2m > 
[22m[2mProduction Error Recovery[2m > [22m[2mshould 
provide user-friendly error messages in production
[22m[39mError: Uncaught [Error: Intentional component 
failure for testing]
    at reportException (C:\Users\damat\_REPOS\Astral Turf\node
_modules\jsdom\lib\jsdom\living\helpers\runtime-script-errors.
js:66:24)
    at innerInvokeEventListeners 
(C:\Users\damat\_REPOS\Astral Turf\node_modules\jsdom\lib\jsdo
m\living\events\EventTarget-impl.js:353:9)
    at invokeEventListeners (C:\Users\damat\_REPOS\Astral Turf
\node_modules\jsdom\lib\jsdom\living\events\EventTarget-impl.j
s:286:3)
    at HTMLUnknownElementImpl._dispatch 
(C:\Users\damat\_REPOS\Astral Turf\node_modules\jsdom\lib\jsdo
m\living\events\EventTarget-impl.js:233:9)
    at HTMLUnknownElementImpl.dispatchEvent 
(C:\Users\damat\_REPOS\Astral Turf\node_modules\jsdom\lib\jsdo
m\living\events\EventTarget-impl.js:104:17)
    at HTMLUnknownElement.dispatchEvent 
(C:\Users\damat\_REPOS\Astral Turf\node_modules\jsdom\lib\jsdo
m\living\generated\EventTarget.js:241:34)
    at Object.invokeGuardedCallbackDev 
(C:\Users\damat\_REPOS\Astral Turf\node_modules\react-dom\cjs\
react-dom.development.js:4213:16)
    at invokeGuardedCallback (C:\Users\damat\_REPOS\Astral Tur
f\node_modules\react-dom\cjs\react-dom.development.js:4277:31)
    at beginWork$1 (C:\Users\damat\_REPOS\Astral Turf\node_mod
ules\react-dom\cjs\react-dom.development.js:27490:7)
    at performUnitOfWork (C:\Users\damat\_REPOS\Astral Turf\no
de_modules\react-dom\cjs\react-dom.development.js:26599:12) 
Error: Intentional component failure for testing
    at FailingComponent [90m(C:\Users\damat\_REPOS\Astral Tur
f\[39msrc\__tests__\integration\TacticalErrorRecovery.test.ts
x:143:11[90m)[39m
    at renderWithHooks [90m(C:\Users\damat\_REPOS\Astral Turf
\[39mnode_modules\[4mreact-dom[24m\cjs\react-dom.developmen
t.js:15486:18[90m)[39m
    at mountIndeterminateComponent 
[90m(C:\Users\damat\_REPOS\Astral Turf\[39mnode_modules\[4m
react-dom[24m\cjs\react-dom.development.js:20103:13[90m)[39
m
    at beginWork [90m(C:\Users\damat\_REPOS\Astral Turf\[39m
node_modules\[4mreact-dom[24m\cjs\react-dom.development.js:2
1626:16[90m)[39m
    at HTMLUnknownElement.callCallback 
[90m(C:\Users\damat\_REPOS\Astral Turf\[39mnode_modules\[4m
react-dom[24m\cjs\react-dom.development.js:4164:14[90m)[39m
    at HTMLUnknownElement.callTheUserObjectsOperation 
[90m(C:\Users\damat\_REPOS\Astral Turf\[39mnode_modules\[4m
jsdom[24m\lib\jsdom\living\generated\EventListener.js:26:30[
90m)[39m
    at innerInvokeEventListeners 
[90m(C:\Users\damat\_REPOS\Astral Turf\[39mnode_modules\[4m
jsdom[24m\lib\jsdom\living\events\EventTarget-impl.js:350:25
[90m)[39m
    at invokeEventListeners 
[90m(C:\Users\damat\_REPOS\Astral Turf\[39mnode_modules\[4m
jsdom[24m\lib\jsdom\living\events\EventTarget-impl.js:286:3[
90m)[39m
    at HTMLUnknownElementImpl._dispatch 
[90m(C:\Users\damat\_REPOS\Astral Turf\[39mnode_modules\[4m
jsdom[24m\lib\jsdom\living\events\EventTarget-impl.js:233:9[
90m)[39m
    at HTMLUnknownElementImpl.dispatchEvent 
[90m(C:\Users\damat\_REPOS\Astral Turf\[39mnode_modules\[4m
jsdom[24m\lib\jsdom\living\events\EventTarget-impl.js:104:17
[90m)[39m
Error: Uncaught [Error: Intentional component failure for 
testing]
    at reportException (C:\Users\damat\_REPOS\Astral Turf\node
_modules\jsdom\lib\jsdom\living\helpers\runtime-script-errors.
js:66:24)
    at innerInvokeEventListeners 
(C:\Users\damat\_REPOS\Astral Turf\node_modules\jsdom\lib\jsdo
m\living\events\EventTarget-impl.js:353:9)
    at invokeEventListeners (C:\Users\damat\_REPOS\Astral Turf
\node_modules\jsdom\lib\jsdom\living\events\EventTarget-impl.j
s:286:3)
    at HTMLUnknownElementImpl._dispatch 
(C:\Users\damat\_REPOS\Astral Turf\node_modules\jsdom\lib\jsdo
m\living\events\EventTarget-impl.js:233:9)
    at HTMLUnknownElementImpl.dispatchEvent 
(C:\Users\damat\_REPOS\Astral Turf\node_modules\jsdom\lib\jsdo
m\living\events\EventTarget-impl.js:104:17)
    at HTMLUnknownElement.dispatchEvent 
(C:\Users\damat\_REPOS\Astral Turf\node_modules\jsdom\lib\jsdo
m\living\generated\EventTarget.js:241:34)
    at Object.invokeGuardedCallbackDev 
(C:\Users\damat\_REPOS\Astral Turf\node_modules\react-dom\cjs\
react-dom.development.js:4213:16)
    at invokeGuardedCallback (C:\Users\damat\_REPOS\Astral Tur
f\node_modules\react-dom\cjs\react-dom.development.js:4277:31)
    at beginWork$1 (C:\Users\damat\_REPOS\Astral Turf\node_mod
ules\react-dom\cjs\react-dom.development.js:27490:7)
    at performUnitOfWork (C:\Users\damat\_REPOS\Astral Turf\no
de_modules\react-dom\cjs\react-dom.development.js:26599:12) 
Error: Intentional component failure for testing
    at FailingComponent [90m(C:\Users\damat\_REPOS\Astral Tur
f\[39msrc\__tests__\integration\TacticalErrorRecovery.test.ts
x:143:11[90m)[39m
    at renderWithHooks [90m(C:\Users\damat\_REPOS\Astral Turf
\[39mnode_modules\[4mreact-dom[24m\cjs\react-dom.developmen
t.js:15486:18[90m)[39m
    at mountIndeterminateComponent 
[90m(C:\Users\damat\_REPOS\Astral Turf\[39mnode_modules\[4m
react-dom[24m\cjs\react-dom.development.js:20103:13[90m)[39
m
    at beginWork [90m(C:\Users\damat\_REPOS\Astral Turf\[39m
node_modules\[4mreact-dom[24m\cjs\react-dom.development.js:2
1626:16[90m)[39m
    at HTMLUnknownElement.callCallback 
[90m(C:\Users\damat\_REPOS\Astral Turf\[39mnode_modules\[4m
react-dom[24m\cjs\react-dom.development.js:4164:14[90m)[39m
    at HTMLUnknownElement.callTheUserObjectsOperation 
[90m(C:\Users\damat\_REPOS\Astral Turf\[39mnode_modules\[4m
jsdom[24m\lib\jsdom\living\generated\EventListener.js:26:30[
90m)[39m
    at innerInvokeEventListeners 
[90m(C:\Users\damat\_REPOS\Astral Turf\[39mnode_modules\[4m
jsdom[24m\lib\jsdom\living\events\EventTarget-impl.js:350:25
[90m)[39m
    at invokeEventListeners 
[90m(C:\Users\damat\_REPOS\Astral Turf\[39mnode_modules\[4m
jsdom[24m\lib\jsdom\living\events\EventTarget-impl.js:286:3[
90m)[39m
    at HTMLUnknownElementImpl._dispatch 
[90m(C:\Users\damat\_REPOS\Astral Turf\[39mnode_modules\[4m
jsdom[24m\lib\jsdom\living\events\EventTarget-impl.js:233:9[
90m)[39m
    at HTMLUnknownElementImpl.dispatchEvent 
[90m(C:\Users\damat\_REPOS\Astral Turf\[39mnode_modules\[4m
jsdom[24m\lib\jsdom\living\events\EventTarget-impl.js:104:17
[90m)[39m

 [32mΓ£ô[39m src/__tests__/integration/TacticalErrorRecovery.test.tsx[2m > [22mZENITH Tactical Error Recovery Tests[2m > [22mConcurrent Error Scenarios[2m > [22mshould handle errors during concurrent user interactions[32m 157[2mms[22m[39m[35m 82 MB heap used[39m
 [32mΓ£ô[39m src/__tests__/integration/TacticalErrorRecovery.test.tsx[2m > [22mZENITH Tactical Error Recovery Tests[2m > [22mMemory Pressure Error Recovery[2m > [22mshould handle out-of-memory scenarios gracefully[32m 31[2mms[22m[39m[35m 158 MB heap used[39m
 [32mΓ£ô[39m src/__tests__/integration/TacticalErrorRecovery.test.tsx[2m > [22mZENITH Tactical Error Recovery Tests[2m > [22mMemory Pressure Error Recovery[2m > [22mshould cleanup resources properly during error recovery[32m 4[2mms[22m[39m[35m 160 MB heap used[39m
[90mstdout[2m | src/__tests__/integration/TacticalErrorRecovery.test.tsx[2m > [22m[2mZENITH Tactical Error Recovery Tests[2m > [22m[2mProduction Error Recovery[2m > [22m[2mshould report errors to monitoring service in production
[22m[39m≡ƒ¢í∩╕Å Tactical Error Boundary: Error Reporting Test

[90mstdout[2m | src/__tests__/integration/TacticalErrorRecovery.test.tsx[2m > [22m[2mZENITH Tactical Error Recovery Tests[2m > [22m[2mProduction Error Recovery[2m > [22m[2mshould report errors to monitoring service in production
[22m[39m≡ƒ¢í∩╕Å Tactical Error Boundary: Error Reporting Test

[90mstderr[2m | 
src/__tests__/integration/TacticalErrorRecovery.test.tsx[2m 
> [22m[2mZENITH Tactical Error Recovery Tests[2m > 
[22m[2mProduction Error Recovery[2m > [22m[2mshould 
report errors to monitoring service in production
[22m[39mError: Uncaught [Error: Intentional component 
failure for testing]
    at reportException (C:\Users\damat\_REPOS\Astral Turf\node
_modules\jsdom\lib\jsdom\living\helpers\runtime-script-errors.
js:66:24)
    at innerInvokeEventListeners 
(C:\Users\damat\_REPOS\Astral Turf\node_modules\jsdom\lib\jsdo
m\living\events\EventTarget-impl.js:353:9)
    at invokeEventListeners (C:\Users\damat\_REPOS\Astral Turf
\node_modules\jsdom\lib\jsdom\living\events\EventTarget-impl.j
s:286:3)
    at HTMLUnknownElementImpl._dispatch 
(C:\Users\damat\_REPOS\Astral Turf\node_modules\jsdom\lib\jsdo
m\living\events\EventTarget-impl.js:233:9)
    at HTMLUnknownElementImpl.dispatchEvent 
(C:\Users\damat\_REPOS\Astral Turf\node_modules\jsdom\lib\jsdo
m\living\events\EventTarget-impl.js:104:17)
    at HTMLUnknownElement.dispatchEvent 
(C:\Users\damat\_REPOS\Astral Turf\node_modules\jsdom\lib\jsdo
m\living\generated\EventTarget.js:241:34)
    at Object.invokeGuardedCallbackDev 
(C:\Users\damat\_REPOS\Astral Turf\node_modules\react-dom\cjs\
react-dom.development.js:4213:16)
    at invokeGuardedCallback (C:\Users\damat\_REPOS\Astral Tur
f\node_modules\react-dom\cjs\react-dom.development.js:4277:31)
    at beginWork$1 (C:\Users\damat\_REPOS\Astral Turf\node_mod
ules\react-dom\cjs\react-dom.development.js:27490:7)
    at performUnitOfWork (C:\Users\damat\_REPOS\Astral Turf\no
de_modules\react-dom\cjs\react-dom.development.js:26599:12) 
Error: Intentional component failure for testing
    at FailingComponent [90m(C:\Users\damat\_REPOS\Astral Tur
f\[39msrc\__tests__\integration\TacticalErrorRecovery.test.ts
x:143:11[90m)[39m
    at renderWithHooks [90m(C:\Users\damat\_REPOS\Astral Turf
\[39mnode_modules\[4mreact-dom[24m\cjs\react-dom.developmen
t.js:15486:18[90m)[39m
    at mountIndeterminateComponent 
[90m(C:\Users\damat\_REPOS\Astral Turf\[39mnode_modules\[4m
react-dom[24m\cjs\react-dom.development.js:20103:13[90m)[39
m
    at beginWork [90m(C:\Users\damat\_REPOS\Astral Turf\[39m
node_modules\[4mreact-dom[24m\cjs\react-dom.development.js:2
1626:16[90m)[39m
    at HTMLUnknownElement.callCallback 
[90m(C:\Users\damat\_REPOS\Astral Turf\[39mnode_modules\[4m
react-dom[24m\cjs\react-dom.development.js:4164:14[90m)[39m
    at HTMLUnknownElement.callTheUserObjectsOperation 
[90m(C:\Users\damat\_REPOS\Astral Turf\[39mnode_modules\[4m
jsdom[24m\lib\jsdom\living\generated\EventListener.js:26:30[
90m)[39m
    at innerInvokeEventListeners 
[90m(C:\Users\damat\_REPOS\Astral Turf\[39mnode_modules\[4m
jsdom[24m\lib\jsdom\living\events\EventTarget-impl.js:350:25
[90m)[39m
    at invokeEventListeners 
[90m(C:\Users\damat\_REPOS\Astral Turf\[39mnode_modules\[4m
jsdom[24m\lib\jsdom\living\events\EventTarget-impl.js:286:3[
90m)[39m
    at HTMLUnknownElementImpl._dispatch 
[90m(C:\Users\damat\_REPOS\Astral Turf\[39mnode_modules\[4m
jsdom[24m\lib\jsdom\living\events\EventTarget-impl.js:233:9[
90m)[39m
    at HTMLUnknownElementImpl.dispatchEvent 
[90m(C:\Users\damat\_REPOS\Astral Turf\[39mnode_modules\[4m
jsdom[24m\lib\jsdom\living\events\EventTarget-impl.js:104:17
[90m)[39m
Error: Uncaught [Error: Intentional component failure for 
testing]
    at reportException (C:\Users\damat\_REPOS\Astral Turf\node
_modules\jsdom\lib\jsdom\living\helpers\runtime-script-errors.
js:66:24)
    at innerInvokeEventListeners 
(C:\Users\damat\_REPOS\Astral Turf\node_modules\jsdom\lib\jsdo
m\living\events\EventTarget-impl.js:353:9)
    at invokeEventListeners (C:\Users\damat\_REPOS\Astral Turf
\node_modules\jsdom\lib\jsdom\living\events\EventTarget-impl.j
s:286:3)
    at HTMLUnknownElementImpl._dispatch 
(C:\Users\damat\_REPOS\Astral Turf\node_modules\jsdom\lib\jsdo
m\living\events\EventTarget-impl.js:233:9)
    at HTMLUnknownElementImpl.dispatchEvent 
(C:\Users\damat\_REPOS\Astral Turf\node_modules\jsdom\lib\jsdo
m\living\events\EventTarget-impl.js:104:17)
    at HTMLUnknownElement.dispatchEvent 
(C:\Users\damat\_REPOS\Astral Turf\node_modules\jsdom\lib\jsdo
m\living\generated\EventTarget.js:241:34)
    at Object.invokeGuardedCallbackDev 
(C:\Users\damat\_REPOS\Astral Turf\node_modules\react-dom\cjs\
react-dom.development.js:4213:16)
    at invokeGuardedCallback (C:\Users\damat\_REPOS\Astral Tur
f\node_modules\react-dom\cjs\react-dom.development.js:4277:31)
    at beginWork$1 (C:\Users\damat\_REPOS\Astral Turf\node_mod
ules\react-dom\cjs\react-dom.development.js:27490:7)
    at performUnitOfWork (C:\Users\damat\_REPOS\Astral Turf\no
de_modules\react-dom\cjs\react-dom.development.js:26599:12) 
Error: Intentional component failure for testing
    at FailingComponent [90m(C:\Users\damat\_REPOS\Astral Tur
f\[39msrc\__tests__\integration\TacticalErrorRecovery.test.ts
x:143:11[90m)[39m
    at renderWithHooks [90m(C:\Users\damat\_REPOS\Astral Turf
\[39mnode_modules\[4mreact-dom[24m\cjs\react-dom.developmen
t.js:15486:18[90m)[39m
    at mountIndeterminateComponent 
[90m(C:\Users\damat\_REPOS\Astral Turf\[39mnode_modules\[4m
react-dom[24m\cjs\react-dom.development.js:20103:13[90m)[39
m
    at beginWork [90m(C:\Users\damat\_REPOS\Astral Turf\[39m
node_modules\[4mreact-dom[24m\cjs\react-dom.development.js:2
1626:16[90m)[39m
    at HTMLUnknownElement.callCallback 
[90m(C:\Users\damat\_REPOS\Astral Turf\[39mnode_modules\[4m
react-dom[24m\cjs\react-dom.development.js:4164:14[90m)[39m
    at HTMLUnknownElement.callTheUserObjectsOperation 
[90m(C:\Users\damat\_REPOS\Astral Turf\[39mnode_modules\[4m
jsdom[24m\lib\jsdom\living\generated\EventListener.js:26:30[
90m)[39m
    at innerInvokeEventListeners 
[90m(C:\Users\damat\_REPOS\Astral Turf\[39mnode_modules\[4m
jsdom[24m\lib\jsdom\living\events\EventTarget-impl.js:350:25
[90m)[39m
    at invokeEventListeners 
[90m(C:\Users\damat\_REPOS\Astral Turf\[39mnode_modules\[4m
jsdom[24m\lib\jsdom\living\events\EventTarget-impl.js:286:3[
90m)[39m
    at HTMLUnknownElementImpl._dispatch 
[90m(C:\Users\damat\_REPOS\Astral Turf\[39mnode_modules\[4m
jsdom[24m\lib\jsdom\living\events\EventTarget-impl.js:233:9[
90m)[39m
    at HTMLUnknownElementImpl.dispatchEvent 
[90m(C:\Users\damat\_REPOS\Astral Turf\[39mnode_modules\[4m
jsdom[24m\lib\jsdom\living\events\EventTarget-impl.js:104:17
[90m)[39m

[90mstderr[2m | 
src/__tests__/integration/TacticalErrorRecovery.test.tsx[2m 
> [22m[2mZENITH Tactical Error Recovery Tests[2m > 
[22m[2mProduction Error Recovery[2m > [22m[2mshould 
report errors to monitoring service in production
[22m[39mError: Uncaught [Error: Intentional component 
failure for testing]
    at reportException (C:\Users\damat\_REPOS\Astral Turf\node
_modules\jsdom\lib\jsdom\living\helpers\runtime-script-errors.
js:66:24)
    at innerInvokeEventListeners 
(C:\Users\damat\_REPOS\Astral Turf\node_modules\jsdom\lib\jsdo
m\living\events\EventTarget-impl.js:353:9)
    at invokeEventListeners (C:\Users\damat\_REPOS\Astral Turf
\node_modules\jsdom\lib\jsdom\living\events\EventTarget-impl.j
s:286:3)
    at HTMLUnknownElementImpl._dispatch 
(C:\Users\damat\_REPOS\Astral Turf\node_modules\jsdom\lib\jsdo
m\living\events\EventTarget-impl.js:233:9)
    at HTMLUnknownElementImpl.dispatchEvent 
(C:\Users\damat\_REPOS\Astral Turf\node_modules\jsdom\lib\jsdo
m\living\events\EventTarget-impl.js:104:17)
    at HTMLUnknownElement.dispatchEvent 
(C:\Users\damat\_REPOS\Astral Turf\node_modules\jsdom\lib\jsdo
m\living\generated\EventTarget.js:241:34)
    at Object.invokeGuardedCallbackDev 
(C:\Users\damat\_REPOS\Astral Turf\node_modules\react-dom\cjs\
react-dom.development.js:4213:16)
    at invokeGuardedCallback (C:\Users\damat\_REPOS\Astral Tur
f\node_modules\react-dom\cjs\react-dom.development.js:4277:31)
    at beginWork$1 (C:\Users\damat\_REPOS\Astral Turf\node_mod
ules\react-dom\cjs\react-dom.development.js:27490:7)
    at performUnitOfWork (C:\Users\damat\_REPOS\Astral Turf\no
de_modules\react-dom\cjs\react-dom.development.js:26599:12) 
Error: Intentional component failure for testing
    at FailingComponent [90m(C:\Users\damat\_REPOS\Astral Tur
f\[39msrc\__tests__\integration\TacticalErrorRecovery.test.ts
x:143:11[90m)[39m
    at renderWithHooks [90m(C:\Users\damat\_REPOS\Astral Turf
\[39mnode_modules\[4mreact-dom[24m\cjs\react-dom.developmen
t.js:15486:18[90m)[39m
    at mountIndeterminateComponent 
[90m(C:\Users\damat\_REPOS\Astral Turf\[39mnode_modules\[4m
react-dom[24m\cjs\react-dom.development.js:20103:13[90m)[39
m
    at beginWork [90m(C:\Users\damat\_REPOS\Astral Turf\[39m
node_modules\[4mreact-dom[24m\cjs\react-dom.development.js:2
1626:16[90m)[39m
    at HTMLUnknownElement.callCallback 
[90m(C:\Users\damat\_REPOS\Astral Turf\[39mnode_modules\[4m
react-dom[24m\cjs\react-dom.development.js:4164:14[90m)[39m
    at HTMLUnknownElement.callTheUserObjectsOperation 
[90m(C:\Users\damat\_REPOS\Astral Turf\[39mnode_modules\[4m
jsdom[24m\lib\jsdom\living\generated\EventListener.js:26:30[
90m)[39m
    at innerInvokeEventListeners 
[90m(C:\Users\damat\_REPOS\Astral Turf\[39mnode_modules\[4m
jsdom[24m\lib\jsdom\living\events\EventTarget-impl.js:350:25
[90m)[39m
    at invokeEventListeners 
[90m(C:\Users\damat\_REPOS\Astral Turf\[39mnode_modules\[4m
jsdom[24m\lib\jsdom\living\events\EventTarget-impl.js:286:3[
90m)[39m
    at HTMLUnknownElementImpl._dispatch 
[90m(C:\Users\damat\_REPOS\Astral Turf\[39mnode_modules\[4m
jsdom[24m\lib\jsdom\living\events\EventTarget-impl.js:233:9[
90m)[39m
    at HTMLUnknownElementImpl.dispatchEvent 
[90m(C:\Users\damat\_REPOS\Astral Turf\[39mnode_modules\[4m
jsdom[24m\lib\jsdom\living\events\EventTarget-impl.js:104:17
[90m)[39m
Error: Uncaught [Error: Intentional component failure for 
testing]
    at reportException (C:\Users\damat\_REPOS\Astral Turf\node
_modules\jsdom\lib\jsdom\living\helpers\runtime-script-errors.
js:66:24)
    at innerInvokeEventListeners 
(C:\Users\damat\_REPOS\Astral Turf\node_modules\jsdom\lib\jsdo
m\living\events\EventTarget-impl.js:353:9)
    at invokeEventListeners (C:\Users\damat\_REPOS\Astral Turf
\node_modules\jsdom\lib\jsdom\living\events\EventTarget-impl.j
s:286:3)
    at HTMLUnknownElementImpl._dispatch 
(C:\Users\damat\_REPOS\Astral Turf\node_modules\jsdom\lib\jsdo
m\living\events\EventTarget-impl.js:233:9)
    at HTMLUnknownElementImpl.dispatchEvent 
(C:\Users\damat\_REPOS\Astral Turf\node_modules\jsdom\lib\jsdo
m\living\events\EventTarget-impl.js:104:17)
    at HTMLUnknownElement.dispatchEvent 
(C:\Users\damat\_REPOS\Astral Turf\node_modules\jsdom\lib\jsdo
m\living\generated\EventTarget.js:241:34)
    at Object.invokeGuardedCallbackDev 
(C:\Users\damat\_REPOS\Astral Turf\node_modules\react-dom\cjs\
react-dom.development.js:4213:16)
    at invokeGuardedCallback (C:\Users\damat\_REPOS\Astral Tur
f\node_modules\react-dom\cjs\react-dom.development.js:4277:31)
    at beginWork$1 (C:\Users\damat\_REPOS\Astral Turf\node_mod
ules\react-dom\cjs\react-dom.development.js:27490:7)
    at performUnitOfWork (C:\Users\damat\_REPOS\Astral Turf\no
de_modules\react-dom\cjs\react-dom.development.js:26599:12) 
Error: Intentional component failure for testing
    at FailingComponent [90m(C:\Users\damat\_REPOS\Astral Tur
f\[39msrc\__tests__\integration\TacticalErrorRecovery.test.ts
x:143:11[90m)[39m
    at renderWithHooks [90m(C:\Users\damat\_REPOS\Astral Turf
\[39mnode_modules\[4mreact-dom[24m\cjs\react-dom.developmen
t.js:15486:18[90m)[39m
    at mountIndeterminateComponent 
[90m(C:\Users\damat\_REPOS\Astral Turf\[39mnode_modules\[4m
react-dom[24m\cjs\react-dom.development.js:20103:13[90m)[39
m
    at beginWork [90m(C:\Users\damat\_REPOS\Astral Turf\[39m
node_modules\[4mreact-dom[24m\cjs\react-dom.development.js:2
1626:16[90m)[39m
    at HTMLUnknownElement.callCallback 
[90m(C:\Users\damat\_REPOS\Astral Turf\[39mnode_modules\[4m
react-dom[24m\cjs\react-dom.development.js:4164:14[90m)[39m
    at HTMLUnknownElement.callTheUserObjectsOperation 
[90m(C:\Users\damat\_REPOS\Astral Turf\[39mnode_modules\[4m
jsdom[24m\lib\jsdom\living\generated\EventListener.js:26:30[
90m)[39m
    at innerInvokeEventListeners 
[90m(C:\Users\damat\_REPOS\Astral Turf\[39mnode_modules\[4m
jsdom[24m\lib\jsdom\living\events\EventTarget-impl.js:350:25
[90m)[39m
    at invokeEventListeners 
[90m(C:\Users\damat\_REPOS\Astral Turf\[39mnode_modules\[4m
jsdom[24m\lib\jsdom\living\events\EventTarget-impl.js:286:3[
90m)[39m
    at HTMLUnknownElementImpl._dispatch 
[90m(C:\Users\damat\_REPOS\Astral Turf\[39mnode_modules\[4m
jsdom[24m\lib\jsdom\living\events\EventTarget-impl.js:233:9[
90m)[39m
    at HTMLUnknownElementImpl.dispatchEvent 
[90m(C:\Users\damat\_REPOS\Astral Turf\[39mnode_modules\[4m
jsdom[24m\lib\jsdom\living\events\EventTarget-impl.js:104:17
[90m)[39m

[90mstdout[2m | src/__tests__/integration/TacticalErrorRecovery.test.tsx[2m > [22m[2mZENITH Tactical Error Recovery Tests[2m > [22m[2mProduction Error Recovery[2m > [22m[2mshould maintain application state after error recovery
[22m[39m≡ƒ¢í∩╕Å Tactical Error Boundary: State Test

[90mstdout[2m | src/__tests__/integration/TacticalErrorRecovery.test.tsx[2m > [22m[2mZENITH Tactical Error Recovery Tests[2m > [22m[2mProduction Error Recovery[2m > [22m[2mshould maintain application state after error recovery
[22m[39m≡ƒ¢í∩╕Å Tactical Error Boundary: State Test

[90mstderr[2m | 
src/__tests__/integration/TacticalErrorRecovery.test.tsx[2m 
> [22m[2mZENITH Tactical Error Recovery Tests[2m > 
[22m[2mProduction Error Recovery[2m > [22m[2mshould 
maintain application state after error recovery
[22m[39mError: Uncaught [Error: Stateful component failed]
    at reportException (C:\Users\damat\_REPOS\Astral Turf\node
_modules\jsdom\lib\jsdom\living\helpers\runtime-script-errors.
js:66:24)
    at innerInvokeEventListeners 
(C:\Users\damat\_REPOS\Astral Turf\node_modules\jsdom\lib\jsdo
m\living\events\EventTarget-impl.js:353:9)
    at invokeEventListeners (C:\Users\damat\_REPOS\Astral Turf
\node_modules\jsdom\lib\jsdom\living\events\EventTarget-impl.j
s:286:3)
    at HTMLUnknownElementImpl._dispatch 
(C:\Users\damat\_REPOS\Astral Turf\node_modules\jsdom\lib\jsdo
m\living\events\EventTarget-impl.js:233:9)
    at HTMLUnknownElementImpl.dispatchEvent 
(C:\Users\damat\_REPOS\Astral Turf\node_modules\jsdom\lib\jsdo
m\living\events\EventTarget-impl.js:104:17)
    at HTMLUnknownElement.dispatchEvent 
(C:\Users\damat\_REPOS\Astral Turf\node_modules\jsdom\lib\jsdo
m\living\generated\EventTarget.js:241:34)
    at Object.invokeGuardedCallbackDev 
(C:\Users\damat\_REPOS\Astral Turf\node_modules\react-dom\cjs\
react-dom.development.js:4213:16)
    at invokeGuardedCallback (C:\Users\damat\_REPOS\Astral Tur
f\node_modules\react-dom\cjs\react-dom.development.js:4277:31)
    at beginWork$1 (C:\Users\damat\_REPOS\Astral Turf\node_mod
ules\react-dom\cjs\react-dom.development.js:27490:7)
    at performUnitOfWork (C:\Users\damat\_REPOS\Astral Turf\no
de_modules\react-dom\cjs\react-dom.development.js:26599:12) 
Error: Stateful component failed
    at StatefulComponent [90m(C:\Users\damat\_REPOS\Astral Tu
rf\[39msrc\__tests__\integration\TacticalErrorRecovery.test.t
sx:689:17[90m)[39m
    at renderWithHooks [90m(C:\Users\damat\_REPOS\Astral Turf
\[39mnode_modules\[4mreact-dom[24m\cjs\react-dom.developmen
t.js:15486:18[90m)[39m
    at mountIndeterminateComponent 
[90m(C:\Users\damat\_REPOS\Astral Turf\[39mnode_modules\[4m
react-dom[24m\cjs\react-dom.development.js:20103:13[90m)[39
m
    at beginWork [90m(C:\Users\damat\_REPOS\Astral Turf\[39m
node_modules\[4mreact-dom[24m\cjs\react-dom.development.js:2
1626:16[90m)[39m
    at HTMLUnknownElement.callCallback 
[90m(C:\Users\damat\_REPOS\Astral Turf\[39mnode_modules\[4m
react-dom[24m\cjs\react-dom.development.js:4164:14[90m)[39m
    at HTMLUnknownElement.callTheUserObjectsOperation 
[90m(C:\Users\damat\_REPOS\Astral Turf\[39mnode_modules\[4m
jsdom[24m\lib\jsdom\living\generated\EventListener.js:26:30[
90m)[39m
    at innerInvokeEventListeners 
[90m(C:\Users\damat\_REPOS\Astral Turf\[39mnode_modules\[4m
jsdom[24m\lib\jsdom\living\events\EventTarget-impl.js:350:25
[90m)[39m
    at invokeEventListeners 
[90m(C:\Users\damat\_REPOS\Astral Turf\[39mnode_modules\[4m
jsdom[24m\lib\jsdom\living\events\EventTarget-impl.js:286:3[
90m)[39m
    at HTMLUnknownElementImpl._dispatch 
[90m(C:\Users\damat\_REPOS\Astral Turf\[39mnode_modules\[4m
jsdom[24m\lib\jsdom\living\events\EventTarget-impl.js:233:9[
90m)[39m
    at HTMLUnknownElementImpl.dispatchEvent 
[90m(C:\Users\damat\_REPOS\Astral Turf\[39mnode_modules\[4m
jsdom[24m\lib\jsdom\living\events\EventTarget-impl.js:104:17
[90m)[39m
Error: Uncaught [Error: Stateful component failed]
    at reportException (C:\Users\damat\_REPOS\Astral Turf\node
_modules\jsdom\lib\jsdom\living\helpers\runtime-script-errors.
js:66:24)
    at innerInvokeEventListeners 
(C:\Users\damat\_REPOS\Astral Turf\node_modules\jsdom\lib\jsdo
m\living\events\EventTarget-impl.js:353:9)
    at invokeEventListeners (C:\Users\damat\_REPOS\Astral Turf
\node_modules\jsdom\lib\jsdom\living\events\EventTarget-impl.j
s:286:3)
    at HTMLUnknownElementImpl._dispatch 
(C:\Users\damat\_REPOS\Astral Turf\node_modules\jsdom\lib\jsdo
m\living\events\EventTarget-impl.js:233:9)
    at HTMLUnknownElementImpl.dispatchEvent 
(C:\Users\damat\_REPOS\Astral Turf\node_modules\jsdom\lib\jsdo
m\living\events\EventTarget-impl.js:104:17)
    at HTMLUnknownElement.dispatchEvent 
(C:\Users\damat\_REPOS\Astral Turf\node_modules\jsdom\lib\jsdo
m\living\generated\EventTarget.js:241:34)
    at Object.invokeGuardedCallbackDev 
(C:\Users\damat\_REPOS\Astral Turf\node_modules\react-dom\cjs\
react-dom.development.js:4213:16)
    at invokeGuardedCallback (C:\Users\damat\_REPOS\Astral Tur
f\node_modules\react-dom\cjs\react-dom.development.js:4277:31)
    at beginWork$1 (C:\Users\damat\_REPOS\Astral Turf\node_mod
ules\react-dom\cjs\react-dom.development.js:27490:7)
    at performUnitOfWork (C:\Users\damat\_REPOS\Astral Turf\no
de_modules\react-dom\cjs\react-dom.development.js:26599:12) 
Error: Stateful component failed
    at StatefulComponent [90m(C:\Users\damat\_REPOS\Astral Tu
rf\[39msrc\__tests__\integration\TacticalErrorRecovery.test.t
sx:689:17[90m)[39m
    at renderWithHooks [90m(C:\Users\damat\_REPOS\Astral Turf
\[39mnode_modules\[4mreact-dom[24m\cjs\react-dom.developmen
t.js:15486:18[90m)[39m
    at mountIndeterminateComponent 
[90m(C:\Users\damat\_REPOS\Astral Turf\[39mnode_modules\[4m
react-dom[24m\cjs\react-dom.development.js:20103:13[90m)[39
m
    at beginWork [90m(C:\Users\damat\_REPOS\Astral Turf\[39m
node_modules\[4mreact-dom[24m\cjs\react-dom.development.js:2
1626:16[90m)[39m
    at HTMLUnknownElement.callCallback 
[90m(C:\Users\damat\_REPOS\Astral Turf\[39mnode_modules\[4m
react-dom[24m\cjs\react-dom.development.js:4164:14[90m)[39m
    at HTMLUnknownElement.callTheUserObjectsOperation 
[90m(C:\Users\damat\_REPOS\Astral Turf\[39mnode_modules\[4m
jsdom[24m\lib\jsdom\living\generated\EventListener.js:26:30[
90m)[39m
    at innerInvokeEventListeners 
[90m(C:\Users\damat\_REPOS\Astral Turf\[39mnode_modules\[4m
jsdom[24m\lib\jsdom\living\events\EventTarget-impl.js:350:25
[90m)[39m
    at invokeEventListeners 
[90m(C:\Users\damat\_REPOS\Astral Turf\[39mnode_modules\[4m
jsdom[24m\lib\jsdom\living\events\EventTarget-impl.js:286:3[
90m)[39m
    at HTMLUnknownElementImpl._dispatch 
[90m(C:\Users\damat\_REPOS\Astral Turf\[39mnode_modules\[4m
jsdom[24m\lib\jsdom\living\events\EventTarget-impl.js:233:9[
90m)[39m
    at HTMLUnknownElementImpl.dispatchEvent 
[90m(C:\Users\damat\_REPOS\Astral Turf\[39mnode_modules\[4m
jsdom[24m\lib\jsdom\living\events\EventTarget-impl.js:104:17
[90m)[39m

[90mstderr[2m | 
src/__tests__/integration/TacticalErrorRecovery.test.tsx[2m 
> [22m[2mZENITH Tactical Error Recovery Tests[2m > 
[22m[2mProduction Error Recovery[2m > [22m[2mshould 
maintain application state after error recovery
[22m[39mError: Uncaught [Error: Stateful component failed]
    at reportException (C:\Users\damat\_REPOS\Astral Turf\node
_modules\jsdom\lib\jsdom\living\helpers\runtime-script-errors.
js:66:24)
    at innerInvokeEventListeners 
(C:\Users\damat\_REPOS\Astral Turf\node_modules\jsdom\lib\jsdo
m\living\events\EventTarget-impl.js:353:9)
    at invokeEventListeners (C:\Users\damat\_REPOS\Astral Turf
\node_modules\jsdom\lib\jsdom\living\events\EventTarget-impl.j
s:286:3)
    at HTMLUnknownElementImpl._dispatch 
(C:\Users\damat\_REPOS\Astral Turf\node_modules\jsdom\lib\jsdo
m\living\events\EventTarget-impl.js:233:9)
    at HTMLUnknownElementImpl.dispatchEvent 
(C:\Users\damat\_REPOS\Astral Turf\node_modules\jsdom\lib\jsdo
m\living\events\EventTarget-impl.js:104:17)
    at HTMLUnknownElement.dispatchEvent 
(C:\Users\damat\_REPOS\Astral Turf\node_modules\jsdom\lib\jsdo
m\living\generated\EventTarget.js:241:34)
    at Object.invokeGuardedCallbackDev 
(C:\Users\damat\_REPOS\Astral Turf\node_modules\react-dom\cjs\
react-dom.development.js:4213:16)
    at invokeGuardedCallback (C:\Users\damat\_REPOS\Astral Tur
f\node_modules\react-dom\cjs\react-dom.development.js:4277:31)
    at beginWork$1 (C:\Users\damat\_REPOS\Astral Turf\node_mod
ules\react-dom\cjs\react-dom.development.js:27490:7)
    at performUnitOfWork (C:\Users\damat\_REPOS\Astral Turf\no
de_modules\react-dom\cjs\react-dom.development.js:26599:12) 
Error: Stateful component failed
    at StatefulComponent [90m(C:\Users\damat\_REPOS\Astral Tu
rf\[39msrc\__tests__\integration\TacticalErrorRecovery.test.t
sx:689:17[90m)[39m
    at renderWithHooks [90m(C:\Users\damat\_REPOS\Astral Turf
\[39mnode_modules\[4mreact-dom[24m\cjs\react-dom.developmen
t.js:15486:18[90m)[39m
    at mountIndeterminateComponent 
[90m(C:\Users\damat\_REPOS\Astral Turf\[39mnode_modules\[4m
react-dom[24m\cjs\react-dom.development.js:20103:13[90m)[39
m
    at beginWork [90m(C:\Users\damat\_REPOS\Astral Turf\[39m
node_modules\[4mreact-dom[24m\cjs\react-dom.development.js:2
1626:16[90m)[39m
    at HTMLUnknownElement.callCallback 
[90m(C:\Users\damat\_REPOS\Astral Turf\[39mnode_modules\[4m
react-dom[24m\cjs\react-dom.development.js:4164:14[90m)[39m
    at HTMLUnknownElement.callTheUserObjectsOperation 
[90m(C:\Users\damat\_REPOS\Astral Turf\[39mnode_modules\[4m
jsdom[24m\lib\jsdom\living\generated\EventListener.js:26:30[
90m)[39m
    at innerInvokeEventListeners 
[90m(C:\Users\damat\_REPOS\Astral Turf\[39mnode_modules\[4m
jsdom[24m\lib\jsdom\living\events\EventTarget-impl.js:350:25
[90m)[39m
    at invokeEventListeners 
[90m(C:\Users\damat\_REPOS\Astral Turf\[39mnode_modules\[4m
jsdom[24m\lib\jsdom\living\events\EventTarget-impl.js:286:3[
90m)[39m
    at HTMLUnknownElementImpl._dispatch 
[90m(C:\Users\damat\_REPOS\Astral Turf\[39mnode_modules\[4m
jsdom[24m\lib\jsdom\living\events\EventTarget-impl.js:233:9[
90m)[39m
    at HTMLUnknownElementImpl.dispatchEvent 
[90m(C:\Users\damat\_REPOS\Astral Turf\[39mnode_modules\[4m
jsdom[24m\lib\jsdom\living\events\EventTarget-impl.js:104:17
[90m)[39m
Error: Uncaught [Error: Stateful component failed]
    at reportException (C:\Users\damat\_REPOS\Astral Turf\node
_modules\jsdom\lib\jsdom\living\helpers\runtime-script-errors.
js:66:24)
    at innerInvokeEventListeners 
(C:\Users\damat\_REPOS\Astral Turf\node_modules\jsdom\lib\jsdo
m\living\events\EventTarget-impl.js:353:9)
    at invokeEventListeners (C:\Users\damat\_REPOS\Astral Turf
\node_modules\jsdom\lib\jsdom\living\events\EventTarget-impl.j
s:286:3)
    at HTMLUnknownElementImpl._dispatch 
(C:\Users\damat\_REPOS\Astral Turf\node_modules\jsdom\lib\jsdo
m\living\events\EventTarget-impl.js:233:9)
    at HTMLUnknownElementImpl.dispatchEvent 
(C:\Users\damat\_REPOS\Astral Turf\node_modules\jsdom\lib\jsdo
m\living\events\EventTarget-impl.js:104:17)
    at HTMLUnknownElement.dispatchEvent 
(C:\Users\damat\_REPOS\Astral Turf\node_modules\jsdom\lib\jsdo
m\living\generated\EventTarget.js:241:34)
    at Object.invokeGuardedCallbackDev 
(C:\Users\damat\_REPOS\Astral Turf\node_modules\react-dom\cjs\
react-dom.development.js:4213:16)
    at invokeGuardedCallback (C:\Users\damat\_REPOS\Astral Tur
f\node_modules\react-dom\cjs\react-dom.development.js:4277:31)
    at beginWork$1 (C:\Users\damat\_REPOS\Astral Turf\node_mod
ules\react-dom\cjs\react-dom.development.js:27490:7)
    at performUnitOfWork (C:\Users\damat\_REPOS\Astral Turf\no
de_modules\react-dom\cjs\react-dom.development.js:26599:12) 
Error: Stateful component failed
    at StatefulComponent [90m(C:\Users\damat\_REPOS\Astral Tu
rf\[39msrc\__tests__\integration\TacticalErrorRecovery.test.t
sx:689:17[90m)[39m
    at renderWithHooks [90m(C:\Users\damat\_REPOS\Astral Turf
\[39mnode_modules\[4mreact-dom[24m\cjs\react-dom.developmen
t.js:15486:18[90m)[39m
    at mountIndeterminateComponent 
[90m(C:\Users\damat\_REPOS\Astral Turf\[39mnode_modules\[4m
react-dom[24m\cjs\react-dom.development.js:20103:13[90m)[39
m
    at beginWork [90m(C:\Users\damat\_REPOS\Astral Turf\[39m
node_modules\[4mreact-dom[24m\cjs\react-dom.development.js:2
1626:16[90m)[39m
    at HTMLUnknownElement.callCallback 
[90m(C:\Users\damat\_REPOS\Astral Turf\[39mnode_modules\[4m
react-dom[24m\cjs\react-dom.development.js:4164:14[90m)[39m
    at HTMLUnknownElement.callTheUserObjectsOperation 
[90m(C:\Users\damat\_REPOS\Astral Turf\[39mnode_modules\[4m
jsdom[24m\lib\jsdom\living\generated\EventListener.js:26:30[
90m)[39m
    at innerInvokeEventListeners 
[90m(C:\Users\damat\_REPOS\Astral Turf\[39mnode_modules\[4m
jsdom[24m\lib\jsdom\living\events\EventTarget-impl.js:350:25
[90m)[39m
    at invokeEventListeners 
[90m(C:\Users\damat\_REPOS\Astral Turf\[39mnode_modules\[4m
jsdom[24m\lib\jsdom\living\events\EventTarget-impl.js:286:3[
90m)[39m
    at HTMLUnknownElementImpl._dispatch 
[90m(C:\Users\damat\_REPOS\Astral Turf\[39mnode_modules\[4m
jsdom[24m\lib\jsdom\living\events\EventTarget-impl.js:233:9[
90m)[39m
    at HTMLUnknownElementImpl.dispatchEvent 
[90m(C:\Users\damat\_REPOS\Astral Turf\[39mnode_modules\[4m
jsdom[24m\lib\jsdom\living\events\EventTarget-impl.js:104:17
[90m)[39m

[90mstdout[2m | src/__tests__/integration/TacticalErrorRecovery.test.tsx[2m > [22m[2mZENITH Tactical Error Recovery Tests[2m > [22m[2mIntegration Error Recovery[2m > [22m[2mshould gracefully handle tactical board component errors
[22m[39m≡ƒ¢í∩╕Å Tactical Error Boundary: Tactical Board Integration

[90mstdout[2m | src/__tests__/integration/TacticalErrorRecovery.test.tsx[2m > [22m[2mZENITH Tactical Error Recovery Tests[2m > [22m[2mIntegration Error Recovery[2m > [22m[2mshould gracefully handle tactical board component errors
[22m[39m≡ƒ¢í∩╕Å Tactical Error Boundary: Tactical Board Integration

[90mstderr[2m | 
src/__tests__/integration/TacticalErrorRecovery.test.tsx[2m 
> [22m[2mZENITH Tactical Error Recovery Tests[2m > 
[22m[2mIntegration Error Recovery[2m > [22m[2mshould 
gracefully handle tactical board component errors
[22m[39mError: Uncaught [Error: useTheme must be used 
within a ThemeProvider]
    at reportException (C:\Users\damat\_REPOS\Astral Turf\node
_modules\jsdom\lib\jsdom\living\helpers\runtime-script-errors.
js:66:24)
    at innerInvokeEventListeners 
(C:\Users\damat\_REPOS\Astral Turf\node_modules\jsdom\lib\jsdo
m\living\events\EventTarget-impl.js:353:9)
    at invokeEventListeners (C:\Users\damat\_REPOS\Astral Turf
\node_modules\jsdom\lib\jsdom\living\events\EventTarget-impl.j
s:286:3)
    at HTMLUnknownElementImpl._dispatch 
(C:\Users\damat\_REPOS\Astral Turf\node_modules\jsdom\lib\jsdo
m\living\events\EventTarget-impl.js:233:9)
    at HTMLUnknownElementImpl.dispatchEvent 
(C:\Users\damat\_REPOS\Astral Turf\node_modules\jsdom\lib\jsdo
m\living\events\EventTarget-impl.js:104:17)
    at HTMLUnknownElement.dispatchEvent 
(C:\Users\damat\_REPOS\Astral Turf\node_modules\jsdom\lib\jsdo
m\living\generated\EventTarget.js:241:34)
    at Object.invokeGuardedCallbackDev 
(C:\Users\damat\_REPOS\Astral Turf\node_modules\react-dom\cjs\
react-dom.development.js:4213:16)
    at invokeGuardedCallback (C:\Users\damat\_REPOS\Astral Tur
f\node_modules\react-dom\cjs\react-dom.development.js:4277:31)
    at beginWork$1 (C:\Users\damat\_REPOS\Astral Turf\node_mod
ules\react-dom\cjs\react-dom.development.js:27490:7)
    at performUnitOfWork (C:\Users\damat\_REPOS\Astral Turf\no
de_modules\react-dom\cjs\react-dom.development.js:26599:12) 
Error: useTheme must be used within a ThemeProvider
    at useTheme [90m(C:\Users\damat\_REPOS\Astral 
Turf\[39msrc\context\ThemeContext.tsx:547:11[90m)[39m
    at UnifiedTacticsBoard [90m(C:\Users\damat\_REPOS\Astral 
Turf\[39msrc\components\tactics\UnifiedTacticsBoard.tsx:218:2
9[90m)[39m
    at renderWithHooks [90m(C:\Users\damat\_REPOS\Astral Turf
\[39mnode_modules\[4mreact-dom[24m\cjs\react-dom.developmen
t.js:15486:18[90m)[39m
    at mountIndeterminateComponent 
[90m(C:\Users\damat\_REPOS\Astral Turf\[39mnode_modules\[4m
react-dom[24m\cjs\react-dom.development.js:20103:13[90m)[39
m
    at beginWork [90m(C:\Users\damat\_REPOS\Astral Turf\[39m
node_modules\[4mreact-dom[24m\cjs\react-dom.development.js:2
1626:16[90m)[39m
    at HTMLUnknownElement.callCallback 
[90m(C:\Users\damat\_REPOS\Astral Turf\[39mnode_modules\[4m
react-dom[24m\cjs\react-dom.development.js:4164:14[90m)[39m
    at HTMLUnknownElement.callTheUserObjectsOperation 
[90m(C:\Users\damat\_REPOS\Astral Turf\[39mnode_modules\[4m
jsdom[24m\lib\jsdom\living\generated\EventListener.js:26:30[
90m)[39m
    at innerInvokeEventListeners 
[90m(C:\Users\damat\_REPOS\Astral Turf\[39mnode_modules\[4m
jsdom[24m\lib\jsdom\living\events\EventTarget-impl.js:350:25
[90m)[39m
    at invokeEventListeners 
[90m(C:\Users\damat\_REPOS\Astral Turf\[39mnode_modules\[4m
jsdom[24m\lib\jsdom\living\events\EventTarget-impl.js:286:3[
90m)[39m
    at HTMLUnknownElementImpl._dispatch 
[90m(C:\Users\damat\_REPOS\Astral Turf\[39mnode_modules\[4m
jsdom[24m\lib\jsdom\living\events\EventTarget-impl.js:233:9[
90m)[39m
Error: Uncaught [Error: useTheme must be used within a 
ThemeProvider]
    at reportException (C:\Users\damat\_REPOS\Astral Turf\node
_modules\jsdom\lib\jsdom\living\helpers\runtime-script-errors.
js:66:24)
    at innerInvokeEventListeners 
(C:\Users\damat\_REPOS\Astral Turf\node_modules\jsdom\lib\jsdo
m\living\events\EventTarget-impl.js:353:9)
    at invokeEventListeners (C:\Users\damat\_REPOS\Astral Turf
\node_modules\jsdom\lib\jsdom\living\events\EventTarget-impl.j
s:286:3)
    at HTMLUnknownElementImpl._dispatch 
(C:\Users\damat\_REPOS\Astral Turf\node_modules\jsdom\lib\jsdo
m\living\events\EventTarget-impl.js:233:9)
    at HTMLUnknownElementImpl.dispatchEvent 
(C:\Users\damat\_REPOS\Astral Turf\node_modules\jsdom\lib\jsdo
m\living\events\EventTarget-impl.js:104:17)
    at HTMLUnknownElement.dispatchEvent 
(C:\Users\damat\_REPOS\Astral Turf\node_modules\jsdom\lib\jsdo
m\living\generated\EventTarget.js:241:34)
    at Object.invokeGuardedCallbackDev 
(C:\Users\damat\_REPOS\Astral Turf\node_modules\react-dom\cjs\
react-dom.development.js:4213:16)
    at invokeGuardedCallback (C:\Users\damat\_REPOS\Astral Tur
f\node_modules\react-dom\cjs\react-dom.development.js:4277:31)
    at beginWork$1 (C:\Users\damat\_REPOS\Astral Turf\node_mod
ules\react-dom\cjs\react-dom.development.js:27490:7)
    at performUnitOfWork (C:\Users\damat\_REPOS\Astral Turf\no
de_modules\react-dom\cjs\react-dom.development.js:26599:12) 
Error: useTheme must be used within a ThemeProvider
    at useTheme [90m(C:\Users\damat\_REPOS\Astral 
Turf\[39msrc\context\ThemeContext.tsx:547:11[90m)[39m
    at UnifiedTacticsBoard [90m(C:\Users\damat\_REPOS\Astral 
Turf\[39msrc\components\tactics\UnifiedTacticsBoard.tsx:218:2
9[90m)[39m
    at renderWithHooks [90m(C:\Users\damat\_REPOS\Astral Turf
\[39mnode_modules\[4mreact-dom[24m\cjs\react-dom.developmen
t.js:15486:18[90m)[39m
    at mountIndeterminateComponent 
[90m(C:\Users\damat\_REPOS\Astral Turf\[39mnode_modules\[4m
react-dom[24m\cjs\react-dom.development.js:20103:13[90m)[39
m
    at beginWork [90m(C:\Users\damat\_REPOS\Astral Turf\[39m
node_modules\[4mreact-dom[24m\cjs\react-dom.development.js:2
1626:16[90m)[39m
    at HTMLUnknownElement.callCallback 
[90m(C:\Users\damat\_REPOS\Astral Turf\[39mnode_modules\[4m
react-dom[24m\cjs\react-dom.development.js:4164:14[90m)[39m
    at HTMLUnknownElement.callTheUserObjectsOperation 
[90m(C:\Users\damat\_REPOS\Astral Turf\[39mnode_modules\[4m
jsdom[24m\lib\jsdom\living\generated\EventListener.js:26:30[
90m)[39m
    at innerInvokeEventListeners 
[90m(C:\Users\damat\_REPOS\Astral Turf\[39mnode_modules\[4m
jsdom[24m\lib\jsdom\living\events\EventTarget-impl.js:350:25
[90m)[39m
    at invokeEventListeners 
[90m(C:\Users\damat\_REPOS\Astral Turf\[39mnode_modules\[4m
jsdom[24m\lib\jsdom\living\events\EventTarget-impl.js:286:3[
90m)[39m
    at HTMLUnknownElementImpl._dispatch 
[90m(C:\Users\damat\_REPOS\Astral Turf\[39mnode_modules\[4m
jsdom[24m\lib\jsdom\living\events\EventTarget-impl.js:233:9[
90m)[39m

[90mstderr[2m | 
src/__tests__/integration/TacticalErrorRecovery.test.tsx[2m 
> [22m[2mZENITH Tactical Error Recovery Tests[2m > 
[22m[2mIntegration Error Recovery[2m > [22m[2mshould 
gracefully handle tactical board component errors
[22m[39mError: Uncaught [Error: useTheme must be used 
within a ThemeProvider]
    at reportException (C:\Users\damat\_REPOS\Astral Turf\node
_modules\jsdom\lib\jsdom\living\helpers\runtime-script-errors.
js:66:24)
    at innerInvokeEventListeners 
(C:\Users\damat\_REPOS\Astral Turf\node_modules\jsdom\lib\jsdo
m\living\events\EventTarget-impl.js:353:9)
    at invokeEventListeners (C:\Users\damat\_REPOS\Astral Turf
\node_modules\jsdom\lib\jsdom\living\events\EventTarget-impl.j
s:286:3)
    at HTMLUnknownElementImpl._dispatch 
(C:\Users\damat\_REPOS\Astral Turf\node_modules\jsdom\lib\jsdo
m\living\events\EventTarget-impl.js:233:9)
    at HTMLUnknownElementImpl.dispatchEvent 
(C:\Users\damat\_REPOS\Astral Turf\node_modules\jsdom\lib\jsdo
m\living\events\EventTarget-impl.js:104:17)
    at HTMLUnknownElement.dispatchEvent 
(C:\Users\damat\_REPOS\Astral Turf\node_modules\jsdom\lib\jsdo
m\living\generated\EventTarget.js:241:34)
    at Object.invokeGuardedCallbackDev 
(C:\Users\damat\_REPOS\Astral Turf\node_modules\react-dom\cjs\
react-dom.development.js:4213:16)
    at invokeGuardedCallback (C:\Users\damat\_REPOS\Astral Tur
f\node_modules\react-dom\cjs\react-dom.development.js:4277:31)
    at beginWork$1 (C:\Users\damat\_REPOS\Astral Turf\node_mod
ules\react-dom\cjs\react-dom.development.js:27490:7)
    at performUnitOfWork (C:\Users\damat\_REPOS\Astral Turf\no
de_modules\react-dom\cjs\react-dom.development.js:26599:12) 
Error: useTheme must be used within a ThemeProvider
    at useTheme [90m(C:\Users\damat\_REPOS\Astral 
Turf\[39msrc\context\ThemeContext.tsx:547:11[90m)[39m
    at UnifiedTacticsBoard [90m(C:\Users\damat\_REPOS\Astral 
Turf\[39msrc\components\tactics\UnifiedTacticsBoard.tsx:218:2
9[90m)[39m
    at renderWithHooks [90m(C:\Users\damat\_REPOS\Astral Turf
\[39mnode_modules\[4mreact-dom[24m\cjs\react-dom.developmen
t.js:15486:18[90m)[39m
    at mountIndeterminateComponent 
[90m(C:\Users\damat\_REPOS\Astral Turf\[39mnode_modules\[4m
react-dom[24m\cjs\react-dom.development.js:20103:13[90m)[39
m
    at beginWork [90m(C:\Users\damat\_REPOS\Astral Turf\[39m
node_modules\[4mreact-dom[24m\cjs\react-dom.development.js:2
1626:16[90m)[39m
    at HTMLUnknownElement.callCallback 
[90m(C:\Users\damat\_REPOS\Astral Turf\[39mnode_modules\[4m
react-dom[24m\cjs\react-dom.development.js:4164:14[90m)[39m
    at HTMLUnknownElement.callTheUserObjectsOperation 
[90m(C:\Users\damat\_REPOS\Astral Turf\[39mnode_modules\[4m
jsdom[24m\lib\jsdom\living\generated\EventListener.js:26:30[
90m)[39m
    at innerInvokeEventListeners 
[90m(C:\Users\damat\_REPOS\Astral Turf\[39mnode_modules\[4m
jsdom[24m\lib\jsdom\living\events\EventTarget-impl.js:350:25
[90m)[39m
    at invokeEventListeners 
[90m(C:\Users\damat\_REPOS\Astral Turf\[39mnode_modules\[4m
jsdom[24m\lib\jsdom\living\events\EventTarget-impl.js:286:3[
90m)[39m
    at HTMLUnknownElementImpl._dispatch 
[90m(C:\Users\damat\_REPOS\Astral Turf\[39mnode_modules\[4m
jsdom[24m\lib\jsdom\living\events\EventTarget-impl.js:233:9[
90m)[39m
Error: Uncaught [Error: useTheme must be used within a 
ThemeProvider]
    at reportException (C:\Users\damat\_REPOS\Astral Turf\node
_modules\jsdom\lib\jsdom\living\helpers\runtime-script-errors.
js:66:24)
    at innerInvokeEventListeners 
(C:\Users\damat\_REPOS\Astral Turf\node_modules\jsdom\lib\jsdo
m\living\events\EventTarget-impl.js:353:9)
    at invokeEventListeners (C:\Users\damat\_REPOS\Astral Turf
\node_modules\jsdom\lib\jsdom\living\events\EventTarget-impl.j
s:286:3)
    at HTMLUnknownElementImpl._dispatch 
(C:\Users\damat\_REPOS\Astral Turf\node_modules\jsdom\lib\jsdo
m\living\events\EventTarget-impl.js:233:9)
    at HTMLUnknownElementImpl.dispatchEvent 
(C:\Users\damat\_REPOS\Astral Turf\node_modules\jsdom\lib\jsdo
m\living\events\EventTarget-impl.js:104:17)
    at HTMLUnknownElement.dispatchEvent 
(C:\Users\damat\_REPOS\Astral Turf\node_modules\jsdom\lib\jsdo
m\living\generated\EventTarget.js:241:34)
    at Object.invokeGuardedCallbackDev 
(C:\Users\damat\_REPOS\Astral Turf\node_modules\react-dom\cjs\
react-dom.development.js:4213:16)
    at invokeGuardedCallback (C:\Users\damat\_REPOS\Astral Tur
f\node_modules\react-dom\cjs\react-dom.development.js:4277:31)
    at beginWork$1 (C:\Users\damat\_REPOS\Astral Turf\node_mod
ules\react-dom\cjs\react-dom.development.js:27490:7)
    at performUnitOfWork (C:\Users\damat\_REPOS\Astral Turf\no
de_modules\react-dom\cjs\react-dom.development.js:26599:12) 
Error: useTheme must be used within a ThemeProvider
    at useTheme [90m(C:\Users\damat\_REPOS\Astral 
Turf\[39msrc\context\ThemeContext.tsx:547:11[90m)[39m
    at UnifiedTacticsBoard [90m(C:\Users\damat\_REPOS\Astral 
Turf\[39msrc\components\tactics\UnifiedTacticsBoard.tsx:218:2
9[90m)[39m
    at renderWithHooks [90m(C:\Users\damat\_REPOS\Astral Turf
\[39mnode_modules\[4mreact-dom[24m\cjs\react-dom.developmen
t.js:15486:18[90m)[39m
    at mountIndeterminateComponent 
[90m(C:\Users\damat\_REPOS\Astral Turf\[39mnode_modules\[4m
react-dom[24m\cjs\react-dom.development.js:20103:13[90m)[39
m
    at beginWork [90m(C:\Users\damat\_REPOS\Astral Turf\[39m
node_modules\[4mreact-dom[24m\cjs\react-dom.development.js:2
1626:16[90m)[39m
    at HTMLUnknownElement.callCallback 
[90m(C:\Users\damat\_REPOS\Astral Turf\[39mnode_modules\[4m
react-dom[24m\cjs\react-dom.development.js:4164:14[90m)[39m
    at HTMLUnknownElement.callTheUserObjectsOperation 
[90m(C:\Users\damat\_REPOS\Astral Turf\[39mnode_modules\[4m
jsdom[24m\lib\jsdom\living\generated\EventListener.js:26:30[
90m)[39m
    at innerInvokeEventListeners 
[90m(C:\Users\damat\_REPOS\Astral Turf\[39mnode_modules\[4m
jsdom[24m\lib\jsdom\living\events\EventTarget-impl.js:350:25
[90m)[39m
    at invokeEventListeners 
[90m(C:\Users\damat\_REPOS\Astral Turf\[39mnode_modules\[4m
jsdom[24m\lib\jsdom\living\events\EventTarget-impl.js:286:3[
90m)[39m
    at HTMLUnknownElementImpl._dispatch 
[90m(C:\Users\damat\_REPOS\Astral Turf\[39mnode_modules\[4m
jsdom[24m\lib\jsdom\living\events\EventTarget-impl.js:233:9[
90m)[39m

[90mstdout[2m | src/__tests__/integration/TacticalErrorRecovery.test.tsx[2m > [22m[2mZENITH Tactical Error Recovery Tests[2m > [22m[2mIntegration Error Recovery[2m > [22m[2mshould recover from tactical data corruption
[22m[39m≡ƒ¢í∩╕Å Tactical Error Boundary: Data Corruption Test

[90mstdout[2m | src/__tests__/integration/TacticalErrorRecovery.test.tsx[2m > [22m[2mZENITH Tactical Error Recovery Tests[2m > [22m[2mIntegration Error Recovery[2m > [22m[2mshould recover from tactical data corruption
[22m[39m≡ƒ¢í∩╕Å Tactical Error Boundary: Data Corruption Test

[90mstderr[2m | 
src/__tests__/integration/TacticalErrorRecovery.test.tsx[2m 
> [22m[2mZENITH Tactical Error Recovery Tests[2m > 
[22m[2mIntegration Error Recovery[2m > [22m[2mshould 
recover from tactical data corruption
[22m[39mError: Uncaught [Error: useTheme must be used 
within a ThemeProvider]
    at reportException (C:\Users\damat\_REPOS\Astral Turf\node
_modules\jsdom\lib\jsdom\living\helpers\runtime-script-errors.
js:66:24)
    at innerInvokeEventListeners 
(C:\Users\damat\_REPOS\Astral Turf\node_modules\jsdom\lib\jsdo
m\living\events\EventTarget-impl.js:353:9)
    at invokeEventListeners (C:\Users\damat\_REPOS\Astral Turf
\node_modules\jsdom\lib\jsdom\living\events\EventTarget-impl.j
s:286:3)
    at HTMLUnknownElementImpl._dispatch 
(C:\Users\damat\_REPOS\Astral Turf\node_modules\jsdom\lib\jsdo
m\living\events\EventTarget-impl.js:233:9)
    at HTMLUnknownElementImpl.dispatchEvent 
(C:\Users\damat\_REPOS\Astral Turf\node_modules\jsdom\lib\jsdo
m\living\events\EventTarget-impl.js:104:17)
    at HTMLUnknownElement.dispatchEvent 
(C:\Users\damat\_REPOS\Astral Turf\node_modules\jsdom\lib\jsdo
m\living\generated\EventTarget.js:241:34)
    at Object.invokeGuardedCallbackDev 
(C:\Users\damat\_REPOS\Astral Turf\node_modules\react-dom\cjs\
react-dom.development.js:4213:16)
    at invokeGuardedCallback (C:\Users\damat\_REPOS\Astral Tur
f\node_modules\react-dom\cjs\react-dom.development.js:4277:31)
    at beginWork$1 (C:\Users\damat\_REPOS\Astral Turf\node_mod
ules\react-dom\cjs\react-dom.development.js:27490:7)
    at performUnitOfWork (C:\Users\damat\_REPOS\Astral Turf\no
de_modules\react-dom\cjs\react-dom.development.js:26599:12) 
Error: useTheme must be used within a ThemeProvider
    at useTheme [90m(C:\Users\damat\_REPOS\Astral 
Turf\[39msrc\context\ThemeContext.tsx:547:11[90m)[39m
    at UnifiedTacticsBoard [90m(C:\Users\damat\_REPOS\Astral 
Turf\[39msrc\components\tactics\UnifiedTacticsBoard.tsx:218:2
9[90m)[39m
    at renderWithHooks [90m(C:\Users\damat\_REPOS\Astral Turf
\[39mnode_modules\[4mreact-dom[24m\cjs\react-dom.developmen
t.js:15486:18[90m)[39m
    at mountIndeterminateComponent 
[90m(C:\Users\damat\_REPOS\Astral Turf\[39mnode_modules\[4m
react-dom[24m\cjs\react-dom.development.js:20103:13[90m)[39
m
    at beginWork [90m(C:\Users\damat\_REPOS\Astral Turf\[39m
node_modules\[4mreact-dom[24m\cjs\react-dom.development.js:2
1626:16[90m)[39m
    at HTMLUnknownElement.callCallback 
[90m(C:\Users\damat\_REPOS\Astral Turf\[39mnode_modules\[4m
react-dom[24m\cjs\react-dom.development.js:4164:14[90m)[39m
    at HTMLUnknownElement.callTheUserObjectsOperation 
[90m(C:\Users\damat\_REPOS\Astral Turf\[39mnode_modules\[4m
jsdom[24m\lib\jsdom\living\generated\EventListener.js:26:30[
90m)[39m
    at innerInvokeEventListeners 
[90m(C:\Users\damat\_REPOS\Astral Turf\[39mnode_modules\[4m
jsdom[24m\lib\jsdom\living\events\EventTarget-impl.js:350:25
[90m)[39m
    at invokeEventListeners 
[90m(C:\Users\damat\_REPOS\Astral Turf\[39mnode_modules\[4m
jsdom[24m\lib\jsdom\living\events\EventTarget-impl.js:286:3[
90m)[39m
    at HTMLUnknownElementImpl._dispatch 
[90m(C:\Users\damat\_REPOS\Astral Turf\[39mnode_modules\[4m
jsdom[24m\lib\jsdom\living\events\EventTarget-impl.js:233:9[
90m)[39m
Error: Uncaught [Error: useTheme must be used within a 
ThemeProvider]
    at reportException (C:\Users\damat\_REPOS\Astral Turf\node
_modules\jsdom\lib\jsdom\living\helpers\runtime-script-errors.
js:66:24)
    at innerInvokeEventListeners 
(C:\Users\damat\_REPOS\Astral Turf\node_modules\jsdom\lib\jsdo
m\living\events\EventTarget-impl.js:353:9)
    at invokeEventListeners (C:\Users\damat\_REPOS\Astral Turf
\node_modules\jsdom\lib\jsdom\living\events\EventTarget-impl.j
s:286:3)
    at HTMLUnknownElementImpl._dispatch 
(C:\Users\damat\_REPOS\Astral Turf\node_modules\jsdom\lib\jsdo
m\living\events\EventTarget-impl.js:233:9)
    at HTMLUnknownElementImpl.dispatchEvent 
(C:\Users\damat\_REPOS\Astral Turf\node_modules\jsdom\lib\jsdo
m\living\events\EventTarget-impl.js:104:17)
    at HTMLUnknownElement.dispatchEvent 
(C:\Users\damat\_REPOS\Astral Turf\node_modules\jsdom\lib\jsdo
m\living\generated\EventTarget.js:241:34)
    at Object.invokeGuardedCallbackDev 
(C:\Users\damat\_REPOS\Astral Turf\node_modules\react-dom\cjs\
react-dom.development.js:4213:16)
    at invokeGuardedCallback (C:\Users\damat\_REPOS\Astral Tur
f\node_modules\react-dom\cjs\react-dom.development.js:4277:31)
    at beginWork$1 (C:\Users\damat\_REPOS\Astral Turf\node_mod
ules\react-dom\cjs\react-dom.development.js:27490:7)
    at performUnitOfWork (C:\Users\damat\_REPOS\Astral Turf\no
de_modules\react-dom\cjs\react-dom.development.js:26599:12) 
Error: useTheme must be used within a ThemeProvider
    at useTheme [90m(C:\Users\damat\_REPOS\Astral 
Turf\[39msrc\context\ThemeContext.tsx:547:11[90m)[39m
    at UnifiedTacticsBoard [90m(C:\Users\damat\_REPOS\Astral 
Turf\[39msrc\components\tactics\UnifiedTacticsBoard.tsx:218:2
9[90m)[39m
    at renderWithHooks [90m(C:\Users\damat\_REPOS\Astral Turf
\[39mnode_modules\[4mreact-dom[24m\cjs\react-dom.developmen
t.js:15486:18[90m)[39m
    at mountIndeterminateComponent 
[90m(C:\Users\damat\_REPOS\Astral Turf\[39mnode_modules\[4m
react-dom[24m\cjs\react-dom.development.js:20103:13[90m)[39
m
    at beginWork [90m(C:\Users\damat\_REPOS\Astral Turf\[39m
node_modules\[4mreact-dom[24m\cjs\react-dom.development.js:2
1626:16[90m)[39m
    at HTMLUnknownElement.callCallback 
[90m(C:\Users\damat\_REPOS\Astral Turf\[39mnode_modules\[4m
react-dom[24m\cjs\react-dom.development.js:4164:14[90m)[39m
    at HTMLUnknownElement.callTheUserObjectsOperation 
[90m(C:\Users\damat\_REPOS\Astral Turf\[39mnode_modules\[4m
jsdom[24m\lib\jsdom\living\generated\EventListener.js:26:30[
90m)[39m
    at innerInvokeEventListeners 
[90m(C:\Users\damat\_REPOS\Astral Turf\[39mnode_modules\[4m
jsdom[24m\lib\jsdom\living\events\EventTarget-impl.js:350:25
[90m)[39m
    at invokeEventListeners 
[90m(C:\Users\damat\_REPOS\Astral Turf\[39mnode_modules\[4m
jsdom[24m\lib\jsdom\living\events\EventTarget-impl.js:286:3[
90m)[39m
    at HTMLUnknownElementImpl._dispatch 
[90m(C:\Users\damat\_REPOS\Astral Turf\[39mnode_modules\[4m
jsdom[24m\lib\jsdom\living\events\EventTarget-impl.js:233:9[
90m)[39m

[90mstderr[2m | 
src/__tests__/integration/TacticalErrorRecovery.test.tsx[2m 
> [22m[2mZENITH Tactical Error Recovery Tests[2m > 
[22m[2mIntegration Error Recovery[2m > [22m[2mshould 
recover from tactical data corruption
[22m[39mError: Uncaught [Error: useTheme must be used 
within a ThemeProvider]
    at reportException (C:\Users\damat\_REPOS\Astral Turf\node
_modules\jsdom\lib\jsdom\living\helpers\runtime-script-errors.
js:66:24)
    at innerInvokeEventListeners 
(C:\Users\damat\_REPOS\Astral Turf\node_modules\jsdom\lib\jsdo
m\living\events\EventTarget-impl.js:353:9)
    at invokeEventListeners (C:\Users\damat\_REPOS\Astral Turf
\node_modules\jsdom\lib\jsdom\living\events\EventTarget-impl.j
s:286:3)
    at HTMLUnknownElementImpl._dispatch 
(C:\Users\damat\_REPOS\Astral Turf\node_modules\jsdom\lib\jsdo
m\living\events\EventTarget-impl.js:233:9)
    at HTMLUnknownElementImpl.dispatchEvent 
(C:\Users\damat\_REPOS\Astral Turf\node_modules\jsdom\lib\jsdo
m\living\events\EventTarget-impl.js:104:17)
    at HTMLUnknownElement.dispatchEvent 
(C:\Users\damat\_REPOS\Astral Turf\node_modules\jsdom\lib\jsdo
m\living\generated\EventTarget.js:241:34)
    at Object.invokeGuardedCallbackDev 
(C:\Users\damat\_REPOS\Astral Turf\node_modules\react-dom\cjs\
react-dom.development.js:4213:16)
    at invokeGuardedCallback (C:\Users\damat\_REPOS\Astral Tur
f\node_modules\react-dom\cjs\react-dom.development.js:4277:31)
    at beginWork$1 (C:\Users\damat\_REPOS\Astral Turf\node_mod
ules\react-dom\cjs\react-dom.development.js:27490:7)
    at performUnitOfWork (C:\Users\damat\_REPOS\Astral Turf\no
de_modules\react-dom\cjs\react-dom.development.js:26599:12) 
Error: useTheme must be used within a ThemeProvider
    at useTheme [90m(C:\Users\damat\_REPOS\Astral 
Turf\[39msrc\context\ThemeContext.tsx:547:11[90m)[39m
    at UnifiedTacticsBoard [90m(C:\Users\damat\_REPOS\Astral 
Turf\[39msrc\components\tactics\UnifiedTacticsBoard.tsx:218:2
9[90m)[39m
    at renderWithHooks [90m(C:\Users\damat\_REPOS\Astral Turf
\[39mnode_modules\[4mreact-dom[24m\cjs\react-dom.developmen
t.js:15486:18[90m)[39m
    at mountIndeterminateComponent 
[90m(C:\Users\damat\_REPOS\Astral Turf\[39mnode_modules\[4m
react-dom[24m\cjs\react-dom.development.js:20103:13[90m)[39
m
    at beginWork [90m(C:\Users\damat\_REPOS\Astral Turf\[39m
node_modules\[4mreact-dom[24m\cjs\react-dom.development.js:2
1626:16[90m)[39m
    at HTMLUnknownElement.callCallback 
[90m(C:\Users\damat\_REPOS\Astral Turf\[39mnode_modules\[4m
react-dom[24m\cjs\react-dom.development.js:4164:14[90m)[39m
    at HTMLUnknownElement.callTheUserObjectsOperation 
[90m(C:\Users\damat\_REPOS\Astral Turf\[39mnode_modules\[4m
jsdom[24m\lib\jsdom\living\generated\EventListener.js:26:30[
90m)[39m
    at innerInvokeEventListeners 
[90m(C:\Users\damat\_REPOS\Astral Turf\[39mnode_modules\[4m
jsdom[24m\lib\jsdom\living\events\EventTarget-impl.js:350:25
[90m)[39m
    at invokeEventListeners 
[90m(C:\Users\damat\_REPOS\Astral Turf\[39mnode_modules\[4m
jsdom[24m\lib\jsdom\living\events\EventTarget-impl.js:286:3[
90m)[39m
    at HTMLUnknownElementImpl._dispatch 
[90m(C:\Users\damat\_REPOS\Astral Turf\[39mnode_modules\[4m
jsdom[24m\lib\jsdom\living\events\EventTarget-impl.js:233:9[
90m)[39m
Error: Uncaught [Error: useTheme must be used within a 
ThemeProvider]
    at reportException (C:\Users\damat\_REPOS\Astral Turf\node
_modules\jsdom\lib\jsdom\living\helpers\runtime-script-errors.
js:66:24)
    at innerInvokeEventListeners 
(C:\Users\damat\_REPOS\Astral Turf\node_modules\jsdom\lib\jsdo
m\living\events\EventTarget-impl.js:353:9)
    at invokeEventListeners (C:\Users\damat\_REPOS\Astral Turf
\node_modules\jsdom\lib\jsdom\living\events\EventTarget-impl.j
s:286:3)
    at HTMLUnknownElementImpl._dispatch 
(C:\Users\damat\_REPOS\Astral Turf\node_modules\jsdom\lib\jsdo
m\living\events\EventTarget-impl.js:233:9)
    at HTMLUnknownElementImpl.dispatchEvent 
(C:\Users\damat\_REPOS\Astral Turf\node_modules\jsdom\lib\jsdo
m\living\events\EventTarget-impl.js:104:17)
    at HTMLUnknownElement.dispatchEvent 
(C:\Users\damat\_REPOS\Astral Turf\node_modules\jsdom\lib\jsdo
m\living\generated\EventTarget.js:241:34)
    at Object.invokeGuardedCallbackDev 
(C:\Users\damat\_REPOS\Astral Turf\node_modules\react-dom\cjs\
react-dom.development.js:4213:16)
    at invokeGuardedCallback (C:\Users\damat\_REPOS\Astral Tur
f\node_modules\react-dom\cjs\react-dom.development.js:4277:31)
    at beginWork$1 (C:\Users\damat\_REPOS\Astral Turf\node_mod
ules\react-dom\cjs\react-dom.development.js:27490:7)
    at performUnitOfWork (C:\Users\damat\_REPOS\Astral Turf\no
de_modules\react-dom\cjs\react-dom.development.js:26599:12) 
Error: useTheme must be used within a ThemeProvider
    at useTheme [90m(C:\Users\damat\_REPOS\Astral 
Turf\[39msrc\context\ThemeContext.tsx:547:11[90m)[39m
    at UnifiedTacticsBoard [90m(C:\Users\damat\_REPOS\Astral 
Turf\[39msrc\components\tactics\UnifiedTacticsBoard.tsx:218:2
9[90m)[39m
    at renderWithHooks [90m(C:\Users\damat\_REPOS\Astral Turf
\[39mnode_modules\[4mreact-dom[24m\cjs\react-dom.developmen
t.js:15486:18[90m)[39m
    at mountIndeterminateComponent 
[90m(C:\Users\damat\_REPOS\Astral Turf\[39mnode_modules\[4m
react-dom[24m\cjs\react-dom.development.js:20103:13[90m)[39
m
    at beginWork [90m(C:\Users\damat\_REPOS\Astral Turf\[39m
node_modules\[4mreact-dom[24m\cjs\react-dom.development.js:2
1626:16[90m)[39m
    at HTMLUnknownElement.callCallback 
[90m(C:\Users\damat\_REPOS\Astral Turf\[39mnode_modules\[4m
react-dom[24m\cjs\react-dom.development.js:4164:14[90m)[39m
    at HTMLUnknownElement.callTheUserObjectsOperation 
[90m(C:\Users\damat\_REPOS\Astral Turf\[39mnode_modules\[4m
jsdom[24m\lib\jsdom\living\generated\EventListener.js:26:30[
90m)[39m
    at innerInvokeEventListeners 
[90m(C:\Users\damat\_REPOS\Astral Turf\[39mnode_modules\[4m
jsdom[24m\lib\jsdom\living\events\EventTarget-impl.js:350:25
[90m)[39m
    at invokeEventListeners 
[90m(C:\Users\damat\_REPOS\Astral Turf\[39mnode_modules\[4m
jsdom[24m\lib\jsdom\living\events\EventTarget-impl.js:286:3[
90m)[39m
    at HTMLUnknownElementImpl._dispatch 
[90m(C:\Users\damat\_REPOS\Astral Turf\[39mnode_modules\[4m
jsdom[24m\lib\jsdom\living\events\EventTarget-impl.js:233:9[
90m)[39m

 [32mΓ£ô[39m src/__tests__/integration/TacticalErrorRecovery.test.tsx[2m > [22mZENITH Tactical Error Recovery Tests[2m > [22mProduction Error Recovery[2m > [22mshould provide user-friendly error messages in production[32m 6[2mms[22m[39m[35m 162 MB heap used[39m
 [32mΓ£ô[39m src/__tests__/integration/TacticalErrorRecovery.test.tsx[2m > [22mZENITH Tactical Error Recovery Tests[2m > [22mProduction Error Recovery[2m > [22mshould report errors to monitoring service in production[32m 9[2mms[22m[39m[35m 77 MB heap used[39m
 [32mΓ£ô[39m src/__tests__/integration/TacticalErrorRecovery.test.tsx[2m > [22mZENITH Tactical Error Recovery Tests[2m > [22mProduction Error Recovery[2m > [22mshould maintain application state after error recovery[32m 74[2mms[22m[39m[35m 80 MB heap used[39m
 [32mΓ£ô[39m src/__tests__/integration/TacticalErrorRecovery.test.tsx[2m > [22mZENITH Tactical Error Recovery Tests[2m > [22mIntegration Error Recovery[2m > [22mshould gracefully handle tactical board component errors[32m 15[2mms[22m[39m[35m 87 MB heap used[39m
 [32mΓ£ô[39m src/__tests__/integration/TacticalErrorRecovery.test.tsx[2m > [22mZENITH Tactical Error Recovery Tests[2m > [22mIntegration Error Recovery[2m > [22mshould recover from tactical data corruption[32m 7[2mms[22m[39m[35m 90 MB heap used[39m
 [32mΓ£ô[39m src/__tests__/integration/TacticalErrorRecovery.test.tsx [2m([22m[2m21 tests[22m[2m | [22m[33m1 skipped[39m[2m)[22m[33m 3161[2mms[22m[39m[35m 90 MB heap used[39m
   [33m[2mΓ£ô[22m[39m ZENITH Tactical Error Recovery Tests[2m > [22mNetwork Failure Scenarios[2m > [22mshould handle high network latency gracefully [33m 2015[2mms[22m[39m
   [33m[2mΓ£ô[22m[39m ZENITH Tactical Error Recovery Tests[2m > [22mNetwork Failure Scenarios[2m > [22mshould implement exponential backoff for failed requests [33m 356[2mms[22m[39m

[31mΓÄ»ΓÄ»ΓÄ»ΓÄ»ΓÄ»ΓÄ»[39m[1m[41m Failed Suites 5 
[49m[22m[31mΓÄ»ΓÄ»ΓÄ»ΓÄ»ΓÄ»ΓÄ»ΓÄ»[39m

[41m[1m FAIL [22m[49m src/__tests__/integration/enhanced-u
nified-tactics-board.test.tsx[2m [ src/__tests__/integration/
enhanced-unified-tactics-board.test.tsx ][22m
[41m[1m FAIL [22m[49m 
src/__tests__/integration/TacticalBoardWorkflow.test.tsx[2m 
[ src/__tests__/integration/TacticalBoardWorkflow.test.tsx 
][22m
[31m[1mError[22m: Failed to resolve import 
"@faker-js/faker" from 
"src/__tests__/utils/enhanced-mock-generators.ts". Does the 
file exist?[39m
  Plugin: [35mvite:import-analysis[39m
  File: [36mC:/Users/damat/_REPOS/Astral 
Turf/src/__tests__/utils/enhanced-mock-generators.ts[39m:2:22
[33m  1  |  import { faker } from "@faker-js/faker";
     |                         ^
  2  |  faker.seed(456);
  3  |  export const generateFormationSlot = (overrides = {}) 
=> {[39m
[90m [2mΓ¥»[22m TransformPluginContext._formatLog ../Astral
%20Turf/node_modules/vite/dist/node/chunks/dep-Bm2ujbhY.js:[2
m31185:43[22m[39m
[90m [2mΓ¥»[22m TransformPluginContext.error ../Astral%20Tu
rf/node_modules/vite/dist/node/chunks/dep-Bm2ujbhY.js:[2m3118
2:14[22m[39m
[90m [2mΓ¥»[22m normalizeUrl ../Astral%20Turf/node_modules/
vite/dist/node/chunks/dep-Bm2ujbhY.js:[2m29665:18[22m[39m
[90m [2mΓ¥»[22m ../Astral%20Turf/node_modules/vite/dist/nod
e/chunks/dep-Bm2ujbhY.js:[2m29723:32[22m[39m
[90m [2mΓ¥»[22m TransformPluginContext.transform ../Astral%
20Turf/node_modules/vite/dist/node/chunks/dep-Bm2ujbhY.js:[2m
29691:4[22m[39m
[90m [2mΓ¥»[22m EnvironmentPluginContainer.transform ../Ast
ral%20Turf/node_modules/vite/dist/node/chunks/dep-Bm2ujbhY.js:
[2m30984:14[22m[39m
[90m [2mΓ¥»[22m loadAndTransform ../Astral%20Turf/node_modu
les/vite/dist/node/chunks/dep-Bm2ujbhY.js:[2m26116:26[22m[3
9m

[31m[2mΓÄ»ΓÄ»ΓÄ»ΓÄ»ΓÄ»ΓÄ»ΓÄ»ΓÄ»ΓÄ»ΓÄ»ΓÄ»ΓÄ»ΓÄ»ΓÄ»ΓÄ»ΓÄ»ΓÄ»ΓÄ
»ΓÄ»ΓÄ»ΓÄ»ΓÄ»ΓÄ»[1/26]ΓÄ»[22m[39m

[41m[1m FAIL [22m[49m src/__tests__/integration/formation-
management.integration.test.tsx[2m [ src/__tests__/integratio
n/formation-management.integration.test.tsx ][22m
[31m[1mError[22m: Failed to resolve import 
"@faker-js/faker" from 
"src/__tests__/utils/enhanced-mock-generators.ts". Does the 
file exist?[39m
  Plugin: [35mvite:import-analysis[39m
  File: [36mC:/Users/damat/_REPOS/Astral 
Turf/src/__tests__/utils/enhanced-mock-generators.ts[39m:2:22
[33m  1  |  import { faker } from "@faker-js/faker";
     |                         ^
  2  |  faker.seed(456);
  3  |  export const generateFormationSlot = (overrides = {}) 
=> {[39m
[90m [2mΓ¥»[22m TransformPluginContext._formatLog ../Astral
%20Turf/node_modules/vite/dist/node/chunks/dep-Bm2ujbhY.js:[2
m31185:43[22m[39m
[90m [2mΓ¥»[22m TransformPluginContext.error ../Astral%20Tu
rf/node_modules/vite/dist/node/chunks/dep-Bm2ujbhY.js:[2m3118
2:14[22m[39m
[90m [2mΓ¥»[22m normalizeUrl ../Astral%20Turf/node_modules/
vite/dist/node/chunks/dep-Bm2ujbhY.js:[2m29665:18[22m[39m
[90m [2mΓ¥»[22m ../Astral%20Turf/node_modules/vite/dist/nod
e/chunks/dep-Bm2ujbhY.js:[2m29723:32[22m[39m
[90m [2mΓ¥»[22m TransformPluginContext.transform ../Astral%
20Turf/node_modules/vite/dist/node/chunks/dep-Bm2ujbhY.js:[2m
29691:4[22m[39m
[90m [2mΓ¥»[22m EnvironmentPluginContainer.transform ../Ast
ral%20Turf/node_modules/vite/dist/node/chunks/dep-Bm2ujbhY.js:
[2m30984:14[22m[39m
[90m [2mΓ¥»[22m loadAndTransform ../Astral%20Turf/node_modu
les/vite/dist/node/chunks/dep-Bm2ujbhY.js:[2m26116:26[22m[3
9m

[31m[2mΓÄ»ΓÄ»ΓÄ»ΓÄ»ΓÄ»ΓÄ»ΓÄ»ΓÄ»ΓÄ»ΓÄ»ΓÄ»ΓÄ»ΓÄ»ΓÄ»ΓÄ»ΓÄ»ΓÄ»ΓÄ
»ΓÄ»ΓÄ»ΓÄ»ΓÄ»ΓÄ»[2/26]ΓÄ»[22m[39m

[41m[1m FAIL [22m[49m 
src/__tests__/integration/LoginFlow.test.tsx[2m [ 
src/__tests__/integration/LoginFlow.test.tsx ][22m
[31m[1mError[22m: [vitest] There was an error when mocking 
a module. If you are using "vi.mock" factory, make sure there 
are no top level variables inside, since this call is hoisted 
to top of the file. Read more: 
https://vitest.dev/api/vi.html#vi-mock[39m
[36m [2mΓ¥»[22m src/pages/LoginPage.tsx:[2m5:1[22m[39m
    [90m  3| [39m[35mimport[39m { useAuthContext } 
[35mfrom[39m [32m'../hooks/useAuthContext'[39m[33m;[39m
    [90m  4| [39m[35mimport[39m { useResponsive } 
[35mfrom[39m [32m'../hooks'[39m[33m;[39m
    [90m  5| [39m[35mimport[39m { authService } 
[35mfrom[39m [32m'../services/authService'[39m[33m;[39m
    [90m   | [39m[31m^[39m
    [90m  6| [39m[35mimport[39m {
    [90m  7| [39m  [33mLoadingSpinner[39m[33m,[39m

[31m[1mCaused by: ReferenceError[22m: Cannot access 
'mockAuthService' before initialization[39m
[36m [2mΓ¥»[22m src/__tests__/integration/LoginFlow.test.ts
x:[2m29:16[22m[39m
[90m [2mΓ¥»[22m src/pages/LoginPage.tsx:[2m5:1[22m[39m

[31m[2mΓÄ»ΓÄ»ΓÄ»ΓÄ»ΓÄ»ΓÄ»ΓÄ»ΓÄ»ΓÄ»ΓÄ»ΓÄ»ΓÄ»ΓÄ»ΓÄ»ΓÄ»ΓÄ»ΓÄ»ΓÄ
»ΓÄ»ΓÄ»ΓÄ»ΓÄ»ΓÄ»[3/26]ΓÄ»[22m[39m

[41m[1m FAIL [22m[49m src/__tests__/integration/TacticsBoa
rdIntegration.test.tsx[2m [ 
src/__tests__/integration/TacticsBoardIntegration.test.tsx 
][22m
[31m[1mError[22m: Failed to resolve import 
"@faker-js/faker" from 
"src/__tests__/utils/mock-generators.ts". Does the file 
exist?[39m
  Plugin: [35mvite:import-analysis[39m
  File: [36mC:/Users/damat/_REPOS/Astral 
Turf/src/__tests__/utils/mock-generators.ts[39m:2:22
[33m  1  |  import { faker } from "@faker-js/faker";
     |                         ^
  2  |  faker.seed(123);
  3  |  export const generatePlayerAttributes = (overrides = 
{}) => ({[39m
[90m [2mΓ¥»[22m TransformPluginContext._formatLog ../Astral
%20Turf/node_modules/vite/dist/node/chunks/dep-Bm2ujbhY.js:[2
m31185:43[22m[39m
[90m [2mΓ¥»[22m TransformPluginContext.error ../Astral%20Tu
rf/node_modules/vite/dist/node/chunks/dep-Bm2ujbhY.js:[2m3118
2:14[22m[39m
[90m [2mΓ¥»[22m normalizeUrl ../Astral%20Turf/node_modules/
vite/dist/node/chunks/dep-Bm2ujbhY.js:[2m29665:18[22m[39m
[90m [2mΓ¥»[22m ../Astral%20Turf/node_modules/vite/dist/nod
e/chunks/dep-Bm2ujbhY.js:[2m29723:32[22m[39m
[90m [2mΓ¥»[22m TransformPluginContext.transform ../Astral%
20Turf/node_modules/vite/dist/node/chunks/dep-Bm2ujbhY.js:[2m
29691:4[22m[39m
[90m [2mΓ¥»[22m EnvironmentPluginContainer.transform ../Ast
ral%20Turf/node_modules/vite/dist/node/chunks/dep-Bm2ujbhY.js:
[2m30984:14[22m[39m
[90m [2mΓ¥»[22m loadAndTransform ../Astral%20Turf/node_modu
les/vite/dist/node/chunks/dep-Bm2ujbhY.js:[2m26116:26[22m[3
9m

[31m[2mΓÄ»ΓÄ»ΓÄ»ΓÄ»ΓÄ»ΓÄ»ΓÄ»ΓÄ»ΓÄ»ΓÄ»ΓÄ»ΓÄ»ΓÄ»ΓÄ»ΓÄ»ΓÄ»ΓÄ»ΓÄ
»ΓÄ»ΓÄ»ΓÄ»ΓÄ»ΓÄ»[4/26]ΓÄ»[22m[39m


[31mΓÄ»ΓÄ»ΓÄ»ΓÄ»ΓÄ»ΓÄ»ΓÄ»[39m[1m[41m Failed Tests 7 
[49m[22m[31mΓÄ»ΓÄ»ΓÄ»ΓÄ»ΓÄ»ΓÄ»ΓÄ»[39m

[41m[1m FAIL [22m[49m 
src/__tests__/integration/ErrorBoundaryMinimal.test.tsx[2m > 
[22mMinimal Error Boundary Test[2m > [22mshould show retry 
button with correct text
[41m[1m FAIL [22m[49m 
src/__tests__/integration/ErrorBoundaryMinimal.test.tsx[2m > 
[22mMinimal Error Boundary Test[2m > [22mshould show retry 
button with correct text
[41m[1m FAIL [22m[49m 
src/__tests__/integration/ErrorBoundaryMinimal.test.tsx[2m > 
[22mMinimal Error Boundary Test[2m > [22mshould show retry 
button with correct text
[31m[1mError[22m: [2mexpect([22m[31mreceived[31m[2m).t
oBeInTheDocument()[22m

[31mreceived[31m value must be an HTMLElement or an 
SVGElement.
Received has type:  Null
Received has value: [31mnull[31m[39m
[36m [2mΓ¥»[22m src/__tests__/integration/ErrorBoundaryMini
mal.test.tsx:[2m57:25[22m[39m
    [90m 55| [39m    
console[33m.[39m[34mlog[39m([32m'All 
buttons:'[39m[33m,[39m 
allButtons[33m.[39m[34mmap[39m(b [33m=>[39m 
b[33m.[39mtextContent))[33m;[39m
    [90m 56| [39m
    [90m 57| [39m    [34mexpect[39m(retryButton)[33m.[39
m[34mtoBeInTheDocument[39m()[33m;[39m
    [90m   | [39m                        [31m^[39m
    [90m 58| [39m  })[33m;[39m
    [90m 59| [39m})[33m;[39m

[31m[2mΓÄ»ΓÄ»ΓÄ»ΓÄ»ΓÄ»ΓÄ»ΓÄ»ΓÄ»ΓÄ»ΓÄ»ΓÄ»ΓÄ»ΓÄ»ΓÄ»ΓÄ»ΓÄ»ΓÄ»ΓÄ
»ΓÄ»ΓÄ»ΓÄ»ΓÄ»ΓÄ»[5/26]ΓÄ»[22m[39m

[41m[1m FAIL [22m[49m src/__tests__/integration/TacticalBo
ardComprehensive.test.tsx[2m > [22mZENITH Tactical Board 
Comprehensive Tests[2m > [22m2. FORMATION LOADING AND 
MANIPULATION - P1 VALIDATION[2m > [22mshould validate 
formation data before loading
[41m[1m FAIL [22m[49m src/__tests__/integration/TacticalBo
ardComprehensive.test.tsx[2m > [22mZENITH Tactical Board 
Comprehensive Tests[2m > [22m2. FORMATION LOADING AND 
MANIPULATION - P1 VALIDATION[2m > [22mshould validate 
formation data before loading
[41m[1m FAIL [22m[49m src/__tests__/integration/TacticalBo
ardComprehensive.test.tsx[2m > [22mZENITH Tactical Board 
Comprehensive Tests[2m > [22m2. FORMATION LOADING AND 
MANIPULATION - P1 VALIDATION[2m > [22mshould validate 
formation data before loading
[31m[1mAssertionError[22m: expected null to be false // 
Object.is equality[39m

[32m- Expected:[39m 
false

[31m+ Received:[39m 
null

[36m [2mΓ¥»[22m src/__tests__/integration/TacticalBoardComp
rehensive.test.tsx:[2m245:38[22m[39m
    [90m243| [39m      [34mexpect[39m([34misValidFormatio
n[39m(validFormation))[33m.[39m[34mtoBe[39m([35mtrue[39
m)[33m;[39m
    [90m244| [39m      [34mexpect[39m([34misValidFormatio
n[39m(invalidFormation))[33m.[39m[34mtoBe[39m([35mfalse
[39m)[33m;[39m
    [90m245| [39m      [34mexpect[39m([34misValidFormatio
n[39m([35mnull[39m))[33m.[39m[34mtoBe[39m([35mfalse[3
9m)[33m;[39m
    [90m   | [39m                                     
[31m^[39m
    [90m246| [39m      [34mexpect[39m([34misValidFormatio
n[39m(undefined))[33m.[39m[34mtoBe[39m([35mfalse[39m)[
33m;[39m
    [90m247| [39m    })[33m;[39m

[31m[2mΓÄ»ΓÄ»ΓÄ»ΓÄ»ΓÄ»ΓÄ»ΓÄ»ΓÄ»ΓÄ»ΓÄ»ΓÄ»ΓÄ»ΓÄ»ΓÄ»ΓÄ»ΓÄ»ΓÄ»ΓÄ
»ΓÄ»ΓÄ»ΓÄ»ΓÄ»ΓÄ»[6/26]ΓÄ»[22m[39m

[41m[1m FAIL [22m[49m src/__tests__/integration/TacticalBo
ardComprehensive.test.tsx[2m > [22mZENITH Tactical Board 
Comprehensive Tests[2m > [22m3. PLAYER POSITIONING 
CALCULATIONS - PRECISION TESTS[2m > [22mshould constrain 
player positions to field boundaries
[41m[1m FAIL [22m[49m src/__tests__/integration/TacticalBo
ardComprehensive.test.tsx[2m > [22mZENITH Tactical Board 
Comprehensive Tests[2m > [22m3. PLAYER POSITIONING 
CALCULATIONS - PRECISION TESTS[2m > [22mshould constrain 
player positions to field boundaries
[41m[1m FAIL [22m[49m src/__tests__/integration/TacticalBo
ardComprehensive.test.tsx[2m > [22mZENITH Tactical Board 
Comprehensive Tests[2m > [22m3. PLAYER POSITIONING 
CALCULATIONS - PRECISION TESTS[2m > [22mshould constrain 
player positions to field boundaries
[31m[1mError[22m: [2mexpect([22m[31mreceived[31m[2m).t
oBeInTheDocument()[22m

[31mreceived[31m value must be an HTMLElement or an 
SVGElement.
Received has type:  Undefined
Received has value: [31mundefined[31m[39m
[36m [2mΓ¥»[22m src/__tests__/integration/TacticalBoardComp
rehensive.test.tsx:[2m295:29[22m[39m
    [90m293| [39m      [90m// Find the player element[39m
    [90m294| [39m      const playerElement = (await 
screen.findByText('Test Player')).cΓÇª
    [90m295| [39m      [34mexpect[39m(playerElement)[33m.
[39m[34mtoBeInTheDocument[39m()[33m;[39m
    [90m   | [39m                            [31m^[39m
    [90m296| [39m
    [90m297| [39m      [35mif[39m (playerElement) {

[31m[2mΓÄ»ΓÄ»ΓÄ»ΓÄ»ΓÄ»ΓÄ»ΓÄ»ΓÄ»ΓÄ»ΓÄ»ΓÄ»ΓÄ»ΓÄ»ΓÄ»ΓÄ»ΓÄ»ΓÄ»ΓÄ
»ΓÄ»ΓÄ»ΓÄ»ΓÄ»ΓÄ»[7/26]ΓÄ»[22m[39m

[41m[1m FAIL [22m[49m src/__tests__/integration/TacticalBo
ardComprehensive.test.tsx[2m > [22mZENITH Tactical Board 
Comprehensive Tests[2m > [22m3. PLAYER POSITIONING 
CALCULATIONS - PRECISION TESTS[2m > [22mshould validate 
position data before processing
[41m[1m FAIL [22m[49m src/__tests__/integration/TacticalBo
ardComprehensive.test.tsx[2m > [22mZENITH Tactical Board 
Comprehensive Tests[2m > [22m3. PLAYER POSITIONING 
CALCULATIONS - PRECISION TESTS[2m > [22mshould validate 
position data before processing
[41m[1m FAIL [22m[49m src/__tests__/integration/TacticalBo
ardComprehensive.test.tsx[2m > [22mZENITH Tactical Board 
Comprehensive Tests[2m > [22m3. PLAYER POSITIONING 
CALCULATIONS - PRECISION TESTS[2m > [22mshould validate 
position data before processing
[31m[1mAssertionError[22m: expected null to be false // 
Object.is equality[39m

[32m- Expected:[39m 
false

[31m+ Received:[39m 
null

[36m [2mΓ¥»[22m src/__tests__/integration/TacticalBoardComp
rehensive.test.tsx:[2m357:81[22m[39m
    [90m355| [39m
    [90m356| [39m      
invalidPositions[33m.[39m[34mforEach[39m(pos [33m=>[39m 
{
    [90m357| [39m        expect(isValidPlayer({ 
...createValidPlayer(), position: pos aΓÇª
    [90m   | [39m                                           
                                     [31m^[39m
    [90m358| [39m      })[33m;[39m
    [90m359| [39m    })[33m;[39m
[90m [2mΓ¥»[22m src/__tests__/integration/TacticalBoardComp
rehensive.test.tsx:[2m356:24[22m[39m

[31m[2mΓÄ»ΓÄ»ΓÄ»ΓÄ»ΓÄ»ΓÄ»ΓÄ»ΓÄ»ΓÄ»ΓÄ»ΓÄ»ΓÄ»ΓÄ»ΓÄ»ΓÄ»ΓÄ»ΓÄ»ΓÄ
»ΓÄ»ΓÄ»ΓÄ»ΓÄ»ΓÄ»[8/26]ΓÄ»[22m[39m

[41m[1m FAIL [22m[49m src/__tests__/integration/TacticalBo
ardComprehensive.test.tsx[2m > [22mZENITH Tactical Board 
Comprehensive Tests[2m > [22m4. DRAWING CANVAS OPERATIONS - 
STRESS TESTS[2m > [22mshould handle rapid drawing 
operations without errors
[41m[1m FAIL [22m[49m src/__tests__/integration/TacticalBo
ardComprehensive.test.tsx[2m > [22mZENITH Tactical Board 
Comprehensive Tests[2m > [22m4. DRAWING CANVAS OPERATIONS - 
STRESS TESTS[2m > [22mshould handle rapid drawing 
operations without errors
[41m[1m FAIL [22m[49m src/__tests__/integration/TacticalBo
ardComprehensive.test.tsx[2m > [22mZENITH Tactical Board 
Comprehensive Tests[2m > [22m4. DRAWING CANVAS OPERATIONS - 
STRESS TESTS[2m > [22mshould handle rapid drawing 
operations without errors
[31m[1mAssertionError[22m: expected "spy" to be called at 
least once[39m
[36m [2mΓ¥»[22m src/__tests__/integration/TacticalBoardComp
rehensive.test.tsx:[2m391:32[22m[39m
    [90m389| [39m      }
    [90m390| [39m
    [90m391| [39m      [34mexpect[39m(mockOnLineCreate)[3
3m.[39m[34mtoHaveBeenCalled[39m()[33m;[39m
    [90m   | [39m                               [31m^[39m
    [90m392| [39m    })[33m;[39m
    [90m393| [39m

[31m[2mΓÄ»ΓÄ»ΓÄ»ΓÄ»ΓÄ»ΓÄ»ΓÄ»ΓÄ»ΓÄ»ΓÄ»ΓÄ»ΓÄ»ΓÄ»ΓÄ»ΓÄ»ΓÄ»ΓÄ»ΓÄ
»ΓÄ»ΓÄ»ΓÄ»ΓÄ»ΓÄ»[9/26]ΓÄ»[22m[39m

[41m[1m FAIL [22m[49m src/__tests__/integration/TacticalBo
ardComprehensive.test.tsx[2m > [22mZENITH Tactical Board 
Comprehensive Tests[2m > [22m5. ERROR BOUNDARY 
PROTECTION[2m > [22mshould provide retry mechanism for 
failed operations
[31m[1mError[22m: Timed out in waitFor.

Ignored nodes: comments, script, style
[36m<html>[31m
  [36m<head />[31m
  [36m<body>[31m
    [36m<div>[31m
      [36m<div[31m
        [33mclass[31m=[32m"min-h-[400px] flex items-center 
justify-center bg-gradient-to-br from-red-50 to-orange-50 
dark:from-red-950/20 dark:to-orange-950/20 rounded-lg border 
border-red-200 dark:border-red-800"[31m
      [36m>[31m
        [36m<div[31m
          [33mclass[31m=[32m"text-center max-w-md mx-auto 
p-6"[31m
        [36m>[31m
          [36m<div[31m
            [33mclass[31m=[32m"mb-4"[31m
          [36m>[31m
            [36m<svg[31m
              [33maria-hidden[31m=[32m"true"[31m
              [33mclass[31m=[32m"lucide 
lucide-triangle-alert w-12 h-12 text-red-500 mx-auto 
mb-3"[31m
              [33mfill[31m=[32m"none"[31m
              [33mheight[31m=[32m"24"[31m
              [33mstroke[31m=[32m"currentColor"[31m
              [33mstroke-linecap[31m=[32m"round"[31m
              [33mstroke-linejoin[31m=[32m"round"[31m
              [33mstroke-width[31m=[32m"2"[31m
              [33mviewBox[31m=[32m"0 0 24 24"[31m
              [33mwidth[31m=[32m"24"[31m
              
[33mxmlns[31m=[32m"http://www.w3.org/2000/svg"[31m
            [36m>[31m
              [36m<path[31m
                [33md[31m=[32m"m21.73 18-8-14a2 2 0 0 
0-3.48 0l-8 14A2 2 0 0 0 4 21h16a2 2 0 0 0 1.73-3"[31m
              [36m/>[31m
              [36m<path[31m
                [33md[31m=[32m"M12 9v4"[31m
              [36m/>[31m
              [36m<path[31m
                [33md[31m=[32m"M12 17h.01"[31m
              [36m/>[31m
            [36m</svg>[31m
            [36m<h3[31m
              [33mclass[31m=[32m"text-lg font-semibold 
text-red-700 dark:text-red-400 mb-2"[31m
            [36m>[31m
              [0mTactical Component Error[0m
            [36m</h3>[31m
            [36m<p[31m
              [33mclass[31m=[32m"text-sm text-red-600 
dark:text-red-300 mb-4"[31m
            [36m>[31m
              [0mError in Retry Test[0m
            [36m</p>[31m
          [36m</div>[31m
          [36m<div[31m
            [33mclass[31m=[32m"flex gap-2 
justify-center"[31m
          [36m>[31m
            [36m<button[31m
              [33mclass[31m=[32m"flex items-center gap-2 
px-4 py-2 bg-blue-500 hover:bg-blue-600 text-white text-sm 
rounded-md transition-colors"[31m
            [36m>[31m
              [36m<svg[31m
                [33maria-hidden[31m=[32m"true"[31m
                [33mclass[31m=[32m"lucide 
lucide-rotate-ccw w-4 h-4"[31m
                [33mfill[31m=[32m"none"[31m
                [33mheight[31m=[32m"24"[31m
                [33mstroke[31m=[32m"currentColor"[31m
                [33mstroke-linecap[31m=[32m"round"[31m
                [33mstroke-linejoin[31m=[32m"round"[31m
                [33mstroke-width[31m=[32m"2"[31m
                [33mviewBox[31m=[32m"0 0 24 24"[31m
                [33mwidth[31m=[32m"24"[31m
                
[33mxmlns[31m=[32m"http://www.w3.org/2000/svg"[31m
              [36m>[31m
                [36m<path[31m
                  [33md[31m=[32m"M3 12a9 9 0 1 0 9-9 9.75 
9.75 0 0 0-6.74 2.74L3 8"[31m
                [36m/>[31m
                [36m<path[31m
                  [33md[31m=[32m"M3 3v5h5"[31m
                [36m/>[31m
              [36m</svg>[31m
              [0mRetry ([0m
              [0m3[0m
              [0m left)[0m
            [36m</button>[31m
            [36m<button[31m
              [33mclass[31m=[32m"px-4 py-2 bg-gray-500 
hover:bg-gray-600 text-white text-sm rounded-md 
transition-colors"[31m
            [36m>[31m
              [0mReset Component[0m
            [36m</button>[31m
          [36m</div>[31m
          [36m<div[31m
            [33mclass[31m=[32m"mt-4 text-xs text-gray-500 
dark:text-gray-400"[31m
          [36m>[31m
            [0mThis error has been logged for 
investigation[0m
          [36m</div>[31m
        [36m</div>[31m
      [36m</div>[31m
    [36m</div>[31m
  [36m</body>[31m
[36m</html>[31m[39m
[90m [2mΓ¥»[22m waitForWrapper node_modules/@testing-librar
y/dom/dist/wait-for.js:[2m163:27[22m[39m
[36m [2mΓ¥»[22m src/__tests__/integration/TacticalBoardComp
rehensive.test.tsx:[2m455:13[22m[39m
    [90m453| [39m      [35mawait[39m 
user[33m.[39m[34mclick[39m(retryButton)[33m;[39m
    [90m454| [39m
    [90m455| [39m      [35mawait[39m 
[34mwaitFor[39m([35masync[39m () [33m=>[39m {
    [90m   | [39m            [31m^[39m
    [90m456| [39m        expect(await 
screen.findByText('Component recovered')).toBeInTΓÇª
    [90m457| [39m      })[33m;[39m

[31m[2mΓÄ»ΓÄ»ΓÄ»ΓÄ»ΓÄ»ΓÄ»ΓÄ»ΓÄ»ΓÄ»ΓÄ»ΓÄ»ΓÄ»ΓÄ»ΓÄ»ΓÄ»ΓÄ»ΓÄ»ΓÄ
»ΓÄ»ΓÄ»ΓÄ»ΓÄ»[10/26]ΓÄ»[22m[39m

[41m[1m FAIL [22m[49m src/__tests__/integration/TacticalBo
ardComprehensive.test.tsx[2m > [22mZENITH Tactical Board 
Comprehensive Tests[2m > [22m5. ERROR BOUNDARY 
PROTECTION[2m > [22mshould provide retry mechanism for 
failed operations
[41m[1m FAIL [22m[49m src/__tests__/integration/TacticalBo
ardComprehensive.test.tsx[2m > [22mZENITH Tactical Board 
Comprehensive Tests[2m > [22m5. ERROR BOUNDARY 
PROTECTION[2m > [22mshould provide retry mechanism for 
failed operations
[31m[1mError[22m: Timed out in waitFor.

Ignored nodes: comments, script, style
[36m<html>[31m
  [36m<head />[31m
  [36m<body>[31m
    [36m<div>[31m
      [36m<div[31m
        [33mclass[31m=[32m"min-h-[400px] flex items-center 
justify-center bg-gradient-to-br from-red-50 to-orange-50 
dark:from-red-950/20 dark:to-orange-950/20 rounded-lg border 
border-red-200 dark:border-red-800"[31m
      [36m>[31m
        [36m<div[31m
          [33mclass[31m=[32m"text-center max-w-md mx-auto 
p-6"[31m
        [36m>[31m
          [36m<div[31m
            [33mclass[31m=[32m"mb-4"[31m

[2m Test Files [22m [1m[31m7 failed[39m[22m[2m | [22m[1m[32m11 passed[39m[22m[90m (18)[39m
[2m      Tests [22m [1m[31m7 failed[39m[22m[2m | [22m[1m[32m249 passed[39m[22m[2m | [22m[33m2 skipped[39m[90m (258)[39m
[2mType Errors [22m [2mno errors[22m
[2m   Start at [22m 20:51:19
[2m   Duration [22m 14.36s[2m (transform 1.67s, setup 13.25s, collect 4.11s, tests 7.62s, environment 7.27s, prepare 1.54s, typecheck 9.94s)[22m

          [36m>[31m
            [36m<svg[31m
              [33maria-hidden[31m=[32m"true"[31m
              [33mclass[31m=[32m"lucide 
lucide-triangle-alert w-12 h-12 text-red-500 mx-auto 
mb-3"[31m
              [33mfill[31m=[32m"none"[31m
              [33mheight[31m=[32m"24"[31m
              [33mstroke[31m=[32m"currentColor"[31m
              [33mstroke-linecap[31m=[32m"round"[31m
              [33mstroke-linejoin[31m=[32m"round"[31m
              [33mstroke-width[31m=[32m"2"[31m
              [33mviewBox[31m=[32m"0 0 24 24"[31m
              [33mwidth[31m=[32m"24"[31m
              
[33mxmlns[31m=[32m"http://www.w3.org/2000/svg"[31m
            [36m>[31m
              [36m<path[31m
                [33md[31m=[32m"m21.73 18-8-14a2 2 0 0 
0-3.48 0l-8 14A2 2 0 0 0 4 21h16a2 2 0 0 0 1.73-3"[31m
              [36m/>[31m
              [36m<path[31m
                [33md[31m=[32m"M12 9v4"[31m
              [36m/>[31m
              [36m<path[31m
                [33md[31m=[32m"M12 17h.01"[31m
              [36m/>[31m
            [36m</svg>[31m
            [36m<h3[31m
              [33mclass[31m=[32m"text-lg font-semibold 
text-red-700 dark:text-red-400 mb-2"[31m
            [36m>[31m
              [0mTactical Component Error[0m
            [36m</h3>[31m
            [36m<p[31m
              [33mclass[31m=[32m"text-sm text-red-600 
dark:text-red-300 mb-4"[31m
            [36m>[31m
              [0mError in Retry Test[0m
            [36m</p>[31m
          [36m</div>[31m
          [36m<div[31m
            [33mclass[31m=[32m"flex gap-2 
justify-center"[31m
          [36m>[31m
            [36m<button[31m
              [33mclass[31m=[32m"flex items-center gap-2 
px-4 py-2 bg-blue-500 hover:bg-blue-600 text-white text-sm 
rounded-md transition-colors"[31m
            [36m>[31m
              [36m<svg[31m
                [33maria-hidden[31m=[32m"true"[31m
                [33mclass[31m=[32m"lucide 
lucide-rotate-ccw w-4 h-4"[31m
                [33mfill[31m=[32m"none"[31m
                [33mheight[31m=[32m"24"[31m
                [33mstroke[31m=[32m"currentColor"[31m
                [33mstroke-linecap[31m=[32m"round"[31m
                [33mstroke-linejoin[31m=[32m"round"[31m
                [33mstroke-width[31m=[32m"2"[31m
                [33mviewBox[31m=[32m"0 0 24 24"[31m
                [33mwidth[31m=[32m"24"[31m
                
[33mxmlns[31m=[32m"http://www.w3.org/2000/svg"[31m
              [36m>[31m
                [36m<path[31m
                  [33md[31m=[32m"M3 12a9 9 0 1 0 9-9 9.75 
9.75 0 0 0-6.74 2.74L3 8"[31m
                [36m/>[31m
                [36m<path[31m
                  [33md[31m=[32m"M3 3v5h5"[31m
                [36m/>[31m
              [36m</svg>[31m
              [0mRetry ([0m
              [0m3[0m
              [0m left)[0m
            [36m</button>[31m
            [36m<button[31m
              [33mclass[31m=[32m"px-4 py-2 bg-gray-500 
hover:bg-gray-600 text-white text-sm rounded-md 
transition-colors"[31m
            [36m>[31m
              [0mReset Component[0m
            [36m</button>[31m
          [36m</div>[31m
          [36m<div[31m
            [33mclass[31m=[32m"mt-4 text-xs text-gray-500 
dark:text-gray-400"[31m
          [36m>[31m
            [0mThis error has been logged for 
investigation[0m
          [36m</div>[31m
        [36m</div>[31m
      [36m</div>[31m
    [36m</div>[31m
  [36m</body>[31m
[36m</html>[31m[39m
[90m [2mΓ¥»[22m waitForWrapper node_modules/@testing-librar
y/dom/dist/wait-for.js:[2m163:27[22m[39m
[36m [2mΓ¥»[22m src/__tests__/integration/TacticalBoardComp
rehensive.test.tsx:[2m455:13[22m[39m
    [90m453| [39m      [35mawait[39m 
user[33m.[39m[34mclick[39m(retryButton)[33m;[39m
    [90m454| [39m
    [90m455| [39m      [35mawait[39m 
[34mwaitFor[39m([35masync[39m () [33m=>[39m {
    [90m   | [39m            [31m^[39m
    [90m456| [39m        expect(await 
screen.findByText('Component recovered')).toBeInTΓÇª
    [90m457| [39m      })[33m;[39m

[31m[2mΓÄ»ΓÄ»ΓÄ»ΓÄ»ΓÄ»ΓÄ»ΓÄ»ΓÄ»ΓÄ»ΓÄ»ΓÄ»ΓÄ»ΓÄ»ΓÄ»ΓÄ»ΓÄ»ΓÄ»ΓÄ
»ΓÄ»ΓÄ»ΓÄ»ΓÄ»[11/26]ΓÄ»[22m[39m

[41m[1m FAIL [22m[49m src/__tests__/integration/TacticalBo
ardComprehensive.test.tsx[2m > [22mZENITH Tactical Board 
Comprehensive Tests[2m > [22m7. CONCURRENT USER 
INTERACTIONS[2m > [22mshould handle simultaneous player 
movements
[41m[1m FAIL [22m[49m src/__tests__/integration/TacticalBo
ardComprehensive.test.tsx[2m > [22mZENITH Tactical Board 
Comprehensive Tests[2m > [22m7. CONCURRENT USER 
INTERACTIONS[2m > [22mshould handle simultaneous player 
movements
[41m[1m FAIL [22m[49m src/__tests__/integration/TacticalBo
ardComprehensive.test.tsx[2m > [22mZENITH Tactical Board 
Comprehensive Tests[2m > [22m7. CONCURRENT USER 
INTERACTIONS[2m > [22mshould handle simultaneous player 
movements
[31m[1mAssertionError[22m: expected "spy" to be called at 
least once[39m
[36m [2mΓ¥»[22m src/__tests__/integration/TacticalBoardComp
rehensive.test.tsx:[2m545:32[22m[39m
    [90m543| [39m
    [90m544| [39m      [90m// Should handle concurrent 
operations without issues[39m
    [90m545| [39m      [34mexpect[39m(mockOnPlayerMove)[3
3m.[39m[34mtoHaveBeenCalled[39m()[33m;[39m
    [90m   | [39m                               [31m^[39m
    [90m546| [39m    })[33m;[39m
    [90m547| [39m

[31m[2mΓÄ»ΓÄ»ΓÄ»ΓÄ»ΓÄ»ΓÄ»ΓÄ»ΓÄ»ΓÄ»ΓÄ»ΓÄ»ΓÄ»ΓÄ»ΓÄ»ΓÄ»ΓÄ»ΓÄ»ΓÄ
»ΓÄ»ΓÄ»ΓÄ»ΓÄ»[12/26]ΓÄ»[22m[39m


[31mΓÄ»ΓÄ»ΓÄ»ΓÄ»ΓÄ»ΓÄ»[39m[1m[41m Failed Suites 5 
[49m[22m[31mΓÄ»ΓÄ»ΓÄ»ΓÄ»ΓÄ»ΓÄ»ΓÄ»[39m

[41m[1m FAIL [22m[49m src/__tests__/integration/enhanced-u
nified-tactics-board.test.tsx[2m [ src/__tests__/integration/
enhanced-unified-tactics-board.test.tsx ][22m
[41m[1m FAIL [22m[49m 
src/__tests__/integration/TacticalBoardWorkflow.test.tsx[2m 
[ src/__tests__/integration/TacticalBoardWorkflow.test.tsx 
][22m
[31m[1mError[22m: Failed to resolve import 
"@faker-js/faker" from 
"src/__tests__/utils/enhanced-mock-generators.ts". Does the 
file exist?[39m
  Plugin: [35mvite:import-analysis[39m
  File: [36mC:/Users/damat/_REPOS/Astral 
Turf/src/__tests__/utils/enhanced-mock-generators.ts[39m:2:22
[33m  1  |  import { faker } from "@faker-js/faker";
     |                         ^
  2  |  faker.seed(456);
  3  |  export const generateFormationSlot = (overrides = {}) 
=> {[39m
[90m [2mΓ¥»[22m TransformPluginContext._formatLog ../Astral
%20Turf/node_modules/vite/dist/node/chunks/dep-Bm2ujbhY.js:[2
m31185:43[22m[39m
[90m [2mΓ¥»[22m TransformPluginContext.error ../Astral%20Tu
rf/node_modules/vite/dist/node/chunks/dep-Bm2ujbhY.js:[2m3118
2:14[22m[39m
[90m [2mΓ¥»[22m normalizeUrl ../Astral%20Turf/node_modules/
vite/dist/node/chunks/dep-Bm2ujbhY.js:[2m29665:18[22m[39m
[90m [2mΓ¥»[22m ../Astral%20Turf/node_modules/vite/dist/nod
e/chunks/dep-Bm2ujbhY.js:[2m29723:32[22m[39m
[90m [2mΓ¥»[22m TransformPluginContext.transform ../Astral%
20Turf/node_modules/vite/dist/node/chunks/dep-Bm2ujbhY.js:[2m
29691:4[22m[39m
[90m [2mΓ¥»[22m EnvironmentPluginContainer.transform ../Ast
ral%20Turf/node_modules/vite/dist/node/chunks/dep-Bm2ujbhY.js:
[2m30984:14[22m[39m
[90m [2mΓ¥»[22m loadAndTransform ../Astral%20Turf/node_modu
les/vite/dist/node/chunks/dep-Bm2ujbhY.js:[2m26116:26[22m[3
9m

[31m[2mΓÄ»ΓÄ»ΓÄ»ΓÄ»ΓÄ»ΓÄ»ΓÄ»ΓÄ»ΓÄ»ΓÄ»ΓÄ»ΓÄ»ΓÄ»ΓÄ»ΓÄ»ΓÄ»ΓÄ»ΓÄ
»ΓÄ»ΓÄ»ΓÄ»ΓÄ»ΓÄ»[1/26]ΓÄ»[22m[39m

[41m[1m FAIL [22m[49m src/__tests__/integration/formation-
management.integration.test.tsx[2m [ src/__tests__/integratio
n/formation-management.integration.test.tsx ][22m
[31m[1mError[22m: Failed to resolve import 
"@faker-js/faker" from 
"src/__tests__/utils/enhanced-mock-generators.ts". Does the 
file exist?[39m
  Plugin: [35mvite:import-analysis[39m
  File: [36mC:/Users/damat/_REPOS/Astral 
Turf/src/__tests__/utils/enhanced-mock-generators.ts[39m:2:22
[33m  1  |  import { faker } from "@faker-js/faker";
     |                         ^
  2  |  faker.seed(456);
  3  |  export const generateFormationSlot = (overrides = {}) 
=> {[39m
[90m [2mΓ¥»[22m TransformPluginContext._formatLog ../Astral
%20Turf/node_modules/vite/dist/node/chunks/dep-Bm2ujbhY.js:[2
m31185:43[22m[39m
[90m [2mΓ¥»[22m TransformPluginContext.error ../Astral%20Tu
rf/node_modules/vite/dist/node/chunks/dep-Bm2ujbhY.js:[2m3118
2:14[22m[39m
[90m [2mΓ¥»[22m normalizeUrl ../Astral%20Turf/node_modules/
vite/dist/node/chunks/dep-Bm2ujbhY.js:[2m29665:18[22m[39m
[90m [2mΓ¥»[22m ../Astral%20Turf/node_modules/vite/dist/nod
e/chunks/dep-Bm2ujbhY.js:[2m29723:32[22m[39m
[90m [2mΓ¥»[22m TransformPluginContext.transform ../Astral%
20Turf/node_modules/vite/dist/node/chunks/dep-Bm2ujbhY.js:[2m
29691:4[22m[39m
[90m [2mΓ¥»[22m EnvironmentPluginContainer.transform ../Ast
ral%20Turf/node_modules/vite/dist/node/chunks/dep-Bm2ujbhY.js:
[2m30984:14[22m[39m
[90m [2mΓ¥»[22m loadAndTransform ../Astral%20Turf/node_modu
les/vite/dist/node/chunks/dep-Bm2ujbhY.js:[2m26116:26[22m[3
9m

[31m[2mΓÄ»ΓÄ»ΓÄ»ΓÄ»ΓÄ»ΓÄ»ΓÄ»ΓÄ»ΓÄ»ΓÄ»ΓÄ»ΓÄ»ΓÄ»ΓÄ»ΓÄ»ΓÄ»ΓÄ»ΓÄ
»ΓÄ»ΓÄ»ΓÄ»ΓÄ»ΓÄ»[2/26]ΓÄ»[22m[39m

[41m[1m FAIL [22m[49m 
src/__tests__/integration/LoginFlow.test.tsx[2m [ 
src/__tests__/integration/LoginFlow.test.tsx ][22m
[31m[1mError[22m: [vitest] There was an error when mocking 
a module. If you are using "vi.mock" factory, make sure there 
are no top level variables inside, since this call is hoisted 
to top of the file. Read more: 
https://vitest.dev/api/vi.html#vi-mock[39m
[36m [2mΓ¥»[22m src/pages/LoginPage.tsx:[2m5:1[22m[39m
    [90m  3| [39m[35mimport[39m { useAuthContext } 
[35mfrom[39m [32m'../hooks/useAuthContext'[39m[33m;[39m
    [90m  4| [39m[35mimport[39m { useResponsive } 
[35mfrom[39m [32m'../hooks'[39m[33m;[39m
    [90m  5| [39m[35mimport[39m { authService } 
[35mfrom[39m [32m'../services/authService'[39m[33m;[39m
    [90m   | [39m[31m^[39m
    [90m  6| [39m[35mimport[39m {
    [90m  7| [39m  [33mLoadingSpinner[39m[33m,[39m

[31m[1mCaused by: Caused by: ReferenceError[22m: Cannot 
access 'mockAuthService' before initialization[39m
[36m [2mΓ¥»[22m src/__tests__/integration/LoginFlow.test.ts
x:[2m29:16[22m[39m
[90m [2mΓ¥»[22m src/pages/LoginPage.tsx:[2m5:1[22m[39m

[31m[2mΓÄ»ΓÄ»ΓÄ»ΓÄ»ΓÄ»ΓÄ»ΓÄ»ΓÄ»ΓÄ»ΓÄ»ΓÄ»ΓÄ»ΓÄ»ΓÄ»ΓÄ»ΓÄ»ΓÄ»ΓÄ
»ΓÄ»ΓÄ»ΓÄ»ΓÄ»ΓÄ»[3/26]ΓÄ»[22m[39m

[41m[1m FAIL [22m[49m src/__tests__/integration/TacticsBoa
rdIntegration.test.tsx[2m [ 
src/__tests__/integration/TacticsBoardIntegration.test.tsx 
][22m
[31m[1mError[22m: Failed to resolve import 
"@faker-js/faker" from 
"src/__tests__/utils/mock-generators.ts". Does the file 
exist?[39m
  Plugin: [35mvite:import-analysis[39m
  File: [36mC:/Users/damat/_REPOS/Astral 
Turf/src/__tests__/utils/mock-generators.ts[39m:2:22
[33m  1  |  import { faker } from "@faker-js/faker";
     |                         ^
  2  |  faker.seed(123);
  3  |  export const generatePlayerAttributes = (overrides = 
{}) => ({[39m
[90m [2mΓ¥»[22m TransformPluginContext._formatLog ../Astral
%20Turf/node_modules/vite/dist/node/chunks/dep-Bm2ujbhY.js:[2
m31185:43[22m[39m
[90m [2mΓ¥»[22m TransformPluginContext.error ../Astral%20Tu
rf/node_modules/vite/dist/node/chunks/dep-Bm2ujbhY.js:[2m3118
2:14[22m[39m
[90m [2mΓ¥»[22m normalizeUrl ../Astral%20Turf/node_modules/
vite/dist/node/chunks/dep-Bm2ujbhY.js:[2m29665:18[22m[39m
[90m [2mΓ¥»[22m ../Astral%20Turf/node_modules/vite/dist/nod
e/chunks/dep-Bm2ujbhY.js:[2m29723:32[22m[39m
[90m [2mΓ¥»[22m TransformPluginContext.transform ../Astral%
20Turf/node_modules/vite/dist/node/chunks/dep-Bm2ujbhY.js:[2m
29691:4[22m[39m
[90m [2mΓ¥»[22m EnvironmentPluginContainer.transform ../Ast
ral%20Turf/node_modules/vite/dist/node/chunks/dep-Bm2ujbhY.js:
[2m30984:14[22m[39m
[90m [2mΓ¥»[22m loadAndTransform ../Astral%20Turf/node_modu
les/vite/dist/node/chunks/dep-Bm2ujbhY.js:[2m26116:26[22m[3
9m

[31m[2mΓÄ»ΓÄ»ΓÄ»ΓÄ»ΓÄ»ΓÄ»ΓÄ»ΓÄ»ΓÄ»ΓÄ»ΓÄ»ΓÄ»ΓÄ»ΓÄ»ΓÄ»ΓÄ»ΓÄ»ΓÄ
»ΓÄ»ΓÄ»ΓÄ»ΓÄ»ΓÄ»[4/26]ΓÄ»[22m[39m


[31mΓÄ»ΓÄ»ΓÄ»ΓÄ»ΓÄ»ΓÄ»ΓÄ»[39m[1m[41m Failed Tests 7 
[49m[22m[31mΓÄ»ΓÄ»ΓÄ»ΓÄ»ΓÄ»ΓÄ»ΓÄ»[39m

[41m[1m FAIL [22m[49m 
src/__tests__/integration/ErrorBoundaryMinimal.test.tsx[2m > 
[22mMinimal Error Boundary Test[2m > [22mshould show retry 
button with correct text
[41m[1m FAIL [22m[49m 
src/__tests__/integration/ErrorBoundaryMinimal.test.tsx[2m > 
[22mMinimal Error Boundary Test[2m > [22mshould show retry 
button with correct text
[41m[1m FAIL [22m[49m 
src/__tests__/integration/ErrorBoundaryMinimal.test.tsx[2m > 
[22mMinimal Error Boundary Test[2m > [22mshould show retry 
button with correct text
[31m[1mError[22m: [2mexpect([22m[31mreceived[31m[2m).t
oBeInTheDocument()[22m

[31mreceived[31m value must be an HTMLElement or an 
SVGElement.
Received has type:  Null
Received has value: [31mnull[31m[39m
[36m [2mΓ¥»[22m src/__tests__/integration/ErrorBoundaryMini
mal.test.tsx:[2m57:25[22m[39m
    [90m 55| [39m    
console[33m.[39m[34mlog[39m([32m'All 
buttons:'[39m[33m,[39m 
allButtons[33m.[39m[34mmap[39m(b [33m=>[39m 
b[33m.[39mtextContent))[33m;[39m
    [90m 56| [39m
    [90m 57| [39m    [34mexpect[39m(retryButton)[33m.[39
m[34mtoBeInTheDocument[39m()[33m;[39m
    [90m   | [39m                        [31m^[39m
    [90m 58| [39m  })[33m;[39m
    [90m 59| [39m})[33m;[39m

[31m[2mΓÄ»ΓÄ»ΓÄ»ΓÄ»ΓÄ»ΓÄ»ΓÄ»ΓÄ»ΓÄ»ΓÄ»ΓÄ»ΓÄ»ΓÄ»ΓÄ»ΓÄ»ΓÄ»ΓÄ»ΓÄ
»ΓÄ»ΓÄ»ΓÄ»ΓÄ»ΓÄ»[5/26]ΓÄ»[22m[39m

[41m[1m FAIL [22m[49m src/__tests__/integration/TacticalBo
ardComprehensive.test.tsx[2m > [22mZENITH Tactical Board 
Comprehensive Tests[2m > [22m2. FORMATION LOADING AND 
MANIPULATION - P1 VALIDATION[2m > [22mshould validate 
formation data before loading
[41m[1m FAIL [22m[49m src/__tests__/integration/TacticalBo
ardComprehensive.test.tsx[2m > [22mZENITH Tactical Board 
Comprehensive Tests[2m > [22m2. FORMATION LOADING AND 
MANIPULATION - P1 VALIDATION[2m > [22mshould validate 
formation data before loading
[41m[1m FAIL [22m[49m src/__tests__/integration/TacticalBo
ardComprehensive.test.tsx[2m > [22mZENITH Tactical Board 
Comprehensive Tests[2m > [22m2. FORMATION LOADING AND 
MANIPULATION - P1 VALIDATION[2m > [22mshould validate 
formation data before loading
[31m[1mAssertionError[22m: expected null to be false // 
Object.is equality[39m

[32m- Expected:[39m 
false

[31m+ Received:[39m 
null

[36m [2mΓ¥»[22m src/__tests__/integration/TacticalBoardComp
rehensive.test.tsx:[2m245:38[22m[39m
    [90m243| [39m      [34mexpect[39m([34misValidFormatio
n[39m(validFormation))[33m.[39m[34mtoBe[39m([35mtrue[39
m)[33m;[39m
    [90m244| [39m      [34mexpect[39m([34misValidFormatio
n[39m(invalidFormation))[33m.[39m[34mtoBe[39m([35mfalse
[39m)[33m;[39m
    [90m245| [39m      [34mexpect[39m([34misValidFormatio
n[39m([35mnull[39m))[33m.[39m[34mtoBe[39m([35mfalse[3
9m)[33m;[39m
    [90m   | [39m                                     
[31m^[39m
    [90m246| [39m      [34mexpect[39m([34misValidFormatio
n[39m(undefined))[33m.[39m[34mtoBe[39m([35mfalse[39m)[
33m;[39m
    [90m247| [39m    })[33m;[39m

[31m[2mΓÄ»ΓÄ»ΓÄ»ΓÄ»ΓÄ»ΓÄ»ΓÄ»ΓÄ»ΓÄ»ΓÄ»ΓÄ»ΓÄ»ΓÄ»ΓÄ»ΓÄ»ΓÄ»ΓÄ»ΓÄ
»ΓÄ»ΓÄ»ΓÄ»ΓÄ»ΓÄ»[6/26]ΓÄ»[22m[39m

[41m[1m FAIL [22m[49m src/__tests__/integration/TacticalBo
ardComprehensive.test.tsx[2m > [22mZENITH Tactical Board 
Comprehensive Tests[2m > [22m3. PLAYER POSITIONING 
CALCULATIONS - PRECISION TESTS[2m > [22mshould constrain 
player positions to field boundaries
[41m[1m FAIL [22m[49m src/__tests__/integration/TacticalBo
ardComprehensive.test.tsx[2m > [22mZENITH Tactical Board 
Comprehensive Tests[2m > [22m3. PLAYER POSITIONING 
CALCULATIONS - PRECISION TESTS[2m > [22mshould constrain 
player positions to field boundaries
[41m[1m FAIL [22m[49m src/__tests__/integration/TacticalBo
ardComprehensive.test.tsx[2m > [22mZENITH Tactical Board 
Comprehensive Tests[2m > [22m3. PLAYER POSITIONING 
CALCULATIONS - PRECISION TESTS[2m > [22mshould constrain 
player positions to field boundaries
[31m[1mError[22m: [2mexpect([22m[31mreceived[31m[2m).t
oBeInTheDocument()[22m

[31mreceived[31m value must be an HTMLElement or an 
SVGElement.
Received has type:  Undefined
Received has value: [31mundefined[31m[39m
[36m [2mΓ¥»[22m src/__tests__/integration/TacticalBoardComp
rehensive.test.tsx:[2m295:29[22m[39m
    [90m293| [39m      [90m// Find the player element[39m
    [90m294| [39m      const playerElement = (await 
screen.findByText('Test Player')).cΓÇª
    [90m295| [39m      [34mexpect[39m(playerElement)[33m.
[39m[34mtoBeInTheDocument[39m()[33m;[39m
    [90m   | [39m                            [31m^[39m
    [90m296| [39m
    [90m297| [39m      [35mif[39m (playerElement) {

[31m[2mΓÄ»ΓÄ»ΓÄ»ΓÄ»ΓÄ»ΓÄ»ΓÄ»ΓÄ»ΓÄ»ΓÄ»ΓÄ»ΓÄ»ΓÄ»ΓÄ»ΓÄ»ΓÄ»ΓÄ»ΓÄ
»ΓÄ»ΓÄ»ΓÄ»ΓÄ»ΓÄ»[7/26]ΓÄ»[22m[39m

[41m[1m FAIL [22m[49m src/__tests__/integration/TacticalBo
ardComprehensive.test.tsx[2m > [22mZENITH Tactical Board 
Comprehensive Tests[2m > [22m3. PLAYER POSITIONING 
CALCULATIONS - PRECISION TESTS[2m > [22mshould validate 
position data before processing
[41m[1m FAIL [22m[49m src/__tests__/integration/TacticalBo
ardComprehensive.test.tsx[2m > [22mZENITH Tactical Board 
Comprehensive Tests[2m > [22m3. PLAYER POSITIONING 
CALCULATIONS - PRECISION TESTS[2m > [22mshould validate 
position data before processing
[41m[1m FAIL [22m[49m src/__tests__/integration/TacticalBo
ardComprehensive.test.tsx[2m > [22mZENITH Tactical Board 
Comprehensive Tests[2m > [22m3. PLAYER POSITIONING 
CALCULATIONS - PRECISION TESTS[2m > [22mshould validate 
position data before processing
[31m[1mAssertionError[22m: expected null to be false // 
Object.is equality[39m

[32m- Expected:[39m 
false

[31m+ Received:[39m 
null

[36m [2mΓ¥»[22m src/__tests__/integration/TacticalBoardComp
rehensive.test.tsx:[2m357:81[22m[39m
    [90m355| [39m
    [90m356| [39m      
invalidPositions[33m.[39m[34mforEach[39m(pos [33m=>[39m 
{
    [90m357| [39m        expect(isValidPlayer({ 
...createValidPlayer(), position: pos aΓÇª
    [90m   | [39m                                           
                                     [31m^[39m
    [90m358| [39m      })[33m;[39m
    [90m359| [39m    })[33m;[39m
[90m [2mΓ¥»[22m src/__tests__/integration/TacticalBoardComp
rehensive.test.tsx:[2m356:24[22m[39m

[31m[2mΓÄ»ΓÄ»ΓÄ»ΓÄ»ΓÄ»ΓÄ»ΓÄ»ΓÄ»ΓÄ»ΓÄ»ΓÄ»ΓÄ»ΓÄ»ΓÄ»ΓÄ»ΓÄ»ΓÄ»ΓÄ
»ΓÄ»ΓÄ»ΓÄ»ΓÄ»ΓÄ»[8/26]ΓÄ»[22m[39m

[41m[1m FAIL [22m[49m src/__tests__/integration/TacticalBo
ardComprehensive.test.tsx[2m > [22mZENITH Tactical Board 
Comprehensive Tests[2m > [22m4. DRAWING CANVAS OPERATIONS - 
STRESS TESTS[2m > [22mshould handle rapid drawing 
operations without errors
[41m[1m FAIL [22m[49m src/__tests__/integration/TacticalBo
ardComprehensive.test.tsx[2m > [22mZENITH Tactical Board 
Comprehensive Tests[2m > [22m4. DRAWING CANVAS OPERATIONS - 
STRESS TESTS[2m > [22mshould handle rapid drawing 
operations without errors
[41m[1m FAIL [22m[49m src/__tests__/integration/TacticalBo
ardComprehensive.test.tsx[2m > [22mZENITH Tactical Board 
Comprehensive Tests[2m > [22m4. DRAWING CANVAS OPERATIONS - 
STRESS TESTS[2m > [22mshould handle rapid drawing 
operations without errors
[31m[1mAssertionError[22m: expected "spy" to be called at 
least once[39m
[36m [2mΓ¥»[22m src/__tests__/integration/TacticalBoardComp
rehensive.test.tsx:[2m391:32[22m[39m
    [90m389| [39m      }
    [90m390| [39m
    [90m391| [39m      [34mexpect[39m(mockOnLineCreate)[3
3m.[39m[34mtoHaveBeenCalled[39m()[33m;[39m
    [90m   | [39m                               [31m^[39m
    [90m392| [39m    })[33m;[39m
    [90m393| [39m

[31m[2mΓÄ»ΓÄ»ΓÄ»ΓÄ»ΓÄ»ΓÄ»ΓÄ»ΓÄ»ΓÄ»ΓÄ»ΓÄ»ΓÄ»ΓÄ»ΓÄ»ΓÄ»ΓÄ»ΓÄ»ΓÄ
»ΓÄ»ΓÄ»ΓÄ»ΓÄ»ΓÄ»[9/26]ΓÄ»[22m[39m

[41m[1m FAIL [22m[49m src/__tests__/integration/TacticalBo
ardComprehensive.test.tsx[2m > [22mZENITH Tactical Board 
Comprehensive Tests[2m > [22m5. ERROR BOUNDARY 
PROTECTION[2m > [22mshould provide retry mechanism for 
failed operations
[31m[1mError[22m: Timed out in waitFor.

Ignored nodes: comments, script, style
[36m<html>[31m
  [36m<head />[31m
  [36m<body>[31m
    [36m<div>[31m
      [36m<div[31m
        [33mclass[31m=[32m"min-h-[400px] flex items-center 
justify-center bg-gradient-to-br from-red-50 to-orange-50 
dark:from-red-950/20 dark:to-orange-950/20 rounded-lg border 
border-red-200 dark:border-red-800"[31m
      [36m>[31m
        [36m<div[31m
          [33mclass[31m=[32m"text-center max-w-md mx-auto 
p-6"[31m
        [36m>[31m
          [36m<div[31m
            [33mclass[31m=[32m"mb-4"[31m
          [36m>[31m
            [36m<svg[31m
              [33maria-hidden[31m=[32m"true"[31m
              [33mclass[31m=[32m"lucide 
lucide-triangle-alert w-12 h-12 text-red-500 mx-auto 
mb-3"[31m
              [33mfill[31m=[32m"none"[31m
              [33mheight[31m=[32m"24"[31m
              [33mstroke[31m=[32m"currentColor"[31m
              [33mstroke-linecap[31m=[32m"round"[31m
              [33mstroke-linejoin[31m=[32m"round"[31m
              [33mstroke-width[31m=[32m"2"[31m
              [33mviewBox[31m=[32m"0 0 24 24"[31m
              [33mwidth[31m=[32m"24"[31m
              
[33mxmlns[31m=[32m"http://www.w3.org/2000/svg"[31m
            [36m>[31m
              [36m<path[31m
                [33md[31m=[32m"m21.73 18-8-14a2 2 0 0 
0-3.48 0l-8 14A2 2 0 0 0 4 21h16a2 2 0 0 0 1.73-3"[31m
              [36m/>[31m
              [36m<path[31m
                [33md[31m=[32m"M12 9v4"[31m
              [36m/>[31m
              [36m<path[31m
                [33md[31m=[32m"M12 17h.01"[31m
              [36m/>[31m
            [36m</svg>[31m
            [36m<h3[31m
              [33mclass[31m=[32m"text-lg font-semibold 
text-red-700 dark:text-red-400 mb-2"[31m
            [36m>[31m
              [0mTactical Component Error[0m
            [36m</h3>[31m
            [36m<p[31m
              [33mclass[31m=[32m"text-sm text-red-600 
dark:text-red-300 mb-4"[31m
            [36m>[31m
              [0mError in Retry Test[0m
            [36m</p>[31m
          [36m</div>[31m
          [36m<div[31m
            [33mclass[31m=[32m"flex gap-2 
justify-center"[31m
          [36m>[31m
            [36m<button[31m
              [33mclass[31m=[32m"flex items-center gap-2 
px-4 py-2 bg-blue-500 hover:bg-blue-600 text-white text-sm 
rounded-md transition-colors"[31m
            [36m>[31m
              [36m<svg[31m
                [33maria-hidden[31m=[32m"true"[31m
                [33mclass[31m=[32m"lucide 
lucide-rotate-ccw w-4 h-4"[31m
                [33mfill[31m=[32m"none"[31m
                [33mheight[31m=[32m"24"[31m
                [33mstroke[31m=[32m"currentColor"[31m
                [33mstroke-linecap[31m=[32m"round"[31m
                [33mstroke-linejoin[31m=[32m"round"[31m
                [33mstroke-width[31m=[32m"2"[31m
                [33mviewBox[31m=[32m"0 0 24 24"[31m
                [33mwidth[31m=[32m"24"[31m
                
[33mxmlns[31m=[32m"http://www.w3.org/2000/svg"[31m
              [36m>[31m
                [36m<path[31m
                  [33md[31m=[32m"M3 12a9 9 0 1 0 9-9 9.75 
9.75 0 0 0-6.74 2.74L3 8"[31m
                [36m/>[31m
                [36m<path[31m
                  [33md[31m=[32m"M3 3v5h5"[31m
                [36m/>[31m
              [36m</svg>[31m
              [0mRetry ([0m
              [0m3[0m
              [0m left)[0m
            [36m</button>[31m
            [36m<button[31m
              [33mclass[31m=[32m"px-4 py-2 bg-gray-500 
hover:bg-gray-600 text-white text-sm rounded-md 
transition-colors"[31m
            [36m>[31m
              [0mReset Component[0m
            [36m</button>[31m
          [36m</div>[31m
          [36m<div[31m
            [33mclass[31m=[32m"mt-4 text-xs text-gray-500 
dark:text-gray-400"[31m
          [36m>[31m
            [0mThis error has been logged for 
investigation[0m
          [36m</div>[31m
        [36m</div>[31m
      [36m</div>[31m
    [36m</div>[31m
  [36m</body>[31m
[36m</html>[31m[39m
[90m [2mΓ¥»[22m waitForWrapper node_modules/@testing-librar
y/dom/dist/wait-for.js:[2m163:27[22m[39m
[36m [2mΓ¥»[22m src/__tests__/integration/TacticalBoardComp
rehensive.test.tsx:[2m455:13[22m[39m
    [90m453| [39m      [35mawait[39m 
user[33m.[39m[34mclick[39m(retryButton)[33m;[39m
    [90m454| [39m
    [90m455| [39m      [35mawait[39m 
[34mwaitFor[39m([35masync[39m () [33m=>[39m {
    [90m   | [39m            [31m^[39m
    [90m456| [39m        expect(await 
screen.findByText('Component recovered')).toBeInTΓÇª
    [90m457| [39m      })[33m;[39m

[31m[2mΓÄ»ΓÄ»ΓÄ»ΓÄ»ΓÄ»ΓÄ»ΓÄ»ΓÄ»ΓÄ»ΓÄ»ΓÄ»ΓÄ»ΓÄ»ΓÄ»ΓÄ»ΓÄ»ΓÄ»ΓÄ
»ΓÄ»ΓÄ»ΓÄ»ΓÄ»[10/26]ΓÄ»[22m[39m

[41m[1m FAIL [22m[49m src/__tests__/integration/TacticalBo
ardComprehensive.test.tsx[2m > [22mZENITH Tactical Board 
Comprehensive Tests[2m > [22m5. ERROR BOUNDARY 
PROTECTION[2m > [22mshould provide retry mechanism for 
failed operations
[41m[1m FAIL [22m[49m src/__tests__/integration/TacticalBo
ardComprehensive.test.tsx[2m > [22mZENITH Tactical Board 
Comprehensive Tests[2m > [22m5. ERROR BOUNDARY 
PROTECTION[2m > [22mshould provide retry mechanism for 
failed operations
[31m[1mError[22m: Timed out in waitFor.

Ignored nodes: comments, script, style
[36m<html>[31m
  [36m<head />[31m
  [36m<body>[31m
    [36m<div>[31m
      [36m<div[31m
        [33mclass[31m=[32m"min-h-[400px] flex items-center 
justify-center bg-gradient-to-br from-red-50 to-orange-50 
dark:from-red-950/20 dark:to-orange-950/20 rounded-lg border 
border-red-200 dark:border-red-800"[31m
      [36m>[31m
        [36m<div[31m
          [33mclass[31m=[32m"text-center max-w-md mx-auto 
p-6"[31m
        [36m>[31m
          [36m<div[31m
            [33mclass[31m=[32m"mb-4"[31m
          [36m>[31m
            [36m<svg[31m
              [33maria-hidden[31m=[32m"true"[31m
              [33mclass[31m=[32m"lucide 
lucide-triangle-alert w-12 h-12 text-red-500 mx-auto 
mb-3"[31m
              [33mfill[31m=[32m"none"[31m
              [33mheight[31m=[32m"24"[31m
              [33mstroke[31m=[32m"currentColor"[31m
              [33mstroke-linecap[31m=[32m"round"[31m
              [33mstroke-linejoin[31m=[32m"round"[31m
              [33mstroke-width[31m=[32m"2"[31m
              [33mviewBox[31m=[32m"0 0 24 24"[31m
              [33mwidth[31m=[32m"24"[31m
              
[33mxmlns[31m=[32m"http://www.w3.org/2000/svg"[31m
            [36m>[31m
              [36m<path[31m
                [33md[31m=[32m"m21.73 18-8-14a2 2 0 0 
0-3.48 0l-8 14A2 2 0 0 0 4 21h16a2 2 0 0 0 1.73-3"[31m
              [36m/>[31m
              [36m<path[31m
                [33md[31m=[32m"M12 9v4"[31m
              [36m/>[31m
              [36m<path[31m
                [33md[31m=[32m"M12 17h.01"[31m
              [36m/>[31m
            [36m</svg>[31m
            [36m<h3[31m
              [33mclass[31m=[32m"text-lg font-semibold 
text-red-700 dark:text-red-400 mb-2"[31m
            [36m>[31m
              [0mTactical Component Error[0m
            [36m</h3>[31m
            [36m<p[31m
              [33mclass[31m=[32m"text-sm text-red-600 
dark:text-red-300 mb-4"[31m
            [36m>[31m
              [0mError in Retry Test[0m
            [36m</p>[31m
          [36m</div>[31m
          [36m<div[31m
            [33mclass[31m=[32m"flex gap-2 
justify-center"[31m
          [36m>[31m
            [36m<button[31m
              [33mclass[31m=[32m"flex items-center gap-2 
px-4 py-2 bg-blue-500 hover:bg-blue-600 text-white text-sm 
rounded-md transition-colors"[31m
            [36m>[31m
              [36m<svg[31m
                [33maria-hidden[31m=[32m"true"[31m
                [33mclass[31m=[32m"lucide 
lucide-rotate-ccw w-4 h-4"[31m
                [33mfill[31m=[32m"none"[31m
                [33mheight[31m=[32m"24"[31m
                [33mstroke[31m=[32m"currentColor"[31m
                [33mstroke-linecap[31m=[32m"round"[31m
                [33mstroke-linejoin[31m=[32m"round"[31m
                [33mstroke-width[31m=[32m"2"[31m
                [33mviewBox[31m=[32m"0 0 24 24"[31m
                [33mwidth[31m=[32m"24"[31m
                
[33mxmlns[31m=[32m"http://www.w3.org/2000/svg"[31m
              [36m>[31m
                [36m<path[31m
                  [33md[31m=[32m"M3 12a9 9 0 1 0 9-9 9.75 
9.75 0 0 0-6.74 2.74L3 8"[31m
                [36m/>[31m
                [36m<path[31m
                  [33md[31m=[32m"M3 3v5h5"[31m
                [36m/>[31m
              [36m</svg>[31m
              [0mRetry ([0m
              [0m3[0m
              [0m left)[0m
            [36m</button>[31m
            [36m<button[31m
              [33mclass[31m=[32m"px-4 py-2 bg-gray-500 
hover:bg-gray-600 text-white text-sm rounded-md 
transition-colors"[31m
            [36m>[31m
              [0mReset Component[0m
            [36m</button>[31m
          [36m</div>[31m
          [36m<div[31m
            [33mclass[31m=[32m"mt-4 text-xs text-gray-500 
dark:text-gray-400"[31m
          [36m>[31m
            [0mThis error has been logged for 
investigation[0m
          [36m</div>[31m
        [36m</div>[31m
      [36m</div>[31m
    [36m</div>[31m
  [36m</body>[31m
[36m</html>[31m[39m
[90m [2mΓ¥»[22m waitForWrapper node_modules/@testing-librar
y/dom/dist/wait-for.js:[2m163:27[22m[39m
[36m [2mΓ¥»[22m src/__tests__/integration/TacticalBoardComp
rehensive.test.tsx:[2m455:13[22m[39m
    [90m453| [39m      [35mawait[39m 
user[33m.[39m[34mclick[39m(retryButton)[33m;[39m
    [90m454| [39m
    [90m455| [39m      [35mawait[39m 
[34mwaitFor[39m([35masync[39m () [33m=>[39m {
    [90m   | [39m            [31m^[39m
    [90m456| [39m        expect(await 
screen.findByText('Component recovered')).toBeInTΓÇª
    [90m457| [39m      })[33m;[39m

[31m[2mΓÄ»ΓÄ»ΓÄ»ΓÄ»ΓÄ»ΓÄ»ΓÄ»ΓÄ»ΓÄ»ΓÄ»ΓÄ»ΓÄ»ΓÄ»ΓÄ»ΓÄ»ΓÄ»ΓÄ»ΓÄ
»ΓÄ»ΓÄ»ΓÄ»ΓÄ»[11/26]ΓÄ»[22m[39m

[41m[1m FAIL [22m[49m src/__tests__/integration/TacticalBo
ardComprehensive.test.tsx[2m > [22mZENITH Tactical Board 
Comprehensive Tests[2m > [22m7. CONCURRENT USER 
INTERACTIONS[2m > [22mshould handle simultaneous player 
movements
[41m[1m FAIL [22m[49m src/__tests__/integration/TacticalBo
ardComprehensive.test.tsx[2m > [22mZENITH Tactical Board 
Comprehensive Tests[2m > [22m7. CONCURRENT USER 
INTERACTIONS[2m > [22mshould handle simultaneous player 
movements
[41m[1m FAIL [22m[49m src/__tests__/integration/TacticalBo
ardComprehensive.test.tsx[2m > [22mZENITH Tactical Board 
Comprehensive Tests[2m > [22m7. CONCURRENT USER 
INTERACTIONS[2m > [22mshould handle simultaneous player 
movements
[31m[1mAssertionError[22m: expected "spy" to be called at 
least once[39m
[36m [2mΓ¥»[22m src/__tests__/integration/TacticalBoardComp
rehensive.test.tsx:[2m545:32[22m[39m
    [90m543| [39m
    [90m544| [39m      [90m// Should handle concurrent 
operations without issues[39m
    [90m545| [39m      [34mexpect[39m(mockOnPlayerMove)[3
3m.[39m[34mtoHaveBeenCalled[39m()[33m;[39m
    [90m   | [39m                               [31m^[39m
    [90m546| [39m    })[33m;[39m
    [90m547| [39m

[31m[2mΓÄ»ΓÄ»ΓÄ»ΓÄ»ΓÄ»ΓÄ»ΓÄ»ΓÄ»ΓÄ»ΓÄ»ΓÄ»ΓÄ»ΓÄ»ΓÄ»ΓÄ»ΓÄ»ΓÄ»ΓÄ
»ΓÄ»ΓÄ»ΓÄ»ΓÄ»[12/26]ΓÄ»[22m[39m


[2m Test Files [22m [1m[31m7 failed[39m[22m[2m | [22m[1m[32m11 passed[39m[22m[90m (18)[39m
[2m      Tests [22m [1m[31m7 failed[39m[22m[2m | [22m[1m[32m249 passed[39m[22m[2m | [22m[33m2 skipped[39m[90m (258)[39m
[2mType Errors [22m [2mno errors[22m
[2m   Start at [22m 20:51:19
[2m   Duration [22m 14.37s[2m (transform 1.67s, setup 13.25s, collect 4.11s, tests 7.62s, environment 7.27s, prepare 1.54s, typecheck 9.94s)[22m

JSON report written to C:/Users/damat/_REPOS/Astral Turf/coverage/test-results.json
[1m[7m[35m HTML [39m[27m[22m [35mReport is generated[39m
[2m       You can run [22m[1mnpx vite preview --outDir coverage[22m[2m to see the test results.[22m
[1m[41m FAIL [49m[22m [31mTests failed. Watching for file changes...[39m
       [2mpress [22m[1mh[22m[2m to show help[22m[2m, [22m[2mpress [22m[1mq[22m[2m to quit[22m
[1m[41m FAIL [49m[22m [31mTests failed. Watching for file changes...[39m
       [2mpress [22m[1mh[22m[2m to show help[22m[2m, [22m[2mpress [22m[1mq[22m[2m to quit[22m
[31mCancelling test run. Press CTRL+c again to exit forcefully.
[39m
